
. * stata_checks.do -- recompute EC check statistics in Stata (written by 03_ch
> ecks.py)
. clear all

. set more off

. use ec_year ec_weight ec_district ec_urban ec_establishment_id ec_total_worke
> rs using "/Users/matteo/Library/CloudStorage/Dropbox/1-Ongoing Projects/Rwand
> a - TRS/data/Publicly-Available-NISR/Establishment-Census-EC/3_Final/EC_poole
> d_establishment.dta", clear
(Rwanda Establishment Census 2011-2023 pooled establishment file)

. rename (ec_year ec_weight ec_district ec_urban ec_establishment_id ec_total_w
> orkers) (year wt dist urban estid total_workers)

. gen long one = 1

. gen byte urb = urban == 1

. bysort year dist: gen byte first_dist = _n == 1

. collapse (sum) n=one sum_wt=wt urban=urb n_dist=first_dist workers=total_work
> ers, by(year)

. export delimited using "/Users/matteo/Documents/GitHub/rwa-trs/NISR/Establish
> ment-Census-EC/logs/stata_checks.csv", replace
file /Users/matteo/Documents/GitHub/rwa-trs/NISR/Establishment-Census-EC/logs/s
> tata_checks.csv saved

. 
end of do-file
