21:32:42 02_merge INFO ==== 02_merge | run 20260904-213241 | python 3.13.5 | pandas 2.2.3 | pyreadstat 1.3.4
21:32:42 02_merge INFO   2017_A_lsf: screening plot column = s2q2 (2.2.Plot number)
21:32:42 02_merge INFO   2017_A_lsf: weight -> none shipped
21:32:42 02_merge INFO   loaded 2017_A_lsf     SAS_2017_A_lsf_crop_production_clean.dta                     744 rows
21:32:43 02_merge INFO   2017_A_ssf: screening plot column = plot (Plot number within segment/holder)
21:32:43 02_merge INFO   2017_A_ssf: weight -> screening file SAS_2017_A_ssf_screening_clean.dta on (segment, plot): 0.0% matched; segment weight used for the rest (100.0% weighted)
21:32:43 02_merge INFO   loaded 2017_A_ssf     SAS_2017_A_ssf_crop_production_clean.dta                  27,740 rows
21:32:43 02_merge INFO   2017_B_lsf: screening plot column = s2q2 (2.2. Plot number)
21:32:43 02_merge INFO   2017_B_lsf: weight -> none shipped
21:32:43 02_merge INFO   loaded 2017_B_lsf     SAS_2017_B_lsf_crop_production_clean.dta                   1,591 rows
21:32:43 02_merge INFO   2017_B_ssf: screening plot column = plot (Plot number within segment/holder)
21:32:43 02_merge INFO   2017_B_ssf: weight -> screening file SAS_2017_B_ssf_screening_clean.dta on (segment, plot): 0.0% matched; segment weight used for the rest (100.0% weighted)
21:32:43 02_merge INFO   loaded 2017_B_ssf     SAS_2017_B_ssf_crop_production_clean.dta                  25,529 rows
21:32:43 02_merge INFO   2017_C_ssf: screening plot column = plot (Plot number within segment/holder)
21:32:43 02_merge INFO   2017_C_ssf: weight -> screening file SAS_2017_C_ssf_screening_clean.dta on (segment, plot): 0.0% matched; segment weight used for the rest (100.0% weighted)
21:32:43 02_merge INFO   loaded 2017_C_ssf     SAS_2017_C_ssf_crop_production_clean.dta                   1,907 rows
21:32:43 02_merge INFO   2018_A_lsf: screening plot column = s2q2 (2.2 Plot Number)
21:32:43 02_merge INFO   2018_A_lsf: weight -> none shipped
21:32:43 02_merge INFO   loaded 2018_A_lsf     SAS_2018_A_lsf_crop_production_clean.dta                   1,346 rows
21:32:44 02_merge INFO   2018_A_ssf: screening plot column = plot (Plot number within segment/holder)
21:32:44 02_merge INFO   2018_A_ssf: weight -> screening file SAS_2018_A_ssf_screening_clean.dta on (segment, plot): 0.0% matched; segment weight used for the rest (100.0% weighted)
21:32:44 02_merge INFO   loaded 2018_A_ssf     SAS_2018_A_ssf_crop_production_clean.dta                  16,909 rows
21:32:44 02_merge INFO   2018_B_lsf: screening plot column = s2q2 (2.2. Plot number)
21:32:44 02_merge INFO   2018_B_lsf: weight -> none shipped
21:32:44 02_merge INFO   loaded 2018_B_lsf     SAS_2018_B_lsf_crop_production_clean.dta                   1,443 rows
21:32:44 02_merge INFO   2018_B_ssf: screening plot column = plot (Plot number within segment/holder)
21:32:44 02_merge INFO   2018_B_ssf: weight -> screening file SAS_2018_B_ssf_screening_clean.dta on (segment, plot): 0.0% matched; segment weight used for the rest (100.0% weighted)
21:32:44 02_merge INFO   loaded 2018_B_ssf     SAS_2018_B_ssf_crop_production_clean.dta                  18,133 rows
21:32:45 02_merge INFO   2018_C_ssf: screening plot column = plot (Plot number within segment/holder)
21:32:45 02_merge INFO   2018_C_ssf: weight -> screening file SAS_2018_C_ssf_screening_clean.dta on (segment, plot): 0.0% matched; segment weight used for the rest (99.9% weighted)
21:32:45 02_merge INFO   loaded 2018_C_ssf     SAS_2018_C_ssf_crop_production_clean.dta                   1,462 rows
21:32:45 02_merge INFO   2019_A: screening plot column = plot (Plot number within segment/holder)
21:32:45 02_merge INFO   2019_A: weight -> screening file SAS_2019_A_screening_clean.dta on (segment, plot): 0.0% matched
21:32:45 02_merge INFO   loaded 2019_A         SAS_2019_A_crop_production_clean.dta                      32,906 rows
21:32:46 02_merge INFO   2019_B: screening plot column = plot (Plot number within segment/holder)
21:32:46 02_merge INFO   2019_B: weight -> screening file SAS_2019_B_screening_clean.dta on (segment, plot): 0.0% matched
21:32:46 02_merge INFO   loaded 2019_B         SAS_2019_B_crop_production_clean.dta                      30,493 rows
21:32:46 02_merge INFO   2019_C: screening plot column = plot (Plot number within segment/holder)
21:32:46 02_merge INFO   2019_C: weight -> screening file SAS_2019_C_screening_clean.dta on (segment, plot): 0.0% matched
21:32:46 02_merge INFO   loaded 2019_C         SAS_2019_C_crop_production_clean.dta                       1,667 rows
21:32:46 02_merge INFO   loaded 2020_A         SAS_2020_A_crop_production_clean.dta                      41,313 rows
21:32:47 02_merge INFO   loaded 2020_B         SAS_2020_B_crop_production_clean.dta                      35,773 rows
21:32:47 02_merge INFO   loaded 2020_C         SAS_2020_C_crop_production_clean.dta                       4,283 rows
21:32:47 02_merge INFO   loaded 2021_A         SAS_2021_A_crop_production_clean.dta                      41,634 rows
21:32:48 02_merge INFO   loaded 2021_B         SAS_2021_B_crop_production_clean.dta                      35,869 rows
21:32:48 02_merge INFO   loaded 2021_C         SAS_2021_C_crop_production_clean.dta                       3,416 rows
21:32:49 02_merge INFO   loaded 2022_A         SAS_2022_A_crop_production_clean.dta                      41,589 rows
21:32:49 02_merge INFO   loaded 2022_B         SAS_2022_B_crop_production_clean.dta                      36,005 rows
21:32:49 02_merge INFO   loaded 2022_C         SAS_2022_C_crop_production_clean.dta                       5,818 rows
21:32:50 02_merge INFO   loaded 2023_A         SAS_2023_A_crop_production_clean.dta                      39,038 rows
21:32:51 02_merge INFO   loaded 2023_B         SAS_2023_B_crop_production_clean.dta                      36,546 rows
21:32:51 02_merge INFO   loaded 2023_C         SAS_2023_C_crop_production_clean.dta                       3,566 rows
21:32:52 02_merge INFO   loaded 2024_A         SAS_2024_A_production_clean.dta                           39,330 rows
21:32:53 02_merge INFO   loaded 2024_B         SAS_2024_B_production_clean.dta                           35,584 rows
21:32:53 02_merge INFO   loaded 2024_C         SAS_2024_C_production_clean.dta                            1,949 rows
21:32:55 02_merge INFO   loaded 2025_A         SAS_2025_A_production_clean.dta                           34,369 rows
21:32:56 02_merge INFO   loaded 2025_B         SAS_2025_B_production_clean.dta                           32,920 rows
21:32:56 02_merge INFO   loaded 2025_C         SAS_2025_C_production_clean.dta                            1,884 rows
21:32:57 02_merge INFO type conflict crop: numeric in some waves, numeric-looking text in others -> numeric
21:32:57 02_merge INFO type conflict s2q5: numeric in some waves, numeric-looking text in others -> numeric
21:32:57 02_merge WARNING type conflict s1q5: numeric in some waves, free text in others -> kept as text
21:32:57 02_merge INFO type conflict s2q18_1: numeric in some waves, numeric-looking text in others -> numeric
21:32:57 02_merge INFO type conflict s2q18_2: numeric in some waves, numeric-looking text in others -> numeric
21:32:57 02_merge WARNING type conflict s2q22: numeric in some waves, free text in others -> kept as text
21:33:09 02_merge INFO PASS  SAS_pooled_plotcrop.dta: pooled rows == sum of wave rows
21:33:31 02_merge INFO wrote SAS_pooled_plotcrop.dta  (632,756 rows x 271 vars, 1452.4 MB)
21:33:33 02_merge INFO PASS  SAS_pooled_plotcrop_2013_2014.dta: pooled rows == sum of wave rows
21:33:33 02_merge INFO wrote SAS_pooled_plotcrop_2013_2014.dta  (165,026 rows x 24 vars, 12.9 MB)
21:33:38 02_merge INFO PASS  SAS_pooled_fertilizers_pesticides.dta: pooled rows == sum of wave rows
21:33:42 02_merge INFO wrote SAS_pooled_fertilizers_pesticides.dta  (225,110 rows x 140 vars, 276.6 MB)
21:33:45 02_merge WARNING type conflict s4q10_2: numeric in some waves, free text in others -> kept as text
21:33:45 02_merge WARNING type conflict s4q10_3: numeric in some waves, free text in others -> kept as text
21:33:45 02_merge INFO type conflict s4q11_2: numeric in some waves, numeric-looking text in others -> numeric
21:33:45 02_merge WARNING type conflict s4q12_2: numeric in some waves, free text in others -> kept as text
21:33:45 02_merge INFO type conflict s4q8_3: numeric in some waves, numeric-looking text in others -> numeric
21:33:45 02_merge INFO type conflict s4q9_2_3: numeric in some waves, numeric-looking text in others -> numeric
21:33:45 02_merge INFO type conflict s4q9_2_4: numeric in some waves, numeric-looking text in others -> numeric
21:33:45 02_merge INFO type conflict s4q9_2_5: numeric in some waves, numeric-looking text in others -> numeric
21:33:45 02_merge INFO type conflict s4q10_4: numeric in some waves, numeric-looking text in others -> numeric
21:33:45 02_merge INFO type conflict s4q10_2_1: numeric in some waves, numeric-looking text in others -> numeric
21:33:45 02_merge INFO type conflict s4q10_2_2: numeric in some waves, numeric-looking text in others -> numeric
21:33:45 02_merge INFO type conflict s4q11_2_3: numeric in some waves, numeric-looking text in others -> numeric
21:33:45 02_merge INFO type conflict s4q11_2_4: numeric in some waves, numeric-looking text in others -> numeric
21:33:45 02_merge INFO type conflict s4q11_2_5: numeric in some waves, numeric-looking text in others -> numeric
21:33:46 02_merge INFO type conflict s4q18_4: numeric in some waves, numeric-looking text in others -> numeric
21:33:47 02_merge INFO PASS  SAS_pooled_agricultural_practice.dta: pooled rows == sum of wave rows
21:33:50 02_merge INFO wrote SAS_pooled_agricultural_practice.dta  (192,553 rows x 116 vars, 100.8 MB)
21:33:56 02_merge INFO PASS  SAS_pooled_screening_crops.dta: pooled rows == sum of wave rows
21:34:00 02_merge INFO wrote SAS_pooled_screening_crops.dta  (450,923 rows x 40 vars, 108.7 MB)
21:34:02 02_merge INFO type conflict s2q7: numeric in some waves, numeric-looking text in others -> numeric
21:34:02 02_merge INFO PASS  SAS_pooled_screening_agroforestry.dta: pooled rows == sum of wave rows
21:34:04 02_merge INFO wrote SAS_pooled_screening_agroforestry.dta  (263,633 rows x 28 vars, 36.7 MB)
21:34:07 02_merge INFO type conflict s2q7: numeric in some waves, numeric-looking text in others -> numeric
21:34:07 02_merge INFO PASS  SAS_pooled_screening_antierosion.dta: pooled rows == sum of wave rows
21:34:09 02_merge INFO wrote SAS_pooled_screening_antierosion.dta  (287,508 rows x 28 vars, 41.4 MB)
21:34:26 02_merge INFO all hard checks passed (0 soft warnings)
21:34:26 02_merge INFO 02_merge done
21:34:31 03_checks INFO ==== 03_checks | run 20260904-213241 | python 3.13.5 | pandas 2.2.3 | pyreadstat 1.3.4
21:34:38 03_checks INFO 
# SAS checks report

Generated by 03_checks.py.

## A. Pooled plot x crop file by wave

| section | statistic | Python | reference | result |
|---|---|---:|---:|---|
| A | 2017_A rows | 28,484 |  | n/a |
| A | 2017_A rows with a weight | 27,740 | 28,484 | PASS |
| A | 2017_A weighted crop area (ha) | 219,590 |  | n/a |
| A | 2017_B rows | 27,120 |  | n/a |
| A | 2017_B rows with a weight | 25,529 | 27,120 | **FAIL** |
| A | 2017_B weighted crop area (ha) | 235,238 |  | n/a |
| A | 2017_C rows | 1,907 |  | n/a |
| A | 2017_C rows with a weight | 1,907 | 1,907 | PASS |
| A | 2017_C weighted crop area (ha) | 7,683 |  | n/a |
| A | 2018_A rows | 18,255 |  | n/a |
| A | 2018_A rows with a weight | 16,909 | 18,255 | **FAIL** |
| A | 2018_A weighted crop area (ha) | 223,794 |  | n/a |
| A | 2018_B rows | 19,576 |  | n/a |
| A | 2018_B rows with a weight | 18,133 | 19,576 | **FAIL** |
| A | 2018_B weighted crop area (ha) | 267,610 |  | n/a |
| A | 2018_C rows | 1,462 |  | n/a |
| A | 2018_C rows with a weight | 1,461 | 1,462 | PASS |
| A | 2018_C weighted crop area (ha) | 6,185 |  | n/a |
| A | 2019_A rows | 32,906 |  | n/a |
| A | 2019_A rows with a weight | 0 | 32,906 | **FAIL** |
| A | 2019_A weighted crop area (ha) | 0 |  | n/a |
| A | 2019_B rows | 30,493 |  | n/a |
| A | 2019_B rows with a weight | 0 | 30,493 | **FAIL** |
| A | 2019_B weighted crop area (ha) | 0 |  | n/a |
| A | 2019_C rows | 1,667 |  | n/a |
| A | 2019_C rows with a weight | 0 | 1,667 | **FAIL** |
| A | 2019_C weighted crop area (ha) | 0 |  | n/a |
| A | 2020_A rows | 41,313 |  | n/a |
| A | 2020_A rows with a weight | 41,313 | 41,313 | PASS |
| A | 2020_A weighted crop area (ha) | 1,233,108 |  | n/a |
| A | 2020_B rows | 35,773 |  | n/a |
| A | 2020_B rows with a weight | 35,695 | 35,773 | PASS |
| A | 2020_B weighted crop area (ha) | 1,015,123 |  | n/a |
| A | 2020_C rows | 4,283 |  | n/a |
| A | 2020_C rows with a weight | 4,283 | 4,283 | PASS |
| A | 2020_C weighted crop area (ha) | 1,915 |  | n/a |
| A | 2021_A rows | 41,634 |  | n/a |
| A | 2021_A rows with a weight | 41,541 | 41,634 | PASS |
| A | 2021_A weighted crop area (ha) | 2,682,480 |  | n/a |
| A | 2021_B rows | 35,869 |  | n/a |
| A | 2021_B rows with a weight | 35,799 | 35,869 | PASS |
| A | 2021_B weighted crop area (ha) | 2,229,250 |  | n/a |
| A | 2021_C rows | 3,416 |  | n/a |
| A | 2021_C rows with a weight | 1,726 | 3,416 | **FAIL** |
| A | 2021_C weighted crop area (ha) | 15,746 |  | n/a |
| A | 2022_A rows | 41,589 |  | n/a |
| A | 2022_A rows with a weight | 41,589 | 41,589 | PASS |
| A | 2022_A weighted crop area (ha) | 1,029,374 |  | n/a |
| A | 2022_B rows | 36,005 |  | n/a |
| A | 2022_B rows with a weight | 36,005 | 36,005 | PASS |
| A | 2022_B weighted crop area (ha) | 918,950 |  | n/a |
| A | 2022_C rows | 5,818 |  | n/a |
| A | 2022_C rows with a weight | 5,818 | 5,818 | PASS |
| A | 2022_C weighted crop area (ha) | 0 |  | n/a |
| A | 2023_A rows | 39,038 |  | n/a |
| A | 2023_A rows with a weight | 39,038 | 39,038 | PASS |
| A | 2023_A weighted crop area (ha) | 980,533 |  | n/a |
| A | 2023_B rows | 36,546 |  | n/a |
| A | 2023_B rows with a weight | 36,546 | 36,546 | PASS |
| A | 2023_B weighted crop area (ha) | 956,244 |  | n/a |
| A | 2023_C rows | 3,566 |  | n/a |
| A | 2023_C rows with a weight | 3,566 | 3,566 | PASS |
| A | 2023_C weighted crop area (ha) | 0 |  | n/a |
| A | 2024_A rows | 39,330 |  | n/a |
| A | 2024_A rows with a weight | 39,330 | 39,330 | PASS |
| A | 2024_A weighted crop area (ha) | 0 |  | n/a |
| A | 2024_B rows | 35,584 |  | n/a |
| A | 2024_B rows with a weight | 35,584 | 35,584 | PASS |
| A | 2024_B weighted crop area (ha) | 0 |  | n/a |
| A | 2024_C rows | 1,949 |  | n/a |
| A | 2024_C rows with a weight | 1,949 | 1,949 | PASS |
| A | 2024_C weighted crop area (ha) | 0 |  | n/a |
| A | 2025_A rows | 34,369 |  | n/a |
| A | 2025_A rows with a weight | 34,369 | 34,369 | PASS |
| A | 2025_A weighted crop area (ha) | 1,286,379 |  | n/a |
| A | 2025_B rows | 32,920 |  | n/a |
| A | 2025_B rows with a weight | 32,920 | 32,920 | PASS |
| A | 2025_B weighted crop area (ha) | 1,160,440 |  | n/a |
| A | 2025_C rows | 1,884 |  | n/a |
| A | 2025_C rows with a weight | 1,884 | 1,884 | PASS |
| A | 2025_C weighted crop area (ha) | 24,251 |  | n/a |

## B. Stata 17 recomputation

| section | statistic | Python | Stata | result |
|---|---|---:|---:|---|
| B | 2017_A rows | 28,484 | 28,484 | PASS |
| B | 2017_A rows with weight | 27,740 | 27,740 | PASS |
| B | 2017_A sum wt | 5,056,630 | 5,056,630 | PASS |
| B | 2017_A sum production (kg) | 65,779,408 | 65,779,408 | PASS |
| B | 2017_B rows | 27,120 | 27,120 | PASS |
| B | 2017_B rows with weight | 25,529 | 25,529 | PASS |
| B | 2017_B sum wt | 4,606,731 | 4,606,731 | PASS |
| B | 2017_B sum production (kg) | 74,205,974 | 74,205,974 | PASS |
| B | 2017_C rows | 1,907 | 1,907 | PASS |
| B | 2017_C rows with weight | 1,907 | 1,907 | PASS |
| B | 2017_C sum wt | 119,608 | 119,608 | PASS |
| B | 2017_C sum production (kg) | 733,572 | 733,572 | PASS |
| B | 2018_A rows | 18,255 | 18,255 | PASS |
| B | 2018_A rows with weight | 16,909 | 16,909 | PASS |
| B | 2018_A sum wt | 3,753,017 | 3,753,017 | PASS |
| B | 2018_A sum production (kg) | 72,665,594 | 72,665,594 | PASS |
| B | 2018_B rows | 19,576 | 19,576 | PASS |
| B | 2018_B rows with weight | 18,133 | 18,133 | PASS |
| B | 2018_B sum wt | 4,106,582 | 4,106,582 | PASS |
| B | 2018_B sum production (kg) | 73,673,963 | 73,673,963 | PASS |
| B | 2018_C rows | 1,462 | 1,462 | PASS |
| B | 2018_C rows with weight | 1,461 | 1,461 | PASS |
| B | 2018_C sum wt | 97,051 | 97,051 | PASS |
| B | 2018_C sum production (kg) | 607,798 | 607,798 | PASS |
| B | 2019_A rows | 32,906 | 32,906 | PASS |
| B | 2019_A rows with weight | 0 | 0 | PASS |
| B | 2019_A sum wt | 0 | 0 | PASS |
| B | 2019_A sum production (kg) | 84,025,314 | 84,025,314 | PASS |
| B | 2019_B rows | 30,493 | 30,493 | PASS |
| B | 2019_B rows with weight | 0 | 0 | PASS |
| B | 2019_B sum wt | 0 | 0 | PASS |
| B | 2019_B sum production (kg) | 89,290,996 | 89,290,996 | PASS |
| B | 2019_C rows | 1,667 | 1,667 | PASS |
| B | 2019_C rows with weight | 0 | 0 | PASS |
| B | 2019_C sum wt | 0 | 0 | PASS |
| B | 2019_C sum production (kg) | 574,407 | 574,407 | PASS |
| B | 2020_A rows | 41,313 | 41,313 | PASS |
| B | 2020_A rows with weight | 41,313 | 41,313 | PASS |
| B | 2020_A sum wt | 30,775,512 | 30,775,512 | PASS |
| B | 2020_A sum production (kg) | 96,987,056 | 96,987,056 | PASS |
| B | 2020_B rows | 35,773 | 35,773 | PASS |
| B | 2020_B rows with weight | 35,695 | 35,695 | PASS |
| B | 2020_B sum wt | 26,058,302 | 26,058,302 | PASS |
| B | 2020_B sum production (kg) | 93,538,342 | 93,538,342 | PASS |
| B | 2020_C rows | 4,283 | 4,283 | PASS |
| B | 2020_C rows with weight | 4,283 | 4,283 | PASS |
| B | 2020_C sum wt | 19,264 | 19,264 | PASS |
| B | 2020_C sum production (kg) | 2,581,558 | 2,581,558 | PASS |
| B | 2021_A rows | 41,634 | 41,634 | PASS |
| B | 2021_A rows with weight | 41,541 | 41,541 | PASS |
| B | 2021_A sum wt | 31,213,435 | 31,213,435 | PASS |
| B | 2021_A sum production (kg) | 109,372,274 | 109,372,274 | PASS |
| B | 2021_B rows | 35,869 | 35,869 | PASS |
| B | 2021_B rows with weight | 35,799 | 35,799 | PASS |
| B | 2021_B sum wt | 25,113,833 | 25,113,833 | PASS |
| B | 2021_B sum production (kg) | 110,571,514 | 110,571,514 | PASS |
| B | 2021_C rows | 3,416 | 3,416 | PASS |
| B | 2021_C rows with weight | 1,726 | 1,726 | PASS |
| B | 2021_C sum wt | 448,698 | 448,698 | PASS |
| B | 2021_C sum production (kg) | 2,463,867 | 2,463,867 | PASS |
| B | 2022_A rows | 41,589 | 41,589 | PASS |
| B | 2022_A rows with weight | 41,589 | 41,589 | PASS |
| B | 2022_A sum wt | 34,993,486 | 34,993,486 | PASS |
| B | 2022_A sum production (kg) | 152,320,988 | 152,320,988 | PASS |
| B | 2022_B rows | 36,005 | 36,005 | PASS |
| B | 2022_B rows with weight | 36,005 | 36,005 | PASS |
| B | 2022_B sum wt | 29,070,465 | 29,070,465 | PASS |
| B | 2022_B sum production (kg) | 98,298,131 | 98,298,131 | PASS |
| B | 2022_C rows | 5,818 | 5,818 | PASS |
| B | 2022_C rows with weight | 5,818 | 5,818 | PASS |
| B | 2022_C sum wt | 589,694 | 589,694 | PASS |
| B | 2022_C sum production (kg) | 4,513,197 | 4,513,197 | PASS |
| B | 2023_A rows | 39,038 | 39,038 | PASS |
| B | 2023_A rows with weight | 39,038 | 39,038 | PASS |
| B | 2023_A sum wt | 31,499,395 | 31,499,395 | PASS |
| B | 2023_A sum production (kg) | 114,084,306 | 114,084,306 | PASS |
| B | 2023_B rows | 36,546 | 36,546 | PASS |
| B | 2023_B rows with weight | 36,546 | 36,546 | PASS |
| B | 2023_B sum wt | 28,704,081 | 28,704,081 | PASS |
| B | 2023_B sum production (kg) | 112,180,244 | 112,180,244 | PASS |
| B | 2023_C rows | 3,566 | 3,566 | PASS |
| B | 2023_C rows with weight | 3,566 | 3,566 | PASS |
| B | 2023_C sum wt | 1,118,165 | 1,118,165 | PASS |
| B | 2023_C sum production (kg) | 2,654,626 | 2,654,626 | PASS |
| B | 2024_A rows | 39,330 | 39,330 | PASS |
| B | 2024_A rows with weight | 39,330 | 39,330 | PASS |
| B | 2024_A sum wt | 35,243,844 | 35,243,844 | PASS |
| B | 2024_A sum production (kg) | 126,956,524 | 126,956,524 | PASS |
| B | 2024_B rows | 35,584 | 35,584 | PASS |
| B | 2024_B rows with weight | 35,584 | 35,584 | PASS |
| B | 2024_B sum wt | 30,534,218 | 30,534,218 | PASS |
| B | 2024_B sum production (kg) | 110,098,530 | 110,098,530 | PASS |
| B | 2024_C rows | 1,949 | 1,949 | PASS |
| B | 2024_C rows with weight | 1,949 | 1,949 | PASS |
| B | 2024_C sum wt | 704,473 | 704,473 | PASS |
| B | 2024_C sum production (kg) | 1,001,630 | 1,001,630 | PASS |
| B | 2025_A rows | 34,369 | 34,369 | PASS |
| B | 2025_A rows with weight | 34,369 | 34,369 | PASS |
| B | 2025_A sum wt | 36,857,604 | 36,857,604 | PASS |
| B | 2025_A sum production (kg) | 123,858,221 | 123,858,221 | PASS |
| B | 2025_B rows | 32,920 | 32,920 | PASS |
| B | 2025_B rows with weight | 32,920 | 32,920 | PASS |
| B | 2025_B sum wt | 35,529,455 | 35,529,455 | PASS |
| B | 2025_B sum production (kg) | 105,925,129 | 105,925,129 | PASS |
| B | 2025_C rows | 1,884 | 1,884 | PASS |
| B | 2025_C rows with weight | 1,884 | 1,884 | PASS |
| B | 2025_C sum wt | 891,581 | 891,581 | PASS |
| B | 2025_C sum production (kg) | 851,639 | 851,639 | PASS |

## C. Internal consistency

| section | statistic | Python | reference | result |
|---|---|---:|---:|---|
| C | rows with crop area > plot area (+5%) [count, informational] | 32,193 |  | n/a |
| C | rows with negative production | 0 | 0 | PASS |

**7 check(s) failed.**
