16:56:49 00_names INFO ==== 00_names | run 20260906-165649_00_names | python 3.13.5 | pandas 2.2.3 | pyreadstat 1.3.4
16:56:49 00_names WARNING label cut to 80 characters: s2q15 -> SAS 2017-2024: Amount spent for the purchase of traditional seeds for this plot
16:56:49 00_names WARNING label cut to 80 characters: s2q18 -> SAS 2017-2024: Amount spent for the purchase of improved seeds sown in this plot
16:56:49 00_names WARNING label cut to 80 characters: s2q18_2 -> SAS 2018-2019: On average how many trees have you harvested/to be harvested in
16:56:49 00_names WARNING label cut to 80 characters: s2q22 -> SAS 2017-2025: Total quantity of harvest for this crop during the current season
16:56:49 00_names WARNING label cut to 80 characters: s2q22_status -> SAS 2022: How do you compare the production of this crop in this season and its
16:56:49 00_names WARNING label cut to 80 characters: s2q23_v2 -> SAS 2023-2025: How do you compare the production of this crop in this season
16:56:49 00_names WARNING label cut to 80 characters: s2q23_v4 -> SAS 2024-2025: Compare the production of this crop with its production in the
16:56:49 00_names WARNING label cut to 80 characters: s2q24_v2 -> SAS 2017: Sold any quantity of your produce of this crop during this season
16:56:49 00_names WARNING label cut to 80 characters: s2q25_v2 -> SAS 2017-2025: On the total production of this crop what was the quantity
16:56:49 00_names WARNING label cut to 80 characters: s2q29_v2 -> SAS 2022-2025: Qty that has been used/to be used by the household? (K
16:56:49 00_names WARNING label cut to 80 characters: s2q3 -> SAS 2020-2025: Number of main crops to be surveyed on during this agricultural
16:56:49 00_names WARNING label cut to 80 characters: s2q33_v2 -> SAS 2023-2025: Qty of production exchanged/ to be exchanged with other things
16:56:49 00_names WARNING label cut to 80 characters: s2q36 -> SAS 2018-2021: Storage facility used during this agricultural season
16:56:49 00_names WARNING label cut to 80 characters: s2q36_v3 -> SAS 2020-2021: Storage facility used during this agricultural season
16:56:49 00_names WARNING label cut to 80 characters: s2q37 -> SAS 2023-2025: Storage facility used during this agricultural season
16:56:49 00_names WARNING label cut to 80 characters: s2q38_v2 -> SAS 2020-2022: On the total production of this crop what is the quantity that
16:56:49 00_names WARNING label cut to 80 characters: s2q40_v2 -> SAS 2023-2025: Qty of production used/to be used in any other way not mentioned
16:56:49 00_names WARNING label cut to 80 characters: s2q6 -> SAS 2020-2025: Number of plants to be harvested in this season for perennial
16:56:49 00_names WARNING label cut to 80 characters: s2q9 -> SAS 2020-2025: Use improved seed for this crop in any of your plots in this
16:56:49 00_names WARNING label cut to 80 characters: s3q1 -> SAS 2024-2025: Use organic fertilizer in any of your plots during this season
16:56:49 00_names WARNING label cut to 80 characters: s3q16 -> SAS 2024-2025: Use any type of micro-nutrients in any of your plots in this
16:56:49 00_names WARNING label cut to 80 characters: s3q17 -> SAS 2023-2025: Use any type of micro-nutrients in this plot during this season
16:56:49 00_names WARNING label cut to 80 characters: s3q18 -> SAS 2024-2025: Use pesticide/Fungicide in any of your plots during this season
16:56:49 00_names WARNING label cut to 80 characters: s3q19 -> SAS 2023-2025: Used pesticide/Fungicide in this plot during this current season
16:56:49 00_names WARNING label cut to 80 characters: s3q7 -> SAS 2024-2025: Use inorganic fertilizer in any of your plots during this season
16:56:49 00_names WARNING label cut to 80 characters: s3q9 -> SAS 2023-2025: Used inorganic fertilizer in this plot during this season
16:56:49 00_names WARNING label cut to 80 characters: s4q10_1 -> SAS 2024: Have you used ploughing animals (oxen) in this plot during this season
16:56:49 00_names WARNING label cut to 80 characters: s4q13 -> SAS 2025: Practiced irrigation in any of your plots during this agricultural
16:56:49 00_names WARNING label cut to 80 characters: s4q4 -> SAS 2024-2025: Were these anti-erosion activities done during the current
16:56:49 00_names WARNING label cut to 80 characters: s4q8 -> SAS 2024-2025: Use any mechanical equipment for agriculture activities in any
16:56:49 00_names WARNING label cut to 80 characters: s4q9 -> SAS 2024-2025: Use any mechanical equipment for agriculture activities on this
16:56:49 00_names WARNING label cut to 80 characters: ui02e -> SAS 2014-2016: Specify equipment/oxen were rented or hired for land
16:56:49 00_names WARNING label cut to 80 characters: s2q3 -> SAS 2020-2023: Number of main crops to be harvested during this season in the
16:56:49 00_names WARNING label cut to 80 characters: s3q16 -> SAS 2020-2025: Use any type of micro-nutrients in any of your plots in this
16:56:49 00_names WARNING label cut to 80 characters: s3q17 -> SAS 2020-2025: Use any type of micro-nutrients in this plot during this season
16:56:49 00_names WARNING label cut to 80 characters: s3q18 -> SAS 2020-2025: Use pesticide/Fungicide in any of your plots during this season
16:56:49 00_names WARNING label cut to 80 characters: s3q19 -> SAS 2020-2025: Used pesticide/Fungicide in this plot during this current season
16:56:49 00_names WARNING label cut to 80 characters: s3q231 -> SAS 2024-2025: Quantity of pesticide/fungicide/herbicides purchased
16:56:49 00_names WARNING label cut to 80 characters: s3q232 -> SAS 2024-2025: Quantity of pesticide/fungicide/herbicides purchased
16:56:49 00_names WARNING label cut to 80 characters: s3q233 -> SAS 2024-2025: Quantity of pesticide/fungicide/herbicides purchased
16:56:49 00_names WARNING label cut to 80 characters: s3q234 -> SAS 2024-2025: Quantity of pesticide/fungicide/herbicides purchased
16:56:49 00_names WARNING label cut to 80 characters: s3q6 -> SAS 2020-2021: Number of reasons If the organic fertilizer used was not
16:56:49 00_names WARNING label cut to 80 characters: s3q6_0 -> SAS 2022: If the organic fertilizer used was not sufficient
16:56:49 00_names WARNING label cut to 80 characters: s3q6_1 -> SAS 2020-2025: If the organic fertilizer used was not sufficient
16:56:49 00_names WARNING label cut to 80 characters: s3q6_2 -> SAS 2020-2025: If the organic fertilizer used was not sufficient
16:56:49 00_names WARNING label cut to 80 characters: s3q6_o -> SAS 2022-2025: If the organic fertilizer used was not sufficient
16:56:49 00_names WARNING label cut to 80 characters: s3q6_o1_v2 -> SAS 2023: If the organic fertilizer used was not sufficient
16:56:49 00_names WARNING label cut to 80 characters: s3q7 -> SAS 2020-2025: Use inorganic fertilizer in any of your plots during this season
16:56:49 00_names WARNING label cut to 80 characters: s3q9 -> SAS 2020-2025: Used inorganic fertilizer in this plot during this season
16:56:49 00_names WARNING label cut to 80 characters: s4q10_2 -> SAS 2019-2025: At which stage of agriculture practice have you used animal
16:56:49 00_names WARNING label cut to 80 characters: s4q10_2_v2 -> SAS 2020: At which stage of agriculturepractices have you used other mechanical
16:56:49 00_names WARNING label cut to 80 characters: s4q10_2_1 -> SAS 2021-2025: At which stage of agriculture practice have you used animal
16:56:49 00_names WARNING label cut to 80 characters: s4q10_2_1_v2 -> SAS 2022: At which stage of agriculture practice have you used animal
16:56:49 00_names WARNING label cut to 80 characters: s4q10_2_2 -> SAS 2021-2025: At which stage of agriculture practice have you used animal
16:56:49 00_names WARNING label cut to 80 characters: s4q10_2_2_v2 -> SAS 2022: At which stage of agriculture practice have you used animal
16:56:49 00_names WARNING label cut to 80 characters: s4q10_2_3 -> SAS 2023-2024: At which stage of agriculture practice have you used animal
16:56:49 00_names WARNING label cut to 80 characters: s4q10_2_3_v2 -> SAS 2022: At which stage of agriculture practice have you used animal
16:56:49 00_names WARNING label cut to 80 characters: s4q10_2_4 -> SAS 2024: At which stage of agriculture practice have you used animal
16:56:49 00_names WARNING label cut to 80 characters: s4q10_2_o -> SAS 2022-2023: At which stage of agriculture practice have you used animal
16:56:49 00_names WARNING label cut to 80 characters: s4q10_4 -> SAS 2020-2021: Amount paid for the other mechanical equipment in this season
16:56:49 00_names WARNING label cut to 80 characters: s4q11 -> SAS 2020-2021: Amount spent on hired labor used to prepare land
16:56:49 00_names WARNING label cut to 80 characters: s4q11_1 -> SAS 2019-2025: Have you used a ploughing tractor in this plot during this season
16:56:49 00_names WARNING label cut to 80 characters: s4q11_2 -> SAS 2019-2025: At which stage of agriculture practice have you used ploughing
16:56:49 00_names WARNING label cut to 80 characters: s4q11_2_v2 -> SAS 2025: At which stage of agriculture practice have you used ploughing tractor
16:56:49 00_names WARNING label cut to 80 characters: s4q11_2_1 -> SAS 2022-2025: At which stage of agriculture practice have you used ploughing
16:56:49 00_names WARNING label cut to 80 characters: s4q11_2_2 -> SAS 2022-2025: At which stage of agriculture practice have you used ploughing
16:56:49 00_names WARNING label cut to 80 characters: s4q11_2_3 -> SAS 2022-2025: At which stage of agriculture practice have you used ploughing
16:56:49 00_names WARNING label cut to 80 characters: s4q11_2_4 -> SAS 2022-2025: At which stage of agriculture practice have you used ploughing
16:56:49 00_names WARNING label cut to 80 characters: s4q11_2_5 -> SAS 2022-2025: At which stage of agriculture practice have you used ploughing
16:56:49 00_names WARNING label cut to 80 characters: s4q11_2_o -> SAS 2022-2023: At which stage of agriculture practice have you used ploughing
16:56:49 00_names WARNING label cut to 80 characters: s4q11_other1 -> SAS 2025: At which stage of agriculture practice have you used ploughing tractor
16:56:49 00_names WARNING label cut to 80 characters: s4q12 -> SAS 2020-2021: Practice irrigation in any of your plots during this
16:56:49 00_names WARNING label cut to 80 characters: s4q12_2 -> SAS 2019-2025: At which stage of agriculture practices have you used other
16:56:49 00_names WARNING label cut to 80 characters: s4q12_2_1 -> SAS 2022-2025: At which stage of agriculture practices have you used other
16:56:49 00_names WARNING label cut to 80 characters: s4q12_2_2 -> SAS 2022-2025: At which stage of agriculture practices have you used other
16:56:49 00_names WARNING label cut to 80 characters: s4q12_2_3 -> SAS 2022-2025: At which stage of agriculture practices have you used other
16:56:49 00_names WARNING label cut to 80 characters: s4q12_2_o -> SAS 2022-2023: At which stage of agriculture practices have you used other
16:56:49 00_names WARNING label cut to 80 characters: s4q12_4 -> SAS 2019-2025: Amount paid for the other mechanical equipment in this season
16:56:49 00_names WARNING label cut to 80 characters: s4q12_other1 -> SAS 2025: At which stage of agriculture practices have you used other
16:56:49 00_names WARNING label cut to 80 characters: s4q13 -> SAS 2019-2025: Practice irrigation in any of your plots during this
16:56:49 00_names WARNING label cut to 80 characters: s4q13_v2 -> SAS 2022-2024: Amount spent on hired labor used to prepare land
16:56:49 00_names WARNING label cut to 80 characters: s4q4 -> SAS: Were these anti-erosion activities done during the current agricultural
16:56:49 00_names WARNING label cut to 80 characters: s4q6_v2 -> SAS 2020-2021: Use any mechanical equipment for agriculture activities in any
16:56:49 00_names WARNING label cut to 80 characters: s4q7 -> SAS 2020-2021: Use any mechanical equipment for agriculture activities on this
16:56:49 00_names WARNING label cut to 80 characters: s4q8 -> SAS 2022-2025: Use any mechanical equipment for agriculture activities in any
16:56:49 00_names WARNING label cut to 80 characters: s4q8_1 -> SAS 2020-2021: Used ploughing animals (oxen) in this plot during this season
16:56:49 00_names WARNING label cut to 80 characters: s4q8_2 -> SAS 2020-2021: At which stage of agriculture practice have you used animal
16:56:49 00_names WARNING label cut to 80 characters: s4q9 -> SAS 2022-2025: Use any mechanical equipment for agriculture activities on this
16:56:49 00_names WARNING label cut to 80 characters: s4q9_v2 -> SAS 2019: Amount spent on manpower to prepare land
16:56:49 00_names WARNING label cut to 80 characters: s4q9_1 -> SAS 2020-2021: Have you used a ploughing tractor in this plot during this season
16:56:49 00_names WARNING label cut to 80 characters: s4q9_2 -> SAS 2021: At which stage of agriculture practice have you used ploughing tractor
16:56:49 00_names WARNING label cut to 80 characters: s4q9_2_1 -> SAS 2020-2021: At which stage of agriculture practice have you used ploughing
16:56:49 00_names WARNING label cut to 80 characters: s4q9_2_2 -> SAS 2020-2021: At which stage of agriculture practice have you used ploughing
16:56:49 00_names WARNING label cut to 80 characters: s4q9_2_3 -> SAS 2020-2021: At which stage of agriculture practice have you used ploughing
16:56:49 00_names WARNING label cut to 80 characters: s4q9_2_4 -> SAS 2020-2021: At which stage of agriculture practice have you used ploughing
16:56:49 00_names WARNING label cut to 80 characters: s4q9_2_5 -> SAS 2020-2021: At which stage of agriculture practice have you used ploughing
16:56:49 00_names WARNING label cut to 80 characters: s3q5 -> SAS 2017-2018: Used inorganic fertilizer in this plot during this season
16:56:49 00_names WARNING label cut to 80 characters: s4q12a -> SAS 2018: At which stage of agriculture practice did you use ploghing
16:56:49 00_names WARNING label cut to 80 characters: s4q14a -> SAS 2018: At which stage of agriculture practice did you use other mechanical
16:56:49 00_names WARNING label cut to 80 characters: s4q14a_v2 -> SAS 2018: At which stage of agriculture practice did you use other mechanical
16:56:49 00_names WARNING label cut to 80 characters: s4q14a_v3 -> SAS 2018: At which stage of agriculture practice did you use other mechanical
16:56:49 00_names WARNING label cut to 80 characters: s4q14a_v4 -> SAS 2018: At which stage of agriculture practice did you use other mechanical
16:56:49 00_names INFO variable_names.csv written: 11905 names in 444 files (pooled + per-wave)
16:56:49 00_names INFO pooled names that needed an abbreviation to fit 32 characters: 288
16:56:49 00_names INFO pooled names that carry the native code to stay unique: 109 (e.g. ['sas_day_interview_2018_s1q13d', 'sas_amount_purchase_2017_s2q18', 'sas_explanation_crop_s2q222v2', 'sas_explanation_crop_s2q223v2', 'sas_explanation_crop_s2q241o', 'sas_explanation_crop_s2q242o', 'sas_explanation_crop_s2q243o', 'sas_disease_pest_s2q24disea'])
