23:55:01 03_checks INFO ==== 03_checks | run 20260904-235501 | python 3.13.5 | pandas 2.2.3 | pyreadstat 1.3.4
23:55:04 03_checks INFO 
# SAS checks report

Generated by 03_checks.py.

## A. Pooled plot x crop file by wave

| section | statistic | Python | reference | result |
|---|---|---:|---:|---|
| A | 2017_A rows | 28,484 |  | n/a |
| A | 2017_A rows with a weight [informational] | 27,740 |  | n/a |
| A | 2017_A weighted crop area (ha) | 565,925 |  | n/a |
| A | 2017_B rows | 27,120 |  | n/a |
| A | 2017_B rows with a weight [informational] | 25,529 |  | n/a |
| A | 2017_B weighted crop area (ha) | 565,379 |  | n/a |
| A | 2017_C rows | 1,907 |  | n/a |
| A | 2017_C rows with a weight [informational] | 1,907 |  | n/a |
| A | 2017_C weighted crop area (ha) | 20,772 |  | n/a |
| A | 2018_A rows | 18,255 |  | n/a |
| A | 2018_A rows with a weight [informational] | 16,909 |  | n/a |
| A | 2018_A weighted crop area (ha) | 529,447 |  | n/a |
| A | 2018_B rows | 19,576 |  | n/a |
| A | 2018_B rows with a weight [informational] | 18,133 |  | n/a |
| A | 2018_B weighted crop area (ha) | 592,973 |  | n/a |
| A | 2018_C rows | 1,462 |  | n/a |
| A | 2018_C rows with a weight [informational] | 1,461 |  | n/a |
| A | 2018_C weighted crop area (ha) | 16,423 |  | n/a |
| A | 2019_A rows | 32,906 |  | n/a |
| A | 2019_A rows with a weight [informational] | 32,906 |  | n/a |
| A | 2019_A weighted crop area (ha) | 1,091,115 |  | n/a |
| A | 2019_B rows | 30,493 |  | n/a |
| A | 2019_B rows with a weight [informational] | 30,493 |  | n/a |
| A | 2019_B weighted crop area (ha) | 1,016,943 |  | n/a |
| A | 2019_C rows | 1,667 |  | n/a |
| A | 2019_C rows with a weight [informational] | 1,667 |  | n/a |
| A | 2019_C weighted crop area (ha) | 1,748,748 |  | n/a |
| A | 2020_A rows | 41,313 |  | n/a |
| A | 2020_A rows with a weight [informational] | 41,313 |  | n/a |
| A | 2020_A weighted crop area (ha) | 1,233,108 |  | n/a |
| A | 2020_B rows | 35,773 |  | n/a |
| A | 2020_B rows with a weight [informational] | 35,695 |  | n/a |
| A | 2020_B weighted crop area (ha) | 1,015,123 |  | n/a |
| A | 2020_C rows | 4,283 |  | n/a |
| A | 2020_C rows with a weight [informational] | 4,283 |  | n/a |
| A | 2020_C weighted crop area (ha) | 1,915 |  | n/a |
| A | 2021_A rows | 41,634 |  | n/a |
| A | 2021_A rows with a weight [informational] | 41,541 |  | n/a |
| A | 2021_A weighted crop area (ha) | 2,682,480 |  | n/a |
| A | 2021_B rows | 35,869 |  | n/a |
| A | 2021_B rows with a weight [informational] | 35,799 |  | n/a |
| A | 2021_B weighted crop area (ha) | 2,229,250 |  | n/a |
| A | 2021_C rows | 3,416 |  | n/a |
| A | 2021_C rows with a weight [informational] | 1,726 |  | n/a |
| A | 2021_C weighted crop area (ha) | 15,746 |  | n/a |
| A | 2022_A rows | 41,589 |  | n/a |
| A | 2022_A rows with a weight [informational] | 41,589 |  | n/a |
| A | 2022_A weighted crop area (ha) | 1,029,374 |  | n/a |
| A | 2022_B rows | 36,005 |  | n/a |
| A | 2022_B rows with a weight [informational] | 36,005 |  | n/a |
| A | 2022_B weighted crop area (ha) | 918,950 |  | n/a |
| A | 2022_C rows | 5,818 |  | n/a |
| A | 2022_C rows with a weight [informational] | 5,818 |  | n/a |
| A | 2022_C weighted crop area (ha) | 0 |  | n/a |
| A | 2023_A rows | 39,038 |  | n/a |
| A | 2023_A rows with a weight [informational] | 39,038 |  | n/a |
| A | 2023_A weighted crop area (ha) | 980,533 |  | n/a |
| A | 2023_B rows | 36,546 |  | n/a |
| A | 2023_B rows with a weight [informational] | 36,546 |  | n/a |
| A | 2023_B weighted crop area (ha) | 956,244 |  | n/a |
| A | 2023_C rows | 3,566 |  | n/a |
| A | 2023_C rows with a weight [informational] | 3,566 |  | n/a |
| A | 2023_C weighted crop area (ha) | 0 |  | n/a |
| A | 2024_A rows | 39,330 |  | n/a |
| A | 2024_A rows with a weight [informational] | 39,330 |  | n/a |
| A | 2024_A weighted crop area (ha) | 0 |  | n/a |
| A | 2024_B rows | 35,584 |  | n/a |
| A | 2024_B rows with a weight [informational] | 35,584 |  | n/a |
| A | 2024_B weighted crop area (ha) | 0 |  | n/a |
| A | 2024_C rows | 1,949 |  | n/a |
| A | 2024_C rows with a weight [informational] | 1,949 |  | n/a |
| A | 2024_C weighted crop area (ha) | 0 |  | n/a |
| A | 2025_A rows | 34,369 |  | n/a |
| A | 2025_A rows with a weight [informational] | 34,369 |  | n/a |
| A | 2025_A weighted crop area (ha) | 1,286,379 |  | n/a |
| A | 2025_B rows | 32,920 |  | n/a |
| A | 2025_B rows with a weight [informational] | 32,920 |  | n/a |
| A | 2025_B weighted crop area (ha) | 1,160,440 |  | n/a |
| A | 2025_C rows | 1,884 |  | n/a |
| A | 2025_C rows with a weight [informational] | 1,884 |  | n/a |
| A | 2025_C weighted crop area (ha) | 24,251 |  | n/a |

## B. Stata 17 recomputation

| section | statistic | Python | Stata | result |
|---|---|---:|---:|---|
| B | 2017_A rows | 28,484 | 28,484 | PASS |
| B | 2017_A rows with weight | 27,740 | 27,740 | PASS |
| B | 2017_A sum wt | 15,641,241 | 15,641,241 | PASS |
| B | 2017_A sum production (kg) | 65,779,408 | 65,779,408 | PASS |
| B | 2017_B rows | 27,120 | 27,120 | PASS |
| B | 2017_B rows with weight | 25,529 | 25,529 | PASS |
| B | 2017_B sum wt | 13,796,868 | 13,796,868 | PASS |
| B | 2017_B sum production (kg) | 74,205,974 | 74,205,974 | PASS |
| B | 2017_C rows | 1,907 | 1,907 | PASS |
| B | 2017_C rows with weight | 1,907 | 1,907 | PASS |
| B | 2017_C sum wt | 479,438 | 479,438 | PASS |
| B | 2017_C sum production (kg) | 733,572 | 733,572 | PASS |
| B | 2018_A rows | 18,255 | 18,255 | PASS |
| B | 2018_A rows with weight | 16,909 | 16,909 | PASS |
| B | 2018_A sum wt | 11,303,775 | 11,303,775 | PASS |
| B | 2018_A sum production (kg) | 72,665,594 | 72,665,594 | PASS |
| B | 2018_B rows | 19,576 | 19,576 | PASS |
| B | 2018_B rows with weight | 18,133 | 18,133 | PASS |
| B | 2018_B sum wt | 11,323,146 | 11,323,146 | PASS |
| B | 2018_B sum production (kg) | 73,673,963 | 73,673,963 | PASS |
| B | 2018_C rows | 1,462 | 1,462 | PASS |
| B | 2018_C rows with weight | 1,461 | 1,461 | PASS |
| B | 2018_C sum wt | 349,501 | 349,501 | PASS |
| B | 2018_C sum production (kg) | 607,798 | 607,798 | PASS |
| B | 2019_A rows | 32,906 | 32,906 | PASS |
| B | 2019_A rows with weight | 32,906 | 32,906 | PASS |
| B | 2019_A sum wt | 15,330,507 | 15,330,507 | PASS |
| B | 2019_A sum production (kg) | 84,025,314 | 84,025,314 | PASS |
| B | 2019_B rows | 30,493 | 30,493 | PASS |
| B | 2019_B rows with weight | 30,493 | 30,493 | PASS |
| B | 2019_B sum wt | 14,735,773 | 14,735,773 | PASS |
| B | 2019_B sum production (kg) | 89,290,996 | 89,290,996 | PASS |
| B | 2019_C rows | 1,667 | 1,667 | PASS |
| B | 2019_C rows with weight | 1,667 | 1,667 | PASS |
| B | 2019_C sum wt | 364,385 | 364,385 | PASS |
| B | 2019_C sum production (kg) | 574,407 | 574,407 | PASS |
| B | 2020_A rows | 41,313 | 41,313 | PASS |
| B | 2020_A rows with weight | 41,313 | 41,313 | PASS |
| B | 2020_A sum wt | 30,775,512 | 30,775,512 | PASS |
| B | 2020_A sum production (kg) | 96,987,056 | 96,987,056 | PASS |
| B | 2020_B rows | 35,773 | 35,773 | PASS |
| B | 2020_B rows with weight | 35,695 | 35,695 | PASS |
| B | 2020_B sum wt | 26,058,302 | 26,058,302 | PASS |
| B | 2020_B sum production (kg) | 93,538,342 | 93,538,342 | PASS |
| B | 2020_C rows | 4,283 | 4,283 | PASS |
| B | 2020_C rows with weight | 4,283 | 4,283 | PASS |
| B | 2020_C sum wt | 19,264 | 19,264 | PASS |
| B | 2020_C sum production (kg) | 2,581,558 | 2,581,558 | PASS |
| B | 2021_A rows | 41,634 | 41,634 | PASS |
| B | 2021_A rows with weight | 41,541 | 41,541 | PASS |
| B | 2021_A sum wt | 31,213,435 | 31,213,435 | PASS |
| B | 2021_A sum production (kg) | 109,372,274 | 109,372,274 | PASS |
| B | 2021_B rows | 35,869 | 35,869 | PASS |
| B | 2021_B rows with weight | 35,799 | 35,799 | PASS |
| B | 2021_B sum wt | 25,113,833 | 25,113,833 | PASS |
| B | 2021_B sum production (kg) | 110,571,514 | 110,571,514 | PASS |
| B | 2021_C rows | 3,416 | 3,416 | PASS |
| B | 2021_C rows with weight | 1,726 | 1,726 | PASS |
| B | 2021_C sum wt | 448,698 | 448,698 | PASS |
| B | 2021_C sum production (kg) | 2,463,867 | 2,463,867 | PASS |
| B | 2022_A rows | 41,589 | 41,589 | PASS |
| B | 2022_A rows with weight | 41,589 | 41,589 | PASS |
| B | 2022_A sum wt | 34,993,486 | 34,993,486 | PASS |
| B | 2022_A sum production (kg) | 152,320,988 | 152,320,988 | PASS |
| B | 2022_B rows | 36,005 | 36,005 | PASS |
| B | 2022_B rows with weight | 36,005 | 36,005 | PASS |
| B | 2022_B sum wt | 29,070,465 | 29,070,465 | PASS |
| B | 2022_B sum production (kg) | 98,298,131 | 98,298,131 | PASS |
| B | 2022_C rows | 5,818 | 5,818 | PASS |
| B | 2022_C rows with weight | 5,818 | 5,818 | PASS |
| B | 2022_C sum wt | 589,694 | 589,694 | PASS |
| B | 2022_C sum production (kg) | 4,513,197 | 4,513,197 | PASS |
| B | 2023_A rows | 39,038 | 39,038 | PASS |
| B | 2023_A rows with weight | 39,038 | 39,038 | PASS |
| B | 2023_A sum wt | 31,499,395 | 31,499,395 | PASS |
| B | 2023_A sum production (kg) | 114,084,306 | 114,084,306 | PASS |
| B | 2023_B rows | 36,546 | 36,546 | PASS |
| B | 2023_B rows with weight | 36,546 | 36,546 | PASS |
| B | 2023_B sum wt | 28,704,081 | 28,704,081 | PASS |
| B | 2023_B sum production (kg) | 112,180,244 | 112,180,244 | PASS |
| B | 2023_C rows | 3,566 | 3,566 | PASS |
| B | 2023_C rows with weight | 3,566 | 3,566 | PASS |
| B | 2023_C sum wt | 1,118,165 | 1,118,165 | PASS |
| B | 2023_C sum production (kg) | 2,654,626 | 2,654,626 | PASS |
| B | 2024_A rows | 39,330 | 39,330 | PASS |
| B | 2024_A rows with weight | 39,330 | 39,330 | PASS |
| B | 2024_A sum wt | 35,243,844 | 35,243,844 | PASS |
| B | 2024_A sum production (kg) | 126,956,524 | 126,956,524 | PASS |
| B | 2024_B rows | 35,584 | 35,584 | PASS |
| B | 2024_B rows with weight | 35,584 | 35,584 | PASS |
| B | 2024_B sum wt | 30,534,218 | 30,534,218 | PASS |
| B | 2024_B sum production (kg) | 110,098,530 | 110,098,530 | PASS |
| B | 2024_C rows | 1,949 | 1,949 | PASS |
| B | 2024_C rows with weight | 1,949 | 1,949 | PASS |
| B | 2024_C sum wt | 704,473 | 704,473 | PASS |
| B | 2024_C sum production (kg) | 1,001,630 | 1,001,630 | PASS |
| B | 2025_A rows | 34,369 | 34,369 | PASS |
| B | 2025_A rows with weight | 34,369 | 34,369 | PASS |
| B | 2025_A sum wt | 36,857,604 | 36,857,604 | PASS |
| B | 2025_A sum production (kg) | 123,858,221 | 123,858,221 | PASS |
| B | 2025_B rows | 32,920 | 32,920 | PASS |
| B | 2025_B rows with weight | 32,920 | 32,920 | PASS |
| B | 2025_B sum wt | 35,529,455 | 35,529,455 | PASS |
| B | 2025_B sum production (kg) | 105,925,129 | 105,925,129 | PASS |
| B | 2025_C rows | 1,884 | 1,884 | PASS |
| B | 2025_C rows with weight | 1,884 | 1,884 | PASS |
| B | 2025_C sum wt | 891,581 | 891,581 | PASS |
| B | 2025_C sum production (kg) | 851,639 | 851,639 | PASS |

## C. Internal consistency

| section | statistic | Python | reference | result |
|---|---|---:|---:|---|
| C | rows with crop area > plot area (+5%) [count, informational] | 32,193 |  | n/a |
| C | rows with negative production | 0 | 0 | PASS |

**All checks passed.**
23:55:04 03_checks INFO 03_checks done
23:55:04 04_codebook INFO ==== 04_codebook | run 20260904-235501 | python 3.13.5 | pandas 2.2.3 | pyreadstat 1.3.4
23:55:49 04_codebook INFO wrote CODEBOOK.md and codebook_*.csv for 24 files
23:55:49 04_codebook INFO README.txt updated (/Users/matteo/Library/CloudStorage/Dropbox/1-Ongoing Projects/Rwanda - TRS/data/Publicly-Available-NISR/Season-Agriculture-Survey-SAS/README.txt)
