22:47:19 02_merge INFO ==== 02_merge | run 20260904-224718 | python 3.13.5 | pandas 2.2.3 | pyreadstat 1.3.4
22:47:19 02_merge INFO   2017_A_lsf: screening plot column = plot (Plot number within segment/holder)
22:47:19 02_merge INFO   2017_A_lsf: weight -> none shipped
22:47:19 02_merge INFO   loaded 2017_A_lsf     SAS_2017_A_lsf_crop_production_clean.dta                     744 rows
22:47:19 02_merge INFO   2017_A_ssf: screening plot column = plot (Plot number within segment/holder)
22:47:19 02_merge INFO   2017_A_ssf: weight -> screening file SAS_2017_A_ssf_screening_clean.dta on (segment, plot): 100.0% matched
22:47:19 02_merge INFO   loaded 2017_A_ssf     SAS_2017_A_ssf_crop_production_clean.dta                  27,740 rows
22:47:19 02_merge INFO   2017_B_lsf: screening plot column = plot (Plot number within segment/holder)
22:47:19 02_merge INFO   2017_B_lsf: weight -> none shipped
22:47:19 02_merge INFO   loaded 2017_B_lsf     SAS_2017_B_lsf_crop_production_clean.dta                   1,591 rows
22:47:20 02_merge INFO   2017_B_ssf: screening plot column = plot (Plot number within segment/holder)
22:47:20 02_merge INFO   2017_B_ssf: weight -> screening file SAS_2017_B_ssf_screening_clean.dta on (segment, plot): 100.0% matched
22:47:20 02_merge INFO   loaded 2017_B_ssf     SAS_2017_B_ssf_crop_production_clean.dta                  25,529 rows
22:47:20 02_merge INFO   2017_C_ssf: screening plot column = plot (Plot number within segment/holder)
22:47:20 02_merge INFO   2017_C_ssf: weight -> screening file SAS_2017_C_ssf_screening_clean.dta on (segment, plot): 100.0% matched
22:47:20 02_merge INFO   loaded 2017_C_ssf     SAS_2017_C_ssf_crop_production_clean.dta                   1,907 rows
22:47:20 02_merge INFO   2018_A_lsf: screening plot column = plot (Plot number within segment/holder)
22:47:20 02_merge INFO   2018_A_lsf: weight -> none shipped
22:47:20 02_merge INFO   loaded 2018_A_lsf     SAS_2018_A_lsf_crop_production_clean.dta                   1,346 rows
22:47:20 02_merge INFO   2018_A_ssf: screening plot column = plot (Plot number within segment/holder)
22:47:20 02_merge INFO   2018_A_ssf: weight -> screening file SAS_2018_A_ssf_screening_clean.dta on (segment, plot): 100.0% matched
22:47:20 02_merge INFO   loaded 2018_A_ssf     SAS_2018_A_ssf_crop_production_clean.dta                  16,909 rows
22:47:20 02_merge INFO   2018_B_lsf: screening plot column = plot (Plot number within segment/holder)
22:47:20 02_merge INFO   2018_B_lsf: weight -> none shipped
22:47:20 02_merge INFO   loaded 2018_B_lsf     SAS_2018_B_lsf_crop_production_clean.dta                   1,443 rows
22:47:21 02_merge INFO   2018_B_ssf: screening plot column = plot (Plot number within segment/holder)
22:47:21 02_merge INFO   2018_B_ssf: weight -> screening file SAS_2018_B_ssf_screening_clean.dta on (segment, plot): 100.0% matched
22:47:21 02_merge INFO   loaded 2018_B_ssf     SAS_2018_B_ssf_crop_production_clean.dta                  18,133 rows
22:47:21 02_merge INFO   2018_C_ssf: screening plot column = plot (Plot number within segment/holder)
22:47:21 02_merge INFO   2018_C_ssf: weight -> screening file SAS_2018_C_ssf_screening_clean.dta on (segment, plot): 99.9% matched; segment weight used for the rest (99.9% weighted)
22:47:21 02_merge INFO   loaded 2018_C_ssf     SAS_2018_C_ssf_crop_production_clean.dta                   1,462 rows
22:47:21 02_merge INFO   2019_A: screening plot column = plot (Plot number within segment/holder)
22:47:21 02_merge INFO   2019_A: weight -> screening file SAS_2019_A_screening_clean.dta on (segment, plot): 100.0% matched
22:47:21 02_merge INFO   loaded 2019_A         SAS_2019_A_crop_production_clean.dta                      32,906 rows
22:47:22 02_merge INFO   2019_B: screening plot column = plot (Plot number within segment/holder)
22:47:22 02_merge INFO   2019_B: weight -> screening file SAS_2019_B_screening_clean.dta on (segment, plot): 100.0% matched
22:47:22 02_merge INFO   loaded 2019_B         SAS_2019_B_crop_production_clean.dta                      30,493 rows
22:47:22 02_merge INFO   2019_C: screening plot column = plot (Plot number within segment/holder)
22:47:22 02_merge INFO   2019_C: weight -> screening file SAS_2019_C_screening_clean.dta on (segment, plot): 100.0% matched
22:47:22 02_merge INFO   loaded 2019_C         SAS_2019_C_crop_production_clean.dta                       1,667 rows
22:47:22 02_merge INFO   loaded 2020_A         SAS_2020_A_crop_production_clean.dta                      41,313 rows
22:47:22 02_merge INFO   loaded 2020_B         SAS_2020_B_crop_production_clean.dta                      35,773 rows
22:47:23 02_merge INFO   loaded 2020_C         SAS_2020_C_crop_production_clean.dta                       4,283 rows
22:47:23 02_merge INFO   loaded 2021_A         SAS_2021_A_crop_production_clean.dta                      41,634 rows
22:47:23 02_merge INFO   loaded 2021_B         SAS_2021_B_crop_production_clean.dta                      35,869 rows
22:47:23 02_merge INFO   loaded 2021_C         SAS_2021_C_crop_production_clean.dta                       3,416 rows
22:47:24 02_merge INFO   loaded 2022_A         SAS_2022_A_crop_production_clean.dta                      41,589 rows
22:47:24 02_merge INFO   loaded 2022_B         SAS_2022_B_crop_production_clean.dta                      36,005 rows
22:47:25 02_merge INFO   loaded 2022_C         SAS_2022_C_crop_production_clean.dta                       5,818 rows
22:47:25 02_merge INFO   loaded 2023_A         SAS_2023_A_crop_production_clean.dta                      39,038 rows
22:47:26 02_merge INFO   loaded 2023_B         SAS_2023_B_crop_production_clean.dta                      36,546 rows
22:47:26 02_merge INFO   loaded 2023_C         SAS_2023_C_crop_production_clean.dta                       3,566 rows
22:47:27 02_merge INFO   loaded 2024_A         SAS_2024_A_production_clean.dta                           39,330 rows
22:47:28 02_merge INFO   loaded 2024_B         SAS_2024_B_production_clean.dta                           35,584 rows
22:47:28 02_merge INFO   loaded 2024_C         SAS_2024_C_production_clean.dta                            1,949 rows
22:47:28 02_merge INFO   loaded 2025_A         SAS_2025_A_production_clean.dta                           34,369 rows
22:47:29 02_merge INFO   loaded 2025_B         SAS_2025_B_production_clean.dta                           32,920 rows
22:47:29 02_merge INFO   loaded 2025_C         SAS_2025_C_production_clean.dta                            1,884 rows
22:47:30 02_merge INFO type conflict crop: numeric in some waves, numeric-looking text in others -> numeric
22:47:30 02_merge INFO type conflict s2q5: numeric in some waves, numeric-looking text in others -> numeric
22:47:30 02_merge WARNING type conflict s1q5: numeric in some waves, free text in others -> kept as text
22:47:30 02_merge INFO type conflict s2q18_1: numeric in some waves, numeric-looking text in others -> numeric
22:47:30 02_merge INFO type conflict s2q18_2: numeric in some waves, numeric-looking text in others -> numeric
22:47:30 02_merge WARNING type conflict s2q22: numeric in some waves, free text in others -> kept as text
22:47:37 02_merge INFO PASS  SAS_pooled_plotcrop.dta: pooled rows == sum of wave rows
22:47:50 02_merge INFO wrote SAS_pooled_plotcrop.dta  (632,756 rows x 271 vars, 1452.4 MB)
22:47:54 02_merge INFO PASS  SAS_pooled_plotcrop_2013_2016.dta: pooled rows == sum of wave rows
22:47:55 02_merge INFO wrote SAS_pooled_plotcrop_2013_2016.dta  (597,551 rows x 60 vars, 126.1 MB)
22:47:56 02_merge INFO removed superseded SAS_pooled_plotcrop_2013_2014.dta
22:47:56 02_merge INFO PASS  SAS_pooled_farmq_part0_2013_2016.dta: pooled rows == sum of wave rows
22:47:56 02_merge INFO wrote SAS_pooled_farmq_part0_2013_2016.dta  (28,051 rows x 16 vars, 1.0 MB)
22:47:56 02_merge INFO type conflict ui02e: numeric in some waves, numeric-looking text in others -> numeric
22:47:56 02_merge INFO PASS  SAS_pooled_farmq_part2a_2013_2016.dta: pooled rows == sum of wave rows
22:47:56 02_merge INFO wrote SAS_pooled_farmq_part2a_2013_2016.dta  (68,996 rows x 18 vars, 2.1 MB)
22:47:56 02_merge INFO PASS  SAS_pooled_farmq_part2b_2013_2016.dta: pooled rows == sum of wave rows
22:47:56 02_merge INFO wrote SAS_pooled_farmq_part2b_2013_2016.dta  (30,995 rows x 15 vars, 0.8 MB)
22:47:56 02_merge INFO PASS  SAS_pooled_farmq_part2b_fertilizer_2013_2016.dta: pooled rows == sum of wave rows
22:47:56 02_merge INFO wrote SAS_pooled_farmq_part2b_fertilizer_2013_2016.dta  (28,878 rows x 14 vars, 0.9 MB)
22:47:56 02_merge INFO PASS  SAS_pooled_farmq_part2b_pesticide_2013_2016.dta: pooled rows == sum of wave rows
22:47:57 02_merge INFO wrote SAS_pooled_farmq_part2b_pesticide_2013_2016.dta  (28,883 rows x 10 vars, 0.6 MB)
22:47:57 02_merge INFO PASS  SAS_pooled_farmq_part4_2013_2016.dta: pooled rows == sum of wave rows
22:47:57 02_merge INFO wrote SAS_pooled_farmq_part4_2013_2016.dta  (57,511 rows x 21 vars, 7.1 MB)
22:47:58 02_merge INFO PASS  SAS_pooled_farmq_part6a_2013_2016.dta: pooled rows == sum of wave rows
22:47:59 02_merge INFO wrote SAS_pooled_farmq_part6a_2013_2016.dta  (544,313 rows x 14 vars, 18.5 MB)
22:48:00 02_merge INFO PASS  SAS_pooled_farmq_part7_2013_2016.dta: pooled rows == sum of wave rows
22:48:00 02_merge INFO wrote SAS_pooled_farmq_part7_2013_2016.dta  (34,626 rows x 31 vars, 1.5 MB)
22:48:00 02_merge INFO PASS  SAS_pooled_lsf_farmq_part2a_2013_2016.dta: pooled rows == sum of wave rows
22:48:00 02_merge INFO wrote SAS_pooled_lsf_farmq_part2a_2013_2016.dta  (2,036 rows x 14 vars, 0.1 MB)
22:48:00 02_merge INFO PASS  SAS_pooled_lsf_farmq_part2b_2013_2016.dta: pooled rows == sum of wave rows
22:48:00 02_merge INFO wrote SAS_pooled_lsf_farmq_part2b_2013_2016.dta  (2,081 rows x 15 vars, 0.1 MB)
22:48:00 02_merge INFO PASS  SAS_pooled_lsf_screening_2013_2016.dta: pooled rows == sum of wave rows
22:48:00 02_merge INFO wrote SAS_pooled_lsf_screening_2013_2016.dta  (15,710 rows x 21 vars, 0.9 MB)
22:48:01 02_merge INFO PASS  SAS_pooled_ssf_screening_2013_2016.dta: pooled rows == sum of wave rows
22:48:01 02_merge INFO wrote SAS_pooled_ssf_screening_2013_2016.dta  (219,362 rows x 23 vars, 13.8 MB)
22:48:05 02_merge INFO PASS  SAS_pooled_fertilizers_pesticides.dta: pooled rows == sum of wave rows
22:48:07 02_merge INFO wrote SAS_pooled_fertilizers_pesticides.dta  (225,110 rows x 140 vars, 276.6 MB)
22:48:09 02_merge WARNING type conflict s4q10_2: numeric in some waves, free text in others -> kept as text
22:48:09 02_merge WARNING type conflict s4q10_3: numeric in some waves, free text in others -> kept as text
22:48:09 02_merge INFO type conflict s4q11_2: numeric in some waves, numeric-looking text in others -> numeric
22:48:09 02_merge WARNING type conflict s4q12_2: numeric in some waves, free text in others -> kept as text
22:48:09 02_merge INFO type conflict s4q8_3: numeric in some waves, numeric-looking text in others -> numeric
22:48:09 02_merge INFO type conflict s4q9_2_3: numeric in some waves, numeric-looking text in others -> numeric
22:48:09 02_merge INFO type conflict s4q9_2_4: numeric in some waves, numeric-looking text in others -> numeric
22:48:09 02_merge INFO type conflict s4q9_2_5: numeric in some waves, numeric-looking text in others -> numeric
22:48:09 02_merge INFO type conflict s4q10_4: numeric in some waves, numeric-looking text in others -> numeric
22:48:09 02_merge INFO type conflict s4q10_2_1: numeric in some waves, numeric-looking text in others -> numeric
22:48:09 02_merge INFO type conflict s4q10_2_2: numeric in some waves, numeric-looking text in others -> numeric
22:48:09 02_merge INFO type conflict s4q11_2_3: numeric in some waves, numeric-looking text in others -> numeric
22:48:09 02_merge INFO type conflict s4q11_2_4: numeric in some waves, numeric-looking text in others -> numeric
22:48:09 02_merge INFO type conflict s4q11_2_5: numeric in some waves, numeric-looking text in others -> numeric
22:48:09 02_merge INFO type conflict s4q18_4: numeric in some waves, numeric-looking text in others -> numeric
22:48:11 02_merge INFO PASS  SAS_pooled_agricultural_practice.dta: pooled rows == sum of wave rows
22:48:12 02_merge INFO wrote SAS_pooled_agricultural_practice.dta  (192,553 rows x 116 vars, 100.8 MB)
22:48:17 02_merge INFO PASS  SAS_pooled_screening_crops.dta: pooled rows == sum of wave rows
22:48:19 02_merge INFO wrote SAS_pooled_screening_crops.dta  (450,923 rows x 40 vars, 108.7 MB)
22:48:20 02_merge INFO type conflict s2q7: numeric in some waves, numeric-looking text in others -> numeric
22:48:20 02_merge INFO PASS  SAS_pooled_screening_agroforestry.dta: pooled rows == sum of wave rows
22:48:21 02_merge INFO wrote SAS_pooled_screening_agroforestry.dta  (263,633 rows x 28 vars, 36.7 MB)
22:48:22 02_merge INFO type conflict s2q7: numeric in some waves, numeric-looking text in others -> numeric
22:48:23 02_merge INFO PASS  SAS_pooled_screening_antierosion.dta: pooled rows == sum of wave rows
22:48:23 02_merge INFO wrote SAS_pooled_screening_antierosion.dta  (287,508 rows x 28 vars, 41.4 MB)
22:48:24 02_merge INFO PASS  SAS_pooled_fertilizers_2017_2018.dta: pooled rows == sum of wave rows
22:48:24 02_merge INFO wrote SAS_pooled_fertilizers_2017_2018.dta  (84,986 rows x 29 vars, 8.4 MB)
22:48:24 02_merge INFO PASS  SAS_pooled_pesticides_2017_2018.dta: pooled rows == sum of wave rows
22:48:25 02_merge INFO wrote SAS_pooled_pesticides_2017_2018.dta  (95,146 rows x 27 vars, 9.2 MB)
22:48:25 02_merge INFO PASS  SAS_pooled_antierosion_2017_2018.dta: pooled rows == sum of wave rows
22:48:25 02_merge INFO wrote SAS_pooled_antierosion_2017_2018.dta  (64,405 rows x 18 vars, 3.2 MB)
22:48:25 02_merge INFO type conflict s4q11: numeric in some waves, numeric-looking text in others -> numeric
22:48:25 02_merge INFO type conflict s4q13: numeric in some waves, numeric-looking text in others -> numeric
22:48:25 02_merge WARNING type conflict s4q15: numeric in some waves, free text in others -> kept as text
22:48:25 02_merge INFO type conflict s4q16: numeric in some waves, numeric-looking text in others -> numeric
22:48:25 02_merge INFO type conflict s5q7_1: numeric in some waves, numeric-looking text in others -> numeric
22:48:25 02_merge INFO type conflict s5q8_1: numeric in some waves, numeric-looking text in others -> numeric
22:48:25 02_merge INFO type conflict s5q7_2: numeric in some waves, numeric-looking text in others -> numeric
22:48:25 02_merge INFO type conflict s5q8_2: numeric in some waves, numeric-looking text in others -> numeric
22:48:25 02_merge INFO type conflict s5q7_3: numeric in some waves, numeric-looking text in others -> numeric
22:48:25 02_merge INFO type conflict s5q8_3: numeric in some waves, numeric-looking text in others -> numeric
22:48:25 02_merge INFO type conflict s5q7_4: numeric in some waves, numeric-looking text in others -> numeric
22:48:25 02_merge INFO type conflict s5q8_4: numeric in some waves, numeric-looking text in others -> numeric
22:48:25 02_merge INFO type conflict s4q12a: numeric in some waves, numeric-looking text in others -> numeric
22:48:25 02_merge INFO type conflict s4q14a: numeric in some waves, numeric-looking text in others -> numeric
22:48:26 02_merge INFO PASS  SAS_pooled_irrigation_land_tenure_2017_2018.dta: pooled rows == sum of wave rows
22:48:26 02_merge INFO wrote SAS_pooled_irrigation_land_tenure_2017_2018.dta  (52,621 rows x 51 vars, 7.3 MB)
22:48:27 02_merge WARNING type conflict s1q5_v2: numeric in some waves, free text in others -> kept as text
22:48:28 02_merge INFO PASS  SAS_pooled_screening_2017_2018.dta: pooled rows == sum of wave rows
22:48:28 02_merge INFO wrote SAS_pooled_screening_2017_2018.dta  (243,835 rows x 40 vars, 31.2 MB)
22:48:28 02_merge INFO all hard checks passed (0 soft warnings)
22:48:28 02_merge INFO 02_merge done
22:48:29 03_checks INFO ==== 03_checks | run 20260904-224718 | python 3.13.5 | pandas 2.2.3 | pyreadstat 1.3.4
22:48:32 03_checks INFO 
# SAS checks report

Generated by 03_checks.py.

## A. Pooled plot x crop file by wave

| section | statistic | Python | reference | result |
|---|---|---:|---:|---|
| A | 2017_A rows | 28,484 |  | n/a |
| A | 2017_A rows with a weight [informational] | 27,740 |  | n/a |
| A | 2017_A weighted crop area (ha) | 565,925 |  | n/a |
| A | 2017_B rows | 27,120 |  | n/a |
| A | 2017_B rows with a weight [informational] | 25,529 |  | n/a |
| A | 2017_B weighted crop area (ha) | 565,379 |  | n/a |
| A | 2017_C rows | 1,907 |  | n/a |
| A | 2017_C rows with a weight [informational] | 1,907 |  | n/a |
| A | 2017_C weighted crop area (ha) | 20,772 |  | n/a |
| A | 2018_A rows | 18,255 |  | n/a |
| A | 2018_A rows with a weight [informational] | 16,909 |  | n/a |
| A | 2018_A weighted crop area (ha) | 529,447 |  | n/a |
| A | 2018_B rows | 19,576 |  | n/a |
| A | 2018_B rows with a weight [informational] | 18,133 |  | n/a |
| A | 2018_B weighted crop area (ha) | 592,973 |  | n/a |
| A | 2018_C rows | 1,462 |  | n/a |
| A | 2018_C rows with a weight [informational] | 1,461 |  | n/a |
| A | 2018_C weighted crop area (ha) | 16,423 |  | n/a |
| A | 2019_A rows | 32,906 |  | n/a |
| A | 2019_A rows with a weight [informational] | 32,906 |  | n/a |
| A | 2019_A weighted crop area (ha) | 1,091,115 |  | n/a |
| A | 2019_B rows | 30,493 |  | n/a |
| A | 2019_B rows with a weight [informational] | 30,493 |  | n/a |
| A | 2019_B weighted crop area (ha) | 1,016,943 |  | n/a |
| A | 2019_C rows | 1,667 |  | n/a |
| A | 2019_C rows with a weight [informational] | 1,667 |  | n/a |
| A | 2019_C weighted crop area (ha) | 1,748,748 |  | n/a |
| A | 2020_A rows | 41,313 |  | n/a |
| A | 2020_A rows with a weight [informational] | 41,313 |  | n/a |
| A | 2020_A weighted crop area (ha) | 1,233,108 |  | n/a |
| A | 2020_B rows | 35,773 |  | n/a |
| A | 2020_B rows with a weight [informational] | 35,695 |  | n/a |
| A | 2020_B weighted crop area (ha) | 1,015,123 |  | n/a |
| A | 2020_C rows | 4,283 |  | n/a |
| A | 2020_C rows with a weight [informational] | 4,283 |  | n/a |
| A | 2020_C weighted crop area (ha) | 1,915 |  | n/a |
| A | 2021_A rows | 41,634 |  | n/a |
| A | 2021_A rows with a weight [informational] | 41,541 |  | n/a |
| A | 2021_A weighted crop area (ha) | 2,682,480 |  | n/a |
| A | 2021_B rows | 35,869 |  | n/a |
| A | 2021_B rows with a weight [informational] | 35,799 |  | n/a |
| A | 2021_B weighted crop area (ha) | 2,229,250 |  | n/a |
| A | 2021_C rows | 3,416 |  | n/a |
| A | 2021_C rows with a weight [informational] | 1,726 |  | n/a |
| A | 2021_C weighted crop area (ha) | 15,746 |  | n/a |
| A | 2022_A rows | 41,589 |  | n/a |
| A | 2022_A rows with a weight [informational] | 41,589 |  | n/a |
| A | 2022_A weighted crop area (ha) | 1,029,374 |  | n/a |
| A | 2022_B rows | 36,005 |  | n/a |
| A | 2022_B rows with a weight [informational] | 36,005 |  | n/a |
| A | 2022_B weighted crop area (ha) | 918,950 |  | n/a |
| A | 2022_C rows | 5,818 |  | n/a |
| A | 2022_C rows with a weight [informational] | 5,818 |  | n/a |
| A | 2022_C weighted crop area (ha) | 0 |  | n/a |
| A | 2023_A rows | 39,038 |  | n/a |
| A | 2023_A rows with a weight [informational] | 39,038 |  | n/a |
| A | 2023_A weighted crop area (ha) | 980,533 |  | n/a |
| A | 2023_B rows | 36,546 |  | n/a |
| A | 2023_B rows with a weight [informational] | 36,546 |  | n/a |
| A | 2023_B weighted crop area (ha) | 956,244 |  | n/a |
| A | 2023_C rows | 3,566 |  | n/a |
| A | 2023_C rows with a weight [informational] | 3,566 |  | n/a |
| A | 2023_C weighted crop area (ha) | 0 |  | n/a |
| A | 2024_A rows | 39,330 |  | n/a |
| A | 2024_A rows with a weight [informational] | 39,330 |  | n/a |
| A | 2024_A weighted crop area (ha) | 0 |  | n/a |
| A | 2024_B rows | 35,584 |  | n/a |
| A | 2024_B rows with a weight [informational] | 35,584 |  | n/a |
| A | 2024_B weighted crop area (ha) | 0 |  | n/a |
| A | 2024_C rows | 1,949 |  | n/a |
| A | 2024_C rows with a weight [informational] | 1,949 |  | n/a |
| A | 2024_C weighted crop area (ha) | 0 |  | n/a |
| A | 2025_A rows | 34,369 |  | n/a |
| A | 2025_A rows with a weight [informational] | 34,369 |  | n/a |
| A | 2025_A weighted crop area (ha) | 1,286,379 |  | n/a |
| A | 2025_B rows | 32,920 |  | n/a |
| A | 2025_B rows with a weight [informational] | 32,920 |  | n/a |
| A | 2025_B weighted crop area (ha) | 1,160,440 |  | n/a |
| A | 2025_C rows | 1,884 |  | n/a |
| A | 2025_C rows with a weight [informational] | 1,884 |  | n/a |
| A | 2025_C weighted crop area (ha) | 24,251 |  | n/a |

## B. Stata 17 recomputation

| section | statistic | Python | Stata | result |
|---|---|---:|---:|---|
| B | 2017_A rows | 28,484 | 28,484 | PASS |
| B | 2017_A rows with weight | 27,740 | 27,740 | PASS |
| B | 2017_A sum wt | 15,641,241 | 15,641,241 | PASS |
| B | 2017_A sum production (kg) | 65,779,408 | 65,779,408 | PASS |
| B | 2017_B rows | 27,120 | 27,120 | PASS |
| B | 2017_B rows with weight | 25,529 | 25,529 | PASS |
| B | 2017_B sum wt | 13,796,868 | 13,796,868 | PASS |
| B | 2017_B sum production (kg) | 74,205,974 | 74,205,974 | PASS |
| B | 2017_C rows | 1,907 | 1,907 | PASS |
| B | 2017_C rows with weight | 1,907 | 1,907 | PASS |
| B | 2017_C sum wt | 479,438 | 479,438 | PASS |
| B | 2017_C sum production (kg) | 733,572 | 733,572 | PASS |
| B | 2018_A rows | 18,255 | 18,255 | PASS |
| B | 2018_A rows with weight | 16,909 | 16,909 | PASS |
| B | 2018_A sum wt | 11,303,775 | 11,303,775 | PASS |
| B | 2018_A sum production (kg) | 72,665,594 | 72,665,594 | PASS |
| B | 2018_B rows | 19,576 | 19,576 | PASS |
| B | 2018_B rows with weight | 18,133 | 18,133 | PASS |
| B | 2018_B sum wt | 11,323,146 | 11,323,146 | PASS |
| B | 2018_B sum production (kg) | 73,673,963 | 73,673,963 | PASS |
| B | 2018_C rows | 1,462 | 1,462 | PASS |
| B | 2018_C rows with weight | 1,461 | 1,461 | PASS |
| B | 2018_C sum wt | 349,501 | 349,501 | PASS |
| B | 2018_C sum production (kg) | 607,798 | 607,798 | PASS |
| B | 2019_A rows | 32,906 | 32,906 | PASS |
| B | 2019_A rows with weight | 32,906 | 32,906 | PASS |
| B | 2019_A sum wt | 15,330,507 | 15,330,507 | PASS |
| B | 2019_A sum production (kg) | 84,025,314 | 84,025,314 | PASS |
| B | 2019_B rows | 30,493 | 30,493 | PASS |
| B | 2019_B rows with weight | 30,493 | 30,493 | PASS |
| B | 2019_B sum wt | 14,735,773 | 14,735,773 | PASS |
| B | 2019_B sum production (kg) | 89,290,996 | 89,290,996 | PASS |
| B | 2019_C rows | 1,667 | 1,667 | PASS |
| B | 2019_C rows with weight | 1,667 | 1,667 | PASS |
| B | 2019_C sum wt | 364,385 | 364,385 | PASS |
| B | 2019_C sum production (kg) | 574,407 | 574,407 | PASS |
| B | 2020_A rows | 41,313 | 41,313 | PASS |
| B | 2020_A rows with weight | 41,313 | 41,313 | PASS |
| B | 2020_A sum wt | 30,775,512 | 30,775,512 | PASS |
| B | 2020_A sum production (kg) | 96,987,056 | 96,987,056 | PASS |
| B | 2020_B rows | 35,773 | 35,773 | PASS |
| B | 2020_B rows with weight | 35,695 | 35,695 | PASS |
| B | 2020_B sum wt | 26,058,302 | 26,058,302 | PASS |
| B | 2020_B sum production (kg) | 93,538,342 | 93,538,342 | PASS |
| B | 2020_C rows | 4,283 | 4,283 | PASS |
| B | 2020_C rows with weight | 4,283 | 4,283 | PASS |
| B | 2020_C sum wt | 19,264 | 19,264 | PASS |
| B | 2020_C sum production (kg) | 2,581,558 | 2,581,558 | PASS |
| B | 2021_A rows | 41,634 | 41,634 | PASS |
| B | 2021_A rows with weight | 41,541 | 41,541 | PASS |
| B | 2021_A sum wt | 31,213,435 | 31,213,435 | PASS |
| B | 2021_A sum production (kg) | 109,372,274 | 109,372,274 | PASS |
| B | 2021_B rows | 35,869 | 35,869 | PASS |
| B | 2021_B rows with weight | 35,799 | 35,799 | PASS |
| B | 2021_B sum wt | 25,113,833 | 25,113,833 | PASS |
| B | 2021_B sum production (kg) | 110,571,514 | 110,571,514 | PASS |
| B | 2021_C rows | 3,416 | 3,416 | PASS |
| B | 2021_C rows with weight | 1,726 | 1,726 | PASS |
| B | 2021_C sum wt | 448,698 | 448,698 | PASS |
| B | 2021_C sum production (kg) | 2,463,867 | 2,463,867 | PASS |
| B | 2022_A rows | 41,589 | 41,589 | PASS |
| B | 2022_A rows with weight | 41,589 | 41,589 | PASS |
| B | 2022_A sum wt | 34,993,486 | 34,993,486 | PASS |
| B | 2022_A sum production (kg) | 152,320,988 | 152,320,988 | PASS |
| B | 2022_B rows | 36,005 | 36,005 | PASS |
| B | 2022_B rows with weight | 36,005 | 36,005 | PASS |
| B | 2022_B sum wt | 29,070,465 | 29,070,465 | PASS |
| B | 2022_B sum production (kg) | 98,298,131 | 98,298,131 | PASS |
| B | 2022_C rows | 5,818 | 5,818 | PASS |
| B | 2022_C rows with weight | 5,818 | 5,818 | PASS |
| B | 2022_C sum wt | 589,694 | 589,694 | PASS |
| B | 2022_C sum production (kg) | 4,513,197 | 4,513,197 | PASS |
| B | 2023_A rows | 39,038 | 39,038 | PASS |
| B | 2023_A rows with weight | 39,038 | 39,038 | PASS |
| B | 2023_A sum wt | 31,499,395 | 31,499,395 | PASS |
| B | 2023_A sum production (kg) | 114,084,306 | 114,084,306 | PASS |
| B | 2023_B rows | 36,546 | 36,546 | PASS |
| B | 2023_B rows with weight | 36,546 | 36,546 | PASS |
| B | 2023_B sum wt | 28,704,081 | 28,704,081 | PASS |
| B | 2023_B sum production (kg) | 112,180,244 | 112,180,244 | PASS |
| B | 2023_C rows | 3,566 | 3,566 | PASS |
| B | 2023_C rows with weight | 3,566 | 3,566 | PASS |
| B | 2023_C sum wt | 1,118,165 | 1,118,165 | PASS |
| B | 2023_C sum production (kg) | 2,654,626 | 2,654,626 | PASS |
| B | 2024_A rows | 39,330 | 39,330 | PASS |
| B | 2024_A rows with weight | 39,330 | 39,330 | PASS |
| B | 2024_A sum wt | 35,243,844 | 35,243,844 | PASS |
| B | 2024_A sum production (kg) | 126,956,524 | 126,956,524 | PASS |
| B | 2024_B rows | 35,584 | 35,584 | PASS |
| B | 2024_B rows with weight | 35,584 | 35,584 | PASS |
| B | 2024_B sum wt | 30,534,218 | 30,534,218 | PASS |
| B | 2024_B sum production (kg) | 110,098,530 | 110,098,530 | PASS |
| B | 2024_C rows | 1,949 | 1,949 | PASS |
| B | 2024_C rows with weight | 1,949 | 1,949 | PASS |
| B | 2024_C sum wt | 704,473 | 704,473 | PASS |
| B | 2024_C sum production (kg) | 1,001,630 | 1,001,630 | PASS |
| B | 2025_A rows | 34,369 | 34,369 | PASS |
| B | 2025_A rows with weight | 34,369 | 34,369 | PASS |
| B | 2025_A sum wt | 36,857,604 | 36,857,604 | PASS |
| B | 2025_A sum production (kg) | 123,858,221 | 123,858,221 | PASS |
| B | 2025_B rows | 32,920 | 32,920 | PASS |
| B | 2025_B rows with weight | 32,920 | 32,920 | PASS |
| B | 2025_B sum wt | 35,529,455 | 35,529,455 | PASS |
| B | 2025_B sum production (kg) | 105,925,129 | 105,925,129 | PASS |
| B | 2025_C rows | 1,884 | 1,884 | PASS |
| B | 2025_C rows with weight | 1,884 | 1,884 | PASS |
| B | 2025_C sum wt | 891,581 | 891,581 | PASS |
| B | 2025_C sum production (kg) | 851,639 | 851,639 | PASS |

## C. Internal consistency

| section | statistic | Python | reference | result |
|---|---|---:|---:|---|
| C | rows with crop area > plot area (+5%) [count, informational] | 32,193 |  | n/a |
| C | rows with negative production | 0 | 0 | PASS |

**All checks passed.**
22:48:32 03_checks INFO 03_checks done
22:48:32 04_codebook INFO ==== 04_codebook | run 20260904-224718 | python 3.13.5 | pandas 2.2.3 | pyreadstat 1.3.4
22:49:20 04_codebook INFO wrote CODEBOOK.md and codebook_*.csv for 24 files
22:49:20 04_codebook INFO README.txt updated (/Users/matteo/Library/CloudStorage/Dropbox/1-Ongoing Projects/Rwanda - TRS/data/Publicly-Available-NISR/Season-Agriculture-Survey-SAS/README.txt)
