21:08:48 01_clean INFO ==== 01_clean | run 20260906-210847 | python 3.13.5 | pandas 2.2.3 | pyreadstat 1.3.4
21:08:48 01_clean INFO ================ 2006 ================
21:08:48 01_clean INFO 2006: 212 of 813 panel rows, 356 columns after stripping the wave prefixes
21:08:48 01_clean INFO 2006: a3a written as text (Butare, Kigali)
21:08:48 01_clean INFO 2006: 2 columns dropped, not asked in this round
21:08:48 01_clean INFO destring g5bx (56 values)
21:08:48 01_clean INFO destring c7fx (59 values)
21:08:48 01_clean INFO destring k3j2x (212 values)
21:08:48 01_clean INFO PASS  row count unchanged (212)
21:08:48 01_clean INFO PASS  212 establishments == the implementation report's 212
21:08:48 01_clean INFO PASS  World Bank firm id unique
21:08:48 01_clean INFO PASS  2006: no sampling weight in the World Bank panel file (declared limitation, see the README)
21:08:48 01_clean INFO 2006: 212 establishments x 356 variables | weighted universe (strict) = not shipped for this round
21:08:48 01_clean INFO all hard checks passed (0 soft warnings)
21:08:48 01_clean INFO wrote WBES_2006_establishment_clean.dta  (212 rows x 356 vars, 0.6 MB)
21:08:48 01_clean INFO ================ 2011 ================
21:08:49 01_clean INFO 2011: 241 of 813 panel rows, 261 columns after stripping the wave prefixes
21:08:49 01_clean INFO 2011: a2 written as text (Butare, Kigali)
21:08:49 01_clean INFO 2011: a3a written as text (Butare, Kigali)
21:08:49 01_clean INFO 2011: a4a written as text (Manufacturing, Services)
21:08:49 01_clean WARNING 2011: a4b has codes without a label, kept as the code itself: [np.float64(32.0), np.float64(64.0)]
21:08:49 01_clean INFO 2011: a4b written as text (Basic metals, Chemicals, Construction Section F:, Electronics (31-32), Fabricated metal products, Food)
21:08:49 01_clean INFO 2011: 2 columns dropped, not asked in this round
21:08:49 01_clean INFO PASS  row count unchanged (241)
21:08:49 01_clean INFO PASS  241 establishments == the implementation report's 241
21:08:49 01_clean INFO PASS  World Bank firm id unique
21:08:49 01_clean INFO PASS  2011: no sampling weight in the World Bank panel file (declared limitation, see the README)
21:08:49 01_clean INFO 2011: 241 establishments x 261 variables | weighted universe (strict) = not shipped for this round
21:08:49 01_clean INFO all hard checks passed (0 soft warnings)
21:08:49 01_clean INFO wrote WBES_2011_establishment_clean.dta  (241 rows x 261 vars, 0.4 MB)
21:08:49 01_clean INFO ================ 2019 ================
21:08:49 01_clean INFO 2019: 360 of 813 panel rows, 413 columns after stripping the wave prefixes
21:08:49 01_clean INFO PASS  2019: the panel and the stand-alone release agree on all 401 shared columns
21:08:49 01_clean INFO 2019: 11 columns merged from the panel (panel link, and items the stand-alone file does not carry)
21:08:49 01_clean INFO 2019: a2 written as text (Kigali, Southern Province, Western Province)
21:08:49 01_clean INFO 2019: a3a written as text (Kigali, Southern Province, Western Province)
21:08:49 01_clean INFO 2019: a4a written as text (Manufacturing, Other Services, Retail)
21:08:49 01_clean WARNING 2019: a4b has codes without a label, kept as the code itself: [np.int64(62), np.int64(63), np.int64(64)]
21:08:49 01_clean INFO 2019: a4b written as text (Basic metals, Chemicals, Construction Section F:, Electronics (31-32), Fabricated metal products, Food)
21:08:49 01_clean INFO 2019: stratificationregioncode written as text (Kigali, Southern Province, Western Province)
21:08:49 01_clean INFO 2019: 2 columns dropped, not asked in this round
21:08:49 01_clean INFO PASS  row count unchanged (360)
21:08:49 01_clean INFO PASS  360 establishments == the implementation report's 360
21:08:49 01_clean INFO PASS  World Bank firm id unique
21:08:49 01_clean INFO PASS  2019: the strict-eligibility weight is present and > 0 on every row
21:08:49 01_clean INFO 2019: 360 establishments x 414 variables | weighted universe (strict) = 2,268
21:08:49 01_clean INFO all hard checks passed (0 soft warnings)
21:08:50 01_clean INFO wrote WBES_2019_establishment_clean.dta  (360 rows x 414 vars, 2.0 MB)
21:08:50 01_clean INFO ================ 2023 ================
21:08:50 01_clean INFO 2023: a2 written as text (Kigali, Southern and Eastern, Western and Northern)
21:08:50 01_clean INFO 2023: a3a written as text (Kigali, Southern and Eastern, Western and Northern)
21:08:50 01_clean INFO 2023: a4a written as text (Manufacturing, Other Services, Retail)
21:08:50 01_clean INFO 2023: stratificationregioncode written as text (Kigali, Southern and Eastern, Western and Northern)
21:08:50 01_clean INFO 2023: 2 columns dropped, not asked in this round
21:08:50 01_clean INFO PASS  row count unchanged (358)
21:08:50 01_clean INFO PASS  358 establishments == the implementation report's 358
21:08:50 01_clean INFO PASS  World Bank firm id unique
21:08:50 01_clean INFO PASS  2023: the strict-eligibility weight is present and > 0 on every row
21:08:50 01_clean INFO 2023: 358 establishments x 356 variables | weighted universe (strict) = 2,410
21:08:50 01_clean INFO all hard checks passed (0 soft warnings)
21:08:50 01_clean INFO wrote WBES_2023_establishment_clean.dta  (358 rows x 356 vars, 1.1 MB)
21:08:50 01_clean INFO 01_clean done for ['2006', '2011', '2019', '2023']
21:08:51 02_merge INFO ==== 02_merge | run 20260906-210847 | python 3.13.5 | pandas 2.2.3 | pyreadstat 1.3.4
21:08:51 02_merge INFO loaded 2006: 212 rows x 356 vars
21:08:51 02_merge INFO loaded 2011: 241 rows x 261 vars
21:08:51 02_merge INFO loaded 2019: 360 rows x 414 vars
21:08:51 02_merge INFO loaded 2023: 358 rows x 356 vars
21:08:51 02_merge INFO VERSIONS a1a: {'a1a': ['2011', '2019'], 'a1a_v2': ['2023']} | 2023 vs 2011: value labels differ -- 1: 'Kinyarwanda' vs 'English'
21:08:51 02_merge INFO VERSIONS b3a: {'b3a': ['2019', '2023'], 'b3a_v2': ['2006']} | 2019 vs 2006: variable label differs ('Is the largest owner also the top manage' vs 'What percentage does the largest shareho') / 2023 vs 2006: variable label differs ('Is the largest owner also the top manage' vs 'What percentage does the largest shareho')
21:08:51 02_merge INFO VERSIONS d4a: {'d4a': ['2023'], 'd4a_v2': ['2006']} | 2023 vs 2006: variable label differs ('In Last FY, Avg. Num. of Days For Export' vs 'Just prior to receiving ... how many day')
21:08:51 02_merge INFO VERSIONS d4b: {'d4b': ['2023'], 'd4b_v2': ['2006']} | 2023 vs 2006: variable label differs ('If less than a day, total hours for expo' vs 'For how many years have you known the pr')
21:08:51 02_merge INFO VERSIONS e2b: {'e2b': ['2019', '2023'], 'e2b_v2': ['2006']} | 2019 vs 2006: variable label differs ('Competitors For The Main Product/Service' vs 'Does this establishment have an internat') / 2023 vs 2006: variable label differs ('Competitors For The Main Product/Service' vs 'Does this establishment have an internat')
21:08:51 02_merge INFO VERSIONS g6a: {'g6a': ['2019'], 'g6a_v2': ['2006']} | 2019 vs 2006: variable label differs ('Percentage of The Building Occupied: Own' vs 'In 2005, did your establishment use its ')
21:08:51 02_merge INFO VERSIONS l3b: {'l3b': ['2019', '2023'], 'l3b_v2': ['2006']} | 2019 vs 2006: variable label differs ('Num. Full-Time Employees At End of Last ' vs 'Fuel') / 2023 vs 2006: variable label differs ('Num. Full-Time Employees At End of Last ' vs 'Fuel')
21:08:51 02_merge INFO VERSIONS l4b: {'l4b': ['2019', '2023'], 'l4b_v2': ['2006']} | 2019 vs 2006: variable label differs ('Num. of Permanent, Full-Time Low-skilled' vs 'Land and buildings') / 2023 vs 2006: variable label differs ('Num. of Permanent, Full-Time Low-skilled' vs 'Land and buildings')
21:08:51 02_merge INFO VERSIONS l5a: {'l5a': ['2019', '2023'], 'l5a_v2': ['2006']} | 2019 vs 2006: variable label differs ('Num. Full-Time Employees At End of Last ' vs 'Machinery, vehicles and equipment') / 2023 vs 2006: variable label differs ('Num. Full-Time Employees At End of Last ' vs 'Machinery, vehicles and equipment')
21:08:51 02_merge INFO VERSIONS l5b: {'l5b': ['2019', '2023'], 'l5b_v2': ['2006']} | 2019 vs 2006: variable label differs ('Num. Full-Time Employees At End of Last ' vs 'Land and buildings') / 2023 vs 2006: variable label differs ('Num. Full-Time Employees At End of Last ' vs 'Land and buildings')
21:08:51 02_merge INFO VERSIONS n2e1: {'n2e1': ['2023'], 'n2e1_v2': ['2019']} | 2023 vs 2019: 2019 is unlabelled and its values reach 2.5e+10, beyond the labelled codes (-9--7)
21:08:51 02_merge INFO 70 variables with codes observed outside their own value labels (stale labels; listed in merge_alignment.json): ['a0', 'a15a2a', 'a15a2b', 'a15a2c', 'a1a', 'afb4a1', 'afb4a4', 'b3b3', 'b3b4', 'b3b6', 'b3b7', 'c13', 'c20', 'c2d', 'c2e', 'c37', 'c4', 'c5a', 'c7f', 'd10', 'd11', 'd14', 'd14a', 'd2a', 'd4', 'd4a', 'd6', 'd7', 'e3a2', 'fins']
21:08:51 02_merge INFO type conflict g5bx: numeric in some waves, numeric-looking text in others -> numeric
21:08:51 02_merge WARNING type conflict a12: numeric in some waves, free text in others -> kept as text
21:08:51 02_merge INFO pooled establishment file: 1,171 rows x 770 vars; 11 variables with >1 version; 2 value-label text conflicts
21:08:51 02_merge INFO PASS  no numeric column left object-typed after concat
21:08:51 02_merge INFO PASS  pooled rows == sum of yearly rows
21:08:51 02_merge INFO PASS  2006: the strict weight total is preserved in the pool
21:08:51 02_merge INFO PASS  2011: the strict weight total is preserved in the pool
21:08:51 02_merge INFO PASS  2019: the strict weight total is preserved in the pool
21:08:51 02_merge INFO PASS  2023: the strict weight total is preserved in the pool
21:08:52 02_merge INFO wrote WBES_pooled_establishment.dta  (1,171 rows x 770 vars, 8.5 MB)
21:08:52 02_merge INFO all hard checks passed (0 soft warnings)
21:08:52 02_merge INFO 02_merge done
21:08:52 03_checks INFO ==== 03_checks | run 20260906-210847 | python 3.13.5 | pandas 2.2.3 | pyreadstat 1.3.4
21:08:53 03_checks INFO 
# WBES checks report

Generated by 03_checks.py.

## A. Rows per round

| section | statistic | Python | reference | result |
|---|---|---:|---:|---|
| A | exact duplicate rows dropped before saving (Matteo's rule; informational) | 0 |  | n/a |
| A | 2006 establishments vs the implementation report (212) | 212 | 212 | PASS |
| A | 2006 rows == the cleaned round file | 212 | 212 | PASS |
| A | 2011 establishments vs the implementation report (241) | 241 | 241 | PASS |
| A | 2011 rows == the cleaned round file | 241 | 241 | PASS |
| A | 2019 establishments vs the implementation report (360) | 360 | 360 | PASS |
| A | 2019 rows == the cleaned round file | 360 | 360 | PASS |
| A | 2023 establishments vs the implementation report (358) | 358 | 358 | PASS |
| A | 2023 rows == the cleaned round file | 358 | 358 | PASS |
| A | pooled rows == the four rounds together | 1,171 | 1,171 | PASS |

## B. Stata 17 recomputation from the written .dta

| section | statistic | Python | reference | result |
|---|---|---:|---:|---|
| B | 2006 rows | 212 | 212 | PASS |
| B | 2006 weighted universe (strict) | 0 | 0 | PASS |
| B | 2011 rows | 241 | 241 | PASS |
| B | 2011 weighted universe (strict) | 0 | 0 | PASS |
| B | 2019 rows | 360 | 360 | PASS |
| B | 2019 weighted universe (strict) | 2,268 | 2,268 | PASS |
| B | 2023 rows | 358 | 358 | PASS |
| B | 2023 weighted universe (strict) | 2,410 | 2,410 | PASS |

## C. Weights

| section | statistic | Python | reference | result |
|---|---|---:|---:|---|
| C | 2006 rows with a sampling weight (the panel file ships none for this round) | 0 | 0 | PASS |
| C | 2011 rows with a sampling weight (the panel file ships none for this round) | 0 | 0 | PASS |
| C | 2019 weighted universe of eligible establishments (strict; informational) | 2,268 |  | n/a |
| C | 2019 universes out of order strict <= median <= weak (must be 0) | 0 | 0 | PASS |
| C | 2019 establishments whose own strict weight exceeds its median weight (informational) | 73 |  | n/a |
| C | 2019 rows with a missing strict weight (must be 0) | 0 | 0 | PASS |
| C | 2019 rows with a strict weight of zero or less (must be 0) | 0 | 0 | PASS |
| C | 2023 weighted universe of eligible establishments (strict; informational) | 2,410 |  | n/a |
| C | 2023 universes out of order strict <= median <= weak (must be 0) | 0 | 0 | PASS |
| C | 2023 establishments whose own strict weight exceeds its median weight (informational) | 5 |  | n/a |
| C | 2023 rows with a missing strict weight (must be 0) | 0 | 0 | PASS |
| C | 2023 rows with a strict weight of zero or less (must be 0) | 0 | 0 | PASS |

## D. Keys and the panel link

| section | statistic | Python | reference | result |
|---|---|---:|---:|---|
| D | World Bank firm id unique over the pooled file | 1,171 | 1,171 | PASS |
| D | rows carrying a panel id (2006-2019; 2023 is outside the panel; informational) | 813 |  | n/a |
| D | panel ids appearing twice within one round (must be 0) | 0 | 0 | PASS |
| D | firms interviewed in more than one round (informational) | 138 |  | n/a |
| D | 2019 rows carrying the panel link | 360 | 360 | PASS |
| D | 2023 rows carrying a panel id (must be 0: 2023 is not in the World Bank panel) | 0 | 0 | PASS |

## E. Cross-round coding compatibility within pooled columns

| section | statistic | Python | reference | result |
|---|---|---:|---:|---|
| E | pooled columns holding rounds with incompatible value-label texts for the same code (must be 0) | 0 | 0 | PASS |
| E | variables split into versions because of value labels or unlabelled ranges (informational) | 2 |  | n/a |
| E | variables with codes observed outside their own round's value labels (informational) | 70 |  | n/a |
| E | columns in the pooled file (informational) | 770 |  | n/a |

**All checks passed.**
21:08:53 03_checks INFO 03_checks done
21:08:53 04_codebook INFO ==== 04_codebook | run 20260906-210847 | python 3.13.5 | pandas 2.2.3 | pyreadstat 1.3.4
21:08:54 04_codebook INFO wrote /Users/matteo/Library/CloudStorage/Dropbox/1-Ongoing Projects/Rwanda - TRS/data/WB-Enterprise-Surveys/CODEBOOK_WBES.xlsx (1 final-dataset sheets, 0 module files in one sheet, 1925 value-label rows)
21:08:54 04_codebook INFO README.txt updated (/Users/matteo/Library/CloudStorage/Dropbox/1-Ongoing Projects/Rwanda - TRS/data/WB-Enterprise-Surveys/README.txt)
