20:49:35 01_clean INFO ==== 01_clean | run 20260906-204934 | python 3.13.5 | pandas 2.2.3 | pyreadstat 1.3.4
20:49:35 01_clean INFO ================ 2006 ================
20:49:35 01_clean INFO 2006: 212 of 813 panel rows, 356 columns after stripping the wave prefixes
20:49:35 01_clean INFO 2006: 2 columns dropped, not asked in this round
20:49:35 01_clean INFO destring g5bx (56 values)
20:49:35 01_clean INFO destring c7fx (59 values)
20:49:35 01_clean INFO destring k3j2x (212 values)
20:49:35 01_clean INFO PASS  row count unchanged (212)
20:49:35 01_clean INFO PASS  212 establishments == the implementation report's 212
20:49:35 01_clean INFO PASS  World Bank firm id unique
20:49:35 01_clean INFO PASS  2006: no sampling weight in the World Bank panel file (declared limitation, see the README)
20:49:35 01_clean INFO 2006: 212 establishments x 356 variables | weighted universe (strict) = not shipped for this round
20:49:35 01_clean INFO all hard checks passed (0 soft warnings)
20:49:35 01_clean WARNING wave:2006: variable 'survey' not in variable_names.csv -> named 'wbes_source_survey'
20:49:35 01_clean WARNING wave:2006: variable 'year' not in variable_names.csv -> named 'wbes_survey_year'
20:49:35 01_clean WARNING wave:2006: variable 'wave' not in variable_names.csv -> named 'wbes_round'
20:49:35 01_clean WARNING wave:2006: variable 'idstd' not in variable_names.csv -> named 'wbes_world_bank_standard_firm'
20:49:35 01_clean WARNING wave:2006: variable 'panelid' not in variable_names.csv -> named 'wbes_firm_identifier_shared'
20:49:35 01_clean WARNING wave:2006: variable 'panel' not in variable_names.csv -> named 'wbes_rounds_firm_interviewed'
20:49:35 01_clean WARNING wave:2006: variable 'a3a' not in variable_names.csv -> named 'wbes_region_establishment'
20:49:35 01_clean WARNING wave:2006: variable 'a6a' not in variable_names.csv -> named 'wbes_sampling_size_class'
20:49:35 01_clean WARNING wave:2006: variable 'a6b' not in variable_names.csv -> named 'wbes_screener_size_class'
20:49:35 01_clean WARNING wave:2006: variable 'strata' not in variable_names.csv -> named 'wbes_sampling_stratum_industry'
20:49:35 01_clean WARNING wave:2006: variable 'wstrict' not in variable_names.csv -> named 'wbes_sampling_weight_strict'
20:49:35 01_clean WARNING wave:2006: variable 'wmedian' not in variable_names.csv -> named 'wbes_sampling_weight_median'
20:49:35 01_clean WARNING wave:2006: variable 'wweak' not in variable_names.csv -> named 'wbes_sampling_weight_weak'
20:49:35 01_clean WARNING wave:2006: variable 'eligibility2019' not in variable_names.csv -> named 'wbes_eligibility_firm_2019'
20:49:35 01_clean WARNING wave:2006: variable 'status2019' not in variable_names.csv -> named 'wbes_status_firm_2019'
20:49:35 01_clean WARNING wave:2006: variable 'eligibility2011' not in variable_names.csv -> named 'wbes_eligibility_firm_2011'
20:49:35 01_clean WARNING wave:2006: variable 'status2011' not in variable_names.csv -> named 'wbes_status_firm_2011'
20:49:35 01_clean WARNING wave:2006: variable 'a1' not in variable_names.csv -> named 'wbes_country_1'
20:49:35 01_clean WARNING wave:2006: variable 'a14d' not in variable_names.csv -> named 'wbes_day_14d'
20:49:35 01_clean WARNING wave:2006: variable 'a14h' not in variable_names.csv -> named 'wbes_hour_14h'
20:49:35 01_clean WARNING wave:2006: variable 'a14m' not in variable_names.csv -> named 'wbes_month_14m'
20:49:35 01_clean WARNING wave:2006: variable 'a14min' not in variable_names.csv -> named 'wbes_minutes'
20:49:35 01_clean WARNING wave:2006: variable 'a15d' not in variable_names.csv -> named 'wbes_day_15d'
20:49:35 01_clean WARNING wave:2006: variable 'a15h' not in variable_names.csv -> named 'wbes_hour_15h'
20:49:35 01_clean WARNING wave:2006: variable 'a15m' not in variable_names.csv -> named 'wbes_month_15m'
20:49:35 01_clean WARNING wave:2006: variable 'a15min' not in variable_names.csv -> named 'wbes_minutes_a15min'
20:49:35 01_clean WARNING wave:2006: variable 'a16' not in variable_names.csv -> named 'wbes_perception_questions'
20:49:35 01_clean WARNING wave:2006: variable 'a17' not in variable_names.csv -> named 'wbes_responses_questions_figures'
20:49:35 01_clean WARNING wave:2006: variable 'a18' not in variable_names.csv -> named 'wbes_questionnaire_completed'
20:49:35 01_clean WARNING wave:2006: variable 'a19h' not in variable_names.csv -> named 'wbes_option2_estimate_hours'
20:49:35 01_clean WARNING wave:2006: variable 'a19m' not in variable_names.csv -> named 'wbes_option2_estimate_minutes'
20:49:35 01_clean WARNING wave:2006: variable 'a7' not in variable_names.csv -> named 'wbes_estab_part_multi_estab_firm'
20:49:35 01_clean WARNING wave:2006: variable 'b2a' not in variable_names.csv -> named 'wbes_owned_private_domestic'
20:49:35 01_clean WARNING wave:2006: variable 'b2b' not in variable_names.csv -> named 'wbes_owned_private_foreign'
20:49:35 01_clean WARNING wave:2006: variable 'b2c' not in variable_names.csv -> named 'wbes_owned_government'
20:49:35 01_clean WARNING wave:2006: variable 'b2d' not in variable_names.csv -> named 'wbes_owned_other'
20:49:35 01_clean WARNING wave:2006: variable 'c8' not in variable_names.csv -> named 'wbes_c8'
20:49:35 01_clean WARNING wave:2006: variable 'c10' not in variable_names.csv -> named 'wbes_generator_shared_owned'
20:49:35 01_clean WARNING wave:2006: variable 'c11' not in variable_names.csv -> named 'wbes_electricity_generator_owned'
20:49:35 01_clean WARNING wave:2006: variable 'c12' not in variable_names.csv -> named 'wbes_application_obtain_water'
20:49:35 01_clean WARNING wave:2006: variable 'c13' not in variable_names.csv -> named 'wbes_days_obtain_water'
20:49:35 01_clean WARNING wave:2006: variable 'c14' not in variable_names.csv -> named 'wbes_applied_water_connection'
20:49:35 01_clean WARNING wave:2006: variable 'c15' not in variable_names.csv -> named 'wbes_experience_insufficient'
20:49:35 01_clean WARNING wave:2006: variable 'c16' not in variable_names.csv -> named 'wbes_frequency_incidents_water'
20:49:35 01_clean WARNING wave:2006: variable 'c17' not in variable_names.csv -> named 'wbes_avg_length_water_shortages'
20:49:35 01_clean WARNING wave:2006: variable 'c22b' not in variable_names.csv -> named 'wbes_establishment_own_website'
20:49:35 01_clean WARNING wave:2006: variable 'c3' not in variable_names.csv -> named 'wbes_application_obtain_3'
20:49:35 01_clean WARNING wave:2006: variable 'c30a' not in variable_names.csv -> named 'wbes_obstacle_electricity'
20:49:35 01_clean WARNING wave:2006: variable 'c4' not in variable_names.csv -> named 'wbes_days_receive_electrical'
20:49:35 01_clean WARNING wave:2006: variable 'c5' not in variable_names.csv -> named 'wbes_informal_gift_electrical'
20:49:35 01_clean WARNING wave:2006: variable 'c6' not in variable_names.csv -> named 'wbes_fy_estab_experience_power'
20:49:35 01_clean WARNING wave:2006: variable 'c7' not in variable_names.csv -> named 'wbes_power_outages_experienced'
20:49:35 01_clean WARNING wave:2006: variable 'c9a' not in variable_names.csv -> named 'wbes_fy_losses_annual_sales_due'
20:49:35 01_clean WARNING wave:2006: variable 'c9b' not in variable_names.csv -> named 'wbes_fy_value_losses_due_power'
20:49:35 01_clean WARNING wave:2006: variable 'd12a' not in variable_names.csv -> named 'wbes_material_inputs_domestic'
20:49:35 01_clean WARNING wave:2006: variable 'd12b' not in variable_names.csv -> named 'wbes_material_inputs_foreign'
20:49:35 01_clean WARNING wave:2006: variable 'd13' not in variable_names.csv -> named 'wbes_material_inputs_imported'
20:49:35 01_clean WARNING wave:2006: variable 'd14' not in variable_names.csv -> named 'wbes_avg_num_days_imported_goods'
20:49:35 01_clean WARNING wave:2006: variable 'd1a2' not in variable_names.csv -> named 'wbes_product_service_isic_rev'
20:49:35 01_clean WARNING wave:2006: variable 'd1a3' not in variable_names.csv -> named 'wbes_product_svc_pct_annual'
20:49:35 01_clean WARNING wave:2006: variable 'd2' not in variable_names.csv -> named 'wbes_fiscal_year'
20:49:35 01_clean WARNING wave:2006: variable 'd30a' not in variable_names.csv -> named 'wbes_obstacle_transport'
20:49:35 01_clean WARNING wave:2006: variable 'd30b' not in variable_names.csv -> named 'wbes_obstacle_customs_trade'
20:49:35 01_clean WARNING wave:2006: variable 'd3a' not in variable_names.csv -> named 'wbes_sales_national_sales'
20:49:35 01_clean WARNING wave:2006: variable 'd3b' not in variable_names.csv -> named 'wbes_o_sales_indirect_exports'
20:49:35 01_clean WARNING wave:2006: variable 'd3c' not in variable_names.csv -> named 'wbes_sales_direct_exports'
20:49:35 01_clean WARNING wave:2006: variable 'd4' not in variable_names.csv -> named 'wbes_fy_avg_num_days_exported'
20:49:35 01_clean WARNING wave:2006: variable 'e6' not in variable_names.csv -> named 'wbes_use_technology_licensed'
20:49:35 01_clean WARNING wave:2006: variable 'g2' not in variable_names.csv -> named 'wbes_applic_obtain_construction'
20:49:35 01_clean WARNING wave:2006: variable 'g3' not in variable_names.csv -> named 'wbes_days_obtain_construction'
20:49:35 01_clean WARNING wave:2006: variable 'g30a' not in variable_names.csv -> named 'wbes_obstacle_access_land'
20:49:35 01_clean WARNING wave:2006: variable 'g4' not in variable_names.csv -> named 'wbes_informal_gift_construction'
20:49:35 01_clean WARNING wave:2006: variable 'h1' not in variable_names.csv -> named 'wbes_new_products_svc_introduced'
20:49:35 01_clean WARNING wave:2006: variable 'h30' not in variable_names.csv -> named 'wbes_obstacle_courts'
20:49:35 01_clean WARNING wave:2006: variable 'i1' not in variable_names.csv -> named 'wbes_fy_estab_pay_security'
20:49:35 01_clean WARNING wave:2006: variable 'i2a' not in variable_names.csv -> named 'wbes_annual_percentage_security'
20:49:35 01_clean WARNING wave:2006: variable 'i2b' not in variable_names.csv -> named 'wbes_fiscal_year_annual_cost'
20:49:35 01_clean WARNING wave:2006: variable 'i3' not in variable_names.csv -> named 'wbes_losses_due_experienced'
20:49:35 01_clean WARNING wave:2006: variable 'i30' not in variable_names.csv -> named 'wbes_obstacle_crime_theft'
20:49:35 01_clean WARNING wave:2006: variable 'i4a' not in variable_names.csv -> named 'wbes_losses_due_fy_sales'
20:49:35 01_clean WARNING wave:2006: variable 'i4b' not in variable_names.csv -> named 'wbes_value_losses_due_theft'
20:49:35 01_clean WARNING wave:2006: variable 'j10' not in variable_names.csv -> named 'wbes_application_obtain_import'
20:49:35 01_clean WARNING wave:2006: variable 'j11' not in variable_names.csv -> named 'wbes_days_obtain_import_license'
20:49:35 01_clean WARNING wave:2006: variable 'j12' not in variable_names.csv -> named 'wbes_applied_import_license'
20:49:35 01_clean WARNING wave:2006: variable 'j13' not in variable_names.csv -> named 'wbes_application_obtain_13'
20:49:35 01_clean WARNING wave:2006: variable 'j14' not in variable_names.csv -> named 'wbes_days_obtain_operating'
20:49:35 01_clean WARNING wave:2006: variable 'j15' not in variable_names.csv -> named 'wbes_applied_operating_license'
20:49:35 01_clean WARNING wave:2006: variable 'j3' not in variable_names.csv -> named 'wbes_estab_inspected_tax'
20:49:35 01_clean WARNING wave:2006: variable 'j30a' not in variable_names.csv -> named 'wbes_obstacle_tax_rates'
20:49:35 01_clean WARNING wave:2006: variable 'j30b' not in variable_names.csv -> named 'wbes_obstacle_tax'
20:49:35 01_clean WARNING wave:2006: variable 'j30c' not in variable_names.csv -> named 'wbes_obstacle_biz_licensing'
20:49:35 01_clean WARNING wave:2006: variable 'j30e' not in variable_names.csv -> named 'wbes_obstacle_political'
20:49:35 01_clean WARNING wave:2006: variable 'j30f' not in variable_names.csv -> named 'wbes_obstacle_corruption'
20:49:35 01_clean WARNING wave:2006: variable 'j4' not in variable_names.csv -> named 'wbes_frequency_inspections'
20:49:35 01_clean WARNING wave:2006: variable 'j5' not in variable_names.csv -> named 'wbes_inspections_gift_informal'
20:49:35 01_clean WARNING wave:2006: variable 'j6' not in variable_names.csv -> named 'wbes_value_avg_estab_country'
20:49:35 01_clean WARNING wave:2006: variable 'j7a' not in variable_names.csv -> named 'wbes_annual_pct_informal'
20:49:35 01_clean WARNING wave:2006: variable 'j7b' not in variable_names.csv -> named 'wbes_annual_informal_payment'
20:49:35 01_clean WARNING wave:2006: variable 'k10' not in variable_names.csv -> named 'wbes_year_recent_loan_line'
20:49:35 01_clean WARNING wave:2006: variable 'k11' not in variable_names.csv -> named 'wbes_recent_loan_value_time'
20:49:35 01_clean WARNING wave:2006: variable 'k13' not in variable_names.csv -> named 'wbes_financing_required_recent'
20:49:35 01_clean WARNING wave:2006: variable 'k14a' not in variable_names.csv -> named 'wbes_collateral_land_buildings'
20:49:35 01_clean WARNING wave:2006: variable 'k14b' not in variable_names.csv -> named 'wbes_type_collateral_equipment'
20:49:35 01_clean WARNING wave:2006: variable 'k14c' not in variable_names.csv -> named 'wbes_type_collateral_accounts'
20:49:35 01_clean WARNING wave:2006: variable 'k14d' not in variable_names.csv -> named 'wbes_collateral_personal_assets'
20:49:35 01_clean WARNING wave:2006: variable 'k14e' not in variable_names.csv -> named 'wbes_type_collateral_other'
20:49:35 01_clean WARNING wave:2006: variable 'k15a' not in variable_names.csv -> named 'wbes_value_collateral_required'
20:49:35 01_clean WARNING wave:2006: variable 'k16' not in variable_names.csv -> named 'wbes_fy_estab_apply_new_loans'
20:49:35 01_clean WARNING wave:2006: variable 'k17' not in variable_names.csv -> named 'wbes_reason_not_applying_new'
20:49:35 01_clean WARNING wave:2006: variable 'k30' not in variable_names.csv -> named 'wbes_obstacle_access_finance'
20:49:35 01_clean WARNING wave:2006: variable 'k3a' not in variable_names.csv -> named 'wbes_working_capital_internal'
20:49:35 01_clean WARNING wave:2006: variable 'k3bc' not in variable_names.csv -> named 'wbes_working_capital_banks'
20:49:35 01_clean WARNING wave:2006: variable 'k3e' not in variable_names.csv -> named 'wbes_working_capital_non_bank'
20:49:35 01_clean WARNING wave:2006: variable 'k3f' not in variable_names.csv -> named 'wbes_working_capital_bought'
20:49:35 01_clean WARNING wave:2006: variable 'k3hd' not in variable_names.csv -> named 'wbes_working_capital_money'
20:49:35 01_clean WARNING wave:2006: variable 'k4' not in variable_names.csv -> named 'wbes_estab_purchase_fixed_assets'
20:49:35 01_clean WARNING wave:2006: variable 'k5a' not in variable_names.csv -> named 'wbes_fy_internal_funds_retained'
20:49:35 01_clean WARNING wave:2006: variable 'k5bc' not in variable_names.csv -> named 'wbes_fy_fixed_assets_funded_bank'
20:49:35 01_clean WARNING wave:2006: variable 'k5e' not in variable_names.csv -> named 'wbes_fy_fixed_assets_funded_non'
20:49:35 01_clean WARNING wave:2006: variable 'k5f' not in variable_names.csv -> named 'wbes_fy_credit_suppliers'
20:49:35 01_clean WARNING wave:2006: variable 'k5hdj' not in variable_names.csv -> named 'wbes_last_fy_other_money_lenders'
20:49:35 01_clean WARNING wave:2006: variable 'k5i' not in variable_names.csv -> named 'wbes_fy_ownersatm_contributions'
20:49:35 01_clean WARNING wave:2006: variable 'k7' not in variable_names.csv -> named 'wbes_time_estab_overdraft'
20:49:35 01_clean WARNING wave:2006: variable 'k8' not in variable_names.csv -> named 'wbes_estab_line_credit_loan'
20:49:35 01_clean WARNING wave:2006: variable 'k9' not in variable_names.csv -> named 'wbes_financial_institution'
20:49:35 01_clean WARNING wave:2006: variable 'l1' not in variable_names.csv -> named 'wbes_num_permanent_employees_end'
20:49:35 01_clean WARNING wave:2006: variable 'l10' not in variable_names.csv -> named 'wbes_formal_training_programs'
20:49:35 01_clean WARNING wave:2006: variable 'l2' not in variable_names.csv -> named 'wbes_num_permanent_emps_end'
20:49:35 01_clean WARNING wave:2006: variable 'l30a' not in variable_names.csv -> named 'wbes_obstacle_labor_regulations'
20:49:35 01_clean WARNING wave:2006: variable 'l30b' not in variable_names.csv -> named 'wbes_obstacle_inadequately'
20:49:35 01_clean WARNING wave:2006: variable 'l5' not in variable_names.csv -> named 'wbes_num_full_female'
20:49:35 01_clean WARNING wave:2006: variable 'l6' not in variable_names.csv -> named 'wbes_num_full_time_temporary'
20:49:35 01_clean WARNING wave:2006: variable 'l6a' not in variable_names.csv -> named 'wbes_female_temporary_full_time'
20:49:35 01_clean WARNING wave:2006: variable 'l8' not in variable_names.csv -> named 'wbes_avg_length_employ_full_time'
20:49:35 01_clean WARNING wave:2006: variable 'n2a' not in variable_names.csv -> named 'wbes_labor_cost_incl_wages'
20:49:35 01_clean WARNING wave:2006: variable 'n2b' not in variable_names.csv -> named 'wbes_annual_costs_electricity'
20:49:35 01_clean WARNING wave:2006: variable 'n2e' not in variable_names.csv -> named 'wbes_cost_raw_materials'
20:49:35 01_clean WARNING wave:2006: variable 'n3' not in variable_names.csv -> named 'wbes_establishment_sales_years'
20:49:35 01_clean WARNING wave:2006: variable 'afb3b' not in variable_names.csv -> named 'wbes_largest_owner_female'
20:49:35 01_clean WARNING wave:2006: variable 'afb4a1' not in variable_names.csv -> named 'wbes_african_nationality_largest'
20:49:35 01_clean WARNING wave:2006: variable 'afb4a4' not in variable_names.csv -> named 'wbes_asian_nationality'
20:49:35 01_clean WARNING wave:2006: variable 'afb7a' not in variable_names.csv -> named 'wbes_highest_educ_top_manager'
20:49:35 01_clean WARNING wave:2006: variable 'c19' not in variable_names.csv -> named 'wbes_application_obtain_19'
20:49:35 01_clean WARNING wave:2006: variable 'c20' not in variable_names.csv -> named 'wbes_days_receive_telephone'
20:49:35 01_clean WARNING wave:2006: variable 'c21' not in variable_names.csv -> named 'wbes_applied_tele_connection'
20:49:35 01_clean WARNING wave:2006: variable 'c22a' not in variable_names.csv -> named 'wbes_communicate_clients_mail'
20:49:35 01_clean WARNING wave:2006: variable 'c30b' not in variable_names.csv -> named 'wbes_obstacle_telecommunications'
20:49:35 01_clean WARNING wave:2006: variable 'afd3f' not in variable_names.csv -> named 'wbes_export_revenue_neighboring'
20:49:35 01_clean WARNING wave:2006: variable 'afd3g' not in variable_names.csv -> named 'wbes_export_revenue_developed'
20:49:35 01_clean WARNING wave:2006: variable 'afd3h' not in variable_names.csv -> named 'wbes_export_revenue_other'
20:49:35 01_clean WARNING wave:2006: variable 'afd5a' not in variable_names.csv -> named 'wbes_clearing_costs_avg'
20:49:35 01_clean WARNING wave:2006: variable 'afd5b' not in variable_names.csv -> named 'wbes_consignments_handled'
20:49:35 01_clean WARNING wave:2006: variable 'afd5c' not in variable_names.csv -> named 'wbes_consignments_physically'
20:49:35 01_clean WARNING wave:2006: variable 'd6' not in variable_names.csv -> named 'wbes_fy_export_losses_due_theft'
20:49:35 01_clean WARNING wave:2006: variable 'd7' not in variable_names.csv -> named 'wbes_fy_export_losses_due'
20:49:35 01_clean WARNING wave:2006: variable 'afd7a1' not in variable_names.csv -> named 'wbes_benefit_suspension'
20:49:35 01_clean WARNING wave:2006: variable 'afd7a2' not in variable_names.csv -> named 'wbes_benefit_profit_tax'
20:49:35 01_clean WARNING wave:2006: variable 'afd7a3' not in variable_names.csv -> named 'wbes_benefit_vat_reimbursement'
20:49:35 01_clean WARNING wave:2006: variable 'afd7a4' not in variable_names.csv -> named 'wbes_benefit_export_financing'
20:49:35 01_clean WARNING wave:2006: variable 'afd7a5' not in variable_names.csv -> named 'wbes_benefit_export_investment'
20:49:35 01_clean WARNING wave:2006: variable 'afd7b' not in variable_names.csv -> named 'wbes_reason_estab_not_advantage'
20:49:35 01_clean WARNING wave:2006: variable 'afe2a' not in variable_names.csv -> named 'wbes_new_competitors_entered'
20:49:35 01_clean WARNING wave:2006: variable 'k1c' not in variable_names.csv -> named 'wbes_fy_material_inputs_svc_paid'
20:49:35 01_clean WARNING wave:2006: variable 'k2c' not in variable_names.csv -> named 'wbes_fy_annual_sales_paid'
20:49:35 01_clean WARNING wave:2006: variable 'afk7a' not in variable_names.csv -> named 'wbes_establishments_overdraft'
20:49:35 01_clean WARNING wave:2006: variable 'afk8a' not in variable_names.csv -> named 'wbes_recent_credit_form'
20:49:35 01_clean WARNING wave:2006: variable 'afk10a' not in variable_names.csv -> named 'wbes_rate_interest_recent_line'
20:49:35 01_clean WARNING wave:2006: variable 'afj8' not in variable_names.csv -> named 'wbes_pct_annual_sales_reported'
20:49:35 01_clean WARNING wave:2006: variable 'afl8a' not in variable_names.csv -> named 'wbes_end_fiscal_year_part_time'
20:49:35 01_clean WARNING wave:2006: variable 'afl12' not in variable_names.csv -> named 'wbes_percent_workforce_unionized'
20:49:35 01_clean WARNING wave:2006: variable 'afl14' not in variable_names.csv -> named 'wbes_estab_find_new_employees'
20:49:35 01_clean WARNING wave:2006: variable 'afs1a' not in variable_names.csv -> named 'wbes_high_absenteeism_due'
20:49:35 01_clean WARNING wave:2006: variable 'afs1b' not in variable_names.csv -> named 'wbes_high_absenteeism_emps_1b'
20:49:35 01_clean WARNING wave:2006: variable 'afs2a' not in variable_names.csv -> named 'wbes_high_absenteeism_due_hiv'
20:49:35 01_clean WARNING wave:2006: variable 'afs2b' not in variable_names.csv -> named 'wbes_high_absenteeism_h'
20:49:35 01_clean WARNING wave:2006: variable 'afs3a' not in variable_names.csv -> named 'wbes_hiv_prevention_messages'
20:49:35 01_clean WARNING wave:2006: variable 'afs3b' not in variable_names.csv -> named 'wbes_hiv_prevention_free_condom'
20:49:35 01_clean WARNING wave:2006: variable 'afs3c' not in variable_names.csv -> named 'wbes_hiv_prevention_activ'
20:49:35 01_clean WARNING wave:2006: variable 'f1' not in variable_names.csv -> named 'wbes_fy_capacity_utilization'
20:49:35 01_clean WARNING wave:2006: variable 'f2' not in variable_names.csv -> named 'wbes_hours_week_operated_estab'
20:49:35 01_clean WARNING wave:2006: variable 'g5a' not in variable_names.csv -> named 'wbes_selling_area_establishment'
20:49:35 01_clean WARNING wave:2006: variable 'g5b' not in variable_names.csv -> named 'wbes_area_measured'
20:49:35 01_clean WARNING wave:2006: variable 'g5bx' not in variable_names.csv -> named 'wbes_units_not_included_above'
20:49:35 01_clean WARNING wave:2006: variable 'l3a' not in variable_names.csv -> named 'wbes_num_full_production_workers'
20:49:35 01_clean WARNING wave:2006: variable 'l4a1' not in variable_names.csv -> named 'wbes_num_permanent_skilled_prod'
20:49:35 01_clean WARNING wave:2006: variable 'callback' not in variable_names.csv -> named 'wbes_callback'
20:49:35 01_clean WARNING wave:2006: variable 'intcode' not in variable_names.csv -> named 'wbes_interviewer'
20:49:35 01_clean WARNING wave:2006: variable 'industry' not in variable_names.csv -> named 'wbes_industry'
20:49:35 01_clean WARNING wave:2006: variable 'sampstra' not in variable_names.csv -> named 'wbes_sample_stratum'
20:49:35 01_clean WARNING wave:2006: variable 'screenst' not in variable_names.csv -> named 'wbes_screener_stratum'
20:49:35 01_clean WARNING wave:2006: variable 'stratmat' not in variable_names.csv -> named 'wbes_stratum_match'
20:49:35 01_clean WARNING wave:2006: variable 'zone' not in variable_names.csv -> named 'wbes_zone'
20:49:35 01_clean WARNING wave:2006: variable 'fins' not in variable_names.csv -> named 'wbes_estab_maintain_financial'
20:49:35 01_clean WARNING wave:2006: variable 'a13' not in variable_names.csv -> named 'wbes_supervisor'
20:49:35 01_clean WARNING wave:2006: variable 'startamp' not in variable_names.csv -> named 'wbes_am_pm'
20:49:35 01_clean WARNING wave:2006: variable 'b1' not in variable_names.csv -> named 'wbes_current_legal_status'
20:49:35 01_clean WARNING wave:2006: variable 'b1x' not in variable_names.csv -> named 'wbes_other_legal_status'
20:49:35 01_clean WARNING wave:2006: variable 'b3a' not in variable_names.csv -> named 'wbes_pct_largest_shareholder'
20:49:35 01_clean WARNING wave:2006: variable 'b3b3' not in variable_names.csv -> named 'wbes_indian_origin'
20:49:35 01_clean WARNING wave:2006: variable 'b3b4' not in variable_names.csv -> named 'wbes_lebanese_middle_eastern'
20:49:35 01_clean WARNING wave:2006: variable 'b3b6' not in variable_names.csv -> named 'wbes_european_caucasian_origin'
20:49:35 01_clean WARNING wave:2006: variable 'b3b7' not in variable_names.csv -> named 'wbes_other_ethnic_origin'
20:49:35 01_clean WARNING wave:2006: variable 'b4b' not in variable_names.csv -> named 'wbes_years_experience_top'
20:49:35 01_clean WARNING wave:2006: variable 'b4c' not in variable_names.csv -> named 'wbes_year_estab_begin_operations'
20:49:35 01_clean WARNING wave:2006: variable 'c1a' not in variable_names.csv -> named 'wbes_manufacturing'
20:49:35 01_clean WARNING wave:2006: variable 'c1b' not in variable_names.csv -> named 'wbes_services'
20:49:35 01_clean WARNING wave:2006: variable 'c1c' not in variable_names.csv -> named 'wbes_other_1c'
20:49:35 01_clean WARNING wave:2006: variable 'c1cx' not in variable_names.csv -> named 'wbes_c1cx'
20:49:35 01_clean WARNING wave:2006: variable 'c2a1' not in variable_names.csv -> named 'wbes_paid_delivery_1'
20:49:35 01_clean WARNING wave:2006: variable 'c2a2' not in variable_names.csv -> named 'wbes_paid_delivery_2'
20:49:35 01_clean WARNING wave:2006: variable 'c2b' not in variable_names.csv -> named 'wbes_sales_came_selling'
20:49:35 01_clean WARNING wave:2006: variable 'c2c' not in variable_names.csv -> named 'wbes_payments_recvd_non_cash'
20:49:35 01_clean WARNING wave:2006: variable 'c2d' not in variable_names.csv -> named 'wbes_approx_output_went'
20:49:35 01_clean WARNING wave:2006: variable 'c2e' not in variable_names.csv -> named 'wbes_principal_buyer_estab'
20:49:35 01_clean WARNING wave:2006: variable 'c3a1' not in variable_names.csv -> named 'wbes_first'
20:49:35 01_clean WARNING wave:2006: variable 'c3b1' not in variable_names.csv -> named 'wbes_second'
20:49:35 01_clean WARNING wave:2006: variable 'c3b2' not in variable_names.csv -> named 'wbes_isic'
20:49:35 01_clean WARNING wave:2006: variable 'c3b3' not in variable_names.csv -> named 'wbes_percentage_sales'
20:49:35 01_clean WARNING wave:2006: variable 'c5a' not in variable_names.csv -> named 'wbes_main_market'
20:49:35 01_clean WARNING wave:2006: variable 'c5b' not in variable_names.csv -> named 'wbes_local_market_share'
20:49:35 01_clean WARNING wave:2006: variable 'c5c' not in variable_names.csv -> named 'wbes_national_market_share'
20:49:35 01_clean WARNING wave:2006: variable 'c5d1' not in variable_names.csv -> named 'wbes_describe_change_sales'
20:49:35 01_clean WARNING wave:2006: variable 'c5d2' not in variable_names.csv -> named 'wbes_describe_change_prices'
20:49:35 01_clean WARNING wave:2006: variable 'c5d3' not in variable_names.csv -> named 'wbes_competitors_face'
20:49:35 01_clean WARNING wave:2006: variable 'c6b1' not in variable_names.csv -> named 'wbes_year_begin_directly'
20:49:35 01_clean WARNING wave:2006: variable 'c6b3a1' not in variable_names.csv -> named 'wbes_country_1_c6b3a1'
20:49:35 01_clean WARNING wave:2006: variable 'c6b3a2' not in variable_names.csv -> named 'wbes_percentage_2'
20:49:35 01_clean WARNING wave:2006: variable 'c6b3b1' not in variable_names.csv -> named 'wbes_country_1_c6b3b1'
20:49:35 01_clean WARNING wave:2006: variable 'c6b3b2' not in variable_names.csv -> named 'wbes_percentage_2_c6b3b2'
20:49:35 01_clean WARNING wave:2006: variable 'c6c1' not in variable_names.csv -> named 'wbes_year_begin_indirectly'
20:49:35 01_clean WARNING wave:2006: variable 'c7e' not in variable_names.csv -> named 'wbes_main_point_exit'
20:49:35 01_clean WARNING wave:2006: variable 'c7f' not in variable_names.csv -> named 'wbes_type_point_exit'
20:49:35 01_clean WARNING wave:2006: variable 'c7fx' not in variable_names.csv -> named 'wbes_other_point_exit'
20:49:35 01_clean WARNING wave:2006: variable 'c7g2' not in variable_names.csv -> named 'wbes_longest_days_clear_customs'
20:49:35 01_clean WARNING wave:2006: variable 'c8a5x' not in variable_names.csv -> named 'wbes_c8a5x'
20:49:35 01_clean WARNING wave:2006: variable 'c8bx' not in variable_names.csv -> named 'wbes_c8bx'
20:49:35 01_clean WARNING wave:2006: variable 'd1b3' not in variable_names.csv -> named 'wbes_longest_number_days_custo'
20:49:35 01_clean WARNING wave:2006: variable 'd2a' not in variable_names.csv -> named 'wbes_prod_inputs_delivered_roa'
20:49:35 01_clean WARNING wave:2006: variable 'd2b' not in variable_names.csv -> named 'wbes_main_point_origin_c'
20:49:35 01_clean WARNING wave:2006: variable 'd2c1' not in variable_names.csv -> named 'wbes_cost_transportation_point_1'
20:49:35 01_clean WARNING wave:2006: variable 'd2c2' not in variable_names.csv -> named 'wbes_cost_transportation_unit'
20:49:35 01_clean WARNING wave:2006: variable 'd2c3' not in variable_names.csv -> named 'wbes_long_ship_input_point'
20:49:35 01_clean WARNING wave:2006: variable 'd4a' not in variable_names.csv -> named 'wbes_prior_receiving_days'
20:49:35 01_clean WARNING wave:2006: variable 'd4b' not in variable_names.csv -> named 'wbes_years_known_prim_supplier'
20:49:35 01_clean WARNING wave:2006: variable 'd4c' not in variable_names.csv -> named 'wbes_subcontract_part_production'
20:49:35 01_clean WARNING wave:2006: variable 'e2b' not in variable_names.csv -> named 'wbes_estab_internationally'
20:49:35 01_clean WARNING wave:2006: variable 'e2c2' not in variable_names.csv -> named 'wbes_estab_introduce_onto'
20:49:35 01_clean WARNING wave:2006: variable 'e3a1' not in variable_names.csv -> named 'wbes_domestic_competitors_prod'
20:49:35 01_clean WARNING wave:2006: variable 'e3a2' not in variable_names.csv -> named 'wbes_foreign_competitors_prod'
20:49:35 01_clean WARNING wave:2006: variable 'f1a14' not in variable_names.csv -> named 'wbes_macroeconomic_instability'
20:49:35 01_clean WARNING wave:2006: variable 'f1a17' not in variable_names.csv -> named 'wbes_practices_competitors'
20:49:35 01_clean WARNING wave:2006: variable 'f1b1' not in variable_names.csv -> named 'wbes_serious_obstacle'
20:49:35 01_clean WARNING wave:2006: variable 'f1b2' not in variable_names.csv -> named 'wbes_second_serious_obstacle'
20:49:35 01_clean WARNING wave:2006: variable 'f1b3' not in variable_names.csv -> named 'wbes_third_serious_obstacle'
20:49:35 01_clean WARNING wave:2006: variable 'g5' not in variable_names.csv -> named 'wbes_pct_estab_water_suppl'
20:49:35 01_clean WARNING wave:2006: variable 'g6a' not in variable_names.csv -> named 'wbes_estab_use_transport_mak'
20:49:35 01_clean WARNING wave:2006: variable 'g6b' not in variable_names.csv -> named 'wbes_pct_terms_shipment_value'
20:49:35 01_clean WARNING wave:2006: variable 'g7a' not in variable_names.csv -> named 'wbes_pct_value_domestic_shipm_7a'
20:49:35 01_clean WARNING wave:2006: variable 'g7b' not in variable_names.csv -> named 'wbes_pct_value_domestic_shipm_7b'
20:49:35 01_clean WARNING wave:2006: variable 'h1a' not in variable_names.csv -> named 'wbes_fair_impartial_uncorrupted'
20:49:35 01_clean WARNING wave:2006: variable 'h1b' not in variable_names.csv -> named 'wbes_quick'
20:49:35 01_clean WARNING wave:2006: variable 'h1c' not in variable_names.csv -> named 'wbes_affordable'
20:49:35 01_clean WARNING wave:2006: variable 'h1d' not in variable_names.csv -> named 'wbes_able_enforce_decision'
20:49:35 01_clean WARNING wave:2006: variable 'h2a' not in variable_names.csv -> named 'wbes_establishment_payment_d'
20:49:35 01_clean WARNING wave:2006: variable 'h2b' not in variable_names.csv -> named 'wbes_court_system_used_resolve'
20:49:35 01_clean WARNING wave:2006: variable 'h2c' not in variable_names.csv -> named 'wbes_court_judgment'
20:49:35 01_clean WARNING wave:2006: variable 'h2d' not in variable_names.csv -> named 'wbes_weeks_courts_come_jud'
20:49:35 01_clean WARNING wave:2006: variable 'h2e' not in variable_names.csv -> named 'wbes_decision_court_enforced'
20:49:35 01_clean WARNING wave:2006: variable 'h2f' not in variable_names.csv -> named 'wbes_weeks_enforcement_court'
20:49:35 01_clean WARNING wave:2006: variable 'i1a' not in variable_names.csv -> named 'wbes_typical_week_percentage'
20:49:35 01_clean WARNING wave:2006: variable 'i1b1' not in variable_names.csv -> named 'wbes_govt_officials'
20:49:35 01_clean WARNING wave:2006: variable 'i1b2' not in variable_names.csv -> named 'wbes_common_establishments_line'
20:49:35 01_clean WARNING wave:2006: variable 'i1b3' not in variable_names.csv -> named 'wbes_establishments_line_biz'
20:49:35 01_clean WARNING wave:2006: variable 'j1' not in variable_names.csv -> named 'wbes_full_time_emps_estab_employ'
20:49:35 01_clean WARNING wave:2006: variable 'j2a2' not in variable_names.csv -> named 'wbes_non_production_total_number'
20:49:35 01_clean WARNING wave:2006: variable 'j2b1b' not in variable_names.csv -> named 'wbes_unskilled_prod_workers'
20:49:35 01_clean WARNING wave:2006: variable 'j2d1' not in variable_names.csv -> named 'wbes_average_monthly_pr'
20:49:35 01_clean WARNING wave:2006: variable 'j2d2' not in variable_names.csv -> named 'wbes_avg_monthly_compensation_2'
20:49:35 01_clean WARNING wave:2006: variable 'j2e' not in variable_names.csv -> named 'wbes_pct_payments_establishmen'
20:49:35 01_clean WARNING wave:2006: variable 'j5_2006' not in variable_names.csv -> named 'wbes_pct_workforce_estimate_th'
20:49:35 01_clean WARNING wave:2006: variable 'j6ax' not in variable_names.csv -> named 'wbes_other'
20:49:35 01_clean WARNING wave:2006: variable 'j6c' not in variable_names.csv -> named 'wbes_labor_regulations_affect'
20:49:35 01_clean WARNING wave:2006: variable 'j6d' not in variable_names.csv -> named 'wbes_not_comply_labor_6d'
20:49:35 01_clean WARNING wave:2006: variable 'j6e' not in variable_names.csv -> named 'wbes_j6e'
20:49:35 01_clean WARNING wave:2006: variable 'j6f' not in variable_names.csv -> named 'wbes_not_comply_labor_6f'
20:49:35 01_clean WARNING wave:2006: variable 'j6g' not in variable_names.csv -> named 'wbes_j6g'
20:49:35 01_clean WARNING wave:2006: variable 'j8a' not in variable_names.csv -> named 'wbes_avg_educational_attainment'
20:49:35 01_clean WARNING wave:2006: variable 'j8c1' not in variable_names.csv -> named 'wbes_production_workers'
20:49:35 01_clean WARNING wave:2006: variable 'j8c2' not in variable_names.csv -> named 'wbes_non_production_workers_2'
20:49:35 01_clean WARNING wave:2006: variable 'k1a' not in variable_names.csv -> named 'wbes_estab_annual_financial_st'
20:49:35 01_clean WARNING wave:2006: variable 'k1b' not in variable_names.csv -> named 'wbes_estab_checking_saving_acc'
20:49:35 01_clean WARNING wave:2006: variable 'k1c1' not in variable_names.csv -> named 'wbes_land_occupied_estab_pct_1'
20:49:35 01_clean WARNING wave:2006: variable 'k1c2' not in variable_names.csv -> named 'wbes_land_occupied_estab_pct_2'
20:49:35 01_clean WARNING wave:2006: variable 'k1c3' not in variable_names.csv -> named 'wbes_land_occupied_estab_pct_3'
20:49:35 01_clean WARNING wave:2006: variable 'k1c3x' not in variable_names.csv -> named 'wbes_other_3x'
20:49:35 01_clean WARNING wave:2006: variable 'k3j1x' not in variable_names.csv -> named 'wbes_other_working_capital'
20:49:35 01_clean WARNING wave:2006: variable 'k3j2x' not in variable_names.csv -> named 'wbes_other_fixed_assets'
20:49:35 01_clean WARNING wave:2006: variable 'k4f' not in variable_names.csv -> named 'wbes_total_duration_term_months'
20:49:35 01_clean WARNING wave:2006: variable 'k4g' not in variable_names.csv -> named 'wbes_financial_institutions'
20:49:35 01_clean WARNING wave:2006: variable 'k4j5x' not in variable_names.csv -> named 'wbes_other_5x'
20:49:35 01_clean WARNING wave:2006: variable 'k5b' not in variable_names.csv -> named 'wbes_applications_submitted'
20:49:35 01_clean WARNING wave:2006: variable 'k5c' not in variable_names.csv -> named 'wbes_applications_rejected'
20:49:35 01_clean WARNING wave:2006: variable 'k5d' not in variable_names.csv -> named 'wbes_common_reason_lender'
20:49:35 01_clean WARNING wave:2006: variable 'l2c' not in variable_names.csv -> named 'wbes_total_annual_depreciation'
20:49:35 01_clean WARNING wave:2006: variable 'l2d' not in variable_names.csv -> named 'wbes_cost_rental_land_builidngs'
20:49:35 01_clean WARNING wave:2006: variable 'l3b' not in variable_names.csv -> named 'wbes_fuel'
20:49:35 01_clean WARNING wave:2006: variable 'l3c' not in variable_names.csv -> named 'wbes_water'
20:49:35 01_clean WARNING wave:2006: variable 'l3d' not in variable_names.csv -> named 'wbes_transportation_goods_not'
20:49:35 01_clean WARNING wave:2006: variable 'l3e' not in variable_names.csv -> named 'wbes_communications_services'
20:49:35 01_clean WARNING wave:2006: variable 'l3f' not in variable_names.csv -> named 'wbes_royalty_fees_licenses'
20:49:35 01_clean WARNING wave:2006: variable 'l4a' not in variable_names.csv -> named 'wbes_machinery_vehicles_new_used'
20:49:35 01_clean WARNING wave:2006: variable 'l4b' not in variable_names.csv -> named 'wbes_land_buildings_4b'
20:49:35 01_clean WARNING wave:2006: variable 'l5a' not in variable_names.csv -> named 'wbes_machinery_vehicles_equip_5a'
20:49:35 01_clean WARNING wave:2006: variable 'l5b' not in variable_names.csv -> named 'wbes_land_buildings_5b'
20:49:35 01_clean WARNING wave:2006: variable 'l6a_2006' not in variable_names.csv -> named 'wbes_machinery_vehicules_equip'
20:49:35 01_clean WARNING wave:2006: variable 'l6b' not in variable_names.csv -> named 'wbes_land_buildings_use_own_n'
20:49:35 01_clean WARNING wave:2006: variable 'l7' not in variable_names.csv -> named 'wbes_cost_replacing'
20:49:35 01_clean WARNING wave:2006: variable 'endampm' not in variable_names.csv -> named 'wbes_am_pm_endampm'
20:49:35 01_clean WARNING wave:2006: variable 'comments' not in variable_names.csv -> named 'wbes_comments'
20:49:35 01_clean WARNING wave:2006: variable 'commen_a' not in variable_names.csv -> named 'wbes_comments_commena'
20:49:35 01_clean WARNING wave:2006: variable 'weights_locsec' not in variable_names.csv -> named 'wbes_locations_sectors_weights'
20:49:35 01_clean WARNING wave:2006: variable 'weights_sec' not in variable_names.csv -> named 'wbes_sectors_weights'
20:49:35 01_clean WARNING wave:2006: variable 'e3b1' not in variable_names.csv -> named 'wbes_domestic_competitors_prices'
20:49:35 01_clean WARNING wave:2006: variable 'e3b2' not in variable_names.csv -> named 'wbes_foreign_competitors_prices'
20:49:35 01_clean WARNING wave:2006: variable 'e3c1' not in variable_names.csv -> named 'wbes_domestic_competitors'
20:49:35 01_clean WARNING wave:2006: variable 'e3c2' not in variable_names.csv -> named 'wbes_foreign_competitors'
20:49:35 01_clean WARNING wave:2006: variable 'e4' not in variable_names.csv -> named 'wbes_estab_compete_against'
20:49:35 01_clean WARNING wave:2006: variable 'f1a18' not in variable_names.csv -> named 'wbes_zoning_restrictions'
20:49:35 01_clean WARNING wave:2006: variable 'f1a19' not in variable_names.csv -> named 'wbes_regulation_hours_operation'
20:49:35 01_clean WARNING wave:2006: variable 'f1a20' not in variable_names.csv -> named 'wbes_regulation_pricing_mark_ups'
20:49:35 01_clean WARNING wave:2006: variable 'g2a' not in variable_names.csv -> named 'wbes_estab_high_speed_broadband'
20:49:35 01_clean WARNING wave:2006: variable 'g2b1' not in variable_names.csv -> named 'wbes_communicate_clients_1'
20:49:35 01_clean WARNING wave:2006: variable 'g2b2' not in variable_names.csv -> named 'wbes_deliver_svc_estab_clients'
20:49:35 01_clean WARNING wave:2006: variable 'g2b3' not in variable_names.csv -> named 'wbes_research_develop_ideas_new'
20:49:35 01_clean WARNING wave:2006: variable 'g2b4' not in variable_names.csv -> named 'wbes_purchases_establishment'
20:49:35 01_clean WARNING wave:2006: variable 'g2c' not in variable_names.csv -> named 'wbes_concerns_security_internet'
20:49:35 01_clean WARNING wave:2006: variable 'g2d1' not in variable_names.csv -> named 'wbes_estab_experience'
20:49:35 01_clean WARNING wave:2006: variable 'g2d2' not in variable_names.csv -> named 'wbes_times_typical_month'
20:49:35 01_clean WARNING wave:2006: variable 'g2d3' not in variable_names.csv -> named 'wbes_avg_long_unavailibility_co'
20:49:35 01_clean WARNING wave:2006: variable 'g3b1' not in variable_names.csv -> named 'wbes_buildings_occupied_estab_o'
20:49:35 01_clean WARNING wave:2006: variable 'g3b2' not in variable_names.csv -> named 'wbes_buildings_occupied_estab_l'
20:49:35 01_clean WARNING wave:2006: variable 'g3c' not in variable_names.csv -> named 'wbes_estab_acquired_attempted'
20:49:35 01_clean WARNING wave:2006: variable 'g3d' not in variable_names.csv -> named 'wbes_estab_unsuccessful_acquirin'
20:49:35 01_clean WARNING wave:2006: variable 'j7a_2006' not in variable_names.csv -> named 'wbes_important_technical_staff'
20:49:35 01_clean WARNING wave:2006: variable 'j7b1' not in variable_names.csv -> named 'wbes_basic_computer_skills_rate'
20:49:35 01_clean WARNING wave:2006: variable 'j7b2' not in variable_names.csv -> named 'wbes_basic_computer_skills'
20:49:35 01_clean WARNING wave:2006: variable 'j7c1' not in variable_names.csv -> named 'wbes_good_working_rate'
20:49:35 01_clean WARNING wave:2006: variable 'j7c2' not in variable_names.csv -> named 'wbes_good_working_ch'
20:49:35 01_clean WARNING wave:2006: variable 'j7d1' not in variable_names.csv -> named 'wbes_facility_industry_rate'
20:49:35 01_clean WARNING wave:2006: variable 'j7d2' not in variable_names.csv -> named 'wbes_facility_industry_change'
20:49:35 01_clean WARNING wave:2006: variable 'j7e1' not in variable_names.csv -> named 'wbes_knowledge_hardware_rate'
20:49:35 01_clean WARNING wave:2006: variable 'j7e2' not in variable_names.csv -> named 'wbes_knowledge_hardware_change'
20:49:35 01_clean WARNING wave:2006: variable 'j7f1' not in variable_names.csv -> named 'wbes_advanced_knowledge_rate'
20:49:35 01_clean WARNING wave:2006: variable 'j7f2' not in variable_names.csv -> named 'wbes_advanced_knowledge_cha'
20:49:35 01_clean WARNING wave:2006: variable 'l4c' not in variable_names.csv -> named 'wbes_information_technology'
20:49:35 01_clean WARNING wave:2006: variable 'id2006' not in variable_names.csv -> named 'wbes_id_number_survey'
20:49:36 01_clean INFO wrote WBES_2006_establishment_clean.dta  (212 rows x 356 vars, 0.6 MB)
20:49:36 01_clean INFO ================ 2011 ================
20:49:36 01_clean INFO 2011: 241 of 813 panel rows, 261 columns after stripping the wave prefixes
20:49:36 01_clean INFO 2011: 2 columns dropped, not asked in this round
20:49:36 01_clean INFO PASS  row count unchanged (241)
20:49:36 01_clean INFO PASS  241 establishments == the implementation report's 241
20:49:36 01_clean INFO PASS  World Bank firm id unique
20:49:36 01_clean INFO PASS  2011: no sampling weight in the World Bank panel file (declared limitation, see the README)
20:49:36 01_clean INFO 2011: 241 establishments x 261 variables | weighted universe (strict) = not shipped for this round
20:49:36 01_clean INFO all hard checks passed (0 soft warnings)
20:49:36 01_clean WARNING wave:2011: variable 'survey' not in variable_names.csv -> named 'wbes_source_survey'
20:49:36 01_clean WARNING wave:2011: variable 'year' not in variable_names.csv -> named 'wbes_survey_year'
20:49:36 01_clean WARNING wave:2011: variable 'wave' not in variable_names.csv -> named 'wbes_round'
20:49:36 01_clean WARNING wave:2011: variable 'idstd' not in variable_names.csv -> named 'wbes_world_bank_standard_firm'
20:49:36 01_clean WARNING wave:2011: variable 'panelid' not in variable_names.csv -> named 'wbes_firm_identifier_shared'
20:49:36 01_clean WARNING wave:2011: variable 'panel' not in variable_names.csv -> named 'wbes_rounds_firm_interviewed'
20:49:36 01_clean WARNING wave:2011: variable 'panel' not in variable_names.csv -> named 'wbes_rounds_firm_panel'
20:49:36 01_clean WARNING wave:2011: variable 'a2' not in variable_names.csv -> named 'wbes_sampling_region'
20:49:36 01_clean WARNING wave:2011: variable 'a3a' not in variable_names.csv -> named 'wbes_region_establishment'
20:49:36 01_clean WARNING wave:2011: variable 'a3' not in variable_names.csv -> named 'wbes_size_locality'
20:49:36 01_clean WARNING wave:2011: variable 'a4a' not in variable_names.csv -> named 'wbes_industry_sampling_sector'
20:49:36 01_clean WARNING wave:2011: variable 'a4b' not in variable_names.csv -> named 'wbes_industry_screener_sector'
20:49:36 01_clean WARNING wave:2011: variable 'a6a' not in variable_names.csv -> named 'wbes_sampling_size_class'
20:49:36 01_clean WARNING wave:2011: variable 'a6b' not in variable_names.csv -> named 'wbes_screener_size_class'
20:49:36 01_clean WARNING wave:2011: variable 'strata' not in variable_names.csv -> named 'wbes_sampling_stratum_industry'
20:49:36 01_clean WARNING wave:2011: variable 'wstrict' not in variable_names.csv -> named 'wbes_sampling_weight_strict'
20:49:36 01_clean WARNING wave:2011: variable 'wmedian' not in variable_names.csv -> named 'wbes_sampling_weight_median'
20:49:36 01_clean WARNING wave:2011: variable 'wweak' not in variable_names.csv -> named 'wbes_sampling_weight_weak'
20:49:36 01_clean WARNING wave:2011: variable 'eligibility2019' not in variable_names.csv -> named 'wbes_eligibility_firm_2019'
20:49:36 01_clean WARNING wave:2011: variable 'status2019' not in variable_names.csv -> named 'wbes_status_firm_2019'
20:49:36 01_clean WARNING wave:2011: variable 'eligibility2011' not in variable_names.csv -> named 'wbes_eligibility_firm_2011'
20:49:36 01_clean WARNING wave:2011: variable 'status2011' not in variable_names.csv -> named 'wbes_status_firm_2011'
20:49:36 01_clean WARNING wave:2011: variable 'a1' not in variable_names.csv -> named 'wbes_country'
20:49:36 01_clean WARNING wave:2011: variable 'a14d' not in variable_names.csv -> named 'wbes_day_14d'
20:49:36 01_clean WARNING wave:2011: variable 'a14h' not in variable_names.csv -> named 'wbes_hour_14h'
20:49:36 01_clean WARNING wave:2011: variable 'a14m' not in variable_names.csv -> named 'wbes_month_14m'
20:49:36 01_clean WARNING wave:2011: variable 'a14min' not in variable_names.csv -> named 'wbes_minutes'
20:49:36 01_clean WARNING wave:2011: variable 'a15d' not in variable_names.csv -> named 'wbes_day_15d'
20:49:36 01_clean WARNING wave:2011: variable 'a15h' not in variable_names.csv -> named 'wbes_hour_15h'
20:49:36 01_clean WARNING wave:2011: variable 'a15m' not in variable_names.csv -> named 'wbes_month_15m'
20:49:36 01_clean WARNING wave:2011: variable 'a15min' not in variable_names.csv -> named 'wbes_minutes_a15min'
20:49:36 01_clean WARNING wave:2011: variable 'a16' not in variable_names.csv -> named 'wbes_perception_questions'
20:49:36 01_clean WARNING wave:2011: variable 'a17' not in variable_names.csv -> named 'wbes_responses_questions_figures'
20:49:36 01_clean WARNING wave:2011: variable 'a18' not in variable_names.csv -> named 'wbes_questionnaire_completed'
20:49:36 01_clean WARNING wave:2011: variable 'a19h' not in variable_names.csv -> named 'wbes_option2_estimate_hours'
20:49:36 01_clean WARNING wave:2011: variable 'a19m' not in variable_names.csv -> named 'wbes_option2_estimate_minutes'
20:49:36 01_clean WARNING wave:2011: variable 'a7' not in variable_names.csv -> named 'wbes_estab_part_multi_estab_firm'
20:49:36 01_clean WARNING wave:2011: variable 'b2a' not in variable_names.csv -> named 'wbes_owned_private_domestic'
20:49:36 01_clean WARNING wave:2011: variable 'b2b' not in variable_names.csv -> named 'wbes_owned_private_foreign'
20:49:36 01_clean WARNING wave:2011: variable 'b2c' not in variable_names.csv -> named 'wbes_owned_government'
20:49:36 01_clean WARNING wave:2011: variable 'b2d' not in variable_names.csv -> named 'wbes_owned_other'
20:49:36 01_clean WARNING wave:2011: variable 'c8' not in variable_names.csv -> named 'wbes_c8'
20:49:36 01_clean WARNING wave:2011: variable 'c10' not in variable_names.csv -> named 'wbes_generator_shared_owned'
20:49:36 01_clean WARNING wave:2011: variable 'c11' not in variable_names.csv -> named 'wbes_electricity_generator_owned'
20:49:36 01_clean WARNING wave:2011: variable 'c12' not in variable_names.csv -> named 'wbes_application_obtain_water'
20:49:36 01_clean WARNING wave:2011: variable 'c13' not in variable_names.csv -> named 'wbes_days_obtain_water'
20:49:36 01_clean WARNING wave:2011: variable 'c14' not in variable_names.csv -> named 'wbes_applied_water_connection'
20:49:36 01_clean WARNING wave:2011: variable 'c15' not in variable_names.csv -> named 'wbes_experience_insufficient'
20:49:36 01_clean WARNING wave:2011: variable 'c16' not in variable_names.csv -> named 'wbes_frequency_incidents_water'
20:49:36 01_clean WARNING wave:2011: variable 'c17' not in variable_names.csv -> named 'wbes_avg_length_water_shortages'
20:49:36 01_clean WARNING wave:2011: variable 'c22b' not in variable_names.csv -> named 'wbes_establishment_own_website'
20:49:36 01_clean WARNING wave:2011: variable 'c3' not in variable_names.csv -> named 'wbes_application_obtain_3'
20:49:36 01_clean WARNING wave:2011: variable 'c30a' not in variable_names.csv -> named 'wbes_obstacle_electricity'
20:49:36 01_clean WARNING wave:2011: variable 'c4' not in variable_names.csv -> named 'wbes_days_receive_electrical'
20:49:36 01_clean WARNING wave:2011: variable 'c5' not in variable_names.csv -> named 'wbes_informal_gift_electrical'
20:49:36 01_clean WARNING wave:2011: variable 'c6' not in variable_names.csv -> named 'wbes_fy_estab_experience_power'
20:49:36 01_clean WARNING wave:2011: variable 'c7' not in variable_names.csv -> named 'wbes_power_outages_experienced'
20:49:36 01_clean WARNING wave:2011: variable 'c9a' not in variable_names.csv -> named 'wbes_fy_losses_annual_sales_due'
20:49:36 01_clean WARNING wave:2011: variable 'c9b' not in variable_names.csv -> named 'wbes_fy_value_losses_due_power'
20:49:36 01_clean WARNING wave:2011: variable 'd12a' not in variable_names.csv -> named 'wbes_material_inputs_domestic'
20:49:36 01_clean WARNING wave:2011: variable 'd12b' not in variable_names.csv -> named 'wbes_material_inputs_foreign'
20:49:36 01_clean WARNING wave:2011: variable 'd13' not in variable_names.csv -> named 'wbes_material_inputs_imported'
20:49:36 01_clean WARNING wave:2011: variable 'd14' not in variable_names.csv -> named 'wbes_avg_num_days_imported_goods'
20:49:36 01_clean WARNING wave:2011: variable 'd1a2' not in variable_names.csv -> named 'wbes_product_service_isic_rev'
20:49:36 01_clean WARNING wave:2011: variable 'd1a3' not in variable_names.csv -> named 'wbes_product_svc_pct_annual'
20:49:36 01_clean WARNING wave:2011: variable 'd2' not in variable_names.csv -> named 'wbes_fiscal_year'
20:49:36 01_clean WARNING wave:2011: variable 'd30a' not in variable_names.csv -> named 'wbes_obstacle_transport'
20:49:36 01_clean WARNING wave:2011: variable 'd30b' not in variable_names.csv -> named 'wbes_obstacle_customs_trade'
20:49:36 01_clean WARNING wave:2011: variable 'd3a' not in variable_names.csv -> named 'wbes_sales_national_sales'
20:49:36 01_clean WARNING wave:2011: variable 'd3b' not in variable_names.csv -> named 'wbes_o_sales_indirect_exports'
20:49:36 01_clean WARNING wave:2011: variable 'd3c' not in variable_names.csv -> named 'wbes_sales_direct_exports'
20:49:36 01_clean WARNING wave:2011: variable 'd4' not in variable_names.csv -> named 'wbes_fy_avg_num_days_exported'
20:49:36 01_clean WARNING wave:2011: variable 'e6' not in variable_names.csv -> named 'wbes_use_technology_licensed'
20:49:36 01_clean WARNING wave:2011: variable 'g2' not in variable_names.csv -> named 'wbes_applic_obtain_construction'
20:49:36 01_clean WARNING wave:2011: variable 'g3' not in variable_names.csv -> named 'wbes_days_obtain_construction'
20:49:36 01_clean WARNING wave:2011: variable 'g30a' not in variable_names.csv -> named 'wbes_obstacle_access_land'
20:49:36 01_clean WARNING wave:2011: variable 'g4' not in variable_names.csv -> named 'wbes_informal_gift_construction'
20:49:36 01_clean WARNING wave:2011: variable 'h1' not in variable_names.csv -> named 'wbes_new_products_svc_introduced'
20:49:36 01_clean WARNING wave:2011: variable 'h30' not in variable_names.csv -> named 'wbes_obstacle_courts'
20:49:36 01_clean WARNING wave:2011: variable 'i1' not in variable_names.csv -> named 'wbes_fy_estab_pay_security'
20:49:36 01_clean WARNING wave:2011: variable 'i2a' not in variable_names.csv -> named 'wbes_annual_percentage_security'
20:49:36 01_clean WARNING wave:2011: variable 'i2b' not in variable_names.csv -> named 'wbes_fiscal_year_annual_cost'
20:49:36 01_clean WARNING wave:2011: variable 'i3' not in variable_names.csv -> named 'wbes_losses_due_experienced'
20:49:36 01_clean WARNING wave:2011: variable 'i30' not in variable_names.csv -> named 'wbes_obstacle_crime_theft'
20:49:36 01_clean WARNING wave:2011: variable 'i4a' not in variable_names.csv -> named 'wbes_losses_due_fy_sales'
20:49:36 01_clean WARNING wave:2011: variable 'i4b' not in variable_names.csv -> named 'wbes_value_losses_due_theft'
20:49:36 01_clean WARNING wave:2011: variable 'j10' not in variable_names.csv -> named 'wbes_application_obtain_import'
20:49:36 01_clean WARNING wave:2011: variable 'j11' not in variable_names.csv -> named 'wbes_days_obtain_import_license'
20:49:36 01_clean WARNING wave:2011: variable 'j12' not in variable_names.csv -> named 'wbes_applied_import_license'
20:49:36 01_clean WARNING wave:2011: variable 'j13' not in variable_names.csv -> named 'wbes_application_obtain_13'
20:49:36 01_clean WARNING wave:2011: variable 'j14' not in variable_names.csv -> named 'wbes_days_obtain_operating'
20:49:36 01_clean WARNING wave:2011: variable 'j15' not in variable_names.csv -> named 'wbes_applied_operating_license'
20:49:36 01_clean WARNING wave:2011: variable 'j3' not in variable_names.csv -> named 'wbes_estab_inspected_tax'
20:49:36 01_clean WARNING wave:2011: variable 'j30a' not in variable_names.csv -> named 'wbes_obstacle_tax_rates'
20:49:36 01_clean WARNING wave:2011: variable 'j30b' not in variable_names.csv -> named 'wbes_obstacle_tax'
20:49:36 01_clean WARNING wave:2011: variable 'j30c' not in variable_names.csv -> named 'wbes_obstacle_biz_licensing'
20:49:36 01_clean WARNING wave:2011: variable 'j30e' not in variable_names.csv -> named 'wbes_obstacle_political'
20:49:36 01_clean WARNING wave:2011: variable 'j30f' not in variable_names.csv -> named 'wbes_obstacle_corruption'
20:49:36 01_clean WARNING wave:2011: variable 'j4' not in variable_names.csv -> named 'wbes_frequency_inspections'
20:49:36 01_clean WARNING wave:2011: variable 'j5' not in variable_names.csv -> named 'wbes_inspections_gift_informal'
20:49:36 01_clean WARNING wave:2011: variable 'j6' not in variable_names.csv -> named 'wbes_value_avg_estab_country'
20:49:36 01_clean WARNING wave:2011: variable 'j7a' not in variable_names.csv -> named 'wbes_annual_pct_informal'
20:49:36 01_clean WARNING wave:2011: variable 'j7b' not in variable_names.csv -> named 'wbes_annual_informal_payment'
20:49:36 01_clean WARNING wave:2011: variable 'k10' not in variable_names.csv -> named 'wbes_year_recent_loan_line'
20:49:36 01_clean WARNING wave:2011: variable 'k11' not in variable_names.csv -> named 'wbes_recent_loan_value_time'
20:49:36 01_clean WARNING wave:2011: variable 'k13' not in variable_names.csv -> named 'wbes_financing_required_recent'
20:49:36 01_clean WARNING wave:2011: variable 'k14a' not in variable_names.csv -> named 'wbes_collateral_land_buildings'
20:49:36 01_clean WARNING wave:2011: variable 'k14b' not in variable_names.csv -> named 'wbes_type_collateral_equipment'
20:49:36 01_clean WARNING wave:2011: variable 'k14c' not in variable_names.csv -> named 'wbes_type_collateral_accounts'
20:49:36 01_clean WARNING wave:2011: variable 'k14d' not in variable_names.csv -> named 'wbes_collateral_personal_assets'
20:49:36 01_clean WARNING wave:2011: variable 'k14e' not in variable_names.csv -> named 'wbes_type_collateral_other'
20:49:36 01_clean WARNING wave:2011: variable 'k15a' not in variable_names.csv -> named 'wbes_value_collateral_required'
20:49:36 01_clean WARNING wave:2011: variable 'k16' not in variable_names.csv -> named 'wbes_fy_estab_apply_new_loans'
20:49:36 01_clean WARNING wave:2011: variable 'k17' not in variable_names.csv -> named 'wbes_reason_not_applying_new'
20:49:36 01_clean WARNING wave:2011: variable 'k30' not in variable_names.csv -> named 'wbes_obstacle_access_finance'
20:49:36 01_clean WARNING wave:2011: variable 'k3a' not in variable_names.csv -> named 'wbes_working_capital_internal'
20:49:36 01_clean WARNING wave:2011: variable 'k3bc' not in variable_names.csv -> named 'wbes_working_capital_banks'
20:49:36 01_clean WARNING wave:2011: variable 'k3e' not in variable_names.csv -> named 'wbes_working_capital_non_bank'
20:49:36 01_clean WARNING wave:2011: variable 'k3f' not in variable_names.csv -> named 'wbes_working_capital_bought'
20:49:36 01_clean WARNING wave:2011: variable 'k3hd' not in variable_names.csv -> named 'wbes_working_capital_money'
20:49:36 01_clean WARNING wave:2011: variable 'k4' not in variable_names.csv -> named 'wbes_estab_purchase_fixed_assets'
20:49:36 01_clean WARNING wave:2011: variable 'k5a' not in variable_names.csv -> named 'wbes_fy_internal_funds_retained'
20:49:36 01_clean WARNING wave:2011: variable 'k5bc' not in variable_names.csv -> named 'wbes_fy_fixed_assets_funded_bank'
20:49:36 01_clean WARNING wave:2011: variable 'k5e' not in variable_names.csv -> named 'wbes_fy_fixed_assets_funded_non'
20:49:36 01_clean WARNING wave:2011: variable 'k5f' not in variable_names.csv -> named 'wbes_fy_credit_suppliers'
20:49:36 01_clean WARNING wave:2011: variable 'k5hdj' not in variable_names.csv -> named 'wbes_last_fy_other_money_lenders'
20:49:36 01_clean WARNING wave:2011: variable 'k5i' not in variable_names.csv -> named 'wbes_fy_ownersatm_contributions'
20:49:36 01_clean WARNING wave:2011: variable 'k7' not in variable_names.csv -> named 'wbes_time_estab_overdraft'
20:49:36 01_clean WARNING wave:2011: variable 'k8' not in variable_names.csv -> named 'wbes_estab_line_credit_loan'
20:49:36 01_clean WARNING wave:2011: variable 'k9' not in variable_names.csv -> named 'wbes_financial_institution'
20:49:36 01_clean WARNING wave:2011: variable 'l1' not in variable_names.csv -> named 'wbes_num_permanent'
20:49:36 01_clean WARNING wave:2011: variable 'l10' not in variable_names.csv -> named 'wbes_formal_training_programs'
20:49:36 01_clean WARNING wave:2011: variable 'l2' not in variable_names.csv -> named 'wbes_num_permanent_years'
20:49:36 01_clean WARNING wave:2011: variable 'l30a' not in variable_names.csv -> named 'wbes_obstacle_labor_regulations'
20:49:36 01_clean WARNING wave:2011: variable 'l30b' not in variable_names.csv -> named 'wbes_obstacle_inadequately'
20:49:36 01_clean WARNING wave:2011: variable 'l5' not in variable_names.csv -> named 'wbes_num_full_time_emps_end_fy'
20:49:36 01_clean WARNING wave:2011: variable 'l6' not in variable_names.csv -> named 'wbes_num_full_time_temporary'
20:49:36 01_clean WARNING wave:2011: variable 'l6a' not in variable_names.csv -> named 'wbes_female_temporary_full_time'
20:49:36 01_clean WARNING wave:2011: variable 'l8' not in variable_names.csv -> named 'wbes_avg_length_employ_full_time'
20:49:36 01_clean WARNING wave:2011: variable 'n2a' not in variable_names.csv -> named 'wbes_labor_cost_incl_wages'
20:49:36 01_clean WARNING wave:2011: variable 'n2b' not in variable_names.csv -> named 'wbes_annual_costs_electricity'
20:49:36 01_clean WARNING wave:2011: variable 'n2e' not in variable_names.csv -> named 'wbes_cost_raw_materials'
20:49:36 01_clean WARNING wave:2011: variable 'n3' not in variable_names.csv -> named 'wbes_establishment_sales_years'
20:49:36 01_clean WARNING wave:2011: variable 'afb3b' not in variable_names.csv -> named 'wbes_largest_owner_female'
20:49:36 01_clean WARNING wave:2011: variable 'afb4a1' not in variable_names.csv -> named 'wbes_african_nationality_largest'
20:49:36 01_clean WARNING wave:2011: variable 'afb4a4' not in variable_names.csv -> named 'wbes_asian_nationality'
20:49:36 01_clean WARNING wave:2011: variable 'afb7a' not in variable_names.csv -> named 'wbes_highest_educ_top_manager'
20:49:36 01_clean WARNING wave:2011: variable 'c19' not in variable_names.csv -> named 'wbes_application_obtain_19'
20:49:36 01_clean WARNING wave:2011: variable 'c20' not in variable_names.csv -> named 'wbes_days_receive_telephone'
20:49:36 01_clean WARNING wave:2011: variable 'c21' not in variable_names.csv -> named 'wbes_applied_tele_connection'
20:49:36 01_clean WARNING wave:2011: variable 'c22a' not in variable_names.csv -> named 'wbes_communicate_clients'
20:49:36 01_clean WARNING wave:2011: variable 'c30b' not in variable_names.csv -> named 'wbes_obstacle_telecommunications'
20:49:36 01_clean WARNING wave:2011: variable 'afd3f' not in variable_names.csv -> named 'wbes_export_revenue_neighboring'
20:49:36 01_clean WARNING wave:2011: variable 'afd3g' not in variable_names.csv -> named 'wbes_export_revenue_developed'
20:49:36 01_clean WARNING wave:2011: variable 'afd3h' not in variable_names.csv -> named 'wbes_export_revenue_other'
20:49:36 01_clean WARNING wave:2011: variable 'afd5a' not in variable_names.csv -> named 'wbes_clearing_costs_avg'
20:49:36 01_clean WARNING wave:2011: variable 'afd5b' not in variable_names.csv -> named 'wbes_consignments_handled'
20:49:36 01_clean WARNING wave:2011: variable 'afd5c' not in variable_names.csv -> named 'wbes_consignments_physically'
20:49:36 01_clean WARNING wave:2011: variable 'd6' not in variable_names.csv -> named 'wbes_fy_export_losses_due_theft'
20:49:36 01_clean WARNING wave:2011: variable 'd7' not in variable_names.csv -> named 'wbes_fy_export_losses_due'
20:49:36 01_clean WARNING wave:2011: variable 'afd7a1' not in variable_names.csv -> named 'wbes_benefit_suspension'
20:49:36 01_clean WARNING wave:2011: variable 'afd7a2' not in variable_names.csv -> named 'wbes_benefit_profit_tax'
20:49:36 01_clean WARNING wave:2011: variable 'afd7a3' not in variable_names.csv -> named 'wbes_benefit_vat_reimbursement'
20:49:36 01_clean WARNING wave:2011: variable 'afd7a4' not in variable_names.csv -> named 'wbes_benefit_export_financing'
20:49:36 01_clean WARNING wave:2011: variable 'afd7a5' not in variable_names.csv -> named 'wbes_benefit_export_investment'
20:49:36 01_clean WARNING wave:2011: variable 'afd7b' not in variable_names.csv -> named 'wbes_reason_estab_not_advantage'
20:49:36 01_clean WARNING wave:2011: variable 'afe2a' not in variable_names.csv -> named 'wbes_new_competitors_entered'
20:49:36 01_clean WARNING wave:2011: variable 'k1c' not in variable_names.csv -> named 'wbes_fy_material_inputs_svc_paid'
20:49:36 01_clean WARNING wave:2011: variable 'k2c' not in variable_names.csv -> named 'wbes_fy_annual_sales_paid'
20:49:36 01_clean WARNING wave:2011: variable 'afk7a' not in variable_names.csv -> named 'wbes_establishments_overdraft'
20:49:36 01_clean WARNING wave:2011: variable 'afk8a' not in variable_names.csv -> named 'wbes_recent_credit_form'
20:49:36 01_clean WARNING wave:2011: variable 'afk10a' not in variable_names.csv -> named 'wbes_rate_interest_recent_line'
20:49:36 01_clean WARNING wave:2011: variable 'afj8' not in variable_names.csv -> named 'wbes_pct_annual_sales_reported'
20:49:36 01_clean WARNING wave:2011: variable 'afl8a' not in variable_names.csv -> named 'wbes_end_fiscal_year_part_time'
20:49:36 01_clean WARNING wave:2011: variable 'afl12' not in variable_names.csv -> named 'wbes_percent_workforce_unionized'
20:49:36 01_clean WARNING wave:2011: variable 'afl14' not in variable_names.csv -> named 'wbes_estab_find_new_employees'
20:49:36 01_clean WARNING wave:2011: variable 'afs1a' not in variable_names.csv -> named 'wbes_high_absenteeism_due'
20:49:36 01_clean WARNING wave:2011: variable 'afs1b' not in variable_names.csv -> named 'wbes_high_absenteeism_emps_1b'
20:49:36 01_clean WARNING wave:2011: variable 'afs2a' not in variable_names.csv -> named 'wbes_high_absenteeism_due_hiv'
20:49:36 01_clean WARNING wave:2011: variable 'afs2b' not in variable_names.csv -> named 'wbes_high_absenteeism_h'
20:49:36 01_clean WARNING wave:2011: variable 'afs3a' not in variable_names.csv -> named 'wbes_hiv_prevention_messages'
20:49:36 01_clean WARNING wave:2011: variable 'afs3b' not in variable_names.csv -> named 'wbes_hiv_prevention_free_condom'
20:49:36 01_clean WARNING wave:2011: variable 'afs3c' not in variable_names.csv -> named 'wbes_hiv_prevention_activ'
20:49:36 01_clean WARNING wave:2011: variable 'a0' not in variable_names.csv -> named 'wbes_questionnaire'
20:49:36 01_clean WARNING wave:2011: variable 'a14y' not in variable_names.csv -> named 'wbes_year_14y'
20:49:36 01_clean WARNING wave:2011: variable 'a1a' not in variable_names.csv -> named 'wbes_language_interview'
20:49:36 01_clean WARNING wave:2011: variable 'a7a' not in variable_names.csv -> named 'wbes_number_establishments_firm'
20:49:36 01_clean WARNING wave:2011: variable 'a11' not in variable_names.csv -> named 'wbes_hq_financial_statements'
20:49:36 01_clean WARNING wave:2011: variable 'a9' not in variable_names.csv -> named 'wbes_estab_financial_prepared'
20:49:36 01_clean WARNING wave:2011: variable 'b1' not in variable_names.csv -> named 'wbes_legal_status_firm'
20:49:36 01_clean WARNING wave:2011: variable 'b1x' not in variable_names.csv -> named 'wbes_other'
20:49:36 01_clean WARNING wave:2011: variable 'b3' not in variable_names.csv -> named 'wbes_pct_firm_largest_owner'
20:49:36 01_clean WARNING wave:2011: variable 'b5' not in variable_names.csv -> named 'wbes_year_estab_began_operations'
20:49:36 01_clean WARNING wave:2011: variable 'b6' not in variable_names.csv -> named 'wbes_full_time_emps_estab'
20:49:36 01_clean WARNING wave:2011: variable 'b6b' not in variable_names.csv -> named 'wbes_year_estab_formally'
20:49:36 01_clean WARNING wave:2011: variable 'b7' not in variable_names.csv -> named 'wbes_years_experience_working'
20:49:36 01_clean WARNING wave:2011: variable 'b7a' not in variable_names.csv -> named 'wbes_top_manager_female'
20:49:36 01_clean WARNING wave:2011: variable 'b8' not in variable_names.csv -> named 'wbes_estab_internationally'
20:49:36 01_clean WARNING wave:2011: variable 'd1a1x' not in variable_names.csv -> named 'wbes_product_svc_largest_annual'
20:49:36 01_clean WARNING wave:2011: variable 'd2x' not in variable_names.csv -> named 'wbes_number'
20:49:36 01_clean WARNING wave:2011: variable 'e11' not in variable_names.csv -> named 'wbes_estab_compete_against'
20:49:36 01_clean WARNING wave:2011: variable 'e30' not in variable_names.csv -> named 'wbes_obstacle_practices'
20:49:36 01_clean WARNING wave:2011: variable 'h2' not in variable_names.csv -> named 'wbes_new_products_svc_new_thr'
20:49:36 01_clean WARNING wave:2011: variable 'h5' not in variable_names.csv -> named 'wbes_yrs_estab_introduced_new'
20:49:36 01_clean WARNING wave:2011: variable 'h8' not in variable_names.csv -> named 'wbes_fiscal_year_estab_r_d_excl'
20:49:36 01_clean WARNING wave:2011: variable 'h9' not in variable_names.csv -> named 'wbes_r_d_either_house_external'
20:49:36 01_clean WARNING wave:2011: variable 'k6' not in variable_names.csv -> named 'wbes_estab_checking_saving'
20:49:36 01_clean WARNING wave:2011: variable 'k15b' not in variable_names.csv -> named 'wbes_open_lines_credit'
20:49:36 01_clean WARNING wave:2011: variable 'k15c' not in variable_names.csv -> named 'wbes_outstanding_balance_open'
20:49:36 01_clean WARNING wave:2011: variable 'k15d' not in variable_names.csv -> named 'wbes_outstanding_personal_loans'
20:49:36 01_clean WARNING wave:2011: variable 'k21' not in variable_names.csv -> named 'wbes_financial_statements'
20:49:36 01_clean WARNING wave:2011: variable 'h7a' not in variable_names.csv -> named 'wbes_court_system_fair_impartial'
20:49:36 01_clean WARNING wave:2011: variable 'j2' not in variable_names.csv -> named 'wbes_senior_management_time'
20:49:36 01_clean WARNING wave:2011: variable 'j6a' not in variable_names.csv -> named 'wbes_govt_contract_secured'
20:49:36 01_clean WARNING wave:2011: variable 'm1a' not in variable_names.csv -> named 'wbes_biggest_obstacle_affecting'
20:49:36 01_clean WARNING wave:2011: variable 'a15y' not in variable_names.csv -> named 'wbes_year_15y'
20:49:36 01_clean WARNING wave:2011: variable 'a15a1ax' not in variable_names.csv -> named 'wbes_respondent_position_main'
20:49:36 01_clean WARNING wave:2011: variable 'a15a2a' not in variable_names.csv -> named 'wbes_respondent_years_main'
20:49:36 01_clean WARNING wave:2011: variable 'a15a3' not in variable_names.csv -> named 'wbes_main_respondent_gender'
20:49:36 01_clean WARNING wave:2011: variable 'a15a1bx' not in variable_names.csv -> named 'wbes_respondent_position_second'
20:49:36 01_clean WARNING wave:2011: variable 'a15a2b' not in variable_names.csv -> named 'wbes_respondent_years_second'
20:49:36 01_clean WARNING wave:2011: variable 'a15b3' not in variable_names.csv -> named 'wbes_second_respondent_gender'
20:49:36 01_clean WARNING wave:2011: variable 'a15a1cx' not in variable_names.csv -> named 'wbes_third_resp_position_estab'
20:49:36 01_clean WARNING wave:2011: variable 'a15a2c' not in variable_names.csv -> named 'wbes_third_resp_years_working'
20:49:36 01_clean WARNING wave:2011: variable 'a15c3' not in variable_names.csv -> named 'wbes_third_respondent_gender'
20:49:36 01_clean WARNING wave:2011: variable 'a3b' not in variable_names.csv -> named 'wbes_official_capital_city'
20:49:36 01_clean WARNING wave:2011: variable 'a3c' not in variable_names.csv -> named 'wbes_main_business_city'
20:49:36 01_clean WARNING wave:2011: variable 'cards' not in variable_names.csv -> named 'wbes_cards'
20:49:36 01_clean WARNING wave:2011: variable 'a5' not in variable_names.csv -> named 'wbes_sector_match_screener_info'
20:49:36 01_clean WARNING wave:2011: variable 'a8' not in variable_names.csv -> named 'wbes_type_establishment'
20:49:36 01_clean WARNING wave:2011: variable 'a10' not in variable_names.csv -> named 'wbes_estab_financial_separate'
20:49:36 01_clean WARNING wave:2011: variable 'a12' not in variable_names.csv -> named 'wbes_interviewer_number'
20:49:36 01_clean WARNING wave:2011: variable 'a13' not in variable_names.csv -> named 'wbes_supervisor_number'
20:49:36 01_clean WARNING wave:2011: variable 'afb3a' not in variable_names.csv -> named 'wbes_gender_composition_owners'
20:49:36 01_clean WARNING wave:2011: variable 'afb4a' not in variable_names.csv -> named 'wbes_nationality_origin_largest'
20:49:36 01_clean WARNING wave:2011: variable 'b6a' not in variable_names.csv -> named 'wbes_estab_formally_registered'
20:49:36 01_clean WARNING wave:2011: variable 'afb8a' not in variable_names.csv -> named 'wbes_estab_located_export'
20:49:36 01_clean WARNING wave:2011: variable 'c28' not in variable_names.csv -> named 'wbes_cell_phones_used_operations'
20:49:36 01_clean WARNING wave:2011: variable 'afd11a' not in variable_names.csv -> named 'wbes_years_relations_prim'
20:49:36 01_clean WARNING wave:2011: variable 'afd11d' not in variable_names.csv -> named 'wbes_estab_subcontract_part_prod'
20:49:36 01_clean WARNING wave:2011: variable 'h3' not in variable_names.csv -> named 'wbes_estab_introduced_new_3'
20:49:36 01_clean WARNING wave:2011: variable 'h4' not in variable_names.csv -> named 'wbes_estab_introduced_new_signi'
20:49:36 01_clean WARNING wave:2011: variable 'h6' not in variable_names.csv -> named 'wbes_estab_introduced_new_6'
20:49:36 01_clean WARNING wave:2011: variable 'h7' not in variable_names.csv -> named 'wbes_estab_formal_research'
20:49:36 01_clean WARNING wave:2011: variable 'k20a' not in variable_names.csv -> named 'wbes_referring_recent'
20:49:36 01_clean WARNING wave:2011: variable 'afh1' not in variable_names.csv -> named 'wbes_agree_disagree_able_enforce'
20:49:36 01_clean WARNING wave:2011: variable 'afh2' not in variable_names.csv -> named 'wbes_agree_disagree_am_confident'
20:49:36 01_clean WARNING wave:2011: variable 'afh3a' not in variable_names.csv -> named 'wbes_agree_disagree_estab'
20:49:36 01_clean WARNING wave:2011: variable 'afh3b' not in variable_names.csv -> named 'wbes_agree_disagree_used_resolve'
20:49:36 01_clean WARNING wave:2011: variable 'afh3c' not in variable_names.csv -> named 'wbes_agree_disagree_court'
20:49:36 01_clean WARNING wave:2011: variable 'afh3d' not in variable_names.csv -> named 'wbes_agree_disagree_weeks_come'
20:49:36 01_clean WARNING wave:2011: variable 'afh3e' not in variable_names.csv -> named 'wbes_agree_disagree_decision'
20:49:36 01_clean WARNING wave:2011: variable 'afh3f' not in variable_names.csv -> named 'wbes_agree_disagree_weeks'
20:49:36 01_clean WARNING wave:2011: variable 'afs1y' not in variable_names.csv -> named 'wbes_estab_pre_employ_health'
20:49:36 01_clean WARNING wave:2011: variable 'afs4' not in variable_names.csv -> named 'wbes_cost_aids_hiv_fy2010'
20:49:36 01_clean WARNING wave:2011: variable 'm1d' not in variable_names.csv -> named 'wbes_rotation_order'
20:49:36 01_clean WARNING wave:2011: variable 'weak_weights' not in variable_names.csv -> named 'wbes_weak_weights'
20:49:36 01_clean WARNING wave:2011: variable 'median_weights' not in variable_names.csv -> named 'wbes_median_weights'
20:49:36 01_clean WARNING wave:2011: variable 'strict_weights' not in variable_names.csv -> named 'wbes_strict_weights'
20:49:36 01_clean WARNING wave:2011: variable 'panelnew' not in variable_names.csv -> named 'wbes_panelnew'
20:49:36 01_clean WARNING wave:2011: variable 'id2011' not in variable_names.csv -> named 'wbes_id_number_survey'
