13:08:31 01_clean INFO ==== 01_clean | run 20260905-130830 | python 3.13.5 | pandas 2.2.3 | pyreadstat 1.3.4
13:08:31 01_clean INFO ================ EICV1 ================
13:08:31 01_clean INFO read EICV1_comm_sect1.sav                               -> comm_sect1                                         439 rows x   18 vars
13:08:31 01_clean INFO read EICV1_comm_sect2.sav                               -> comm_sect2                                         439 rows x   26 vars
13:08:31 01_clean INFO read EICV1_comm_sect3.sav                               -> comm_sect3                                         439 rows x   10 vars
13:08:31 01_clean INFO read EICV1_comm_sect4.sav                               -> comm_sect4                                         439 rows x   11 vars
13:08:31 01_clean INFO read EICV1_comm_sect5a.sav                              -> comm_sect5a                                      3,166 rows x    9 vars
13:08:31 01_clean INFO read EICV1_comm_sect5b.sav                              -> comm_sect5b                                        439 rows x   10 vars
13:08:31 01_clean INFO read EICV1_comm_sect6.sav                               -> comm_sect6                                       4,390 rows x    9 vars
13:08:31 01_clean INFO read EICV1_s0_id.sav                                    -> s0_id                                            6,420 rows x   16 vars
13:08:31 01_clean INFO read EICV1_s10_enter_1.sav                              -> s10_enter_1                                      6,560 rows x   25 vars
13:08:31 01_clean INFO read EICV1_s10_enter_10.sav                             -> s10_enter_10                                     3,369 rows x   18 vars
13:08:31 01_clean INFO read EICV1_s10_enter_11.sav                             -> s10_enter_11                                     3,351 rows x   18 vars
13:08:31 01_clean INFO read EICV1_s10_enter_12.sav                             -> s10_enter_12                                     1,244 rows x   20 vars
13:08:31 01_clean INFO read EICV1_s10_enter_2.sav                              -> s10_enter_2                                      1,265 rows x   20 vars
13:08:31 01_clean INFO read EICV1_s10_enter_3.sav                              -> s10_enter_3                                     15,736 rows x   19 vars
13:08:31 01_clean INFO read EICV1_s10_enter_4.sav                              -> s10_enter_4                                      2,705 rows x   20 vars
13:08:31 01_clean INFO read EICV1_s10_enter_5.sav                              -> s10_enter_5                                        341 rows x   20 vars
13:08:31 01_clean INFO read EICV1_s10_enter_6.sav                              -> s10_enter_6                                     10,107 rows x   20 vars
13:08:31 01_clean INFO read EICV1_s10_enter_7.sav                              -> s10_enter_7                                      2,053 rows x   21 vars
13:08:31 01_clean INFO read EICV1_s10_enter_8.sav                              -> s10_enter_8                                        232 rows x   21 vars
13:08:31 01_clean INFO read EICV1_s10_enter_9.sav                              -> s10_enter_9                                      3,650 rows x   18 vars
13:08:32 01_clean INFO read EICV1_s11_misc_in.sav                              -> s11_misc_in                                    102,720 rows x    6 vars
13:08:32 01_clean INFO read EICV1_s11_misc_out.sav                             -> s11_misc_out                                    70,619 rows x    6 vars
13:08:32 01_clean INFO read EICV1_s11_tran_in.sav                              -> s11_tran_in                                     11,692 rows x   15 vars
13:08:32 01_clean INFO read EICV1_s11_tran_out.sav                             -> s11_tran_out                                    12,788 rows x   15 vars
13:08:32 01_clean INFO read EICV1_s12_credit.sav                               -> s12_credit                                       7,178 rows x   16 vars
13:08:32 01_clean INFO read EICV1_s12_durables.sav                             -> s12_durables                                   147,637 rows x   15 vars
13:08:32 01_clean INFO read EICV1_s12_saving.sav                               -> s12_saving                                       6,733 rows x   14 vars
13:08:32 01_clean INFO read EICV1_s1_demographics.sav                          -> s1_demographics                                 32,153 rows x   26 vars
13:08:32 01_clean INFO read EICV1_s2_education.sav                             -> s2_education                                    25,143 rows x   62 vars
13:08:32 01_clean INFO read EICV1_s3_health.sav                                -> s3_health                                       32,153 rows x  114 vars
13:08:32 01_clean INFO read EICV1_s4_occupation.sav                            -> s4_occupation                                   32,153 rows x  161 vars
13:08:32 01_clean INFO read EICV1_s5_migration.sav                             -> s5_migration                                    32,153 rows x   26 vars
13:08:32 01_clean INFO read EICV1_s6_housing.sav                               -> s6_housing                                       6,420 rows x   80 vars
13:08:32 01_clean INFO read EICV1_s8_agriculture.sav                           -> s8_agriculture                                   6,420 rows x   38 vars
13:08:32 01_clean INFO read EICV1_s8_farm_assets.sav                           -> s8_farm_assets                                 101,757 rows x   15 vars
13:08:32 01_clean INFO read EICV1_s8_farm_expense.sav                          -> s8_farm_expense                                 77,556 rows x   11 vars
13:08:32 01_clean INFO read EICV1_s8_farm_land.sav                             -> s8_farm_land                                     6,420 rows x   28 vars
13:08:32 01_clean INFO read EICV1_s8_farm_largescale1.sav                      -> s8_farm_largescale1                             18,534 rows x   15 vars
13:08:32 01_clean INFO read EICV1_s8_farm_largescale2.sav                      -> s8_farm_largescale2                             18,395 rows x   17 vars
13:08:32 01_clean INFO read EICV1_s8_farm_plot_details.sav                     -> s8_farm_plot_details                            17,071 rows x   21 vars
13:08:32 01_clean INFO read EICV1_s8_farm_plot_prod.sav                        -> s8_farm_plot_prod                               16,195 rows x   17 vars
13:08:33 01_clean INFO read EICV1_s8_farm_processing.sav                       -> s8_farm_processing                              14,389 rows x   23 vars
13:08:33 01_clean INFO read EICV1_s8_farm_seasonality.sav                      -> s8_farm_seasonality                             98,857 rows x   48 vars
13:08:33 01_clean INFO read EICV1_s8_farm_smallscale1.sav                      -> s8_farm_smallscale1                             35,262 rows x   14 vars
13:08:33 01_clean INFO read EICV1_s8_farm_smallscale2.sav                      -> s8_farm_smallscale2                             35,107 rows x   11 vars
13:08:33 01_clean INFO read EICV1_s8_forestry.sav                              -> s8_forestry                                      6,420 rows x   10 vars
13:08:33 01_clean INFO read EICV1_s8_livestock.sav                             -> s8_livestock                                    31,907 rows x   20 vars
13:08:33 01_clean INFO read EICV1_s8_livestock_expense.sav                     -> s8_livestock_expense                            43,692 rows x   15 vars
13:08:33 01_clean INFO read EICV1_s8_livestock_products.sav                    -> s8_livestock_products                           29,128 rows x    7 vars
13:08:33 01_clean INFO read EICV1_s8_other_revenue.sav                         -> s8_other_revenue                                 9,080 rows x    8 vars
13:08:34 01_clean INFO read EICV1_s8_own_cons.sav                              -> s8_own_cons                                    468,313 rows x   25 vars
13:08:34 01_clean INFO read EICV1_s9_expen_avail.sav                           -> s9_expen_avail                                  96,300 rows x    7 vars
