16:56:50 00_names INFO ==== 00_names | run 20260906-165650_00_names | python 3.13.5 | pandas 2.2.3 | pyreadstat 1.3.4
16:56:50 00_names WARNING label cut to 80 characters: s3aq23 -> EICV 2006-2011: Amount paid or to pay for medical services by insurance or
16:56:50 00_names WARNING label cut to 80 characters: s3aq25 -> EICV 2011: Amount paid or to be paid for medicines and medical supplies by
16:56:50 00_names WARNING label cut to 80 characters: s3aq27 -> EICV 2011: Amount paid for transport to and from medical establishment
16:56:50 00_names WARNING label cut to 80 characters: s3q10_v2 -> EICV 2017: Difficulty in speaking/ talking understanding and communicating with
16:56:50 00_names WARNING label cut to 80 characters: s4bq2 -> EICV 2017-2024: Expense of this training including fees
16:56:50 00_names WARNING label cut to 80 characters: s4bq21 -> EICV 2024: Use of the internet for seeking health information, last three months
16:56:50 00_names WARNING label cut to 80 characters: s4bq23d -> EICV 2024: Use any social media (whatsapp or facebook
16:56:50 00_names WARNING label cut to 80 characters: s4bq9j -> EICV 2017: Using computers, Smart Phones, Tablets.. to retrieve, access, store
16:56:50 00_names WARNING label cut to 80 characters: s4bq9n -> EICV 2017: Use of the internet for seeking health information, last three months
16:56:50 00_names WARNING label cut to 80 characters: s6aq8 -> EICV 2024: Work as an unpaid trainee worker or as a volunteer worker in any
16:56:50 00_names WARNING label cut to 80 characters: s6bq5 -> EICV 2024: 's institutional sector of the main economic activity
16:56:50 00_names WARNING label cut to 80 characters: s6cq12 -> EICV 2024: How many hours did spend on other household chores, last 7 days
16:56:50 00_names WARNING label cut to 80 characters: s6cq6 -> EICV 2024: Hours spend caring for or searching for fodder, last 7 days
16:56:50 00_names WARNING label cut to 80 characters: s6cq7 -> EICV 2024: Did go to the market for the household for shopping, last 7 days
16:56:50 00_names WARNING label cut to 80 characters: s6cq8 -> EICV 2024: Hours did spend going to market for shopping (to and fr, last 7 days
16:56:50 00_names WARNING label cut to 80 characters: s6gq11 -> EICV 2011: Other household chores;laundry,cleaning,looking after children,etc
16:56:50 00_names WARNING label cut to 80 characters: year_nisr -> EICV 2001-2006: NISR's own survey-year field as shipped
16:56:50 00_names WARNING label cut to 80 characters: hhid_eicv4 -> EICV 2017: Panel household id carried in the EICV5 VUP files
16:56:50 00_names WARNING label cut to 80 characters: s3q10_v2 -> EICV 2017: Difficulty in speaking/ talking understanding and communicating with
16:56:50 00_names WARNING label cut to 80 characters: s4bq2 -> EICV 2017-2024: Expense of this training including fees
16:56:50 00_names WARNING label cut to 80 characters: s4bq21 -> EICV 2024: Use of the internet for seeking health information, last three months
16:56:50 00_names WARNING label cut to 80 characters: s4bq23d -> EICV 2024: Use any social media (whatsapp or facebook
16:56:50 00_names WARNING label cut to 80 characters: s4bq9j -> EICV 2017: Using computers, Smart Phones, Tablets.. to retrieve, access, store
16:56:50 00_names WARNING label cut to 80 characters: s4bq9n -> EICV 2017: Use of the internet for seeking health information, last three months
16:56:50 00_names WARNING label cut to 80 characters: s6aq8 -> EICV 2024: Work as an unpaid trainee worker or as a volunteer worker in any
16:56:50 00_names WARNING label cut to 80 characters: s6bq5 -> EICV 2024: 's institutional sector of the main economic activity
16:56:50 00_names WARNING label cut to 80 characters: s6cq12 -> EICV 2024: How many hours did spend on other household chores, last 7 days
16:56:50 00_names WARNING label cut to 80 characters: s6cq6 -> EICV 2024: Hours spend caring for or searching for fodder, last 7 days
16:56:50 00_names WARNING label cut to 80 characters: s6cq7 -> EICV 2024: Did go to the market for the household for shopping, last 7 days
16:56:50 00_names WARNING label cut to 80 characters: s6cq8 -> EICV 2024: Hours did spend going to market for shopping (to and fr, last 7 days
16:56:50 00_names WARNING label cut to 80 characters: s9d1q4 -> EICV 2024: How much money the household received from VUP-DS, past 12 months
16:56:50 00_names WARNING label cut to 80 characters: s9d2q11 -> EICV 2024: Total value of cPW payments you received, last 12 months
16:56:50 00_names WARNING label cut to 80 characters: s9d2q8 -> EICV 2024: Did you receive payment for all the work performed, last 12 months
16:56:50 00_names WARNING label cut to 80 characters: s9d3q7 -> EICV 2024: Whether beneficiary of ePW received payment of all work performed
16:56:50 00_names WARNING label cut to 80 characters: s10d1q10 -> EICV 2001: No-func, Value of products usually consumed by household instead of
16:56:50 00_names WARNING label cut to 80 characters: s10d1q11 -> EICV 2001: Has enterprise rented out building/land/equip/other, last 12 months
16:56:50 00_names WARNING label cut to 80 characters: s10d1q4 -> EICV 2001: Yes-func, were any goods/services consumed by household members
16:56:50 00_names WARNING label cut to 80 characters: s10d1q6 -> EICV 2001: No-func, Amt usually received from sale of products over 2 week
16:56:50 00_names WARNING label cut to 80 characters: s10d1q7 -> EICV 2001: No-func, Does enterprise usually receive payment in form of
16:56:50 00_names WARNING label cut to 80 characters: s10d1q8 -> EICV 2001: No-func, What is usual value of payments for goods/services over a
16:56:50 00_names WARNING label cut to 80 characters: s10d1q9 -> EICV 2001: No-func, are goods/services usually consumed by household instead of
16:56:50 00_names WARNING label cut to 80 characters: s10d2q10 -> EICV 2001: No-func, Value of products usually consumed by household instead of
16:56:50 00_names WARNING label cut to 80 characters: s10d2q11 -> EICV 2001: Has enterprise rented out building/land/equip/other, last 12 months
16:56:50 00_names WARNING label cut to 80 characters: s10d2q4 -> EICV 2001: Yes-func, were any goods/services consumed by household members
16:56:50 00_names WARNING label cut to 80 characters: s10d2q6 -> EICV 2001: No-func, Amt usually received from sale of products over 2 week
16:56:50 00_names WARNING label cut to 80 characters: s10d2q7 -> EICV 2001: No-func, Does enterprise usually receive payment in form of
16:56:50 00_names WARNING label cut to 80 characters: s10d2q8 -> EICV 2001: No-func, What is usual value of payments for goods/services over a
16:56:50 00_names WARNING label cut to 80 characters: s10d2q9 -> EICV 2001: No-func, are goods/services usually consumed by household instead of
16:56:50 00_names WARNING label cut to 80 characters: s10d3q10 -> EICV 2001: No-func, Value of products usually consumed by household instead of
16:56:50 00_names WARNING label cut to 80 characters: s10d3q11 -> EICV 2001: Has enterprise rented out building/land/equip/other, last 12 months
16:56:50 00_names WARNING label cut to 80 characters: s10d3q4 -> EICV 2001: Yes-func, were any goods/services consumed by household members
16:56:50 00_names WARNING label cut to 80 characters: s10d3q6 -> EICV 2001: No-func, Amt usually received from sale of products over 2 week
16:56:50 00_names WARNING label cut to 80 characters: s10d3q7 -> EICV 2001: No-func, Does enterprise usually receive payment in form of
16:56:50 00_names WARNING label cut to 80 characters: s10d3q8 -> EICV 2001: No-func, What is usual value of payments for goods/services over a
16:56:50 00_names WARNING label cut to 80 characters: s10d3q9 -> EICV 2001: No-func, are goods/services usually consumed by household instead of
16:56:50 00_names WARNING label cut to 80 characters: s12aq3 -> EICV 2001: Has any member tried to obtain loan and been refused, last 12 months
16:56:50 00_names WARNING label cut to 80 characters: s5aq5_v2 -> EICV 2024: Household lived in other dwellings before occupying your current
16:56:50 00_names WARNING label cut to 80 characters: s5aq8_v2 -> EICV 2017: Household lived in other dwellings before occupying your current
16:56:50 00_names WARNING label cut to 80 characters: s5cq14 -> EICV 2014-2017: Amount contribute to maintain the water source, last month
16:56:50 00_names WARNING label cut to 80 characters: s5cq16a7 -> EICV 2017: Are the hours of supply in 16.A5 more than 16 hours and are the
16:56:50 00_names WARNING label cut to 80 characters: s5cq16a8 -> EICV 2017: Many outages/ blackouts of National Grid Connection / Local Mini
16:56:50 00_names WARNING label cut to 80 characters: s5cq18b71 -> EICV 2017: Two main fuels you used on this cook stove most used, last 12 months
16:56:50 00_names WARNING label cut to 80 characters: s5cq20b -> EICV 2024: Main kind of internet connection used by household members
16:56:50 00_names WARNING label cut to 80 characters: s5cq22a -> EICV 2024: Three main sources of cooking fuel you used on this cook stove Most
16:56:50 00_names WARNING label cut to 80 characters: s5cq22b -> EICV 2024: Three main sources of cooking fuel you used on this cook stove
16:56:50 00_names WARNING label cut to 80 characters: s5cq22c -> EICV 2024: Three main sources of cooking fuel you used on this cook stove Most
16:56:50 00_names WARNING label cut to 80 characters: s5cq27_v2 -> EICV 2024: Number of households in total use this toilet facility
16:56:50 00_names WARNING label cut to 80 characters: s5cq31 -> EICV 2024: Faced any problems that resulted from environmental destruction in
16:56:50 00_names WARNING label cut to 80 characters: s5cq6b -> EICV 2024: Distance in meters between your dwelling and unused nearest drinking
16:56:50 00_names WARNING label cut to 80 characters: s5cq7_v2 -> EICV 2024: Main reason preventing your HH to use the nearest drinking water
16:56:50 00_names WARNING label cut to 80 characters: s5cq9b -> EICV 2014-2024: Amount of last water bill from WASAC or other
16:56:50 00_names WARNING label cut to 80 characters: s5eq4a -> EICV 2024: Number of months did it take your HH to recover from the recent
16:56:50 00_names WARNING label cut to 80 characters: s5eq4b -> EICV 2024: Number of months did it take your HH to recover from the recent
16:56:50 00_names WARNING label cut to 80 characters: s5eq4c -> EICV 2024: Number of months did it take your HH to recover from the recent
16:56:50 00_names WARNING label cut to 80 characters: s7a2q1 -> EICV 2024: Ever received a cow from the Governments ? one cow per poor family
16:56:50 00_names WARNING label cut to 80 characters: s7a2q4 -> EICV 2024: Household ever receiced animal from NGO or other social protection
16:56:50 00_names WARNING label cut to 80 characters: s7aq4 -> EICV 2024: Did any member of your household own and/or raise any livestock
16:56:50 00_names WARNING label cut to 80 characters: s7aq4e -> EICV 2024: Of the following livestock or poultry does the household own
16:56:50 00_names WARNING label cut to 80 characters: s7aq4f -> EICV 2024: Of the following livestock or poultry does the household own - Other
16:56:50 00_names WARNING label cut to 80 characters: s7b1q11 -> EICV 2017: Household received land gift,inheritance
16:56:50 00_names WARNING label cut to 80 characters: s7b1q12 -> EICV 2017: Given land outside household gift, inheritance
16:56:50 00_names WARNING label cut to 80 characters: s8bq16_v2 -> EICV 2001: Received land as a gift, inheritance, dowry or grant, last 12 months
16:56:50 00_names WARNING label cut to 80 characters: s8bq17_v2 -> EICV 2001: Given out land as a gift, inheritance, dowry or grant, last 12 months
16:56:50 00_names WARNING label cut to 80 characters: s8bq20 -> EICV 2001: Received land as a gift, inheritance, dowry or grant, last 12 months
16:56:50 00_names WARNING label cut to 80 characters: s8bq22 -> EICV 2001: Given out land as a gift, inheritance, dowry or grant, last 12 months
16:56:50 00_names WARNING label cut to 80 characters: s8bq24 -> EICV 2001: Did any member of household own any Ag. equipment, last 12 months
16:56:50 00_names WARNING label cut to 80 characters: s8dq0 -> EICV 2001: Did you harvest any significant quantities of crops, last 12 months
16:56:50 00_names WARNING label cut to 80 characters: s8hq0 -> EICV 2001: Were there other sources of income from agriculture, last 12 months
16:56:50 00_names WARNING label cut to 80 characters: s8iq0 -> EICV 2001: Have any of the following goods and services been used on any of the
16:56:50 00_names WARNING label cut to 80 characters: s8jq0 -> EICV 2001: Were there any ag products processed by your household
16:56:50 00_names WARNING label cut to 80 characters: s9cq13c -> EICV 2017: Invest your direct support benefits in some assets:- to buy home
16:56:50 00_names WARNING label cut to 80 characters: s9cq13i -> EICV 2017: Invest your direct support benefits in some assets:- Business or
16:56:50 00_names WARNING label cut to 80 characters: s9cq3 -> EICV 2017: Many months have you been on the eligibility list and waiting to
16:56:50 00_names WARNING label cut to 80 characters: s9d2q11 -> EICV 2024: Total value of cPW payments you received, last 12 months
16:56:50 00_names WARNING label cut to 80 characters: s9d2q8 -> EICV 2024: Did you receive payment for all the work performed, last 12 months
16:56:50 00_names WARNING label cut to 80 characters: sample_nisr -> EICV 2011: CS = national cross-section, VUP = VUP booster
16:56:50 00_names WARNING label cut to 80 characters: year_nisr -> EICV 2001-2011: NISR's own survey-year field as shipped
16:56:50 00_names WARNING label cut to 80 characters: hhid_eicv4 -> EICV 2017: Panel household id carried in the EICV5 VUP files
16:56:50 00_names WARNING label cut to 80 characters: s5aq5_v2 -> EICV 2024: Household lived in other dwellings before occupying your current
16:56:50 00_names WARNING label cut to 80 characters: s5aq8_v2 -> EICV 2017: Household lived in other dwellings before occupying your current
16:56:50 00_names WARNING label cut to 80 characters: s5cq14 -> EICV 2014-2017: Amount contribute to maintain the water source, last month
16:56:50 00_names WARNING label cut to 80 characters: s5cq16a7 -> EICV 2017: Are the hours of supply in 16.A5 more than 16 hours and are the
16:56:50 00_names WARNING label cut to 80 characters: s5cq16a8 -> EICV 2017: Many outages/ blackouts of National Grid Connection / Local Mini
16:56:50 00_names WARNING label cut to 80 characters: s5cq18b71 -> EICV 2017: Two main fuels you used on this cook stove most used, last 12 months
16:56:50 00_names WARNING label cut to 80 characters: s5cq20b -> EICV 2024: Main kind of internet connection used by household members
16:56:50 00_names WARNING label cut to 80 characters: s5cq22a -> EICV 2024: Three main sources of cooking fuel you used on this cook stove Most
16:56:50 00_names WARNING label cut to 80 characters: s5cq22b -> EICV 2024: Three main sources of cooking fuel you used on this cook stove
16:56:50 00_names WARNING label cut to 80 characters: s5cq22c -> EICV 2024: Three main sources of cooking fuel you used on this cook stove Most
16:56:50 00_names WARNING label cut to 80 characters: s5cq27_v2 -> EICV 2024: Number of households in total use this toilet facility
16:56:50 00_names WARNING label cut to 80 characters: s5cq31 -> EICV 2024: Faced any problems that resulted from environmental destruction in
16:56:50 00_names WARNING label cut to 80 characters: s5cq6b -> EICV 2024: Distance in meters between your dwelling and unused nearest drinking
16:56:50 00_names WARNING label cut to 80 characters: s5cq7_v2 -> EICV 2024: Main reason preventing your HH to use the nearest drinking water
16:56:50 00_names WARNING label cut to 80 characters: s5cq9a -> EICV 2017-2024: Amount of last water bill from WASAC or other distributors
16:56:50 00_names WARNING label cut to 80 characters: s5eq4a -> EICV 2024: Number of months did it take your HH to recover from the recent
16:56:50 00_names WARNING label cut to 80 characters: s5eq4b -> EICV 2024: Number of months did it take your HH to recover from the recent
16:56:50 00_names WARNING label cut to 80 characters: s5eq4c -> EICV 2024: Number of months did it take your HH to recover from the recent
16:56:50 00_names WARNING label cut to 80 characters: s7a2q1 -> EICV 2024: Ever received a cow from the Governments ? one cow per poor family
16:56:50 00_names WARNING label cut to 80 characters: s7a2q4 -> EICV 2024: Household ever receiced animal from NGO or other social protection
16:56:50 00_names WARNING label cut to 80 characters: s7aq4 -> EICV 2024: Did any member of your household own and/or raise any livestock
16:56:50 00_names WARNING label cut to 80 characters: s7aq4e -> EICV 2024: Of the following livestock or poultry does the household own
16:56:50 00_names WARNING label cut to 80 characters: s7aq4f -> EICV 2024: Of the following livestock or poultry does the household own - Other
16:56:50 00_names WARNING label cut to 80 characters: s7b1q11 -> EICV 2017: Household received land gift,inheritance
16:56:50 00_names WARNING label cut to 80 characters: s7b1q12 -> EICV 2017: Given land outside household gift, inheritance
16:56:50 00_names WARNING label cut to 80 characters: s9cq00 -> EICV 2017: ID No. of HH members that participated in PW activities
16:56:50 00_names WARNING label cut to 80 characters: s9cq13c -> EICV 2017: Invest your direct support benefits in some assets:- to buy home
16:56:50 00_names WARNING label cut to 80 characters: s9cq13i -> EICV 2017: Invest your direct support benefits in some assets:- Business or
16:56:50 00_names WARNING label cut to 80 characters: s9cq29i -> EICV 2017: Use your public works payment:- Business or income generating
16:56:50 00_names WARNING label cut to 80 characters: s9cq3 -> EICV 2017: Many months have you been on the eligibility list and waiting to
16:56:50 00_names WARNING label cut to 80 characters: s9d4q3 -> EICV 2024: Number of ANC visits for women having baby while enrolled when they
16:56:50 00_names WARNING label cut to 80 characters: sample_nisr -> EICV: CS = national cross-section, VUP = VUP booster, PANEL = EICV3-4 panel link
16:56:50 00_names WARNING label cut to 80 characters: hhid_eicv4 -> EICV 2017: Panel household id carried in the EICV5 VUP files
16:56:50 00_names WARNING label cut to 80 characters: s8iq0 -> EICV 2001: Have any of the following goods and services been used on any of the
16:56:50 00_names WARNING label cut to 80 characters: s8iq3 -> EICV 2001: How much was spent in cash or in kind on this item, last 12 months
16:56:50 00_names WARNING label cut to 80 characters: s8iq6 -> EICV 2001: Was this item not available at any time during the year when you
16:56:50 00_names WARNING label cut to 80 characters: hhid_eicv4 -> EICV 2017: Panel household id carried in the EICV5 VUP files
16:56:50 00_names WARNING label cut to 80 characters: hhid_eicv4 -> EICV 2017: Panel household id carried in the EICV5 VUP files
16:56:50 00_names WARNING label cut to 80 characters: s8jq0 -> EICV 2001: Were there any ag products processed by your household
16:56:50 00_names WARNING label cut to 80 characters: s8jq3 -> EICV 2001: What were the products processed by the household, last 12 months
16:56:50 00_names WARNING label cut to 80 characters: s8jq7 -> EICV 2001: What were your costs in labour in cash and in kind, last 2 weeks
16:56:50 00_names WARNING label cut to 80 characters: hhid_eicv4 -> EICV 2017: Panel household id carried in the EICV5 VUP files
16:56:50 00_names WARNING label cut to 80 characters: s12aq3 -> EICV 2001: Has any member tried to obtain loan and been refused, last 12 months
16:56:50 00_names WARNING label cut to 80 characters: hhid_eicv4 -> EICV 2017: Panel household id carried in the EICV5 VUP files
16:56:50 00_names WARNING label cut to 80 characters: hhid_eicv4 -> EICV 2017: Panel household id carried in the EICV5 VUP files
16:56:50 00_names WARNING label cut to 80 characters: hhid_eicv4 -> EICV 2017: Panel household id carried in the EICV5 VUP files
16:56:50 00_names WARNING label cut to 80 characters: s8bq24 -> EICV 2001: Did any member of household own any Ag. equipment, last 12 months
16:56:50 00_names WARNING label cut to 80 characters: hhid_eicv4 -> EICV 2017: Panel household id carried in the EICV5 VUP files
16:56:50 00_names WARNING label cut to 80 characters: hhid_eicv4 -> EICV 2017: Panel household id carried in the EICV5 VUP files
16:56:50 00_names WARNING label cut to 80 characters: hhid_eicv4 -> EICV 2017: Panel household id carried in the EICV5 VUP files
16:56:50 00_names WARNING label cut to 80 characters: hhid_eicv4 -> EICV 2017: Panel household id carried in the EICV5 VUP files
16:56:50 00_names WARNING label cut to 80 characters: hhid_eicv4 -> EICV 2017: Panel household id carried in the EICV5 VUP files
16:56:50 00_names WARNING label cut to 80 characters: s6dq25 -> EICV 2017: Has sought a loan at a bank or other insitution, last 12 months
16:56:50 00_names WARNING label cut to 80 characters: hhid_eicv4 -> EICV 2017: Panel household id carried in the EICV5 VUP files
16:56:50 00_names WARNING label cut to 80 characters: hhid_eicv4 -> EICV 2017: Panel household id carried in the EICV5 VUP files
16:56:50 00_names WARNING label cut to 80 characters: hhid_eicv4 -> EICV 2017: Panel household id carried in the EICV5 VUP files
16:56:50 00_names WARNING label cut to 80 characters: hhid_eicv4 -> EICV 2017: Panel household id carried in the EICV5 VUP files
16:56:50 00_names WARNING label cut to 80 characters: hhid_eicv4 -> EICV 2017: Panel household id carried in the EICV5 VUP files
16:56:50 00_names WARNING label cut to 80 characters: hhid_eicv4 -> EICV 2017: Panel household id carried in the EICV5 VUP files
16:56:50 00_names WARNING label cut to 80 characters: s9eq2 -> EICV 2024: Has your household received any of the following, last 12 months
16:56:50 00_names WARNING label cut to 80 characters: hhid_eicv4 -> EICV 2017: Panel household id carried in the EICV5 VUP files
16:56:50 00_names WARNING label cut to 80 characters: s9dq3 -> EICV 2006: Estimated number of months that this item was consumed during the
16:56:50 00_names WARNING label cut to 80 characters: hhid_eicv4 -> EICV 2017: Panel household id carried in the EICV5 VUP files
16:56:50 00_names WARNING label cut to 80 characters: s8cq10_v3 -> EICV 2001: What was the cost (include in kind) of renting, last 12 months
16:56:50 00_names WARNING label cut to 80 characters: s8cq7_v3 -> EICV 2001: Does household have the right to sell or use as collateral the parcel
16:56:50 00_names WARNING label cut to 80 characters: hhid_eicv4 -> EICV 2017: Panel household id carried in the EICV5 VUP files
16:56:50 00_names WARNING label cut to 80 characters: hhid_eicv4 -> EICV 2017: Panel household id carried in the EICV5 VUP files
16:56:50 00_names WARNING label cut to 80 characters: hhid_eicv4 -> EICV 2017: Panel household id carried in the EICV5 VUP files
16:56:50 00_names WARNING label cut to 80 characters: hhid_eicv4 -> EICV 2017: Panel household id carried in the EICV5 VUP files
16:56:50 00_names WARNING label cut to 80 characters: s11bq10 -> EICV 2001: Total value of other goods received from person, last 12 months
16:56:50 00_names WARNING label cut to 80 characters: s9bq0_v2 -> EICV 2017: Household received money or goods in kind from a member of the
16:56:50 00_names WARNING label cut to 80 characters: s9bq10 -> EICV 2014-2017: Total value of food products received from person
16:56:50 00_names WARNING label cut to 80 characters: s9bq12 -> EICV 2014-2017: Total value of other in-kind transfers received from person
16:56:50 00_names WARNING label cut to 80 characters: hhid_eicv4 -> EICV 2017: Panel household id carried in the EICV5 VUP files
16:56:50 00_names WARNING label cut to 80 characters: s11aq10 -> EICV 2001: Total value of other goods sent or given to person, last 12 months
16:56:50 00_names WARNING label cut to 80 characters: s9aq0 -> EICV 2024: Has this household send money or goods in kind to a m, last 12 months
16:56:50 00_names WARNING label cut to 80 characters: s9aq0_v2 -> EICV 2017: Household sent money or goods in king to a member of the household
16:56:51 00_names INFO variable_names.csv written: 20531 names in 362 files (pooled + per-wave)
16:56:51 00_names INFO pooled names that needed an abbreviation to fit 32 characters: 685
16:56:51 00_names INFO pooled names that carry the native code to stay unique: 347 (e.g. ['eicv_consumption_ae_jan2014', 'eicv_annual_s2aq10g', 'eicv_reason_leaving_s2aq15', 'eicv_class_attended_2011_s2aq5b', 'eicv_id_interviewed_1_s3aq1', 'eicv_pid_respondent_v2_s3aq1v2', 'eicv_insur_employer_s3aq25v3', 'eicv_id_interviewed_1_s3bq1'])
