20:38:41 01_clean INFO ==== 01_clean | run 20260904-203841_01_clean | python 3.13.5 | pandas 2.2.3 | pyreadstat 1.3.4
20:38:41 01_clean INFO ---------------- 2022 ----------------
20:38:42 01_clean INFO read LFS_2022.dta: 70,424 rows x 239 vars
20:38:42 01_clean INFO PASS  HHID == PSU_NO*100 + QH_NO
20:38:43 01_clean INFO destring a05 (49360 values)
20:38:43 01_clean INFO destring a06 (61806 values)
20:38:43 01_clean INFO destring a07 (61806 values)
20:38:43 01_clean INFO destring a08 (61806 values)
20:38:43 01_clean INFO destring a09 (61806 values)
20:38:43 01_clean INFO destring a10 (61806 values)
20:38:43 01_clean INFO destring a11 (61806 values)
20:38:43 01_clean INFO destring a14b (68712 values)
20:38:43 01_clean INFO destring a16y (18924 values)
20:38:43 01_clean INFO destring a17a (18924 values)
20:38:43 01_clean INFO destring a17b (17054 values)
20:38:43 01_clean INFO destring a18 (18924 values)
20:38:43 01_clean INFO destring a19 (18924 values)
20:38:43 01_clean INFO destring a20 (18924 values)
20:38:43 01_clean INFO destring a22 (2656 values)
20:38:43 01_clean INFO destring a23 (1230 values)
20:38:43 01_clean INFO destring b01 (45780 values)
20:38:43 01_clean INFO destring b02a (45780 values)
20:38:43 01_clean INFO destring b02b (45780 values)
20:38:43 01_clean INFO destring b03 (8998 values)
20:38:43 01_clean INFO destring b06 (29679 values)
20:38:43 01_clean INFO destring b07 (45780 values)
20:38:43 01_clean INFO destring b08 (44588 values)
20:38:43 01_clean INFO destring b09 (7136 values)
20:38:43 01_clean INFO destring b10 (7136 values)
20:38:43 01_clean INFO destring b13 (7136 values)
20:38:43 01_clean INFO destring b13a (4000 values)
20:38:43 01_clean INFO destring b14 (4000 values)
20:38:43 01_clean INFO destring b18 (45773 values)
20:38:43 01_clean INFO destring b19 (45773 values)
20:38:43 01_clean INFO destring c01 (45773 values)
20:38:43 01_clean INFO destring c02 (28893 values)
20:38:43 01_clean INFO destring c03 (23547 values)
20:38:43 01_clean INFO destring c04 (5979 values)
20:38:43 01_clean INFO destring c05 (3973 values)
20:38:43 01_clean INFO destring c06 (26046 values)
20:38:43 01_clean INFO destring c07 (265 values)
20:38:43 01_clean INFO destring c08 (97 values)
20:38:43 01_clean INFO destring c09 (38 values)
20:38:43 01_clean INFO destring c09a (848 values)
20:38:44 01_clean INFO destring c10 (19947 values)
20:38:44 01_clean INFO destring c11b (246 values)
20:38:44 01_clean INFO destring c12a (19947 values)
20:38:44 01_clean INFO destring c12b (246 values)
20:38:44 01_clean INFO destring c13a (19947 values)
20:38:44 01_clean INFO destring c13b (246 values)
20:38:44 01_clean INFO destring c14 (19947 values)
20:38:44 01_clean INFO destring c15 (4251 values)
20:38:44 01_clean INFO destring c16 (7169 values)
20:38:44 01_clean INFO destring c17 (3686 values)
20:38:44 01_clean INFO destring c18 (5849 values)
20:38:44 01_clean INFO destring c19 (25826 values)
20:38:44 01_clean INFO destring c20 (20577 values)
20:38:44 01_clean INFO destring c22 (5231 values)
20:38:44 01_clean INFO destring c23 (20485 values)
20:38:44 01_clean INFO destring c24 (7270 values)
20:38:44 01_clean INFO destring c25 (12610 values)
20:38:44 01_clean INFO destring c26 (873 values)
20:38:44 01_clean INFO destring c21_a (5289 values)
20:38:44 01_clean INFO destring c21_b (5289 values)
20:38:44 01_clean INFO destring c21_c (5289 values)
20:38:44 01_clean INFO destring c21_d (5289 values)
20:38:44 01_clean INFO destring c21_e (5289 values)
20:38:44 01_clean INFO destring c21_f (5289 values)
20:38:44 01_clean INFO destring c21_g (5289 values)
20:38:44 01_clean INFO destring c21_h (5289 values)
20:38:44 01_clean INFO destring c21_l (5289 values)
20:38:44 01_clean INFO destring d03a (19947 values)
20:38:44 01_clean INFO destring d04 (19947 values)
20:38:44 01_clean INFO destring d05 (19947 values)
20:38:44 01_clean INFO destring d06 (14022 values)
20:38:44 01_clean INFO destring d07 (14022 values)
20:38:44 01_clean INFO destring d08 (10520 values)
20:38:44 01_clean INFO destring d09a (14022 values)
20:38:44 01_clean INFO destring d09b (14022 values)
20:38:44 01_clean INFO destring d10a (14022 values)
20:38:44 01_clean INFO destring d10b (14022 values)
20:38:44 01_clean INFO destring d10c (14022 values)
20:38:44 01_clean INFO destring d10d (14022 values)
20:38:44 01_clean INFO destring d11 (14022 values)
20:38:44 01_clean INFO destring d12 (14022 values)
20:38:44 01_clean INFO destring d12a (13154 values)
20:38:44 01_clean INFO destring d13 (13154 values)
20:38:44 01_clean INFO destring d14 (13154 values)
20:38:44 01_clean INFO destring d15 (201 values)
20:38:44 01_clean INFO destring d15a (189 values)
20:38:44 01_clean INFO destring d16 (189 values)
20:38:44 01_clean INFO destring d17 (869 values)
20:38:44 01_clean INFO destring d20 (19947 values)
20:38:44 01_clean INFO destring d21 (19947 values)
20:38:44 01_clean INFO destring d23 (19947 values)
20:38:44 01_clean INFO destring d27 (4752 values)
20:38:44 01_clean INFO destring d24a (19947 values)
20:38:44 01_clean INFO destring e11 (246 values)
20:38:44 01_clean INFO destring e12 (246 values)
20:38:44 01_clean INFO destring e12b (214 values)
20:38:44 01_clean INFO destring e13 (214 values)
20:38:45 01_clean INFO destring f01 (23087 values)
20:38:45 01_clean INFO destring f02 (8773 values)
20:38:45 01_clean INFO destring f05 (25827 values)
20:38:45 01_clean INFO destring g01 (37344 values)
20:38:45 01_clean INFO destring g02 (38480 values)
20:38:45 01_clean INFO destring g03 (36308 values)
20:38:45 01_clean INFO destring g04 (33585 values)
20:38:45 01_clean INFO destring g05 (33718 values)
20:38:45 01_clean INFO destring g06 (40258 values)
20:38:45 01_clean INFO destring g07 (36581 values)
20:38:45 01_clean INFO destring g01a (44796 values)
20:38:45 01_clean INFO destring g02a (44796 values)
20:38:45 01_clean INFO destring g03a (44796 values)
20:38:45 01_clean INFO destring g04a (44796 values)
20:38:45 01_clean INFO destring g05a (44796 values)
20:38:45 01_clean INFO destring g06a (44796 values)
20:38:45 01_clean INFO destring g07a (44796 values)
20:38:45 01_clean INFO destring h01 (45773 values)
20:38:45 01_clean INFO destring h02 (14430 values)
20:38:45 01_clean INFO destring h03 (14430 values)
20:38:45 01_clean INFO destring h05 (37448 values)
20:38:45 01_clean INFO destring h06 (1318 values)
20:38:45 01_clean INFO destring h09 (37448 values)
20:38:45 01_clean INFO destring h00 (45773 values)
20:38:45 01_clean INFO destring h04 (70416 values)
20:38:45 01_clean INFO destring h10 (9084 values)
20:38:45 01_clean INFO destring i01_c (70416 values)
20:38:45 01_clean INFO destring status1 (45780 values)
20:38:45 01_clean INFO destring wap16 (42302 values)
20:38:45 01_clean INFO destring employed16 (42302 values)
20:38:45 01_clean INFO destring ur1 (25046 values)
20:38:45 01_clean INFO destring lfpr (42302 values)
20:38:45 01_clean INFO destring sub (42302 values)
20:38:45 01_clean INFO destring tru (19826 values)
20:38:45 01_clean INFO destring plf (6312 values)
20:38:45 01_clean INFO destring youth (12762 values)
20:38:45 01_clean INFO destring young (18841 values)
20:38:46 01_clean INFO destring luu (17329 values)
20:38:46 01_clean INFO destring luur (31548 values)
20:38:46 01_clean INFO destring discourage (4095 values)
20:38:46 01_clean INFO destring willing (798 values)
20:38:46 01_clean INFO destring migrant (7641 values)
20:38:46 01_clean INFO destring neetyouth (12762 values)
20:38:46 01_clean INFO destring neetyoung (18841 values)
20:38:46 01_clean INFO destring youngs (18841 values)
20:38:46 01_clean INFO destring main_sect (19947 values)
20:38:46 01_clean INFO destring indb1 (45761 values)
20:38:46 01_clean INFO destring attained (45780 values)
20:38:46 01_clean INFO destring intcash (14022 values)
20:38:46 01_clean INFO destring age10 (42302 values)
20:38:46 01_clean INFO destring usualhrs (19947 values)
20:38:46 01_clean INFO destring timegood (24953 values)
20:38:46 01_clean INFO destring timeservice (29346 values)
20:38:46 01_clean INFO destring act_hrs (19681 values)
20:38:46 01_clean INFO destring acthrs (19681 values)
20:38:46 01_clean INFO destring ya (42302 values)
20:38:46 01_clean INFO destring hr_own (35314 values)
20:38:46 01_clean INFO destring subhrs (13639 values)
20:38:46 01_clean INFO destring tvt2 (45780 values)
20:38:46 01_clean INFO destring tvet3 (4000 values)
20:38:46 01_clean INFO destring agdis (61806 values)
20:38:46 01_clean INFO destring prod_unit (19850 values)
20:38:46 01_clean INFO destring sm (4946 values)
20:38:46 01_clean INFO destring ud (5228 values)
20:38:46 01_clean INFO destring iev2 (19826 values)
20:38:46 01_clean INFO destring head (16572 values)
20:38:46 01_clean INFO destring dg01 (15503 values)
20:38:46 01_clean INFO destring dg02 (19310 values)
20:38:46 01_clean INFO destring dg03 (10878 values)
20:38:46 01_clean INFO destring dg04 (226 values)
20:38:46 01_clean INFO destring dg05 (724 values)
20:38:46 01_clean INFO destring dg06 (27922 values)
20:38:46 01_clean INFO destring dg07 (11959 values)
20:38:46 01_clean INFO destring age3 (42302 values)
20:38:46 01_clean INFO destring tvt (45780 values)
20:38:46 01_clean INFO destring lu2 (25236 values)
20:38:46 01_clean INFO destring lu3 (31358 values)
20:38:46 01_clean INFO destring lu4 (31548 values)
20:38:46 01_clean INFO destring trur (19826 values)
20:38:47 01_clean INFO destring indb05 (45780 values)
20:38:47 01_clean INFO destring isco2digit (19947 values)
20:38:47 01_clean INFO destring isic2digitdigit (19947 values)
20:38:47 01_clean INFO destring indd01 (19947 values)
20:38:47 01_clean INFO destring indd03 (19947 values)
20:38:47 01_clean INFO destring inde02 (246 values)
20:38:47 01_clean INFO destring age3_16_30 (18841 values)
20:38:47 01_clean INFO destring yur1 (10137 values)
20:38:47 01_clean INFO PASS  row count unchanged (70,424)
20:38:47 01_clean INFO PASS  wt present and > 0 on every row
20:38:47 01_clean INFO PASS  30 districts (found 30)
20:38:47 01_clean INFO PASS  5 provinces (found 5)
20:38:47 01_clean INFO PASS  sex (a01) in {1,2}
20:38:47 01_clean INFO PASS  age (a04) in [0,120] (min 0, max 95)
20:38:47 01_clean INFO PASS  one head per household-interview: 100.0000% of 16,572 (0 heads: 0, 2+: 0)
20:38:47 01_clean INFO PASS  (hhid, interview, pid) unique: 1 duplicates
20:38:47 01_clean INFO share of rows with a household key: 1.000
20:38:47 01_clean INFO rounds: {'': 70424}
20:38:47 01_clean INFO weighted total (sum wt) = 13,078,028 ; wap16-weighted = 7,963,586
20:38:47 01_clean INFO all checks passed
20:38:47 01_clean INFO wrote LFS_2022_person_clean.dta  (70,424 rows x 250 vars, 63.0 MB)
20:38:47 01_clean INFO 01_clean done for [2022]
