12:36:31 00_names INFO ==== 00_names | run 20260906-123631_00_names | python 3.13.5 | pandas 2.2.3 | pyreadstat 1.3.4
12:36:31 00_names WARNING label cut to 80 characters: a10 -> LFS 2017-2025: Have difficulty washing all over or dressing
12:36:31 00_names WARNING label cut to 80 characters: a11 -> LFS 2017-2025: Using your usual language, do you have difficulty communicating
12:36:31 00_names WARNING label cut to 80 characters: a14b_v2 -> LFS 2024: District of birth ; 2024 file mixes district codes and sector codes
12:36:31 00_names WARNING label cut to 80 characters: a15_v2 -> LFS 2021-2025: Lived outside this district for at least 6 consecutive months
12:36:31 00_names WARNING label cut to 80 characters: a19 -> LFS 2017-2025: Live in the previous location prior to arriving here
12:36:31 00_names WARNING label cut to 80 characters: a1b -> LFS 2020: Using your usual language, does anyone has difficulty communicating
12:36:31 00_names WARNING label cut to 80 characters: a22 -> LFS 2017-2023: Months has the person been away from this HH, past 12 months
12:36:31 00_names WARNING label cut to 80 characters: a27 -> LFS 2017-2019: Days per week did the person usually work in these activities
12:36:31 00_names WARNING label cut to 80 characters: a28 -> LFS 2017-2019: Hours per day did the person usually work in these activities
12:36:31 00_names WARNING label cut to 80 characters: a35 -> LFS 2017: Hours did the person spend looking after children and, last 7 days
12:36:31 00_names WARNING label cut to 80 characters: b01 -> LFS 2017-2025: A student(Is the person attending school or would be attending
12:36:31 00_names WARNING label cut to 80 characters: b02a -> LFS 2017-2025: Highest educational level is/ have the person attending /
12:36:31 00_names WARNING label cut to 80 characters: b15_v2 -> LFS 2025: Take the person to get a job or start own business after completing
12:36:31 00_names WARNING label cut to 80 characters: b19 -> LFS 2021-2023: Used intenet? (for individual use not for of, last three months
12:36:31 00_names WARNING label cut to 80 characters: c01 -> LFS 2017-2025: Do any work for wage, salary, commission, tips, last 7 days
12:36:31 00_names WARNING label cut to 80 characters: c02 -> LFS 2017-2025: Run or do any kind of business activity other, past 7 days
12:36:31 00_names WARNING label cut to 80 characters: c02a -> LFS 2025: Run or do any farming, Rearing farm animals, past 7 days
12:36:31 00_names WARNING label cut to 80 characters: c03 -> LFS 2017-2025: Help unpaid in a business owned by a househol, past 7 days
12:36:31 00_names WARNING label cut to 80 characters: c05 -> LFS 2017-2025: In general, are the products obtained from this activity for
12:36:31 00_names WARNING label cut to 80 characters: c06 -> LFS 2017-2025: Have a paid job or a business from which he/s, last 7 days
12:36:31 00_names WARNING label cut to 80 characters: c07 -> LFS 2017-2025: Main reason the person was absent from work, last 7 days
12:36:31 00_names WARNING label cut to 80 characters: c07_v2 -> LFS 2021: Main reason the person was absent from work, last 7 days
12:36:31 00_names WARNING label cut to 80 characters: c09 -> LFS 2017-2025: Continue receiving an income from their job during absence
12:36:31 00_names WARNING label cut to 80 characters: c09a -> LFS 2019-2025: Among the following categories, which correspond to the the
12:36:31 00_names WARNING label cut to 80 characters: c10 -> LFS 2017-2025: Have any other paid job or business or performed any secondary
12:36:31 00_names WARNING label cut to 80 characters: c11b -> LFS 2017-2025: Hours does the person usually work per week? Secondary
12:36:31 00_names WARNING label cut to 80 characters: c12a -> LFS 2017-2025: Days did the person actually work in Main job/activ, past 7 days
12:36:31 00_names WARNING label cut to 80 characters: c12b -> LFS 2017-2025: Days did the person actually work in all Secondary, past 7 days
12:36:31 00_names WARNING label cut to 80 characters: c13a -> LFS 2017-2025: Hours per day did the person actually worked in Mai, past 7 days
12:36:31 00_names WARNING label cut to 80 characters: c13b -> LFS 2017-2025: Hours per day did the person actually worked in all, past 7 days
12:36:31 00_names WARNING label cut to 80 characters: c14 -> LFS 2017-2025: Hours did the person usually worked at all jobs combined
12:36:31 00_names WARNING label cut to 80 characters: c15 -> LFS 2017-2025: Main reason the person usually worked long hours per week
12:36:31 00_names WARNING label cut to 80 characters: c16 -> LFS 2017-2025: Did the person look for additional or other work, last 4 weeks
12:36:31 00_names WARNING label cut to 80 characters: c17 -> LFS 2017-2025: Would want to work more hours per week than usualy worked
12:36:31 00_names WARNING label cut to 80 characters: c18 -> LFS 2017-2025: If an opportunity for additional work became available
12:36:31 00_names WARNING label cut to 80 characters: c19 -> LFS 2017-2025: Look for any kind of paid job or try to star, last 4 weeks
12:36:31 00_names WARNING label cut to 80 characters: c20 -> LFS 2017-2025: Already found a job or arranged to start a business in the next
12:36:31 00_names WARNING label cut to 80 characters: c20a -> LFS 2024-2025: Expect to start working in this new job or business
12:36:31 00_names WARNING label cut to 80 characters: c21 -> LFS 2019-2025: Do to find a paid job or start a business, last 4 weeks
12:36:31 00_names WARNING label cut to 80 characters: c21_c -> LFS 2022-2023: Seeking the assistance of friends
12:36:31 00_names WARNING label cut to 80 characters: c21_d -> LFS 2022-2023: Registering with or contacting public or private employment
12:36:31 00_names WARNING label cut to 80 characters: c21_e -> LFS 2022-2023: Applying to employers directly,checking at worksites,farms
12:36:31 00_names WARNING label cut to 80 characters: c21_g -> LFS 2022-2023: Placing and updating resumes on professional or social
12:36:31 00_names WARNING label cut to 80 characters: c21a_v2 -> LFS 2017-2019: Do to find a paid job or start a business, last 4 weeks
12:36:31 00_names WARNING label cut to 80 characters: c21b_v2 -> LFS 2017-2019: Do to find a paid job or start a business, last 4 weeks
12:36:31 00_names WARNING label cut to 80 characters: c21c -> LFS 2018-2021: Seeking the assistance of friends
12:36:31 00_names WARNING label cut to 80 characters: c21c_v2 -> LFS 2017-2019: Do to find a paid job or start a business, last 4 weeks
12:36:31 00_names WARNING label cut to 80 characters: c21d_v2 -> LFS 2017-2019: Do to find a paid job or start a business, last 4 weeks
12:36:31 00_names WARNING label cut to 80 characters: c21e -> LFS 2018-2021: Applying to employers directly,checking at worksites,farms
12:36:31 00_names WARNING label cut to 80 characters: c21g -> LFS 2018-2021: Placing and updating resumes on professional or social
12:36:31 00_names WARNING label cut to 80 characters: c22 -> LFS 2018-2025: For how long has the person been without work and trying to find
12:36:31 00_names WARNING label cut to 80 characters: c22_v2 -> LFS 2017-2024: For how long has the person been without work and trying to find
12:36:31 00_names WARNING label cut to 80 characters: c23 -> LFS 2017-2025: Want to work if a paid job or business opportunity became
12:36:31 00_names WARNING label cut to 80 characters: c24 -> LFS 2017-2025: Main reason the person did not try to find a paid job or start a
12:36:31 00_names WARNING label cut to 80 characters: c24_v2 -> LFS 2021: Main reason the person did not try to find a paid job or start a
12:36:31 00_names WARNING label cut to 80 characters: c25 -> LFS 2017-2025: If a paid job or business opportunity become available
12:36:31 00_names WARNING label cut to 80 characters: c26 -> LFS 2017-2024: Mean reason why the person could not start working o, last 7 days
12:36:31 00_names WARNING label cut to 80 characters: c26_v2 -> LFS 2025: Mean reason why the person could not start working o, last 7 days
12:36:31 00_names WARNING label cut to 80 characters: d02 -> LFS 2017-2019: Think could be the minimum level of education to carry out the
12:36:31 00_names WARNING label cut to 80 characters: d03b -> LFS 2019-2021: Main goods or services produced at the person's place of work or
12:36:31 00_names WARNING label cut to 80 characters: d03b1_v2 -> LFS 2020: ISIC code of the main job ; 2-digit divisions in the reduced 2020
12:36:31 00_names WARNING label cut to 80 characters: d06 -> LFS 2017-2025: The person have a written contract or oral agreement for the
12:36:31 00_names WARNING label cut to 80 characters: d08a -> LFS 2025: Have a minimum amount of hours or work agreed with their employer
12:36:31 00_names WARNING label cut to 80 characters: d09a -> LFS 2017-2025: Does employer pay contributions on the person's behalf to social
12:36:31 00_names WARNING label cut to 80 characters: d09b -> LFS 2017-2023: Does employer pay contributions on the person's behalf to health
12:36:31 00_names WARNING label cut to 80 characters: d10a -> LFS 2017-2025: Entitled to paid annual leave benefits from employer
12:36:31 00_names WARNING label cut to 80 characters: d12_1 -> LFS 2025: Money did the person earn from their main job/business the last time
12:36:31 00_names WARNING label cut to 80 characters: d14 -> LFS 2017-2023: Receive in-kind payments in main job such as food
12:36:31 00_names WARNING label cut to 80 characters: d14_1 -> LFS 2025: On average, how much money did the person earn from main job/business
12:36:31 00_names WARNING label cut to 80 characters: d17 -> LFS 2017-2023: Taking into account both cash and in kind payments
12:36:31 00_names WARNING label cut to 80 characters: d18a_v2 -> LFS 2017: Net monthly earnings of the person from their business Activity
12:36:31 00_names WARNING label cut to 80 characters: d18b -> LFS 2017: Net monthly earnings of the person from their business or activity
12:36:31 00_names WARNING label cut to 80 characters: d19 -> LFS 2017: Was this below average, above average
12:36:31 00_names WARNING label cut to 80 characters: d20 -> LFS 2017-2025: Is the business/establishment where the person works registered
12:36:31 00_names WARNING label cut to 80 characters: d21 -> LFS 2017-2025: In order to report to an authority
12:36:31 00_names WARNING label cut to 80 characters: d22a -> LFS 2017-2019: Regular paid or unpaid employees including the person
12:36:31 00_names WARNING label cut to 80 characters: d22b -> LFS 2017-2019: Regular paid or unpaid employees including the person
12:36:31 00_names WARNING label cut to 80 characters: d23a -> LFS 2025: Means of transportation do you mainly use to commute to your place of
12:36:31 00_names WARNING label cut to 80 characters: d23a_v2 -> LFS 2024: Means of transportation do you mainly use to commute to your place of
12:36:31 00_names WARNING label cut to 80 characters: d24_v2 -> LFS 2024-2025: Total work experience in years (2025 questionnaire D24
12:36:31 00_names WARNING label cut to 80 characters: d24b -> LFS 2025: In your main job or business, how many months do you typically work
12:36:31 00_names WARNING label cut to 80 characters: d25 -> LFS 2017-2019: In day to day work does the person need the computer to perform
12:36:31 00_names WARNING label cut to 80 characters: d25a -> LFS 2024-2025: Is this District the same as the District where the person
12:36:31 00_names WARNING label cut to 80 characters: d28 -> LFS 2021: Ever been hurt in an accident while working t, past 12 months
12:36:31 00_names WARNING label cut to 80 characters: d29 -> LFS 2021: Did this injury result in the person being absent or unable to work
12:36:31 00_names WARNING label cut to 80 characters: ds08 -> LFS 2025: Usually makes the decisions about the running of the family/household
12:36:31 00_names WARNING label cut to 80 characters: ds09_a -> LFS 2025: Does more than half of the income from the person's business/activity
12:36:31 00_names WARNING label cut to 80 characters: ds09_d -> LFS 2025: In the person's business/activity does client/company/intermediary/or
12:36:31 00_names WARNING label cut to 80 characters: ds10a -> LFS 2025: Of the following types of pay the person receive for this work
12:36:31 00_names WARNING label cut to 80 characters: e02 -> LFS 2018: Name of the person's workplace at their secondary job/activity
12:36:31 00_names WARNING label cut to 80 characters: e05a -> LFS 2017-2019: Does the employer pay contributions on the person's behalf to
12:36:31 00_names WARNING label cut to 80 characters: e05b -> LFS 2017-2019: Does the employer pay contributions on the person 'sbehalf to
12:36:31 00_names WARNING label cut to 80 characters: e07 -> LFS 2017-2019: Is the business/establishment where the person works for
12:36:31 00_names WARNING label cut to 80 characters: e09a -> LFS 2017-2019: Including the person how many regular paid or unpaid employees
12:36:31 00_names WARNING label cut to 80 characters: e09b -> LFS 2017-2019: Including the person how many regular paid or unpaid employees
12:36:31 00_names WARNING label cut to 80 characters: e11 -> LFS 2017-2023: Apart from the main job:how many Job did the person had
12:36:31 00_names WARNING label cut to 80 characters: e12 -> LFS 2017-2023: Earn from other jobs or activities had in cash, last week
12:36:31 00_names WARNING label cut to 80 characters: f01 -> LFS 2017-2023: Ever worked previously for a wage
12:36:31 00_names WARNING label cut to 80 characters: f02 -> LFS 2017-2024: The main reason to stop working in their last paid job / business
12:36:31 00_names WARNING label cut to 80 characters: f04b -> LFS 2019-2021: Main goods or services produced at the person's workplace in
12:36:31 00_names WARNING label cut to 80 characters: f07 -> LFS 2017-2018: Competencies do you need to increase your employment
12:36:31 00_names WARNING label cut to 80 characters: f07_v2 -> LFS 2019: Competencies do you need to increase your employment opportunities
12:36:31 00_names WARNING label cut to 80 characters: g01a -> LFS 2021-2025: Spend time collecting firewood for the household, last 7 days
12:36:31 00_names WARNING label cut to 80 characters: g02a -> LFS 2021-2025: Spent time on fetching water for the household, last 7 days
12:36:31 00_names WARNING label cut to 80 characters: g03a -> LFS 2021-2025: Spent time on grazing or feeding hiusehold animal, last 7 days
12:36:31 00_names WARNING label cut to 80 characters: g04a -> LFS 2021-2025: Spent time on manufacturing of goods for family u, last 7 days
12:36:31 00_names WARNING label cut to 80 characters: g05a -> LFS 2021-2025: Spent time on construction of own building, last 7 days
12:36:31 00_names WARNING label cut to 80 characters: g06a -> LFS 2021-2025: Did the person spent time on doing household chores, last 7 days
12:36:31 00_names WARNING label cut to 80 characters: g07a -> LFS 2021-2025: Tooktime to look under children or adults, last 7 days
12:36:31 00_names WARNING label cut to 80 characters: h00 -> LFS 2021-2023: How would you describe your main situation on labour market at
12:36:31 00_names WARNING label cut to 80 characters: h01 -> LFS 2017-2025: Do any of the following work mainly for o, last four weeks
12:36:31 00_names WARNING label cut to 80 characters: h02 -> LFS 2017-2025: Days per week has the person usualy worked in these activities
12:36:31 00_names WARNING label cut to 80 characters: h02_v2 -> LFS 2021-2023: Days per week did the person usually worked in these activities
12:36:31 00_names WARNING label cut to 80 characters: h03 -> LFS 2017-2025: Hours per week does the person usually work in these activities
12:36:31 00_names WARNING label cut to 80 characters: h03_v2 -> LFS 2021-2023: Hours per day has the person usually worked in these activities
12:36:31 00_names WARNING label cut to 80 characters: h05 -> LFS 2017-2025: In general, did the household sell or barter any part of the
12:36:31 00_names WARNING label cut to 80 characters: h07 -> LFS 2017-2019: Net Value in Frw the household get from agricultural activities
12:36:31 00_names WARNING label cut to 80 characters: h09 -> LFS 2017-2025: Regularly or sometimes engage paid employee in the farming
12:36:31 00_names WARNING label cut to 80 characters: h10 -> LFS 2017-2025: Excluding family members, how many paid employees do you usually
12:36:31 00_names WARNING label cut to 80 characters: h11a -> LFS 2017-2019: Get access to the land for the agricultural work by leasing
12:36:31 00_names WARNING label cut to 80 characters: h11b -> LFS 2017-2019: Get access to the land for the agricultural work by Renting
12:36:31 00_names WARNING label cut to 80 characters: h11c -> LFS 2017-2019: Get access to the land for the agricultural work by renting
12:36:31 00_names WARNING label cut to 80 characters: h11d -> LFS 2017-2019: Get access to the land for the agricultural work by renting
12:36:31 00_names WARNING label cut to 80 characters: h11e -> LFS 2017-2019: Get access to the land for the agricultural work by communal
12:36:31 00_names WARNING label cut to 80 characters: i06b -> LFS 2017-2023: Main source of water in your household for other uses
12:36:31 00_names WARNING label cut to 80 characters: i08 -> LFS 2019-2020: Of this household members used internet, last 12 months
12:36:31 00_names WARNING label cut to 80 characters: i12 -> LFS 2019-2020: Of this household members aged 10 and above who used a computer
12:36:31 00_names WARNING label cut to 80 characters: i13 -> LFS 2019: Of this household members aged 10 and above who know to use at least
12:36:31 00_names WARNING label cut to 80 characters: status1 -> LFS: Labour force status, NISR derived: 1 employed, 2 unemployed
12:36:31 00_names WARNING label cut to 80 characters: subhrs_v2 -> LFS 2022-2023: NISR subsistence hours = h02 x h03
12:36:31 00_names INFO variable_names.csv written: 2508 names in 11 files (pooled + per-wave)
12:36:31 00_names INFO pooled names that needed an abbreviation to fit 32 characters: 77
12:36:31 00_names INFO pooled names that carry the native code to stay unique: 18 (e.g. ['lfs_difficulty_2017_2025_a08', 'lfs_difficulty_2017_2025_a09', 'lfs_find_paid_job_2017_c21bv2', 'lfs_find_paid_job_2017_c21cv2', 'lfs_find_paid_job_2017_c21dv2', 'lfs_amount_rwandan_francs_d141a', 'lfs_amount_rwandan_2017_d15a', 'lfs_net_monthly_earnings_d18b'])
