11:38:42 00_names INFO ==== 00_names | run 20260906-113842_00_names | python 3.13.5 | pandas 2.2.3 | pyreadstat 1.3.4
11:38:42 00_names WARNING label cut to 80 characters: a10 -> LFS 2017-2025: Do you have difficulty (with self-care such as) washing all over
11:38:42 00_names WARNING label cut to 80 characters: a11 -> LFS 2017-2025: Using your usual language, do you have difficulty communicating
11:38:42 00_names WARNING label cut to 80 characters: a14b_v2 -> LFS 2024: District of birth ; 2024 file mixes district codes (11-57) and sector
11:38:42 00_names WARNING label cut to 80 characters: a15_v2 -> LFS 2021-2025: Did the person lived outside this district for at least 6
11:38:42 00_names WARNING label cut to 80 characters: a19 -> LFS 2017-2025: How long did the person live in the previous location prior to
11:38:42 00_names WARNING label cut to 80 characters: a1a -> LFS 2020: Does anyone has difficulty (with self-care such as) washing all over
11:38:42 00_names WARNING label cut to 80 characters: a1b -> LFS 2020: Using your usual language, does anyone has difficulty communicating
11:38:42 00_names WARNING label cut to 80 characters: a22 -> LFS 2017-2023: Months during the past 12 months has the person been away from
11:38:42 00_names WARNING label cut to 80 characters: a27 -> LFS 2017-2019: How many days per week did the person usually work in these
11:38:42 00_names WARNING label cut to 80 characters: a28 -> LFS 2017-2019: How many hours per day did the person usually work in these
11:38:42 00_names WARNING label cut to 80 characters: a29 -> LFS 2017-2019: In the last 7 days, how many hours did the person spend
11:38:42 00_names WARNING label cut to 80 characters: a30 -> LFS 2017-2019: In the last 7 days, how many hours did the person spend fetching
11:38:42 00_names WARNING label cut to 80 characters: a31 -> LFS 2017-2019: In the last 7 days, how many hours did the person spend
11:38:42 00_names WARNING label cut to 80 characters: a32 -> LFS 2017-2019: In the last 7 days, how many hours did the person spend
11:38:42 00_names WARNING label cut to 80 characters: a33 -> LFS 2017-2019: In the last 7 days, how many hours did the person spend doing
11:38:42 00_names WARNING label cut to 80 characters: a34 -> LFS 2017-2019: In the last 7 days, how many hours did the person spend looking
11:38:42 00_names WARNING label cut to 80 characters: a35 -> LFS 2017: In the last 7 days, how many hours did the person spend looking after
11:38:42 00_names WARNING label cut to 80 characters: b01 -> LFS 2017-2025: IS the person a student(Is the person attending school or would
11:38:42 00_names WARNING label cut to 80 characters: b02a -> LFS 2017-2025: What is the Highest educational level is/ have the person
11:38:42 00_names WARNING label cut to 80 characters: b15_v2 -> LFS 2025: How long did take the person to get a job or start own business after
11:38:42 00_names WARNING label cut to 80 characters: b17 -> LFS 2021: Is the person able to apply any of the following ICT skills (Choose
11:38:42 00_names WARNING label cut to 80 characters: b17_b -> LFS 2021: Is the person able to apply Using copy and paste to duplicate or move
11:38:42 00_names WARNING label cut to 80 characters: b17_d -> LFS 2021: Is the person able to apply Using basic arithmetic formulae in a
11:38:42 00_names WARNING label cut to 80 characters: b17_e -> LFS 2021: Is the person able to apply Connecting and installing new devices
11:38:42 00_names WARNING label cut to 80 characters: b17_f -> LFS 2021: Is the person able to apply Transferring files between a computer and
11:38:42 00_names WARNING label cut to 80 characters: b18 -> LFS 2021-2023: Has the person in last three months used any social media
11:38:42 00_names WARNING label cut to 80 characters: b19 -> LFS 2021-2023: Has the person in the last three months used intenet? (for
11:38:42 00_names WARNING label cut to 80 characters: c01 -> LFS 2017-2025: During the last 7 days,did the person do any work for wage
11:38:42 00_names WARNING label cut to 80 characters: c02 -> LFS 2017-2025: During the past 7 days, did the person run or do any kind of
11:38:42 00_names WARNING label cut to 80 characters: c02a -> LFS 2025: During the past 7 days, did the person run or do any farming, Rearing
11:38:42 00_names WARNING label cut to 80 characters: c03 -> LFS 2017-2025: During the past 7 days, did the person help unpaid in a business
11:38:42 00_names WARNING label cut to 80 characters: c05 -> LFS 2017-2025: In general, are the products obtained from this activity for
11:38:42 00_names WARNING label cut to 80 characters: c06 -> LFS 2017-2025: During the last 7 days, did the person have a paid job or a
11:38:42 00_names WARNING label cut to 80 characters: c07 -> LFS 2017-2025: What was the main reason the person was absent from work during
11:38:42 00_names WARNING label cut to 80 characters: c07_v2 -> LFS 2021: What was the main reason the person was absent from work during the
11:38:42 00_names WARNING label cut to 80 characters: c09 -> LFS 2017-2025: Does the person continue receiving an income from their job
11:38:42 00_names WARNING label cut to 80 characters: c09a -> LFS 2019-2025: Among the following categories, which correspond to the the
11:38:42 00_names WARNING label cut to 80 characters: c10 -> LFS 2017-2025: Did the person have any other paid job or business or performed
11:38:42 00_names WARNING label cut to 80 characters: c11a -> LFS 2017-2025: How many hours does the person usually work per week? Main
11:38:42 00_names WARNING label cut to 80 characters: c11b -> LFS 2017-2025: How many hours does the person usually work per week? Secondary
11:38:42 00_names WARNING label cut to 80 characters: c12a -> LFS 2017-2025: During the past 7 days, how many days did the person actually
11:38:42 00_names WARNING label cut to 80 characters: c12b -> LFS 2017-2025: During the past 7 days, how many days did the person actually
11:38:42 00_names WARNING label cut to 80 characters: c13a -> LFS 2017-2025: During the past 7 days, how many hours per day did the person
11:38:42 00_names WARNING label cut to 80 characters: c13b -> LFS 2017-2025: During the past 7 days, how many hours per day did the person
11:38:42 00_names WARNING label cut to 80 characters: c14 -> LFS 2017-2025: How many hours did the person usually worked at all jobs
11:38:42 00_names WARNING label cut to 80 characters: c15 -> LFS 2017-2025: What was the main reason the person usually worked long hours
11:38:42 00_names WARNING label cut to 80 characters: c16 -> LFS 2017-2025: During the last 4 weeks, did the person look for additional or
11:38:42 00_names WARNING label cut to 80 characters: c17 -> LFS 2017-2025: Would want to work more hours per week than usualy worked
11:38:42 00_names WARNING label cut to 80 characters: c18 -> LFS 2017-2025: If an opportunity for additional work became available, could
11:38:42 00_names WARNING label cut to 80 characters: c19 -> LFS 2017-2025: During the last 4 weeks, did the person look for any kind of
11:38:42 00_names WARNING label cut to 80 characters: c20 -> LFS 2017-2025: Has the person already found a job or arranged to start a
11:38:42 00_names WARNING label cut to 80 characters: c20a -> LFS 2024-2025: How soon Does the person expect to start working in this new job
11:38:42 00_names WARNING label cut to 80 characters: c21 -> LFS 2019-2025: What did the person do in the last 4 weeks to find a paid job or
11:38:42 00_names WARNING label cut to 80 characters: c21_c -> LFS 2022-2023: Seeking the assistance of friends,relatives or other types of
11:38:42 00_names WARNING label cut to 80 characters: c21_d -> LFS 2022-2023: Registering with or contacting public or private employment
11:38:42 00_names WARNING label cut to 80 characters: c21_e -> LFS 2022-2023: Applying to employers directly,checking at
11:38:42 00_names WARNING label cut to 80 characters: c21_g -> LFS 2022-2023: Placing and updating resumes on professional or social
11:38:42 00_names WARNING label cut to 80 characters: c21a_v2 -> LFS 2017-2019: What did the person do in the last 4 weeks to find a paid job or
11:38:42 00_names WARNING label cut to 80 characters: c21b_v2 -> LFS 2017-2019: What did the person do in the last 4 weeks to find a paid job or
11:38:42 00_names WARNING label cut to 80 characters: c21c -> LFS 2018-2021: Seeking the assistance of friends,relatives or other types of
11:38:42 00_names WARNING label cut to 80 characters: c21c_v2 -> LFS 2017-2019: What did the person do in the last 4 weeks to find a paid job or
11:38:42 00_names WARNING label cut to 80 characters: c21d_v2 -> LFS 2017-2019: What did the person do in the last 4 weeks to find a paid job or
11:38:42 00_names WARNING label cut to 80 characters: c21e -> LFS 2018-2021: Applying to employers directly,checking at
11:38:42 00_names WARNING label cut to 80 characters: c21g -> LFS 2018-2021: Placing and updating resumes on professional or social
11:38:42 00_names WARNING label cut to 80 characters: c22 -> LFS 2018-2025: For how long has the person been without work and trying to find
11:38:42 00_names WARNING label cut to 80 characters: c22_v2 -> LFS 2017-2024: For how long has the person been without work and trying to find
11:38:42 00_names WARNING label cut to 80 characters: c23 -> LFS 2017-2025: Would the person want to work if a paid job or business
11:38:42 00_names WARNING label cut to 80 characters: c24 -> LFS 2017-2025: What was the main reason the person did not try to find a paid
11:38:42 00_names WARNING label cut to 80 characters: c24_v2 -> LFS 2021: What was the main reason the person did not try to find a paid job or
11:38:42 00_names WARNING label cut to 80 characters: c25 -> LFS 2017-2025: If a paid job or business opportunity become available, could
11:38:42 00_names WARNING label cut to 80 characters: c26 -> LFS 2017-2024: What is the mean reason why the person could not start working
11:38:42 00_names WARNING label cut to 80 characters: c26_v2 -> LFS 2025: What is the mean reason why the person could not start working in the
11:38:42 00_names WARNING label cut to 80 characters: d02 -> LFS 2017-2019: What do you think could be the minimum level of education to
11:38:42 00_names WARNING label cut to 80 characters: d03b -> LFS 2019-2021: What are the main goods or services produced at the person ? s
11:38:42 00_names WARNING label cut to 80 characters: d03b1_v2 -> LFS 2020: ISIC code of the main job ; 2-digit divisions in the reduced 2020
11:38:42 00_names WARNING label cut to 80 characters: d06 -> LFS 2017-2025: (Do/does) the person have a written contract or oral agreement
11:38:42 00_names WARNING label cut to 80 characters: d08a -> LFS 2025: Does the person have a minimum amount of hours or work agreed with
11:38:42 00_names WARNING label cut to 80 characters: d09a -> LFS 2017-2025: Does employer pay contributions on the person ? s behalf to
11:38:42 00_names WARNING label cut to 80 characters: d09b -> LFS 2017-2023: Does employer pay contributions on the person ? s behalf to
11:38:42 00_names WARNING label cut to 80 characters: d10 -> LFS 2025: Has the person registered their economic activity with the Rwanda
11:38:42 00_names WARNING label cut to 80 characters: d10a -> LFS 2017-2025: Is the person entitled to paid annual leave benefits from
11:38:42 00_names WARNING label cut to 80 characters: d12 -> LFS 2017-2024: How much did the person earn at main job last time in cash and
11:38:42 00_names WARNING label cut to 80 characters: d12_1 -> LFS 2025: How much money did the person earn from their main job/business the
11:38:42 00_names WARNING label cut to 80 characters: d14 -> LFS 2017-2023: Does the person receive in-kind payments in main job such as
11:38:42 00_names WARNING label cut to 80 characters: d14_1 -> LFS 2025: On average, how much money did the person earn from main job/business
11:38:42 00_names WARNING label cut to 80 characters: d17 -> LFS 2017-2023: Taking into account both cash and in kind payments,Would you say
11:38:42 00_names WARNING label cut to 80 characters: d17_1 -> LFS 2025: Would you say that monthly amount earned the last time in the person
11:38:42 00_names WARNING label cut to 80 characters: d18a_v2 -> LFS 2017: What is the net monthly earnings of the person from their business
11:38:42 00_names WARNING label cut to 80 characters: d18a1 -> LFS 2017: What is the net monthly earnings of the person from their business
11:38:42 00_names WARNING label cut to 80 characters: d18b -> LFS 2017: What is the net monthly earnings of the person from their business or
11:38:42 00_names WARNING label cut to 80 characters: d19 -> LFS 2017: Was this below average, above average, or average of monthly earnings
11:38:42 00_names WARNING label cut to 80 characters: d20 -> LFS 2017-2025: Is the business/establishment where the person works registered
11:38:42 00_names WARNING label cut to 80 characters: d21 -> LFS 2017-2025: In order to report to an authority, does the
11:38:42 00_names WARNING label cut to 80 characters: d22a -> LFS 2017-2019: How many regular paid or unpaid employees including the person
11:38:42 00_names WARNING label cut to 80 characters: d22b -> LFS 2017-2019: How many regular paid or unpaid employees including the person
11:38:42 00_names WARNING label cut to 80 characters: d23a -> LFS 2025: What means of transportation do you mainly use to commute to your
11:38:42 00_names WARNING label cut to 80 characters: d23a_v2 -> LFS 2024: What means of transportation do you mainly use to commute to your
11:38:42 00_names WARNING label cut to 80 characters: d24_v2 -> LFS 2024-2025: Total work experience in years (2025 questionnaire D24; 2017 =
11:38:42 00_names WARNING label cut to 80 characters: d24b -> LFS 2025: In your main job or business, how many months do you typically work
11:38:42 00_names WARNING label cut to 80 characters: d25 -> LFS 2017-2019: In day to day work does the person need the computer to perform
11:38:42 00_names WARNING label cut to 80 characters: d25a -> LFS 2024-2025: Is this District the same as the District where the person
11:38:42 00_names WARNING label cut to 80 characters: d28 -> LFS 2021: In the past 12 months, has the person ever been hurt in an accident
11:38:42 00_names WARNING label cut to 80 characters: d29 -> LFS 2021: Did this injury result in the person being absent or unable to work
11:38:42 00_names WARNING label cut to 80 characters: d30a -> LFS 2021: How long the person were away from work (or are likely to be) because
11:38:42 00_names WARNING label cut to 80 characters: d30b -> LFS 2021: How long the person were away from work (or are likely to be) because
11:38:42 00_names WARNING label cut to 80 characters: ds08 -> LFS 2025: Who usually makes the decisions about the running of the
11:38:42 00_names WARNING label cut to 80 characters: ds09_a -> LFS 2025: Does more than half of the income from the person ? s
11:38:42 00_names WARNING label cut to 80 characters: ds09_b -> LFS 2025: Does the person get customers, clients or buyers through someone
11:38:42 00_names WARNING label cut to 80 characters: ds09_d -> LFS 2025: In the person ? s business/activity does
11:38:42 00_names WARNING label cut to 80 characters: ds10a -> LFS 2025: Which of the following types of pay (do/does) the person receive for
11:38:42 00_names WARNING label cut to 80 characters: e02 -> LFS 2018: What is the name of the person ? s workplace at their secondary
11:38:42 00_names WARNING label cut to 80 characters: e05a -> LFS 2017-2019: Does the employer pay contributions on the person 's behalf to
11:38:42 00_names WARNING label cut to 80 characters: e05b -> LFS 2017-2019: Does the employer pay contributions on the person 'sbehalf to
11:38:42 00_names WARNING label cut to 80 characters: e07 -> LFS 2017-2019: Is the business/establishment where the person works for
11:38:42 00_names WARNING label cut to 80 characters: e09a -> LFS 2017-2019: Including the person how many regular paid or unpaid
11:38:42 00_names WARNING label cut to 80 characters: e09b -> LFS 2017-2019: Including the person how many regular paid or unpaid
11:38:42 00_names WARNING label cut to 80 characters: e11 -> LFS 2017-2023: Apart from the main job:how many Job did the person had in the
11:38:42 00_names WARNING label cut to 80 characters: e12 -> LFS 2017-2023: How much did the person earn from other jobs or activities had
11:38:42 00_names WARNING label cut to 80 characters: f01 -> LFS 2017-2023: Has the person ever worked previously for a wage, salary or for
11:38:42 00_names WARNING label cut to 80 characters: f01a -> LFS 2025: (Have/Has) the person ever had a paid job or another
11:38:42 00_names WARNING label cut to 80 characters: f02 -> LFS 2017-2024: The main reason to stop working in their last paid job /
11:38:42 00_names WARNING label cut to 80 characters: f04b -> LFS 2019-2021: What were the main goods or services produced at the person ? s
11:38:42 00_names WARNING label cut to 80 characters: f06 -> LFS 2017-2018: In your opinion, which of the following best describes your main
11:38:42 00_names WARNING label cut to 80 characters: f06_v2 -> LFS 2019: In your opinion, which of the following best describes your main
11:38:42 00_names WARNING label cut to 80 characters: f07 -> LFS 2017-2018: What Competencies do you need to increase your employment
11:38:42 00_names WARNING label cut to 80 characters: f07_v2 -> LFS 2019: What Competencies do you need to increase your employment
11:38:42 00_names WARNING label cut to 80 characters: g01 -> LFS 2017-2025: In the last 7 days, how many hours did the person spend
11:38:42 00_names WARNING label cut to 80 characters: g01a -> LFS 2021-2025: In the last 7 days, did the person spend time collecting
11:38:42 00_names WARNING label cut to 80 characters: g02 -> LFS 2017-2025: In the last 7 days, how many hours did the person spend fetching
11:38:42 00_names WARNING label cut to 80 characters: g02a -> LFS 2021-2025: In the last 7 days, Did the person spent time on fetching water
11:38:42 00_names WARNING label cut to 80 characters: g03 -> LFS 2017-2025: In the last 7 days, how many hours did the person spend
11:38:42 00_names WARNING label cut to 80 characters: g03a -> LFS 2021-2025: In the last 7 days, Did the person spent time on grazing or
11:38:42 00_names WARNING label cut to 80 characters: g04 -> LFS 2017-2025: In the last 7 days, how many hours did the person spend
11:38:42 00_names WARNING label cut to 80 characters: g04a -> LFS 2021-2025: In the last 7 days, Did the person spent time on manufacturing
11:38:42 00_names WARNING label cut to 80 characters: g05 -> LFS 2017-2025: In the last 7 days, how many hours did the person spend
11:38:42 00_names WARNING label cut to 80 characters: g05a -> LFS 2021-2025: In the last 7 days, Did the person spent time on construction of
11:38:42 00_names WARNING label cut to 80 characters: g06 -> LFS 2017-2025: In the last 7 days, how many hours did the person spend doing
11:38:42 00_names WARNING label cut to 80 characters: g06a -> LFS 2021-2025: In the last 7 days, Did the person spent time on doing household
11:38:42 00_names WARNING label cut to 80 characters: g07 -> LFS 2017-2025: In the last 7 days, how many hours did the person spend looking
11:38:42 00_names WARNING label cut to 80 characters: g07a -> LFS 2021-2025: In the last 7 days, Did the person tooktime to look under
11:38:42 00_names WARNING label cut to 80 characters: h00 -> LFS 2021-2023: How would you describe your main situation on labour market at
11:38:42 00_names WARNING label cut to 80 characters: h01 -> LFS 2017-2025: During the last four weeks did the person do any of the
11:38:42 00_names WARNING label cut to 80 characters: h02 -> LFS 2017-2025: How many days per week has the person usualy worked in these
11:38:42 00_names WARNING label cut to 80 characters: h02_v2 -> LFS 2021-2023: How many days per week did the person usually worked in these
11:38:42 00_names WARNING label cut to 80 characters: h03 -> LFS 2017-2025: How many hours per week does the person usually work in these
11:38:42 00_names WARNING label cut to 80 characters: h03_v2 -> LFS 2021-2023: How many hours per day has the person usually worked in these
11:38:42 00_names WARNING label cut to 80 characters: h05 -> LFS 2017-2025: In general, did the household sell or barter any part of the
11:38:42 00_names WARNING label cut to 80 characters: h07 -> LFS 2017-2019: What was the net Value in Frw the household get from
11:38:42 00_names WARNING label cut to 80 characters: h08 -> LFS 2017-2019: Was the previous season below/above average or an average season
11:38:42 00_names WARNING label cut to 80 characters: h09 -> LFS 2017-2025: Do you regularly or sometimes engage paid employee in the
11:38:42 00_names WARNING label cut to 80 characters: h10 -> LFS 2017-2025: Excluding family members, how many paid employees do you usually
11:38:42 00_names WARNING label cut to 80 characters: h11a -> LFS 2017-2019: Did you get access to the land for the agricultural work by
11:38:42 00_names WARNING label cut to 80 characters: h11b -> LFS 2017-2019: Did you get access to the land for the agricultural work by
11:38:42 00_names WARNING label cut to 80 characters: h11c -> LFS 2017-2019: Did you get access to the land for the agricultural work by
11:38:42 00_names WARNING label cut to 80 characters: h11d -> LFS 2017-2019: Did you get access to the land for the agricultural work by
11:38:42 00_names WARNING label cut to 80 characters: h11e -> LFS 2017-2019: Did you get access to the land for the agricultural work by
11:38:42 00_names WARNING label cut to 80 characters: i06b -> LFS 2017-2023: What is the main source of water in your household for other
11:38:42 00_names WARNING label cut to 80 characters: i08 -> LFS 2019-2020: How many of this household members used internet in the last 12
11:38:42 00_names WARNING label cut to 80 characters: i12 -> LFS 2019-2020: How many of this household members aged 10 and above who used a
11:38:42 00_names WARNING label cut to 80 characters: i13 -> LFS 2019: How many of this household members aged 10 and above who know to use
11:38:42 00_names WARNING label cut to 80 characters: status1 -> LFS: Labour force status, NISR derived: 1 employed, 2 unemployed, 3 outside the
11:38:42 00_names WARNING label cut to 80 characters: subhrs_v2 -> LFS 2022-2023: NISR subsistence hours = h02 x h03; in 2022-2023 both inputs are
11:38:42 00_names INFO variable_names.csv written: 2508 names in 11 files (pooled + per-wave)
11:38:42 00_names INFO pooled names that needed an abbreviation to fit 32 characters: 82
11:38:42 00_names INFO pooled names that carry the native code to stay unique: 26 (e.g. ['lfs_difficulty_2017_2025_a08', 'lfs_difficulty_2017_2025_a09', 'lfs_days_hours_2017_2019_a30', 'lfs_days_hours_2017_2019_a31', 'lfs_days_hours_2017_2019_a32', 'lfs_days_hours_2017_2019_a34', 'lfs_weeks_find_paid_2017_c21bv2', 'lfs_weeks_find_paid_2017_c21cv2'])
