20:38:37 01_clean INFO ==== 01_clean | run 20260904-203837_01_clean | python 3.13.5 | pandas 2.2.3 | pyreadstat 1.3.4
20:38:37 01_clean INFO ---------------- 2019 ----------------
20:38:38 01_clean INFO read LFS_2019.dta: 81,778 rows x 238 vars
20:38:38 01_clean INFO destring c09a (1098 values)
20:38:38 01_clean INFO destring c21e (940 values)
20:38:38 01_clean INFO destring c21f (940 values)
20:38:38 01_clean INFO destring c21g (940 values)
20:38:38 01_clean INFO destring c21h (940 values)
20:38:38 01_clean INFO destring d24a (23550 values)
20:38:38 01_clean INFO destring i10 (19323 values)
20:38:38 01_clean INFO destring i11 (19323 values)
20:38:38 01_clean INFO destring i12 (19323 values)
20:38:38 01_clean INFO destring i13 (19323 values)
20:38:38 01_clean INFO destring disable (48741 values)
20:38:38 01_clean INFO PASS  row count unchanged (81,778)
20:38:38 01_clean INFO PASS  wt present and > 0 on every row
20:38:38 01_clean INFO PASS  30 districts (found 30)
20:38:38 01_clean INFO PASS  5 provinces (found 5)
20:38:38 01_clean INFO PASS  sex (a01) in {1,2}
20:38:38 01_clean INFO PASS  age (a04) in [0,120] (min 0, max 95)
20:38:39 01_clean INFO PASS  one head per household-interview: 99.9897% of 19,325 (0 heads: 2, 2+: 0)
20:38:39 01_clean INFO PASS  (hhid, interview, pid) unique: 0 duplicates
20:38:39 01_clean INFO share of rows with a household key: 1.000
20:38:39 01_clean INFO rounds: {'MAY19': 22293, 'NOV19': 21949, 'FEB19': 18849, 'AUG19': 18687}
20:38:39 01_clean INFO weighted total (sum wt) = 12,216,163 ; wap16-weighted = 7,231,536
20:38:39 01_clean INFO all checks passed
20:38:39 01_clean INFO wrote LFS_2019_person_clean.dta  (81,778 rows x 251 vars, 98.1 MB)
20:38:39 01_clean INFO 01_clean done for [2019]
