
==============================================================================
>>> 01_harmonize.py
==============================================================================
17:35:16 01_harmonize INFO ==== 01_harmonize | run 20260906-173515 | python 3.13.5 | pandas 2.2.3 | pyreadstat 1.3.4
17:35:16 01_harmonize INFO    previous H_LFS_household.dta removed before the rebuild (0.03 GB)
17:35:16 01_harmonize INFO ---------------- LFS / LFS_pooled_household.dta (household, 0.03 GB) -> H_LFS_household.dta
17:35:19 01_harmonize INFO read LFS_pooled_household.dta: 166,772 rows x 97 vars (typed, 0.1 GB in memory)
17:35:19 01_harmonize INFO PASS  H_LFS_household.dta: row count unchanged (166,772)
17:35:19 01_harmonize INFO PASS  H_LFS_household.dta: every column is a clean lower-case name of at most 32 characters
Traceback (most recent call last):
  File "/Users/matteo/Documents/GitHub/rwa-trs/NISR/Harmonize/01_harmonize.py", line 545, in <module>
    write_dta(df, out, vl, vv, f"H {STAMP}: {tag} {fname[:-4]} harmonised copy (keys, labels, harmonised concepts)", log)
    ~~~~~~~~~^^^^^^^^^^^^^^^^^^^^^^^^^^^^^^^^^^^^^^^^^^^^^^^^^^^^^^^^^^^^^^^^^^^^^^^^^^^^^^^^^^^^^^^^^^^^^^^^^^^^^^^^^^^^
  File "/Users/matteo/Documents/GitHub/rwa-trs/NISR/Harmonize/harmonize_helpers.py", line 157, in write_dta
    if df[c].dtype == object or pd.api.types.is_string_dtype(df[c]):
       ^^^^^^^^^^^
  File "/opt/anaconda3/lib/python3.13/site-packages/pandas/core/generic.py", line 6299, in __getattr__
    return object.__getattribute__(self, name)
           ~~~~~~~~~~~~~~~~~~~~~~~^^^^^^^^^^^^
AttributeError: 'DataFrame' object has no attribute 'dtype'. Did you mean: 'dtypes'?
01_harmonize.py failed (rc=1); see logs/
