16:57:34 01_harmonize INFO ==== 01_harmonize | run 20260905-165732 | python 3.13.5 | pandas 2.2.3 | pyreadstat 1.3.4
16:57:34 01_harmonize WARNING preflight: 1 declared skips (disk): ['H_EICV_own_consumption.dta']
16:57:35 01_harmonize INFO    previous H_LFS_household.dta removed before the rebuild (0.03 GB)
16:57:35 01_harmonize INFO ---------------- LFS / LFS_pooled_household.dta (household, 0.03 GB) -> H_LFS_household.dta
16:57:39 01_harmonize INFO read LFS_pooled_household.dta: 166,772 rows x 97 vars (typed, 0.1 GB in memory)
16:57:39 01_harmonize INFO PASS  H_LFS_household.dta: row count unchanged (166,772)
16:57:41 01_harmonize INFO wrote H_LFS_household.dta  (166,772 rows x 100 vars, 33.4 MB)
16:57:42 01_harmonize INFO    previous H_LFS_person.dta removed before the rebuild (0.71 GB)
16:57:42 01_harmonize INFO ---------------- LFS / LFS_pooled_person.dta (person, 0.67 GB) -> H_LFS_person.dta
16:59:13 01_harmonize INFO read LFS_pooled_person.dta: 720,947 rows x 478 vars (typed, 0.9 GB in memory)
16:59:16 01_harmonize INFO    h_marital   non-missing by wave: {'2017': 53099, '2018': 52785, '2019': 56595, '2020': 0, '2021': 50203, '2022': 49360, '2023': 50019, '2024': 71109, '2025': 70548}
16:59:16 01_harmonize INFO    h_relation  non-missing by wave: {'2017': 77761, '2018': 76670, '2019': 81778, '2020': 67104, '2021': 71947, '2022': 70424, '2023': 71849, '2024': 102562, '2025': 100852}
16:59:16 01_harmonize INFO    h_educ      non-missing by wave: {'2017': 49108, '2018': 48931, '2019': 52550, '2020': 0, '2021': 46562, '2022': 45780, '2023': 46701, '2024': 66303, '2025': 65721}
16:59:16 01_harmonize INFO    h_literacy  non-missing by wave: {'2017': 32815, '2018': 32029, '2019': 34076, '2020': 0, '2021': 29902, '2022': 29679, '2023': 30406, '2024': 0, '2025': 0}
16:59:16 01_harmonize INFO    h_lfstatus  non-missing by wave: {'2017': 45526, '2018': 45297, '2019': 48741, '2020': 44707, '2021': 46562, '2022': 45780, '2023': 46701, '2024': 66303, '2025': 65721}
16:59:16 01_harmonize INFO    h_empstat   non-missing by wave: {'2017': 21394, '2018': 22033, '2019': 23550, '2020': 20436, '2021': 19142, '2022': 19947, '2023': 22214, '2024': 33166, '2025': 34181}
16:59:16 01_harmonize INFO    h_isic1     non-missing by wave: {'2017': 21394, '2018': 22033, '2019': 23351, '2020': 20436, '2021': 19142, '2022': 19947, '2023': 22214, '2024': 33594, '2025': 34712}
16:59:16 01_harmonize INFO    h_isco1     non-missing by wave: {'2017': 21394, '2018': 21836, '2019': 23351, '2020': 0, '2021': 19142, '2022': 19947, '2023': 22214, '2024': 33594, '2025': 34712}
16:59:16 01_harmonize INFO PASS  H_LFS_person.dta: row count unchanged (720,947)
16:59:31 01_harmonize INFO wrote H_LFS_person.dta  (720,947 rows x 494 vars, 710.7 MB)
16:59:31 01_harmonize INFO    previous H_Census_household.dta removed before the rebuild (0.33 GB)
16:59:31 01_harmonize INFO ---------------- Census / Census_pooled_household.dta (household, 0.32 GB) -> H_Census_household.dta
17:00:31 01_harmonize INFO read Census_pooled_household.dta: 750,115 rows x 289 vars (typed, 0.6 GB in memory)
17:00:32 01_harmonize INFO PASS  H_Census_household.dta: row count unchanged (750,115)
17:00:42 01_harmonize INFO wrote H_Census_household.dta  (750,115 rows x 292 vars, 333.3 MB)
17:00:42 01_harmonize INFO    previous H_Census_person.dta removed before the rebuild (2.21 GB)
17:00:42 01_harmonize INFO ---------------- Census / Census_pooled_person.dta (person, 2.03 GB) -> H_Census_person.dta
17:09:31 01_harmonize INFO read Census_pooled_person.dta: 3,165,813 rows x 465 vars (typed, 3.6 GB in memory)
17:09:45 01_harmonize INFO    h_marital   non-missing by wave: {'2002': 499639, '2012': 681318, '2022': 910862}
17:09:45 01_harmonize INFO    h_relation  non-missing by wave: {'2002': 791992, '2012': 1038369, '2022': 1313015}
17:09:45 01_harmonize INFO    h_educ      non-missing by wave: {'2002': 630662, '2012': 938201, '2022': 1312841}
17:09:45 01_harmonize INFO    h_literacy  non-missing by wave: {'2002': 613063, '2012': 940001, '2022': 971201}
17:09:46 01_harmonize INFO    h_lfstatus  non-missing by wave: {'2002': 607987, '2012': 883622, '2022': 0}
17:09:46 01_harmonize INFO    h_empstat   non-missing by wave: {'2002': 336001, '2012': 410351, '2022': 359336}
17:09:46 01_harmonize INFO    h_isic1     non-missing by wave: {'2002': 340067, '2012': 418732, '2022': 352641}
17:09:46 01_harmonize INFO    h_isco1     non-missing by wave: {'2002': 341140, '2012': 418930, '2022': 359323}
17:09:47 01_harmonize INFO PASS  H_Census_person.dta: row count unchanged (3,165,813)
17:10:48 01_harmonize INFO wrote H_Census_person.dta  (3,165,813 rows x 481 vars, 2207.1 MB)
17:10:49 01_harmonize INFO    previous H_EICV_household.dta removed before the rebuild (0.15 GB)
17:10:49 01_harmonize INFO ---------------- EICV / EICV_pooled_household.dta (household, 0.15 GB) -> H_EICV_household.dta
17:11:02 01_harmonize INFO read EICV_pooled_household.dta: 71,681 rows x 1029 vars (typed, 0.2 GB in memory)
17:11:02 01_harmonize INFO PASS  H_EICV_household.dta: row count unchanged (71,681)
17:11:04 01_harmonize INFO wrote H_EICV_household.dta  (71,681 rows x 1032 vars, 152.8 MB)
17:11:04 01_harmonize INFO    previous H_EICV_person.dta removed before the rebuild (0.59 GB)
17:11:04 01_harmonize INFO ---------------- EICV / EICV_pooled_person.dta (person, 0.57 GB) -> H_EICV_person.dta
17:12:43 01_harmonize INFO read EICV_pooled_person.dta: 327,841 rows x 1180 vars (typed, 1.0 GB in memory)
17:12:44 01_harmonize INFO    h_marital   non-missing by wave: {'EICV1': 20750, 'EICV2': 22515, 'EICV3': 44193, 'EICV4_CS': 43681, 'EICV5_CS': 43240, 'EICV7_CS': 43529}
17:12:44 01_harmonize INFO    h_relation  non-missing by wave: {'EICV1': 32153, 'EICV2': 34785, 'EICV3': 68397, 'EICV4_CS': 66081, 'EICV5_CS': 64314, 'EICV7_CS': 62110}
17:12:44 01_harmonize INFO    h_educ      non-missing by wave: {'EICV1': 8744, 'EICV2': 28016, 'EICV3': 34235, 'EICV4_CS': 60441, 'EICV5_CS': 58692, 'EICV7_CS': 62110}
17:12:44 01_harmonize INFO    h_literacy  non-missing by wave: {'EICV1': 23994, 'EICV2': 24491, 'EICV3': 41646, 'EICV4_CS': 47287, 'EICV5_CS': 46765, 'EICV7_CS': 46500}
17:12:44 01_harmonize INFO    h_lfstatus  non-missing by wave: {'EICV1': 25193, 'EICV2': 27133, 'EICV3': 56091, 'EICV4_CS': 55061, 'EICV5_CS': 53664, 'EICV7_CS': 52900}
17:12:44 01_harmonize INFO    h_empstat   non-missing by wave: {'EICV1': 15237, 'EICV2': 16292, 'EICV3': 0, 'EICV4_CS': 0, 'EICV5_CS': 0, 'EICV7_CS': 31289}
17:12:44 01_harmonize INFO    h_isic1     non-missing by wave: {'EICV1': 15190, 'EICV2': 16186, 'EICV3': 0, 'EICV4_CS': 32967, 'EICV5_CS': 0, 'EICV7_CS': 31289}
17:12:44 01_harmonize INFO    h_isco1     non-missing by wave: {'EICV1': 15214, 'EICV2': 16293, 'EICV3': 0, 'EICV4_CS': 32967, 'EICV5_CS': 0, 'EICV7_CS': 30353}
17:12:45 01_harmonize INFO PASS  H_EICV_person.dta: row count unchanged (327,841)
17:12:53 01_harmonize INFO wrote H_EICV_person.dta  (327,841 rows x 1196 vars, 589.9 MB)
17:12:53 01_harmonize INFO    previous H_EICV_EICV3_4_panel_link.dta removed before the rebuild (0.00 GB)
17:12:53 01_harmonize INFO ---------------- EICV / EICV3_4_panel_link.dta (link, 0.00 GB) -> H_EICV_EICV3_4_panel_link.dta
17:12:53 01_harmonize INFO read EICV3_4_panel_link.dta: 8,310 rows x 38 vars (typed, 0.0 GB in memory)
17:12:53 01_harmonize INFO PASS  H_EICV_EICV3_4_panel_link.dta: row count unchanged (8,310)
17:12:53 01_harmonize INFO wrote H_EICV_EICV3_4_panel_link.dta  (8,310 rows x 39 vars, 1.8 MB)
17:12:53 01_harmonize INFO    previous H_EICV_EICV5_vup_panel_link.dta removed before the rebuild (0.00 GB)
17:12:53 01_harmonize INFO ---------------- EICV / EICV5_vup_panel_link.dta (link, 0.00 GB) -> H_EICV_EICV5_vup_panel_link.dta
17:12:53 01_harmonize INFO read EICV5_vup_panel_link.dta: 5,171 rows x 41 vars (typed, 0.0 GB in memory)
17:12:53 01_harmonize INFO PASS  H_EICV_EICV5_vup_panel_link.dta: row count unchanged (5,171)
17:12:54 01_harmonize INFO wrote H_EICV_EICV5_vup_panel_link.dta  (5,171 rows x 43 vars, 1.4 MB)
17:12:54 01_harmonize INFO    previous H_EICV_agri_expenditure.dta removed before the rebuild (0.16 GB)
17:12:54 01_harmonize INFO ---------------- EICV / EICV_pooled_agri_expenditure.dta (agri_expenditure, 0.13 GB) -> H_EICV_agri_expenditure.dta
17:13:20 01_harmonize INFO read EICV_pooled_agri_expenditure.dta: 890,994 rows x 57 vars (typed, 0.2 GB in memory)
17:13:21 01_harmonize INFO PASS  H_EICV_agri_expenditure.dta: row count unchanged (890,994)
17:13:27 01_harmonize INFO wrote H_EICV_agri_expenditure.dta  (890,994 rows x 58 vars, 156.0 MB)
17:13:27 01_harmonize INFO    previous H_EICV_agri_income.dta removed before the rebuild (0.05 GB)
17:13:27 01_harmonize INFO ---------------- EICV / EICV_pooled_agri_income.dta (agri_income, 0.04 GB) -> H_EICV_agri_income.dta
17:13:31 01_harmonize INFO read EICV_pooled_agri_income.dta: 397,212 rows x 32 vars (typed, 0.1 GB in memory)
17:13:32 01_harmonize INFO PASS  H_EICV_agri_income.dta: row count unchanged (397,212)
17:13:34 01_harmonize INFO wrote H_EICV_agri_income.dta  (397,212 rows x 33 vars, 51.3 MB)
17:13:34 01_harmonize INFO    previous H_EICV_agri_processing.dta removed before the rebuild (0.05 GB)
17:13:34 01_harmonize INFO ---------------- EICV / EICV_pooled_agri_processing.dta (agri_processing, 0.05 GB) -> H_EICV_agri_processing.dta
17:13:38 01_harmonize INFO read EICV_pooled_agri_processing.dta: 172,408 rows x 108 vars (typed, 0.1 GB in memory)
17:13:38 01_harmonize INFO PASS  H_EICV_agri_processing.dta: row count unchanged (172,408)
17:13:40 01_harmonize INFO wrote H_EICV_agri_processing.dta  (172,408 rows x 110 vars, 53.7 MB)
17:13:40 01_harmonize INFO    previous H_EICV_credits.dta removed before the rebuild (0.02 GB)
17:13:40 01_harmonize INFO ---------------- EICV / EICV_pooled_credits.dta (credits, 0.02 GB) -> H_EICV_credits.dta
17:13:42 01_harmonize INFO read EICV_pooled_credits.dta: 104,030 rows x 85 vars (typed, 0.0 GB in memory)
17:13:42 01_harmonize INFO PASS  H_EICV_credits.dta: row count unchanged (104,030)
17:13:43 01_harmonize INFO wrote H_EICV_credits.dta  (104,030 rows x 87 vars, 23.7 MB)
17:13:43 01_harmonize INFO    previous H_EICV_crop_large.dta removed before the rebuild (0.04 GB)
17:13:43 01_harmonize INFO ---------------- EICV / EICV_pooled_crop_large.dta (crop_large, 0.04 GB) -> H_EICV_crop_large.dta
17:13:45 01_harmonize INFO read EICV_pooled_crop_large.dta: 159,868 rows x 77 vars (typed, 0.0 GB in memory)
17:13:46 01_harmonize INFO PASS  H_EICV_crop_large.dta: row count unchanged (159,868)
17:13:47 01_harmonize INFO wrote H_EICV_crop_large.dta  (159,868 rows x 79 vars, 45.0 MB)
17:13:47 01_harmonize INFO    previous H_EICV_crop_small.dta removed before the rebuild (0.13 GB)
17:13:47 01_harmonize INFO ---------------- EICV / EICV_pooled_crop_small.dta (crop_small, 0.11 GB) -> H_EICV_crop_small.dta
17:13:57 01_harmonize INFO read EICV_pooled_crop_small.dta: 469,456 rows x 86 vars (typed, 0.1 GB in memory)
17:13:58 01_harmonize INFO PASS  H_EICV_crop_small.dta: row count unchanged (469,456)
17:14:01 01_harmonize INFO wrote H_EICV_crop_small.dta  (469,456 rows x 88 vars, 131.5 MB)
17:14:01 01_harmonize INFO    previous H_EICV_durables.dta removed before the rebuild (0.66 GB)
17:14:01 01_harmonize INFO ---------------- EICV / EICV_pooled_durables.dta (durables, 0.61 GB) -> H_EICV_durables.dta
17:15:08 01_harmonize INFO read EICV_pooled_durables.dta: 2,103,971 rows x 103 vars (typed, 0.8 GB in memory)
17:15:09 01_harmonize INFO PASS  H_EICV_durables.dta: row count unchanged (2,103,971)
17:15:24 01_harmonize INFO wrote H_EICV_durables.dta  (2,103,971 rows x 104 vars, 664.9 MB)
17:15:24 01_harmonize INFO    previous H_EICV_enterprise.dta removed before the rebuild (0.02 GB)
17:15:24 01_harmonize INFO ---------------- EICV / EICV_pooled_enterprise.dta (enterprise, 0.01 GB) -> H_EICV_enterprise.dta
17:15:25 01_harmonize INFO read EICV_pooled_enterprise.dta: 70,481 rows x 99 vars (typed, 0.0 GB in memory)
17:15:25 01_harmonize INFO PASS  H_EICV_enterprise.dta: row count unchanged (70,481)
17:15:26 01_harmonize INFO wrote H_EICV_enterprise.dta  (70,481 rows x 101 vars, 16.3 MB)
17:15:26 01_harmonize INFO    previous H_EICV_equipment.dta removed before the rebuild (0.05 GB)
17:15:26 01_harmonize INFO ---------------- EICV / EICV_pooled_equipment.dta (equipment, 0.05 GB) -> H_EICV_equipment.dta
17:15:31 01_harmonize INFO read EICV_pooled_equipment.dta: 385,968 rows x 48 vars (typed, 0.1 GB in memory)
17:15:31 01_harmonize INFO PASS  H_EICV_equipment.dta: row count unchanged (385,968)
17:15:33 01_harmonize INFO wrote H_EICV_equipment.dta  (385,968 rows x 49 vars, 54.8 MB)
17:15:33 01_harmonize INFO    previous H_EICV_expenditure_annual.dta removed before the rebuild (0.91 GB)
17:15:33 01_harmonize INFO ---------------- EICV / EICV_pooled_expenditure_annual.dta (expenditure_annual, 0.78 GB) -> H_EICV_expenditure_annual.dta
17:17:01 01_harmonize INFO read EICV_pooled_expenditure_annual.dta: 5,476,244 rows x 52 vars (typed, 1.0 GB in memory)
17:17:05 01_harmonize INFO PASS  H_EICV_expenditure_annual.dta: row count unchanged (5,476,244)
17:17:38 01_harmonize INFO wrote H_EICV_expenditure_annual.dta  (5,476,244 rows x 53 vars, 909.1 MB)
17:17:39 01_harmonize INFO    previous H_EICV_expenditure_frequent.dta removed before the rebuild (0.71 GB)
17:17:39 01_harmonize INFO ---------------- EICV / EICV_pooled_expenditure_frequent.dta (expenditure_frequent, 0.65 GB) -> H_EICV_expenditure_frequent.dta
17:18:43 01_harmonize INFO read EICV_pooled_expenditure_frequent.dta: 2,504,958 rows x 80 vars (typed, 0.8 GB in memory)
17:18:44 01_harmonize INFO PASS  H_EICV_expenditure_frequent.dta: row count unchanged (2,504,958)
17:19:02 01_harmonize INFO wrote H_EICV_expenditure_frequent.dta  (2,504,958 rows x 81 vars, 706.5 MB)
17:19:03 01_harmonize INFO    previous H_EICV_expenditure_monthly.dta removed before the rebuild (0.65 GB)
17:19:03 01_harmonize INFO ---------------- EICV / EICV_pooled_expenditure_monthly.dta (expenditure_monthly, 0.56 GB) -> H_EICV_expenditure_monthly.dta
17:20:07 01_harmonize INFO read EICV_pooled_expenditure_monthly.dta: 3,930,484 rows x 53 vars (typed, 0.7 GB in memory)
17:20:09 01_harmonize INFO PASS  H_EICV_expenditure_monthly.dta: row count unchanged (3,930,484)
17:20:32 01_harmonize INFO wrote H_EICV_expenditure_monthly.dta  (3,930,484 rows x 54 vars, 648.6 MB)
17:20:32 01_harmonize INFO ---------------- EICV / EICV_pooled_food.dta (food, 5.79 GB) -> H_EICV_food.dta
17:28:54 01_harmonize INFO read EICV_pooled_food.dta: 10,789,172 rows x 168 vars (typed, 8.3 GB in memory)
17:29:08 01_harmonize INFO PASS  H_EICV_food.dta: row count unchanged (10,789,172)
17:32:46 01_harmonize INFO wrote H_EICV_food.dta  (10,789,172 rows x 170 vars, 6333.4 MB)
17:32:49 01_harmonize INFO    previous H_EICV_household_vup.dta removed before the rebuild (0.01 GB)
17:32:49 01_harmonize INFO ---------------- EICV / EICV_pooled_household_vup.dta (household, 0.01 GB) -> H_EICV_household_vup.dta
17:32:50 01_harmonize INFO read EICV_pooled_household_vup.dta: 7,875 rows x 395 vars (typed, 0.0 GB in memory)
17:32:50 01_harmonize INFO PASS  H_EICV_household_vup.dta: row count unchanged (7,875)
17:32:51 01_harmonize INFO wrote H_EICV_household_vup.dta  (7,875 rows x 398 vars, 5.3 MB)
17:32:51 01_harmonize INFO    previous H_EICV_jobs.dta removed before the rebuild (0.10 GB)
17:32:51 01_harmonize INFO ---------------- EICV / EICV_pooled_jobs.dta (jobs, 0.09 GB) -> H_EICV_jobs.dta
17:33:00 01_harmonize INFO read EICV_pooled_jobs.dta: 242,580 rows x 200 vars (typed, 0.1 GB in memory)
17:33:00 01_harmonize INFO PASS  H_EICV_jobs.dta: row count unchanged (242,580)
17:33:02 01_harmonize INFO wrote H_EICV_jobs.dta  (242,580 rows x 202 vars, 98.7 MB)
17:33:02 01_harmonize INFO    previous H_EICV_land.dta removed before the rebuild (0.07 GB)
17:33:02 01_harmonize INFO ---------------- EICV / EICV_pooled_land.dta (land, 0.06 GB) -> H_EICV_land.dta
17:33:07 01_harmonize INFO read EICV_pooled_land.dta: 545,978 rows x 37 vars (typed, 0.1 GB in memory)
17:33:07 01_harmonize INFO PASS  H_EICV_land.dta: row count unchanged (545,978)
17:33:10 01_harmonize INFO wrote H_EICV_land.dta  (545,978 rows x 38 vars, 71.0 MB)
17:33:10 01_harmonize INFO    previous H_EICV_livestock.dta removed before the rebuild (0.11 GB)
17:33:10 01_harmonize INFO ---------------- EICV / EICV_pooled_livestock.dta (livestock, 0.10 GB) -> H_EICV_livestock.dta
17:33:20 01_harmonize INFO read EICV_pooled_livestock.dta: 345,131 rows x 125 vars (typed, 0.1 GB in memory)
17:33:21 01_harmonize INFO PASS  H_EICV_livestock.dta: row count unchanged (345,131)
17:33:23 01_harmonize INFO wrote H_EICV_livestock.dta  (345,131 rows x 126 vars, 106.4 MB)
17:33:23 01_harmonize INFO    previous H_EICV_livestock_expenditure.dta removed before the rebuild (0.08 GB)
17:33:23 01_harmonize INFO ---------------- EICV / EICV_pooled_livestock_expenditure.dta (livestock_expenditure, 0.07 GB) -> H_EICV_livestock_expenditure.dta
17:33:30 01_harmonize INFO read EICV_pooled_livestock_expenditure.dta: 424,476 rows x 69 vars (typed, 0.1 GB in memory)
17:33:30 01_harmonize INFO PASS  H_EICV_livestock_expenditure.dta: row count unchanged (424,476)
17:33:32 01_harmonize INFO wrote H_EICV_livestock_expenditure.dta  (424,476 rows x 70 vars, 84.5 MB)
17:33:32 01_harmonize INFO    previous H_EICV_livestock_products.dta removed before the rebuild (0.06 GB)
17:33:32 01_harmonize INFO ---------------- EICV / EICV_pooled_livestock_products.dta (livestock_products, 0.05 GB) -> H_EICV_livestock_products.dta
17:33:36 01_harmonize INFO read EICV_pooled_livestock_products.dta: 317,188 rows x 56 vars (typed, 0.1 GB in memory)
17:33:36 01_harmonize INFO PASS  H_EICV_livestock_products.dta: row count unchanged (317,188)
17:33:38 01_harmonize INFO wrote H_EICV_livestock_products.dta  (317,188 rows x 57 vars, 61.9 MB)
17:33:38 01_harmonize INFO    previous H_EICV_other_expenditure.dta removed before the rebuild (0.11 GB)
17:33:38 01_harmonize INFO ---------------- EICV / EICV_pooled_other_expenditure.dta (other_expenditure, 0.09 GB) -> H_EICV_other_expenditure.dta
17:33:46 01_harmonize INFO read EICV_pooled_other_expenditure.dta: 814,696 rows x 36 vars (typed, 0.1 GB in memory)
17:33:46 01_harmonize INFO PASS  H_EICV_other_expenditure.dta: row count unchanged (814,696)
17:33:50 01_harmonize INFO wrote H_EICV_other_expenditure.dta  (814,696 rows x 37 vars, 109.2 MB)
17:33:51 01_harmonize INFO    previous H_EICV_other_income.dta removed before the rebuild (0.27 GB)
17:33:51 01_harmonize INFO ---------------- EICV / EICV_pooled_other_income.dta (other_income, 0.23 GB) -> H_EICV_other_income.dta
17:34:16 01_harmonize INFO read EICV_pooled_other_income.dta: 1,605,652 rows x 51 vars (typed, 0.3 GB in memory)
17:34:17 01_harmonize INFO PASS  H_EICV_other_income.dta: row count unchanged (1,605,652)
17:34:27 01_harmonize INFO wrote H_EICV_other_income.dta  (1,605,652 rows x 52 vars, 269.8 MB)
17:34:27 01_harmonize WARNING SKIPPED EICV_pooled_own_consumption.dta: 2.1 GB file, only 5.3 GB free (MIN_FREE_GB=5.0) -- declared limitation, rerun when space is available
17:34:27 01_harmonize INFO    previous H_EICV_parcels.dta removed before the rebuild (0.06 GB)
17:34:27 01_harmonize INFO ---------------- EICV / EICV_pooled_parcels.dta (parcels, 0.05 GB) -> H_EICV_parcels.dta
17:34:33 01_harmonize INFO read EICV_pooled_parcels.dta: 207,503 rows x 123 vars (typed, 0.1 GB in memory)
17:34:33 01_harmonize INFO PASS  H_EICV_parcels.dta: row count unchanged (207,503)
17:34:35 01_harmonize INFO wrote H_EICV_parcels.dta  (207,503 rows x 125 vars, 63.8 MB)
17:34:35 01_harmonize INFO    previous H_EICV_person_vup.dta removed before the rebuild (0.03 GB)
17:34:35 01_harmonize INFO ---------------- EICV / EICV_pooled_person_vup.dta (person, 0.03 GB) -> H_EICV_person_vup.dta
17:34:39 01_harmonize INFO read EICV_pooled_person_vup.dta: 32,241 rows x 511 vars (typed, 0.0 GB in memory)
17:34:39 01_harmonize INFO    h_marital   non-missing by wave: {'EICV4_VUP': 7220, 'EICV5_VUP': 4765, 'EICV7_VUP': 10571}
17:34:39 01_harmonize INFO    h_relation  non-missing by wave: {'EICV4_VUP': 10606, 'EICV5_VUP': 6596, 'EICV7_VUP': 15039}
17:34:39 01_harmonize INFO    h_educ      non-missing by wave: {'EICV4_VUP': 9929, 'EICV5_VUP': 6095, 'EICV7_VUP': 15039}
17:34:39 01_harmonize INFO    h_literacy  non-missing by wave: {'EICV4_VUP': 7835, 'EICV5_VUP': 5114, 'EICV7_VUP': 11298}
17:34:39 01_harmonize INFO    h_lfstatus  non-missing by wave: {'EICV4_VUP': 0, 'EICV5_VUP': 5731, 'EICV7_VUP': 12854}
17:34:39 01_harmonize INFO    h_empstat   non-missing by wave: {'EICV4_VUP': 0, 'EICV5_VUP': 0, 'EICV7_VUP': 7093}
17:34:39 01_harmonize INFO    h_isic1     non-missing by wave: {'EICV4_VUP': 0, 'EICV5_VUP': 0, 'EICV7_VUP': 7093}
17:34:39 01_harmonize INFO    h_isco1     non-missing by wave: {'EICV4_VUP': 0, 'EICV5_VUP': 0, 'EICV7_VUP': 6816}
17:34:40 01_harmonize INFO PASS  H_EICV_person_vup.dta: row count unchanged (32,241)
17:34:40 01_harmonize INFO wrote H_EICV_person_vup.dta  (32,241 rows x 527 vars, 28.7 MB)
17:34:40 01_harmonize INFO    previous H_EICV_savings.dta removed before the rebuild (0.04 GB)
17:34:40 01_harmonize INFO ---------------- EICV / EICV_pooled_savings.dta (savings, 0.03 GB) -> H_EICV_savings.dta
17:34:43 01_harmonize INFO read EICV_pooled_savings.dta: 153,408 rows x 87 vars (typed, 0.0 GB in memory)
17:34:44 01_harmonize INFO PASS  H_EICV_savings.dta: row count unchanged (153,408)
17:34:45 01_harmonize INFO wrote H_EICV_savings.dta  (153,408 rows x 89 vars, 40.7 MB)
17:34:45 01_harmonize INFO    previous H_EICV_services.dta removed before the rebuild (0.19 GB)
17:34:45 01_harmonize INFO ---------------- EICV / EICV_pooled_services.dta (services, 0.16 GB) -> H_EICV_services.dta
17:35:14 01_harmonize INFO read EICV_pooled_services.dta: 1,041,332 rows x 71 vars (typed, 0.2 GB in memory)
17:35:15 01_harmonize INFO PASS  H_EICV_services.dta: row count unchanged (1,041,332)
17:35:23 01_harmonize INFO wrote H_EICV_services.dta  (1,041,332 rows x 72 vars, 185.4 MB)
17:35:24 01_harmonize INFO    previous H_EICV_tontine.dta removed before the rebuild (0.01 GB)
17:35:24 01_harmonize INFO ---------------- EICV / EICV_pooled_tontine.dta (tontine, 0.00 GB) -> H_EICV_tontine.dta
17:35:24 01_harmonize INFO read EICV_pooled_tontine.dta: 25,113 rows x 26 vars (typed, 0.0 GB in memory)
17:35:24 01_harmonize INFO PASS  H_EICV_tontine.dta: row count unchanged (25,113)
17:35:24 01_harmonize INFO wrote H_EICV_tontine.dta  (25,113 rows x 28 vars, 3.2 MB)
17:35:24 01_harmonize INFO    previous H_EICV_transfers_in.dta removed before the rebuild (0.09 GB)
17:35:24 01_harmonize INFO ---------------- EICV / EICV_pooled_transfers_in.dta (transfers_in, 0.08 GB) -> H_EICV_transfers_in.dta
17:35:35 01_harmonize INFO read EICV_pooled_transfers_in.dta: 343,860 rows x 97 vars (typed, 0.1 GB in memory)
17:35:36 01_harmonize INFO PASS  H_EICV_transfers_in.dta: row count unchanged (343,860)
17:35:38 01_harmonize INFO wrote H_EICV_transfers_in.dta  (343,860 rows x 99 vars, 90.9 MB)
17:35:38 01_harmonize INFO    previous H_EICV_transfers_out.dta removed before the rebuild (0.10 GB)
17:35:38 01_harmonize INFO ---------------- EICV / EICV_pooled_transfers_out.dta (transfers_out, 0.08 GB) -> H_EICV_transfers_out.dta
17:35:51 01_harmonize INFO read EICV_pooled_transfers_out.dta: 391,466 rows x 91 vars (typed, 0.1 GB in memory)
17:35:52 01_harmonize INFO PASS  H_EICV_transfers_out.dta: row count unchanged (391,466)
17:35:55 01_harmonize INFO wrote H_EICV_transfers_out.dta  (391,466 rows x 93 vars, 99.9 MB)
17:35:57 01_harmonize INFO    previous H_EC_establishment.dta removed before the rebuild (0.46 GB)
17:35:57 01_harmonize INFO ---------------- EC / EC_pooled_establishment.dta (establishment, 0.46 GB) -> H_EC_establishment.dta
17:37:23 01_harmonize INFO read EC_pooled_establishment.dta: 896,710 rows x 265 vars (typed, 0.6 GB in memory)
17:37:23 01_harmonize INFO PASS  H_EC_establishment.dta: row count unchanged (896,710)
17:37:31 01_harmonize INFO wrote H_EC_establishment.dta  (896,710 rows x 265 vars, 456.7 MB)
17:37:33 01_harmonize INFO    previous H_AHS_household.dta removed before the rebuild (0.03 GB)
17:37:33 01_harmonize INFO ---------------- AHS / AHS_pooled_household.dta (household, 0.03 GB) -> H_AHS_household.dta
17:37:35 01_harmonize INFO read AHS_pooled_household.dta: 30,447 rows x 459 vars (typed, 0.0 GB in memory)
17:37:35 01_harmonize INFO PASS  H_AHS_household.dta: row count unchanged (30,447)
17:37:36 01_harmonize INFO wrote H_AHS_household.dta  (30,447 rows x 462 vars, 33.1 MB)
17:37:36 01_harmonize INFO    previous H_AHS_person.dta removed before the rebuild (0.05 GB)
17:37:36 01_harmonize INFO ---------------- AHS / AHS_pooled_person.dta (person, 0.04 GB) -> H_AHS_person.dta
17:37:41 01_harmonize INFO read AHS_pooled_person.dta: 138,683 rows x 187 vars (typed, 0.1 GB in memory)
17:37:42 01_harmonize INFO    h_marital   non-missing by wave: {'2017': 0, '2020': 0, '2024': 11495}
17:37:42 01_harmonize INFO    h_relation  non-missing by wave: {'2017': 73665, '2020': 48726, '2024': 16292}
17:37:42 01_harmonize INFO    h_educ      non-missing by wave: {'2017': 51421, '2020': 41244, '2024': 16292}
17:37:42 01_harmonize INFO    h_literacy  non-missing by wave: {'2017': 0, '2020': 0, '2024': 12305}
17:37:42 01_harmonize INFO    h_lfstatus  non-missing by wave: {'2017': 51421, '2020': 41365, '2024': 14019}
17:37:42 01_harmonize INFO    h_empstat   non-missing by wave: {'2017': 0, '2020': 24489, '2024': 8417}
17:37:42 01_harmonize INFO    h_isic1     non-missing by wave: {'2017': 0, '2020': 0, '2024': 0}
17:37:42 01_harmonize INFO    h_isco1     non-missing by wave: {'2017': 0, '2020': 0, '2024': 0}
17:37:42 01_harmonize INFO PASS  H_AHS_person.dta: row count unchanged (138,683)
17:37:43 01_harmonize INFO wrote H_AHS_person.dta  (138,683 rows x 203 vars, 50.4 MB)
17:37:43 01_harmonize INFO    previous H_AHS_animal_inputs.dta removed before the rebuild (0.01 GB)
17:37:43 01_harmonize INFO ---------------- AHS / AHS_pooled_animal_inputs.dta (animal_inputs, 0.01 GB) -> H_AHS_animal_inputs.dta
17:37:44 01_harmonize INFO read AHS_pooled_animal_inputs.dta: 49,750 rows x 52 vars (typed, 0.0 GB in memory)
17:37:44 01_harmonize INFO PASS  H_AHS_animal_inputs.dta: row count unchanged (49,750)
17:37:44 01_harmonize INFO wrote H_AHS_animal_inputs.dta  (49,750 rows x 53 vars, 10.0 MB)
17:37:44 01_harmonize INFO    previous H_AHS_credits.dta removed before the rebuild (0.01 GB)
17:37:44 01_harmonize INFO ---------------- AHS / AHS_pooled_credits.dta (credits, 0.00 GB) -> H_AHS_credits.dta
17:37:45 01_harmonize INFO read AHS_pooled_credits.dta: 31,947 rows x 89 vars (typed, 0.0 GB in memory)
17:37:45 01_harmonize INFO PASS  H_AHS_credits.dta: row count unchanged (31,947)
17:37:45 01_harmonize INFO wrote H_AHS_credits.dta  (31,947 rows x 91 vars, 6.1 MB)
17:37:45 01_harmonize INFO    previous H_AHS_eggs.dta removed before the rebuild (0.01 GB)
17:37:45 01_harmonize INFO ---------------- AHS / AHS_pooled_eggs.dta (eggs, 0.01 GB) -> H_AHS_eggs.dta
17:37:46 01_harmonize INFO read AHS_pooled_eggs.dta: 56,074 rows x 49 vars (typed, 0.0 GB in memory)
17:37:46 01_harmonize INFO PASS  H_AHS_eggs.dta: row count unchanged (56,074)
17:37:46 01_harmonize INFO wrote H_AHS_eggs.dta  (56,074 rows x 50 vars, 7.4 MB)
17:37:46 01_harmonize INFO    previous H_AHS_extension.dta removed before the rebuild (0.02 GB)
17:37:46 01_harmonize INFO ---------------- AHS / AHS_pooled_extension.dta (extension, 0.01 GB) -> H_AHS_extension.dta
17:37:47 01_harmonize INFO read AHS_pooled_extension.dta: 60,701 rows x 74 vars (typed, 0.0 GB in memory)
17:37:48 01_harmonize INFO PASS  H_AHS_extension.dta: row count unchanged (60,701)
17:37:48 01_harmonize INFO wrote H_AHS_extension.dta  (60,701 rows x 75 vars, 9.4 MB)
17:37:48 01_harmonize INFO    previous H_AHS_fruits.dta removed before the rebuild (0.00 GB)
17:37:48 01_harmonize INFO ---------------- AHS / AHS_pooled_fruits.dta (fruits, 0.00 GB) -> H_AHS_fruits.dta
17:37:48 01_harmonize INFO read AHS_pooled_fruits.dta: 29,239 rows x 39 vars (typed, 0.0 GB in memory)
17:37:48 01_harmonize INFO PASS  H_AHS_fruits.dta: row count unchanged (29,239)
17:37:48 01_harmonize INFO wrote H_AHS_fruits.dta  (29,239 rows x 40 vars, 2.9 MB)
17:37:48 01_harmonize INFO    previous H_AHS_honey.dta removed before the rebuild (0.01 GB)
17:37:48 01_harmonize INFO ---------------- AHS / AHS_pooled_honey.dta (honey, 0.01 GB) -> H_AHS_honey.dta
17:37:49 01_harmonize INFO read AHS_pooled_honey.dta: 34,955 rows x 59 vars (typed, 0.0 GB in memory)
17:37:49 01_harmonize INFO PASS  H_AHS_honey.dta: row count unchanged (34,955)
17:37:49 01_harmonize INFO wrote H_AHS_honey.dta  (34,955 rows x 60 vars, 7.1 MB)
17:37:49 01_harmonize INFO    previous H_AHS_inputs.dta removed before the rebuild (0.02 GB)
17:37:49 01_harmonize INFO ---------------- AHS / AHS_pooled_inputs.dta (inputs, 0.02 GB) -> H_AHS_inputs.dta
17:37:50 01_harmonize INFO read AHS_pooled_inputs.dta: 26,723 rows x 246 vars (typed, 0.0 GB in memory)
17:37:50 01_harmonize INFO PASS  H_AHS_inputs.dta: row count unchanged (26,723)
17:37:50 01_harmonize INFO wrote H_AHS_inputs.dta  (26,723 rows x 247 vars, 19.8 MB)
17:37:50 01_harmonize INFO    previous H_AHS_land.dta removed before the rebuild (0.01 GB)
17:37:50 01_harmonize INFO ---------------- AHS / AHS_pooled_land.dta (land, 0.01 GB) -> H_AHS_land.dta
17:37:52 01_harmonize INFO read AHS_pooled_land.dta: 72,211 rows x 91 vars (typed, 0.0 GB in memory)
17:37:52 01_harmonize INFO PASS  H_AHS_land.dta: row count unchanged (72,211)
17:37:52 01_harmonize INFO wrote H_AHS_land.dta  (72,211 rows x 92 vars, 15.0 MB)
17:37:52 01_harmonize INFO    previous H_AHS_livestock.dta removed before the rebuild (0.02 GB)
17:37:52 01_harmonize INFO ---------------- AHS / AHS_pooled_livestock.dta (livestock, 0.02 GB) -> H_AHS_livestock.dta
17:37:54 01_harmonize INFO read AHS_pooled_livestock.dta: 65,808 rows x 119 vars (typed, 0.0 GB in memory)
17:37:54 01_harmonize INFO PASS  H_AHS_livestock.dta: row count unchanged (65,808)
17:37:54 01_harmonize INFO wrote H_AHS_livestock.dta  (65,808 rows x 120 vars, 20.8 MB)
17:37:54 01_harmonize INFO    previous H_AHS_milk.dta removed before the rebuild (0.02 GB)
17:37:54 01_harmonize INFO ---------------- AHS / AHS_pooled_milk.dta (milk, 0.02 GB) -> H_AHS_milk.dta
17:37:55 01_harmonize INFO read AHS_pooled_milk.dta: 56,592 rows x 78 vars (typed, 0.0 GB in memory)
17:37:55 01_harmonize INFO PASS  H_AHS_milk.dta: row count unchanged (56,592)
17:37:55 01_harmonize INFO wrote H_AHS_milk.dta  (56,592 rows x 79 vars, 17.8 MB)
17:37:56 01_harmonize INFO    previous H_AHS_tools.dta removed before the rebuild (0.07 GB)
17:37:56 01_harmonize INFO ---------------- AHS / AHS_pooled_tools.dta (tools, 0.06 GB) -> H_AHS_tools.dta
17:37:59 01_harmonize INFO read AHS_pooled_tools.dta: 372,169 rows x 34 vars (typed, 0.1 GB in memory)
17:37:59 01_harmonize INFO PASS  H_AHS_tools.dta: row count unchanged (372,169)
17:38:01 01_harmonize INFO wrote H_AHS_tools.dta  (372,169 rows x 35 vars, 67.8 MB)
17:38:08 01_harmonize INFO    previous H_SAS_plotcrop.dta removed before the rebuild (1.50 GB)
17:38:08 01_harmonize INFO ---------------- SAS / SAS_pooled_plotcrop.dta (plotcrop, 1.50 GB) -> H_SAS_plotcrop.dta
17:38:53 01_harmonize INFO read SAS_pooled_plotcrop.dta: 632,756 rows x 299 vars (typed, 1.0 GB in memory)
17:38:53 01_harmonize INFO PASS  H_SAS_plotcrop.dta: row count unchanged (632,756)
17:39:12 01_harmonize INFO wrote H_SAS_plotcrop.dta  (632,756 rows x 299 vars, 1503.7 MB)
17:39:12 01_harmonize INFO    previous H_SAS_plotcrop_2013_2016.dta removed before the rebuild (0.37 GB)
17:39:12 01_harmonize INFO ---------------- SAS / SAS_pooled_plotcrop_2013_2016.dta (plotcrop_early, 0.37 GB) -> H_SAS_plotcrop_2013_2016.dta
17:39:38 01_harmonize INFO read SAS_pooled_plotcrop_2013_2016.dta: 1,121,780 rows x 84 vars (typed, 0.4 GB in memory)
17:39:38 01_harmonize INFO PASS  H_SAS_plotcrop_2013_2016.dta: row count unchanged (1,121,780)
17:39:46 01_harmonize INFO wrote H_SAS_plotcrop_2013_2016.dta  (1,121,780 rows x 84 vars, 370.3 MB)
17:39:46 01_harmonize INFO    previous H_SAS_screening_crops.dta removed before the rebuild (0.63 GB)
17:39:46 01_harmonize INFO ---------------- SAS / SAS_pooled_screening_crops.dta (screening_crops, 0.63 GB) -> H_SAS_screening_crops.dta
17:40:11 01_harmonize INFO read SAS_pooled_screening_crops.dta: 752,143 rows x 112 vars (typed, 0.4 GB in memory)
17:40:11 01_harmonize INFO PASS  H_SAS_screening_crops.dta: row count unchanged (752,143)
17:40:23 01_harmonize INFO wrote H_SAS_screening_crops.dta  (752,143 rows x 112 vars, 632.6 MB)
17:40:24 01_harmonize INFO    previous H_SAS_agricultural_practice.dta removed before the rebuild (0.21 GB)
17:40:24 01_harmonize INFO ---------------- SAS / SAS_pooled_agricultural_practice.dta (agricultural_practice, 0.21 GB) -> H_SAS_agricultural_practice.dta
