01:01:05 01_harmonize INFO ==== 01_harmonize | run 20260905-010105_01_harmonize | python 3.13.5 | pandas 2.2.3 | pyreadstat 1.3.4
01:01:05 01_harmonize INFO ---------------- EC / EC_pooled_establishment.dta (establishment, 0.46 GB) -> H_EC_establishment.dta
01:02:14 01_harmonize INFO read EC_pooled_establishment.dta: 896,710 rows x 265 vars (typed, 0.7 GB in memory)
01:02:14 01_harmonize INFO PASS  H_EC_establishment.dta: row count unchanged (896,710)
01:02:21 01_harmonize INFO wrote H_EC_establishment.dta  (896,710 rows x 265 vars, 463.0 MB)
01:02:21 01_harmonize INFO ---------------- AHS / AHS_pooled_household.dta (household, 0.03 GB) -> H_AHS_household.dta
01:02:23 01_harmonize INFO read AHS_pooled_household.dta: 30,447 rows x 453 vars (typed, 0.0 GB in memory)
01:02:23 01_harmonize INFO PASS  H_AHS_household.dta: row count unchanged (30,447)
01:02:24 01_harmonize INFO wrote H_AHS_household.dta  (30,447 rows x 456 vars, 32.9 MB)
01:02:24 01_harmonize INFO ---------------- AHS / AHS_pooled_person.dta (person, 0.04 GB) -> H_AHS_person.dta
01:02:29 01_harmonize INFO read AHS_pooled_person.dta: 138,683 rows x 185 vars (typed, 0.1 GB in memory)
01:02:29 01_harmonize INFO    h_marital   non-missing by wave: {'2017': 0, '2020': 0, '2024': 11495}
01:02:29 01_harmonize INFO    h_relation  non-missing by wave: {'2017': 73665, '2020': 48726, '2024': 16292}
01:02:29 01_harmonize INFO    h_educ      non-missing by wave: {'2017': 51421, '2020': 41244, '2024': 16292}
01:02:29 01_harmonize INFO    h_literacy  non-missing by wave: {'2017': 0, '2020': 0, '2024': 12305}
01:02:29 01_harmonize INFO    h_lfstatus  non-missing by wave: {'2017': 51421, '2020': 41365, '2024': 16292}
01:02:29 01_harmonize INFO    h_empstat   non-missing by wave: {'2017': 0, '2020': 24489, '2024': 8417}
01:02:29 01_harmonize INFO    h_isic1     non-missing by wave: {'2017': 0, '2020': 0, '2024': 0}
01:02:29 01_harmonize INFO    h_isco1     non-missing by wave: {'2017': 0, '2020': 0, '2024': 0}
01:02:29 01_harmonize INFO PASS  H_AHS_person.dta: row count unchanged (138,683)
01:02:30 01_harmonize INFO wrote H_AHS_person.dta  (138,683 rows x 201 vars, 50.1 MB)
01:02:30 01_harmonize INFO ---------------- AHS / AHS_pooled_animal_inputs.dta (animal_inputs, 0.01 GB) -> H_AHS_animal_inputs.dta
01:02:31 01_harmonize INFO read AHS_pooled_animal_inputs.dta: 49,750 rows x 52 vars (typed, 0.0 GB in memory)
01:02:31 01_harmonize INFO PASS  H_AHS_animal_inputs.dta: row count unchanged (49,750)
01:02:31 01_harmonize INFO wrote H_AHS_animal_inputs.dta  (49,750 rows x 53 vars, 9.9 MB)
01:02:31 01_harmonize INFO ---------------- AHS / AHS_pooled_credits.dta (credits, 0.00 GB) -> H_AHS_credits.dta
01:02:32 01_harmonize INFO read AHS_pooled_credits.dta: 31,947 rows x 89 vars (typed, 0.0 GB in memory)
01:02:32 01_harmonize INFO PASS  H_AHS_credits.dta: row count unchanged (31,947)
01:02:32 01_harmonize INFO wrote H_AHS_credits.dta  (31,947 rows x 91 vars, 6.1 MB)
01:02:32 01_harmonize INFO ---------------- AHS / AHS_pooled_eggs.dta (eggs, 0.01 GB) -> H_AHS_eggs.dta
01:02:33 01_harmonize INFO read AHS_pooled_eggs.dta: 58,853 rows x 49 vars (typed, 0.0 GB in memory)
01:02:33 01_harmonize INFO PASS  H_AHS_eggs.dta: row count unchanged (58,853)
01:02:33 01_harmonize INFO wrote H_AHS_eggs.dta  (58,853 rows x 50 vars, 7.7 MB)
01:02:33 01_harmonize INFO ---------------- AHS / AHS_pooled_extension.dta (extension, 0.01 GB) -> H_AHS_extension.dta
01:02:34 01_harmonize INFO read AHS_pooled_extension.dta: 98,843 rows x 74 vars (typed, 0.0 GB in memory)
01:02:34 01_harmonize INFO PASS  H_AHS_extension.dta: row count unchanged (98,843)
01:02:35 01_harmonize INFO wrote H_AHS_extension.dta  (98,843 rows x 75 vars, 15.2 MB)
01:02:35 01_harmonize INFO ---------------- AHS / AHS_pooled_fruits.dta (fruits, 0.00 GB) -> H_AHS_fruits.dta
01:02:35 01_harmonize INFO read AHS_pooled_fruits.dta: 29,239 rows x 39 vars (typed, 0.0 GB in memory)
01:02:35 01_harmonize INFO PASS  H_AHS_fruits.dta: row count unchanged (29,239)
01:02:35 01_harmonize INFO wrote H_AHS_fruits.dta  (29,239 rows x 40 vars, 2.9 MB)
01:02:35 01_harmonize INFO ---------------- AHS / AHS_pooled_honey.dta (honey, 0.01 GB) -> H_AHS_honey.dta
01:02:35 01_harmonize INFO read AHS_pooled_honey.dta: 38,465 rows x 59 vars (typed, 0.0 GB in memory)
01:02:35 01_harmonize INFO PASS  H_AHS_honey.dta: row count unchanged (38,465)
01:02:36 01_harmonize INFO wrote H_AHS_honey.dta  (38,465 rows x 60 vars, 7.8 MB)
01:02:36 01_harmonize INFO ---------------- AHS / AHS_pooled_inputs.dta (inputs, 0.02 GB) -> H_AHS_inputs.dta
01:02:37 01_harmonize INFO read AHS_pooled_inputs.dta: 26,723 rows x 246 vars (typed, 0.0 GB in memory)
01:02:37 01_harmonize INFO PASS  H_AHS_inputs.dta: row count unchanged (26,723)
01:02:37 01_harmonize INFO wrote H_AHS_inputs.dta  (26,723 rows x 247 vars, 19.8 MB)
01:02:37 01_harmonize INFO ---------------- AHS / AHS_pooled_land.dta (land, 0.01 GB) -> H_AHS_land.dta
01:02:38 01_harmonize INFO read AHS_pooled_land.dta: 72,211 rows x 88 vars (typed, 0.0 GB in memory)
01:02:38 01_harmonize INFO PASS  H_AHS_land.dta: row count unchanged (72,211)
01:02:39 01_harmonize INFO wrote H_AHS_land.dta  (72,211 rows x 89 vars, 14.8 MB)
01:02:39 01_harmonize INFO ---------------- AHS / AHS_pooled_livestock.dta (livestock, 0.02 GB) -> H_AHS_livestock.dta
01:02:40 01_harmonize INFO read AHS_pooled_livestock.dta: 65,808 rows x 119 vars (typed, 0.0 GB in memory)
01:02:40 01_harmonize INFO PASS  H_AHS_livestock.dta: row count unchanged (65,808)
01:02:41 01_harmonize INFO wrote H_AHS_livestock.dta  (65,808 rows x 120 vars, 20.7 MB)
01:02:41 01_harmonize INFO ---------------- AHS / AHS_pooled_milk.dta (milk, 0.02 GB) -> H_AHS_milk.dta
01:02:41 01_harmonize INFO read AHS_pooled_milk.dta: 59,594 rows x 78 vars (typed, 0.0 GB in memory)
01:02:41 01_harmonize INFO PASS  H_AHS_milk.dta: row count unchanged (59,594)
01:02:42 01_harmonize INFO wrote H_AHS_milk.dta  (59,594 rows x 79 vars, 18.7 MB)
01:02:42 01_harmonize INFO ---------------- AHS / AHS_pooled_tools.dta (tools, 0.06 GB) -> H_AHS_tools.dta
01:02:45 01_harmonize INFO read AHS_pooled_tools.dta: 372,184 rows x 33 vars (typed, 0.1 GB in memory)
01:02:45 01_harmonize INFO PASS  H_AHS_tools.dta: row count unchanged (372,184)
01:02:47 01_harmonize INFO wrote H_AHS_tools.dta  (372,184 rows x 34 vars, 67.4 MB)
01:02:47 01_harmonize INFO ---------------- SAS / SAS_pooled_plotcrop.dta (plotcrop, 1.45 GB) -> H_SAS_plotcrop.dta
01:03:23 01_harmonize INFO read SAS_pooled_plotcrop.dta: 632,756 rows x 271 vars (typed, 0.9 GB in memory)
01:03:23 01_harmonize INFO PASS  H_SAS_plotcrop.dta: row count unchanged (632,756)
01:03:37 01_harmonize INFO wrote H_SAS_plotcrop.dta  (632,756 rows x 271 vars, 1452.4 MB)
01:03:37 01_harmonize INFO ---------------- SAS / SAS_pooled_plotcrop_2013_2016.dta (plotcrop_early, 0.13 GB) -> H_SAS_plotcrop_2013_2016.dta
01:03:46 01_harmonize INFO read SAS_pooled_plotcrop_2013_2016.dta: 597,551 rows x 60 vars (typed, 0.1 GB in memory)
01:03:46 01_harmonize INFO PASS  H_SAS_plotcrop_2013_2016.dta: row count unchanged (597,551)
01:03:48 01_harmonize INFO wrote H_SAS_plotcrop_2013_2016.dta  (597,551 rows x 60 vars, 126.1 MB)
01:03:48 01_harmonize INFO ---------------- SAS / SAS_pooled_agricultural_practice.dta (agricultural_practice, 0.10 GB) -> H_SAS_agricultural_practice.dta
01:03:52 01_harmonize INFO read SAS_pooled_agricultural_practice.dta: 192,553 rows x 116 vars (typed, 0.1 GB in memory)
01:03:52 01_harmonize INFO PASS  H_SAS_agricultural_practice.dta: row count unchanged (192,553)
01:03:54 01_harmonize INFO wrote H_SAS_agricultural_practice.dta  (192,553 rows x 116 vars, 100.8 MB)
01:03:54 01_harmonize INFO ---------------- SAS / SAS_pooled_antierosion_2017_2018.dta (antierosion_2017_2018, 0.00 GB) -> H_SAS_antierosion_2017_2018.dta
01:03:54 01_harmonize INFO read SAS_pooled_antierosion_2017_2018.dta: 64,405 rows x 18 vars (typed, 0.0 GB in memory)
01:03:54 01_harmonize INFO PASS  H_SAS_antierosion_2017_2018.dta: row count unchanged (64,405)
01:03:55 01_harmonize INFO wrote H_SAS_antierosion_2017_2018.dta  (64,405 rows x 18 vars, 3.2 MB)
01:03:55 01_harmonize INFO ---------------- SAS / SAS_pooled_farmq_part0_2013_2016.dta (farmq_part0, 0.00 GB) -> H_SAS_farmq_part0_2013_2016.dta
01:03:55 01_harmonize INFO read SAS_pooled_farmq_part0_2013_2016.dta: 28,051 rows x 16 vars (typed, 0.0 GB in memory)
01:03:55 01_harmonize INFO PASS  H_SAS_farmq_part0_2013_2016.dta: row count unchanged (28,051)
01:03:55 01_harmonize INFO wrote H_SAS_farmq_part0_2013_2016.dta  (28,051 rows x 16 vars, 1.0 MB)
01:03:55 01_harmonize INFO ---------------- SAS / SAS_pooled_farmq_part2a_2013_2016.dta (farmq_part2a, 0.00 GB) -> H_SAS_farmq_part2a_2013_2016.dta
01:03:55 01_harmonize INFO read SAS_pooled_farmq_part2a_2013_2016.dta: 68,996 rows x 18 vars (typed, 0.0 GB in memory)
01:03:55 01_harmonize INFO PASS  H_SAS_farmq_part2a_2013_2016.dta: row count unchanged (68,996)
01:03:55 01_harmonize INFO wrote H_SAS_farmq_part2a_2013_2016.dta  (68,996 rows x 18 vars, 2.1 MB)
01:03:55 01_harmonize INFO ---------------- SAS / SAS_pooled_farmq_part2b_2013_2016.dta (farmq_part2b, 0.00 GB) -> H_SAS_farmq_part2b_2013_2016.dta
01:03:55 01_harmonize INFO read SAS_pooled_farmq_part2b_2013_2016.dta: 30,995 rows x 15 vars (typed, 0.0 GB in memory)
01:03:55 01_harmonize INFO PASS  H_SAS_farmq_part2b_2013_2016.dta: row count unchanged (30,995)
01:03:55 01_harmonize INFO wrote H_SAS_farmq_part2b_2013_2016.dta  (30,995 rows x 15 vars, 0.8 MB)
01:03:55 01_harmonize INFO ---------------- SAS / SAS_pooled_farmq_part2b_fertilizer_2013_2016.dta (farmq_part2b_fertilizer, 0.00 GB) -> H_SAS_farmq_part2b_fertilizer_2013_2016.dta
01:03:55 01_harmonize INFO read SAS_pooled_farmq_part2b_fertilizer_2013_2016.dta: 28,878 rows x 14 vars (typed, 0.0 GB in memory)
01:03:55 01_harmonize INFO PASS  H_SAS_farmq_part2b_fertilizer_2013_2016.dta: row count unchanged (28,878)
01:03:56 01_harmonize INFO wrote H_SAS_farmq_part2b_fertilizer_2013_2016.dta  (28,878 rows x 14 vars, 0.9 MB)
01:03:56 01_harmonize INFO ---------------- SAS / SAS_pooled_farmq_part2b_pesticide_2013_2016.dta (farmq_part2b_pesticide, 0.00 GB) -> H_SAS_farmq_part2b_pesticide_2013_2016.dta
01:03:56 01_harmonize INFO read SAS_pooled_farmq_part2b_pesticide_2013_2016.dta: 28,883 rows x 10 vars (typed, 0.0 GB in memory)
01:03:56 01_harmonize INFO PASS  H_SAS_farmq_part2b_pesticide_2013_2016.dta: row count unchanged (28,883)
01:03:56 01_harmonize INFO wrote H_SAS_farmq_part2b_pesticide_2013_2016.dta  (28,883 rows x 10 vars, 0.6 MB)
01:03:56 01_harmonize INFO ---------------- SAS / SAS_pooled_farmq_part4_2013_2016.dta (farmq_part4, 0.01 GB) -> H_SAS_farmq_part4_2013_2016.dta
01:03:56 01_harmonize INFO read SAS_pooled_farmq_part4_2013_2016.dta: 57,511 rows x 21 vars (typed, 0.0 GB in memory)
01:03:56 01_harmonize INFO PASS  H_SAS_farmq_part4_2013_2016.dta: row count unchanged (57,511)
01:03:56 01_harmonize INFO wrote H_SAS_farmq_part4_2013_2016.dta  (57,511 rows x 21 vars, 7.1 MB)
01:03:56 01_harmonize INFO ---------------- SAS / SAS_pooled_farmq_part6a_2013_2016.dta (farmq_part6a, 0.02 GB) -> H_SAS_farmq_part6a_2013_2016.dta
01:03:58 01_harmonize INFO read SAS_pooled_farmq_part6a_2013_2016.dta: 544,313 rows x 14 vars (typed, 0.0 GB in memory)
01:03:58 01_harmonize INFO PASS  H_SAS_farmq_part6a_2013_2016.dta: row count unchanged (544,313)
01:03:59 01_harmonize INFO wrote H_SAS_farmq_part6a_2013_2016.dta  (544,313 rows x 14 vars, 18.5 MB)
01:03:59 01_harmonize INFO ---------------- SAS / SAS_pooled_farmq_part7_2013_2016.dta (farmq_part7, 0.00 GB) -> H_SAS_farmq_part7_2013_2016.dta
01:03:59 01_harmonize INFO read SAS_pooled_farmq_part7_2013_2016.dta: 34,626 rows x 31 vars (typed, 0.0 GB in memory)
01:03:59 01_harmonize INFO PASS  H_SAS_farmq_part7_2013_2016.dta: row count unchanged (34,626)
01:03:59 01_harmonize INFO wrote H_SAS_farmq_part7_2013_2016.dta  (34,626 rows x 31 vars, 1.5 MB)
01:03:59 01_harmonize INFO ---------------- SAS / SAS_pooled_fertilizers_2017_2018.dta (fertilizers_2017_2018, 0.01 GB) -> H_SAS_fertilizers_2017_2018.dta
01:04:00 01_harmonize INFO read SAS_pooled_fertilizers_2017_2018.dta: 84,986 rows x 29 vars (typed, 0.0 GB in memory)
01:04:00 01_harmonize INFO PASS  H_SAS_fertilizers_2017_2018.dta: row count unchanged (84,986)
01:04:00 01_harmonize INFO wrote H_SAS_fertilizers_2017_2018.dta  (84,986 rows x 29 vars, 8.4 MB)
01:04:00 01_harmonize INFO ---------------- SAS / SAS_pooled_fertilizers_pesticides.dta (fertilizers_pesticides, 0.28 GB) -> H_SAS_fertilizers_pesticides.dta
01:04:05 01_harmonize INFO read SAS_pooled_fertilizers_pesticides.dta: 225,110 rows x 140 vars (typed, 0.2 GB in memory)
01:04:05 01_harmonize INFO PASS  H_SAS_fertilizers_pesticides.dta: row count unchanged (225,110)
01:04:08 01_harmonize INFO wrote H_SAS_fertilizers_pesticides.dta  (225,110 rows x 140 vars, 276.6 MB)
01:04:08 01_harmonize INFO ---------------- SAS / SAS_pooled_irrigation_land_tenure_2017_2018.dta (irrigation_land_tenure_2017_2018, 0.01 GB) -> H_SAS_irrigation_land_tenure_2017_2018.dta
01:04:09 01_harmonize INFO read SAS_pooled_irrigation_land_tenure_2017_2018.dta: 52,621 rows x 51 vars (typed, 0.0 GB in memory)
01:04:09 01_harmonize INFO PASS  H_SAS_irrigation_land_tenure_2017_2018.dta: row count unchanged (52,621)
01:04:09 01_harmonize INFO wrote H_SAS_irrigation_land_tenure_2017_2018.dta  (52,621 rows x 51 vars, 7.3 MB)
01:04:09 01_harmonize INFO ---------------- SAS / SAS_pooled_lsf_farmq_part2a_2013_2016.dta (lsf_farmq_part2a, 0.00 GB) -> H_SAS_lsf_farmq_part2a_2013_2016.dta
01:04:09 01_harmonize INFO read SAS_pooled_lsf_farmq_part2a_2013_2016.dta: 2,036 rows x 14 vars (typed, 0.0 GB in memory)
01:04:09 01_harmonize INFO PASS  H_SAS_lsf_farmq_part2a_2013_2016.dta: row count unchanged (2,036)
01:04:09 01_harmonize INFO wrote H_SAS_lsf_farmq_part2a_2013_2016.dta  (2,036 rows x 14 vars, 0.1 MB)
01:04:09 01_harmonize INFO ---------------- SAS / SAS_pooled_lsf_farmq_part2b_2013_2016.dta (lsf_farmq_part2b, 0.00 GB) -> H_SAS_lsf_farmq_part2b_2013_2016.dta
01:04:09 01_harmonize INFO read SAS_pooled_lsf_farmq_part2b_2013_2016.dta: 2,081 rows x 15 vars (typed, 0.0 GB in memory)
01:04:09 01_harmonize INFO PASS  H_SAS_lsf_farmq_part2b_2013_2016.dta: row count unchanged (2,081)
01:04:09 01_harmonize INFO wrote H_SAS_lsf_farmq_part2b_2013_2016.dta  (2,081 rows x 15 vars, 0.1 MB)
01:04:09 01_harmonize INFO ---------------- SAS / SAS_pooled_lsf_screening_2013_2016.dta (lsf_screening, 0.00 GB) -> H_SAS_lsf_screening_2013_2016.dta
01:04:09 01_harmonize INFO read SAS_pooled_lsf_screening_2013_2016.dta: 15,710 rows x 21 vars (typed, 0.0 GB in memory)
01:04:09 01_harmonize INFO PASS  H_SAS_lsf_screening_2013_2016.dta: row count unchanged (15,710)
01:04:09 01_harmonize INFO wrote H_SAS_lsf_screening_2013_2016.dta  (15,710 rows x 21 vars, 0.9 MB)
01:04:09 01_harmonize INFO ---------------- SAS / SAS_pooled_pesticides_2017_2018.dta (pesticides_2017_2018, 0.01 GB) -> H_SAS_pesticides_2017_2018.dta
01:04:10 01_harmonize INFO read SAS_pooled_pesticides_2017_2018.dta: 95,146 rows x 27 vars (typed, 0.0 GB in memory)
01:04:10 01_harmonize INFO PASS  H_SAS_pesticides_2017_2018.dta: row count unchanged (95,146)
01:04:10 01_harmonize INFO wrote H_SAS_pesticides_2017_2018.dta  (95,146 rows x 27 vars, 9.2 MB)
01:04:10 01_harmonize INFO ---------------- SAS / SAS_pooled_screening_2017_2018.dta (screening_2017_2018, 0.03 GB) -> H_SAS_screening_2017_2018.dta
01:04:12 01_harmonize INFO read SAS_pooled_screening_2017_2018.dta: 243,835 rows x 40 vars (typed, 0.0 GB in memory)
01:04:12 01_harmonize INFO PASS  H_SAS_screening_2017_2018.dta: row count unchanged (243,835)
01:04:13 01_harmonize INFO wrote H_SAS_screening_2017_2018.dta  (243,835 rows x 40 vars, 31.2 MB)
01:04:13 01_harmonize INFO ---------------- SAS / SAS_pooled_screening_agroforestry.dta (screening_agroforestry, 0.04 GB) -> H_SAS_screening_agroforestry.dta
01:04:14 01_harmonize INFO read SAS_pooled_screening_agroforestry.dta: 263,633 rows x 28 vars (typed, 0.0 GB in memory)
01:04:14 01_harmonize INFO PASS  H_SAS_screening_agroforestry.dta: row count unchanged (263,633)
01:04:15 01_harmonize INFO wrote H_SAS_screening_agroforestry.dta  (263,633 rows x 28 vars, 36.7 MB)
01:04:15 01_harmonize INFO ---------------- SAS / SAS_pooled_screening_antierosion.dta (screening_antierosion, 0.04 GB) -> H_SAS_screening_antierosion.dta
01:04:17 01_harmonize INFO read SAS_pooled_screening_antierosion.dta: 287,508 rows x 28 vars (typed, 0.0 GB in memory)
01:04:17 01_harmonize INFO PASS  H_SAS_screening_antierosion.dta: row count unchanged (287,508)
01:04:18 01_harmonize INFO wrote H_SAS_screening_antierosion.dta  (287,508 rows x 28 vars, 41.4 MB)
01:04:18 01_harmonize INFO ---------------- SAS / SAS_pooled_screening_crops.dta (screening_crops, 0.11 GB) -> H_SAS_screening_crops.dta
01:04:22 01_harmonize INFO read SAS_pooled_screening_crops.dta: 450,923 rows x 40 vars (typed, 0.1 GB in memory)
01:04:22 01_harmonize INFO PASS  H_SAS_screening_crops.dta: row count unchanged (450,923)
01:04:24 01_harmonize INFO wrote H_SAS_screening_crops.dta  (450,923 rows x 40 vars, 108.7 MB)
01:04:24 01_harmonize INFO ---------------- SAS / SAS_pooled_ssf_screening_2013_2016.dta (ssf_screening, 0.01 GB) -> H_SAS_ssf_screening_2013_2016.dta
01:04:26 01_harmonize INFO read SAS_pooled_ssf_screening_2013_2016.dta: 219,362 rows x 23 vars (typed, 0.0 GB in memory)
01:04:26 01_harmonize INFO PASS  H_SAS_ssf_screening_2013_2016.dta: row count unchanged (219,362)
01:04:26 01_harmonize INFO wrote H_SAS_ssf_screening_2013_2016.dta  (219,362 rows x 23 vars, 13.8 MB)
01:04:26 01_harmonize INFO ---------------- CFSVA / CFSVA_pooled_child.dta (child, 0.11 GB) -> H_CFSVA_child.dta
01:04:34 01_harmonize INFO read CFSVA_pooled_child.dta: 35,764 rows x 1374 vars (typed, 0.1 GB in memory)
01:04:34 01_harmonize INFO PASS  H_CFSVA_child.dta: row count unchanged (35,764)
01:04:36 01_harmonize INFO wrote H_CFSVA_child.dta  (35,764 rows x 1375 vars, 114.0 MB)
01:04:37 01_harmonize INFO ---------------- CFSVA / CFSVA_pooled_household.dta (household, 0.65 GB) -> H_CFSVA_household.dta
01:05:15 01_harmonize INFO read CFSVA_pooled_household.dta: 50,890 rows x 4529 vars (typed, 0.7 GB in memory)
01:05:16 01_harmonize INFO PASS  H_CFSVA_household.dta: row count unchanged (50,890)
01:05:35 01_harmonize INFO wrote H_CFSVA_household.dta  (50,890 rows x 4535 vars, 648.8 MB)
01:05:35 01_harmonize INFO ---------------- CFSVA / CFSVA_pooled_village.dta (village, 0.01 GB) -> H_CFSVA_village.dta
01:05:36 01_harmonize INFO read CFSVA_pooled_village.dta: 3,062 rows x 453 vars (typed, 0.0 GB in memory)
01:05:36 01_harmonize INFO PASS  H_CFSVA_village.dta: row count unchanged (3,062)
01:05:36 01_harmonize INFO wrote H_CFSVA_village.dta  (3,062 rows x 453 vars, 5.5 MB)
01:05:36 01_harmonize INFO ---------------- CFSVA / CFSVA_pooled_woman.dta (woman, 0.05 GB) -> H_CFSVA_woman.dta
01:05:41 01_harmonize INFO read CFSVA_pooled_woman.dta: 31,038 rows x 809 vars (typed, 0.1 GB in memory)
01:05:41 01_harmonize INFO PASS  H_CFSVA_woman.dta: row count unchanged (31,038)
01:05:42 01_harmonize INFO wrote H_CFSVA_woman.dta  (31,038 rows x 812 vars, 50.5 MB)
01:05:42 01_harmonize INFO all hard checks passed (0 soft warnings)
01:05:42 01_harmonize INFO 01_harmonize done: 44 files, 94 map rows
