00:55:20 01_harmonize INFO ==== 01_harmonize | run 20260905-005520_01_harmonize | python 3.13.5 | pandas 2.2.3 | pyreadstat 1.3.4
00:55:20 01_harmonize INFO ---------------- LFS / LFS_pooled_household.dta (household, 0.03 GB) -> H_LFS_household.dta
00:55:24 01_harmonize INFO read LFS_pooled_household.dta: 166,772 rows x 94 vars (typed, 0.1 GB in memory)
00:55:24 01_harmonize INFO PASS  H_LFS_household.dta: row count unchanged (166,772)
00:55:26 01_harmonize INFO wrote H_LFS_household.dta  (166,772 rows x 97 vars, 32.9 MB)
00:55:26 01_harmonize INFO ---------------- LFS / LFS_pooled_person.dta (person, 0.65 GB) -> H_LFS_person.dta
00:56:41 01_harmonize INFO read LFS_pooled_person.dta: 724,015 rows x 441 vars (typed, 0.8 GB in memory)
00:56:43 01_harmonize INFO    h_marital   non-missing by wave: {'2017': 53099, '2018': 52785, '2019': 56595, '2020': 0, '2021': 50203, '2022': 49360, '2023': 50019, '2024': 71109, '2025': 70548}
00:56:43 01_harmonize INFO    h_relation  non-missing by wave: {'2017': 77761, '2018': 76670, '2019': 81778, '2020': 70172, '2021': 71947, '2022': 70424, '2023': 71849, '2024': 100126, '2025': 100852}
00:56:43 01_harmonize INFO    h_educ      non-missing by wave: {'2017': 49108, '2018': 48931, '2019': 52550, '2020': 0, '2021': 46562, '2022': 45780, '2023': 46701, '2024': 66303, '2025': 65721}
00:56:43 01_harmonize INFO    h_literacy  non-missing by wave: {'2017': 32815, '2018': 32029, '2019': 34076, '2020': 0, '2021': 29902, '2022': 29679, '2023': 30406, '2024': 0, '2025': 0}
00:56:43 01_harmonize INFO    h_lfstatus  non-missing by wave: {'2017': 45526, '2018': 45297, '2019': 48741, '2020': 45039, '2021': 46562, '2022': 45780, '2023': 46701, '2024': 66303, '2025': 65721}
00:56:43 01_harmonize INFO    h_empstat   non-missing by wave: {'2017': 21394, '2018': 22033, '2019': 23550, '2020': 20440, '2021': 19142, '2022': 19947, '2023': 22214, '2024': 33166, '2025': 34181}
00:56:43 01_harmonize INFO    h_isic1     non-missing by wave: {'2017': 21394, '2018': 22033, '2019': 23351, '2020': 20440, '2021': 19142, '2022': 19947, '2023': 22214, '2024': 33594, '2025': 34712}
00:56:43 01_harmonize INFO    h_isco1     non-missing by wave: {'2017': 21394, '2018': 21836, '2019': 23351, '2020': 0, '2021': 19142, '2022': 19947, '2023': 22214, '2024': 33594, '2025': 34712}
00:56:43 01_harmonize INFO PASS  H_LFS_person.dta: row count unchanged (724,015)
00:56:58 01_harmonize INFO wrote H_LFS_person.dta  (724,015 rows x 457 vars, 685.5 MB)
00:56:59 01_harmonize INFO ---------------- EC / EC_pooled_establishment.dta (establishment, 0.46 GB) -> H_EC_establishment.dta
00:58:07 01_harmonize INFO read EC_pooled_establishment.dta: 896,710 rows x 265 vars (typed, 0.7 GB in memory)
00:58:07 01_harmonize INFO PASS  H_EC_establishment.dta: row count unchanged (896,710)
00:58:13 01_harmonize INFO wrote H_EC_establishment.dta  (896,710 rows x 265 vars, 463.0 MB)
00:58:13 01_harmonize INFO ---------------- AHS / AHS_pooled_household.dta (household, 0.03 GB) -> H_AHS_household.dta
00:58:16 01_harmonize INFO read AHS_pooled_household.dta: 30,447 rows x 453 vars (typed, 0.0 GB in memory)
00:58:16 01_harmonize INFO PASS  H_AHS_household.dta: row count unchanged (30,447)
00:58:16 01_harmonize INFO wrote H_AHS_household.dta  (30,447 rows x 456 vars, 32.9 MB)
00:58:16 01_harmonize INFO ---------------- AHS / AHS_pooled_person.dta (person, 0.04 GB) -> H_AHS_person.dta
00:58:21 01_harmonize INFO read AHS_pooled_person.dta: 138,683 rows x 185 vars (typed, 0.1 GB in memory)
00:58:21 01_harmonize INFO    h_marital   non-missing by wave: {'2017': 0, '2020': 0, '2024': 11495}
00:58:21 01_harmonize INFO    h_relation  non-missing by wave: {'2017': 73665, '2020': 48726, '2024': 16292}
00:58:21 01_harmonize INFO    h_educ      non-missing by wave: {'2017': 51421, '2020': 41244, '2024': 16292}
00:58:21 01_harmonize INFO    h_literacy  non-missing by wave: {'2017': 0, '2020': 0, '2024': 12305}
00:58:21 01_harmonize INFO    h_lfstatus  non-missing by wave: {'2017': 51421, '2020': 41365, '2024': 16292}
00:58:21 01_harmonize INFO    h_empstat   non-missing by wave: {'2017': 0, '2020': 24489, '2024': 8417}
00:58:21 01_harmonize INFO    h_isic1     non-missing by wave: {'2017': 0, '2020': 0, '2024': 0}
00:58:21 01_harmonize INFO    h_isco1     non-missing by wave: {'2017': 0, '2020': 0, '2024': 0}
00:58:21 01_harmonize INFO PASS  H_AHS_person.dta: row count unchanged (138,683)
00:58:22 01_harmonize INFO wrote H_AHS_person.dta  (138,683 rows x 201 vars, 50.1 MB)
00:58:22 01_harmonize INFO ---------------- AHS / AHS_pooled_animal_inputs.dta (animal_inputs, 0.01 GB) -> H_AHS_animal_inputs.dta
00:58:23 01_harmonize INFO read AHS_pooled_animal_inputs.dta: 49,750 rows x 52 vars (typed, 0.0 GB in memory)
00:58:23 01_harmonize INFO PASS  H_AHS_animal_inputs.dta: row count unchanged (49,750)
00:58:23 01_harmonize INFO wrote H_AHS_animal_inputs.dta  (49,750 rows x 53 vars, 9.9 MB)
00:58:23 01_harmonize INFO ---------------- AHS / AHS_pooled_credits.dta (credits, 0.00 GB) -> H_AHS_credits.dta
00:58:23 01_harmonize INFO read AHS_pooled_credits.dta: 31,947 rows x 89 vars (typed, 0.0 GB in memory)
00:58:23 01_harmonize INFO PASS  H_AHS_credits.dta: row count unchanged (31,947)
00:58:24 01_harmonize INFO wrote H_AHS_credits.dta  (31,947 rows x 91 vars, 6.1 MB)
00:58:24 01_harmonize INFO ---------------- AHS / AHS_pooled_eggs.dta (eggs, 0.01 GB) -> H_AHS_eggs.dta
00:58:24 01_harmonize INFO read AHS_pooled_eggs.dta: 58,853 rows x 49 vars (typed, 0.0 GB in memory)
00:58:24 01_harmonize INFO PASS  H_AHS_eggs.dta: row count unchanged (58,853)
00:58:25 01_harmonize INFO wrote H_AHS_eggs.dta  (58,853 rows x 50 vars, 7.7 MB)
00:58:25 01_harmonize INFO ---------------- AHS / AHS_pooled_extension.dta (extension, 0.01 GB) -> H_AHS_extension.dta
00:58:26 01_harmonize INFO read AHS_pooled_extension.dta: 98,843 rows x 74 vars (typed, 0.0 GB in memory)
00:58:26 01_harmonize INFO PASS  H_AHS_extension.dta: row count unchanged (98,843)
00:58:26 01_harmonize INFO wrote H_AHS_extension.dta  (98,843 rows x 75 vars, 15.2 MB)
00:58:26 01_harmonize INFO ---------------- AHS / AHS_pooled_fruits.dta (fruits, 0.00 GB) -> H_AHS_fruits.dta
00:58:27 01_harmonize INFO read AHS_pooled_fruits.dta: 29,239 rows x 39 vars (typed, 0.0 GB in memory)
00:58:27 01_harmonize INFO PASS  H_AHS_fruits.dta: row count unchanged (29,239)
00:58:27 01_harmonize INFO wrote H_AHS_fruits.dta  (29,239 rows x 40 vars, 2.9 MB)
00:58:27 01_harmonize INFO ---------------- AHS / AHS_pooled_honey.dta (honey, 0.01 GB) -> H_AHS_honey.dta
00:58:27 01_harmonize INFO read AHS_pooled_honey.dta: 38,465 rows x 59 vars (typed, 0.0 GB in memory)
00:58:27 01_harmonize INFO PASS  H_AHS_honey.dta: row count unchanged (38,465)
00:58:27 01_harmonize INFO wrote H_AHS_honey.dta  (38,465 rows x 60 vars, 7.8 MB)
00:58:27 01_harmonize INFO ---------------- AHS / AHS_pooled_inputs.dta (inputs, 0.02 GB) -> H_AHS_inputs.dta
00:58:28 01_harmonize INFO read AHS_pooled_inputs.dta: 26,723 rows x 246 vars (typed, 0.0 GB in memory)
00:58:28 01_harmonize INFO PASS  H_AHS_inputs.dta: row count unchanged (26,723)
00:58:28 01_harmonize INFO wrote H_AHS_inputs.dta  (26,723 rows x 247 vars, 19.8 MB)
00:58:28 01_harmonize INFO ---------------- AHS / AHS_pooled_land.dta (land, 0.01 GB) -> H_AHS_land.dta
00:58:30 01_harmonize INFO read AHS_pooled_land.dta: 72,211 rows x 88 vars (typed, 0.0 GB in memory)
00:58:30 01_harmonize INFO PASS  H_AHS_land.dta: row count unchanged (72,211)
00:58:30 01_harmonize INFO wrote H_AHS_land.dta  (72,211 rows x 89 vars, 14.8 MB)
00:58:30 01_harmonize INFO ---------------- AHS / AHS_pooled_livestock.dta (livestock, 0.02 GB) -> H_AHS_livestock.dta
00:58:32 01_harmonize INFO read AHS_pooled_livestock.dta: 65,808 rows x 119 vars (typed, 0.0 GB in memory)
00:58:32 01_harmonize INFO PASS  H_AHS_livestock.dta: row count unchanged (65,808)
00:58:32 01_harmonize INFO wrote H_AHS_livestock.dta  (65,808 rows x 120 vars, 20.7 MB)
00:58:32 01_harmonize INFO ---------------- AHS / AHS_pooled_milk.dta (milk, 0.02 GB) -> H_AHS_milk.dta
00:58:33 01_harmonize INFO read AHS_pooled_milk.dta: 59,594 rows x 78 vars (typed, 0.0 GB in memory)
00:58:33 01_harmonize INFO PASS  H_AHS_milk.dta: row count unchanged (59,594)
00:58:33 01_harmonize INFO wrote H_AHS_milk.dta  (59,594 rows x 79 vars, 18.7 MB)
00:58:33 01_harmonize INFO ---------------- AHS / AHS_pooled_tools.dta (tools, 0.06 GB) -> H_AHS_tools.dta
00:58:36 01_harmonize INFO read AHS_pooled_tools.dta: 372,184 rows x 33 vars (typed, 0.1 GB in memory)
00:58:36 01_harmonize INFO PASS  H_AHS_tools.dta: row count unchanged (372,184)
00:58:38 01_harmonize INFO wrote H_AHS_tools.dta  (372,184 rows x 34 vars, 67.4 MB)
00:58:40 01_harmonize INFO ---------------- SAS / SAS_pooled_plotcrop.dta (plotcrop, 1.45 GB) -> H_SAS_plotcrop.dta
00:59:13 01_harmonize INFO read SAS_pooled_plotcrop.dta: 632,756 rows x 271 vars (typed, 0.9 GB in memory)
00:59:13 01_harmonize INFO PASS  H_SAS_plotcrop.dta: row count unchanged (632,756)
00:59:26 01_harmonize INFO wrote H_SAS_plotcrop.dta  (632,756 rows x 271 vars, 1452.4 MB)
00:59:26 01_harmonize INFO ---------------- SAS / SAS_pooled_plotcrop_2013_2016.dta (plotcrop_early, 0.13 GB) -> H_SAS_plotcrop_2013_2016.dta
00:59:34 01_harmonize INFO read SAS_pooled_plotcrop_2013_2016.dta: 597,551 rows x 60 vars (typed, 0.1 GB in memory)
00:59:34 01_harmonize INFO PASS  H_SAS_plotcrop_2013_2016.dta: row count unchanged (597,551)
00:59:36 01_harmonize INFO wrote H_SAS_plotcrop_2013_2016.dta  (597,551 rows x 60 vars, 126.1 MB)
00:59:36 01_harmonize INFO ---------------- SAS / SAS_pooled_agricultural_practice.dta (agricultural_practice, 0.10 GB) -> H_SAS_agricultural_practice.dta
00:59:40 01_harmonize INFO read SAS_pooled_agricultural_practice.dta: 192,553 rows x 116 vars (typed, 0.1 GB in memory)
00:59:40 01_harmonize INFO PASS  H_SAS_agricultural_practice.dta: row count unchanged (192,553)
00:59:42 01_harmonize INFO wrote H_SAS_agricultural_practice.dta  (192,553 rows x 116 vars, 100.8 MB)
00:59:42 01_harmonize INFO ---------------- SAS / SAS_pooled_antierosion_2017_2018.dta (antierosion_2017_2018, 0.00 GB) -> H_SAS_antierosion_2017_2018.dta
00:59:42 01_harmonize INFO read SAS_pooled_antierosion_2017_2018.dta: 64,405 rows x 18 vars (typed, 0.0 GB in memory)
00:59:42 01_harmonize INFO PASS  H_SAS_antierosion_2017_2018.dta: row count unchanged (64,405)
00:59:42 01_harmonize INFO wrote H_SAS_antierosion_2017_2018.dta  (64,405 rows x 18 vars, 3.2 MB)
00:59:42 01_harmonize INFO ---------------- SAS / SAS_pooled_farmq_part0_2013_2016.dta (farmq_part0, 0.00 GB) -> H_SAS_farmq_part0_2013_2016.dta
00:59:42 01_harmonize INFO read SAS_pooled_farmq_part0_2013_2016.dta: 28,051 rows x 16 vars (typed, 0.0 GB in memory)
00:59:42 01_harmonize INFO PASS  H_SAS_farmq_part0_2013_2016.dta: row count unchanged (28,051)
00:59:42 01_harmonize INFO wrote H_SAS_farmq_part0_2013_2016.dta  (28,051 rows x 16 vars, 1.0 MB)
00:59:42 01_harmonize INFO ---------------- SAS / SAS_pooled_farmq_part2a_2013_2016.dta (farmq_part2a, 0.00 GB) -> H_SAS_farmq_part2a_2013_2016.dta
00:59:43 01_harmonize INFO read SAS_pooled_farmq_part2a_2013_2016.dta: 68,996 rows x 18 vars (typed, 0.0 GB in memory)
00:59:43 01_harmonize INFO PASS  H_SAS_farmq_part2a_2013_2016.dta: row count unchanged (68,996)
00:59:43 01_harmonize INFO wrote H_SAS_farmq_part2a_2013_2016.dta  (68,996 rows x 18 vars, 2.1 MB)
00:59:43 01_harmonize INFO ---------------- SAS / SAS_pooled_farmq_part2b_2013_2016.dta (farmq_part2b, 0.00 GB) -> H_SAS_farmq_part2b_2013_2016.dta
00:59:43 01_harmonize INFO read SAS_pooled_farmq_part2b_2013_2016.dta: 30,995 rows x 15 vars (typed, 0.0 GB in memory)
00:59:43 01_harmonize INFO PASS  H_SAS_farmq_part2b_2013_2016.dta: row count unchanged (30,995)
00:59:43 01_harmonize INFO wrote H_SAS_farmq_part2b_2013_2016.dta  (30,995 rows x 15 vars, 0.8 MB)
00:59:43 01_harmonize INFO ---------------- SAS / SAS_pooled_farmq_part2b_fertilizer_2013_2016.dta (farmq_part2b_fertilizer, 0.00 GB) -> H_SAS_farmq_part2b_fertilizer_2013_2016.dta
00:59:43 01_harmonize INFO read SAS_pooled_farmq_part2b_fertilizer_2013_2016.dta: 28,878 rows x 14 vars (typed, 0.0 GB in memory)
00:59:43 01_harmonize INFO PASS  H_SAS_farmq_part2b_fertilizer_2013_2016.dta: row count unchanged (28,878)
00:59:43 01_harmonize INFO wrote H_SAS_farmq_part2b_fertilizer_2013_2016.dta  (28,878 rows x 14 vars, 0.9 MB)
00:59:43 01_harmonize INFO ---------------- SAS / SAS_pooled_farmq_part2b_pesticide_2013_2016.dta (farmq_part2b_pesticide, 0.00 GB) -> H_SAS_farmq_part2b_pesticide_2013_2016.dta
00:59:43 01_harmonize INFO read SAS_pooled_farmq_part2b_pesticide_2013_2016.dta: 28,883 rows x 10 vars (typed, 0.0 GB in memory)
00:59:43 01_harmonize INFO PASS  H_SAS_farmq_part2b_pesticide_2013_2016.dta: row count unchanged (28,883)
00:59:43 01_harmonize INFO wrote H_SAS_farmq_part2b_pesticide_2013_2016.dta  (28,883 rows x 10 vars, 0.6 MB)
00:59:43 01_harmonize INFO ---------------- SAS / SAS_pooled_farmq_part4_2013_2016.dta (farmq_part4, 0.01 GB) -> H_SAS_farmq_part4_2013_2016.dta
00:59:43 01_harmonize INFO read SAS_pooled_farmq_part4_2013_2016.dta: 57,511 rows x 21 vars (typed, 0.0 GB in memory)
00:59:43 01_harmonize INFO PASS  H_SAS_farmq_part4_2013_2016.dta: row count unchanged (57,511)
00:59:43 01_harmonize INFO wrote H_SAS_farmq_part4_2013_2016.dta  (57,511 rows x 21 vars, 7.1 MB)
00:59:43 01_harmonize INFO ---------------- SAS / SAS_pooled_farmq_part6a_2013_2016.dta (farmq_part6a, 0.02 GB) -> H_SAS_farmq_part6a_2013_2016.dta
00:59:45 01_harmonize INFO read SAS_pooled_farmq_part6a_2013_2016.dta: 544,313 rows x 14 vars (typed, 0.0 GB in memory)
00:59:45 01_harmonize INFO PASS  H_SAS_farmq_part6a_2013_2016.dta: row count unchanged (544,313)
00:59:46 01_harmonize INFO wrote H_SAS_farmq_part6a_2013_2016.dta  (544,313 rows x 14 vars, 18.5 MB)
00:59:46 01_harmonize INFO ---------------- SAS / SAS_pooled_farmq_part7_2013_2016.dta (farmq_part7, 0.00 GB) -> H_SAS_farmq_part7_2013_2016.dta
00:59:46 01_harmonize INFO read SAS_pooled_farmq_part7_2013_2016.dta: 34,626 rows x 31 vars (typed, 0.0 GB in memory)
00:59:46 01_harmonize INFO PASS  H_SAS_farmq_part7_2013_2016.dta: row count unchanged (34,626)
00:59:46 01_harmonize INFO wrote H_SAS_farmq_part7_2013_2016.dta  (34,626 rows x 31 vars, 1.5 MB)
00:59:46 01_harmonize INFO ---------------- SAS / SAS_pooled_fertilizers_2017_2018.dta (fertilizers_2017_2018, 0.01 GB) -> H_SAS_fertilizers_2017_2018.dta
00:59:47 01_harmonize INFO read SAS_pooled_fertilizers_2017_2018.dta: 84,986 rows x 29 vars (typed, 0.0 GB in memory)
00:59:47 01_harmonize INFO PASS  H_SAS_fertilizers_2017_2018.dta: row count unchanged (84,986)
00:59:47 01_harmonize INFO wrote H_SAS_fertilizers_2017_2018.dta  (84,986 rows x 29 vars, 8.4 MB)
00:59:47 01_harmonize INFO ---------------- SAS / SAS_pooled_fertilizers_pesticides.dta (fertilizers_pesticides, 0.28 GB) -> H_SAS_fertilizers_pesticides.dta
00:59:52 01_harmonize INFO read SAS_pooled_fertilizers_pesticides.dta: 225,110 rows x 140 vars (typed, 0.2 GB in memory)
00:59:52 01_harmonize INFO PASS  H_SAS_fertilizers_pesticides.dta: row count unchanged (225,110)
00:59:55 01_harmonize INFO wrote H_SAS_fertilizers_pesticides.dta  (225,110 rows x 140 vars, 276.6 MB)
00:59:55 01_harmonize INFO ---------------- SAS / SAS_pooled_irrigation_land_tenure_2017_2018.dta (irrigation_land_tenure_2017_2018, 0.01 GB) -> H_SAS_irrigation_land_tenure_2017_2018.dta
00:59:55 01_harmonize INFO read SAS_pooled_irrigation_land_tenure_2017_2018.dta: 52,621 rows x 51 vars (typed, 0.0 GB in memory)
00:59:55 01_harmonize INFO PASS  H_SAS_irrigation_land_tenure_2017_2018.dta: row count unchanged (52,621)
00:59:55 01_harmonize INFO wrote H_SAS_irrigation_land_tenure_2017_2018.dta  (52,621 rows x 51 vars, 7.3 MB)
00:59:56 01_harmonize INFO ---------------- SAS / SAS_pooled_lsf_farmq_part2a_2013_2016.dta (lsf_farmq_part2a, 0.00 GB) -> H_SAS_lsf_farmq_part2a_2013_2016.dta
00:59:56 01_harmonize INFO read SAS_pooled_lsf_farmq_part2a_2013_2016.dta: 2,036 rows x 14 vars (typed, 0.0 GB in memory)
00:59:56 01_harmonize INFO PASS  H_SAS_lsf_farmq_part2a_2013_2016.dta: row count unchanged (2,036)
00:59:56 01_harmonize INFO wrote H_SAS_lsf_farmq_part2a_2013_2016.dta  (2,036 rows x 14 vars, 0.1 MB)
00:59:56 01_harmonize INFO ---------------- SAS / SAS_pooled_lsf_farmq_part2b_2013_2016.dta (lsf_farmq_part2b, 0.00 GB) -> H_SAS_lsf_farmq_part2b_2013_2016.dta
00:59:56 01_harmonize INFO read SAS_pooled_lsf_farmq_part2b_2013_2016.dta: 2,081 rows x 15 vars (typed, 0.0 GB in memory)
00:59:56 01_harmonize INFO PASS  H_SAS_lsf_farmq_part2b_2013_2016.dta: row count unchanged (2,081)
00:59:56 01_harmonize INFO wrote H_SAS_lsf_farmq_part2b_2013_2016.dta  (2,081 rows x 15 vars, 0.1 MB)
00:59:56 01_harmonize INFO ---------------- SAS / SAS_pooled_lsf_screening_2013_2016.dta (lsf_screening, 0.00 GB) -> H_SAS_lsf_screening_2013_2016.dta
00:59:56 01_harmonize INFO read SAS_pooled_lsf_screening_2013_2016.dta: 15,710 rows x 21 vars (typed, 0.0 GB in memory)
00:59:56 01_harmonize INFO PASS  H_SAS_lsf_screening_2013_2016.dta: row count unchanged (15,710)
00:59:56 01_harmonize INFO wrote H_SAS_lsf_screening_2013_2016.dta  (15,710 rows x 21 vars, 0.9 MB)
00:59:56 01_harmonize INFO ---------------- SAS / SAS_pooled_pesticides_2017_2018.dta (pesticides_2017_2018, 0.01 GB) -> H_SAS_pesticides_2017_2018.dta
00:59:56 01_harmonize INFO read SAS_pooled_pesticides_2017_2018.dta: 95,146 rows x 27 vars (typed, 0.0 GB in memory)
00:59:56 01_harmonize INFO PASS  H_SAS_pesticides_2017_2018.dta: row count unchanged (95,146)
00:59:56 01_harmonize INFO wrote H_SAS_pesticides_2017_2018.dta  (95,146 rows x 27 vars, 9.2 MB)
00:59:56 01_harmonize INFO ---------------- SAS / SAS_pooled_screening_2017_2018.dta (screening_2017_2018, 0.03 GB) -> H_SAS_screening_2017_2018.dta
00:59:58 01_harmonize INFO read SAS_pooled_screening_2017_2018.dta: 243,835 rows x 40 vars (typed, 0.0 GB in memory)
00:59:58 01_harmonize INFO PASS  H_SAS_screening_2017_2018.dta: row count unchanged (243,835)
00:59:59 01_harmonize INFO wrote H_SAS_screening_2017_2018.dta  (243,835 rows x 40 vars, 31.2 MB)
00:59:59 01_harmonize INFO ---------------- SAS / SAS_pooled_screening_agroforestry.dta (screening_agroforestry, 0.04 GB) -> H_SAS_screening_agroforestry.dta
01:00:00 01_harmonize INFO read SAS_pooled_screening_agroforestry.dta: 263,633 rows x 28 vars (typed, 0.0 GB in memory)
01:00:00 01_harmonize INFO PASS  H_SAS_screening_agroforestry.dta: row count unchanged (263,633)
01:00:01 01_harmonize INFO wrote H_SAS_screening_agroforestry.dta  (263,633 rows x 28 vars, 36.7 MB)
01:00:01 01_harmonize INFO ---------------- SAS / SAS_pooled_screening_antierosion.dta (screening_antierosion, 0.04 GB) -> H_SAS_screening_antierosion.dta
01:00:03 01_harmonize INFO read SAS_pooled_screening_antierosion.dta: 287,508 rows x 28 vars (typed, 0.0 GB in memory)
01:00:03 01_harmonize INFO PASS  H_SAS_screening_antierosion.dta: row count unchanged (287,508)
01:00:04 01_harmonize INFO wrote H_SAS_screening_antierosion.dta  (287,508 rows x 28 vars, 41.4 MB)
01:00:04 01_harmonize INFO ---------------- SAS / SAS_pooled_screening_crops.dta (screening_crops, 0.11 GB) -> H_SAS_screening_crops.dta
01:00:08 01_harmonize INFO read SAS_pooled_screening_crops.dta: 450,923 rows x 40 vars (typed, 0.1 GB in memory)
01:00:08 01_harmonize INFO PASS  H_SAS_screening_crops.dta: row count unchanged (450,923)
01:00:10 01_harmonize INFO wrote H_SAS_screening_crops.dta  (450,923 rows x 40 vars, 108.7 MB)
01:00:10 01_harmonize INFO ---------------- SAS / SAS_pooled_ssf_screening_2013_2016.dta (ssf_screening, 0.01 GB) -> H_SAS_ssf_screening_2013_2016.dta
01:00:11 01_harmonize INFO read SAS_pooled_ssf_screening_2013_2016.dta: 219,362 rows x 23 vars (typed, 0.0 GB in memory)
01:00:11 01_harmonize INFO PASS  H_SAS_ssf_screening_2013_2016.dta: row count unchanged (219,362)
01:00:11 01_harmonize INFO wrote H_SAS_ssf_screening_2013_2016.dta  (219,362 rows x 23 vars, 13.8 MB)
01:00:11 01_harmonize INFO ---------------- CFSVA / CFSVA_pooled_child.dta (child, 0.11 GB) -> H_CFSVA_child.dta
01:00:19 01_harmonize INFO read CFSVA_pooled_child.dta: 35,764 rows x 1374 vars (typed, 0.1 GB in memory)
