19:10:47 01_harmonize INFO ==== 01_harmonize | run 20260906-191047_01_harmonize | python 3.13.5 | pandas 2.2.3 | pyreadstat 1.3.4
19:10:47 01_harmonize INFO    previous H_EC_establishment.dta removed before the rebuild (0.46 GB)
19:10:47 01_harmonize INFO ---------------- EC / EC_pooled_establishment.dta (establishment, 0.46 GB) -> H_EC_establishment.dta
19:11:54 01_harmonize INFO read EC_pooled_establishment.dta: 896,710 rows x 265 vars (typed, 0.6 GB in memory)
19:11:55 01_harmonize INFO PASS  H_EC_establishment.dta: row count unchanged (896,710)
19:11:55 01_harmonize INFO PASS  H_EC_establishment.dta: every column is a clean lower-case name of at most 32 characters
19:12:02 01_harmonize INFO wrote H_EC_establishment.dta  (896,710 rows x 266 vars, 477.3 MB)
19:12:02 01_harmonize INFO    previous H_SAS_plotcrop.dta removed before the rebuild (1.50 GB)
19:12:02 01_harmonize INFO ---------------- SAS / SAS_pooled_plotcrop.dta (plotcrop, 1.50 GB) -> H_SAS_plotcrop.dta
19:12:40 01_harmonize INFO read SAS_pooled_plotcrop.dta: 632,756 rows x 299 vars (typed, 1.0 GB in memory)
19:12:41 01_harmonize INFO PASS  H_SAS_plotcrop.dta: row count unchanged (632,756)
19:12:41 01_harmonize INFO PASS  H_SAS_plotcrop.dta: every column is a clean lower-case name of at most 32 characters
19:12:56 01_harmonize INFO wrote H_SAS_plotcrop.dta  (632,756 rows x 300 vars, 1518.9 MB)
19:12:56 01_harmonize INFO    previous H_SAS_plotcrop_2013_2016.dta removed before the rebuild (0.37 GB)
19:12:56 01_harmonize INFO ---------------- SAS / SAS_pooled_plotcrop_2013_2016.dta (plotcrop_early, 0.37 GB) -> H_SAS_plotcrop_2013_2016.dta
19:13:18 01_harmonize INFO read SAS_pooled_plotcrop_2013_2016.dta: 1,121,780 rows x 84 vars (typed, 0.4 GB in memory)
19:13:19 01_harmonize INFO PASS  H_SAS_plotcrop_2013_2016.dta: row count unchanged (1,121,780)
19:13:20 01_harmonize INFO PASS  H_SAS_plotcrop_2013_2016.dta: every column is a clean lower-case name of at most 32 characters
19:13:26 01_harmonize INFO wrote H_SAS_plotcrop_2013_2016.dta  (1,121,780 rows x 85 vars, 399.4 MB)
19:13:27 01_harmonize INFO    previous H_SAS_screening_crops.dta removed before the rebuild (0.63 GB)
19:13:27 01_harmonize INFO ---------------- SAS / SAS_pooled_screening_crops.dta (screening_crops, 0.63 GB) -> H_SAS_screening_crops.dta
19:13:48 01_harmonize INFO read SAS_pooled_screening_crops.dta: 752,143 rows x 112 vars (typed, 0.4 GB in memory)
19:13:49 01_harmonize INFO PASS  H_SAS_screening_crops.dta: row count unchanged (752,143)
19:13:49 01_harmonize INFO PASS  H_SAS_screening_crops.dta: every column is a clean lower-case name of at most 32 characters
19:14:01 01_harmonize INFO wrote H_SAS_screening_crops.dta  (752,143 rows x 113 vars, 649.9 MB)
19:14:01 01_harmonize INFO all hard checks passed (0 soft warnings)
19:14:01 01_harmonize INFO 01_harmonize done: 16 files, 267 map rows
