01:06:27 01_harmonize INFO ==== 01_harmonize | run 20260905-010627_01_harmonize | python 3.13.5 | pandas 2.2.3 | pyreadstat 1.3.4
01:06:27 01_harmonize INFO ---------------- AHS / AHS_pooled_household.dta (household, 0.03 GB) -> H_AHS_household.dta
01:06:30 01_harmonize INFO read AHS_pooled_household.dta: 30,447 rows x 453 vars (typed, 0.0 GB in memory)
01:06:30 01_harmonize INFO PASS  H_AHS_household.dta: row count unchanged (30,447)
01:06:30 01_harmonize INFO wrote H_AHS_household.dta  (30,447 rows x 456 vars, 32.9 MB)
01:06:30 01_harmonize INFO ---------------- AHS / AHS_pooled_person.dta (person, 0.04 GB) -> H_AHS_person.dta
01:06:35 01_harmonize INFO read AHS_pooled_person.dta: 138,683 rows x 185 vars (typed, 0.1 GB in memory)
01:06:35 01_harmonize INFO    h_marital   non-missing by wave: {'2017': 0, '2020': 0, '2024': 11495}
01:06:35 01_harmonize INFO    h_relation  non-missing by wave: {'2017': 73665, '2020': 48726, '2024': 16292}
01:06:35 01_harmonize INFO    h_educ      non-missing by wave: {'2017': 51421, '2020': 41244, '2024': 16292}
01:06:35 01_harmonize INFO    h_literacy  non-missing by wave: {'2017': 0, '2020': 0, '2024': 12305}
01:06:35 01_harmonize INFO    h_lfstatus  non-missing by wave: {'2017': 51421, '2020': 41365, '2024': 14019}
01:06:35 01_harmonize INFO    h_empstat   non-missing by wave: {'2017': 0, '2020': 24489, '2024': 8417}
01:06:35 01_harmonize INFO    h_isic1     non-missing by wave: {'2017': 0, '2020': 0, '2024': 0}
01:06:35 01_harmonize INFO    h_isco1     non-missing by wave: {'2017': 0, '2020': 0, '2024': 0}
01:06:36 01_harmonize INFO PASS  H_AHS_person.dta: row count unchanged (138,683)
01:06:37 01_harmonize INFO wrote H_AHS_person.dta  (138,683 rows x 201 vars, 50.1 MB)
01:06:37 01_harmonize INFO ---------------- AHS / AHS_pooled_animal_inputs.dta (animal_inputs, 0.01 GB) -> H_AHS_animal_inputs.dta
01:06:37 01_harmonize INFO read AHS_pooled_animal_inputs.dta: 49,750 rows x 52 vars (typed, 0.0 GB in memory)
01:06:37 01_harmonize INFO PASS  H_AHS_animal_inputs.dta: row count unchanged (49,750)
01:06:38 01_harmonize INFO wrote H_AHS_animal_inputs.dta  (49,750 rows x 53 vars, 9.9 MB)
01:06:38 01_harmonize INFO ---------------- AHS / AHS_pooled_credits.dta (credits, 0.00 GB) -> H_AHS_credits.dta
01:06:38 01_harmonize INFO read AHS_pooled_credits.dta: 31,947 rows x 89 vars (typed, 0.0 GB in memory)
01:06:38 01_harmonize INFO PASS  H_AHS_credits.dta: row count unchanged (31,947)
01:06:38 01_harmonize INFO wrote H_AHS_credits.dta  (31,947 rows x 91 vars, 6.1 MB)
01:06:38 01_harmonize INFO ---------------- AHS / AHS_pooled_eggs.dta (eggs, 0.01 GB) -> H_AHS_eggs.dta
01:06:39 01_harmonize INFO read AHS_pooled_eggs.dta: 58,853 rows x 49 vars (typed, 0.0 GB in memory)
01:06:39 01_harmonize INFO PASS  H_AHS_eggs.dta: row count unchanged (58,853)
01:06:39 01_harmonize INFO wrote H_AHS_eggs.dta  (58,853 rows x 50 vars, 7.7 MB)
01:06:39 01_harmonize INFO ---------------- AHS / AHS_pooled_extension.dta (extension, 0.01 GB) -> H_AHS_extension.dta
01:06:41 01_harmonize INFO read AHS_pooled_extension.dta: 98,843 rows x 74 vars (typed, 0.0 GB in memory)
01:06:41 01_harmonize INFO PASS  H_AHS_extension.dta: row count unchanged (98,843)
01:06:41 01_harmonize INFO wrote H_AHS_extension.dta  (98,843 rows x 75 vars, 15.2 MB)
01:06:41 01_harmonize INFO ---------------- AHS / AHS_pooled_fruits.dta (fruits, 0.00 GB) -> H_AHS_fruits.dta
01:06:42 01_harmonize INFO read AHS_pooled_fruits.dta: 29,239 rows x 39 vars (typed, 0.0 GB in memory)
01:06:42 01_harmonize INFO PASS  H_AHS_fruits.dta: row count unchanged (29,239)
01:06:42 01_harmonize INFO wrote H_AHS_fruits.dta  (29,239 rows x 40 vars, 2.9 MB)
01:06:42 01_harmonize INFO ---------------- AHS / AHS_pooled_honey.dta (honey, 0.01 GB) -> H_AHS_honey.dta
01:06:42 01_harmonize INFO read AHS_pooled_honey.dta: 38,465 rows x 59 vars (typed, 0.0 GB in memory)
01:06:42 01_harmonize INFO PASS  H_AHS_honey.dta: row count unchanged (38,465)
01:06:42 01_harmonize INFO wrote H_AHS_honey.dta  (38,465 rows x 60 vars, 7.8 MB)
01:06:42 01_harmonize INFO ---------------- AHS / AHS_pooled_inputs.dta (inputs, 0.02 GB) -> H_AHS_inputs.dta
01:06:44 01_harmonize INFO read AHS_pooled_inputs.dta: 26,723 rows x 246 vars (typed, 0.0 GB in memory)
01:06:44 01_harmonize INFO PASS  H_AHS_inputs.dta: row count unchanged (26,723)
01:06:44 01_harmonize INFO wrote H_AHS_inputs.dta  (26,723 rows x 247 vars, 19.8 MB)
01:06:44 01_harmonize INFO ---------------- AHS / AHS_pooled_land.dta (land, 0.01 GB) -> H_AHS_land.dta
01:06:45 01_harmonize INFO read AHS_pooled_land.dta: 72,211 rows x 88 vars (typed, 0.0 GB in memory)
01:06:45 01_harmonize INFO PASS  H_AHS_land.dta: row count unchanged (72,211)
01:06:46 01_harmonize INFO wrote H_AHS_land.dta  (72,211 rows x 89 vars, 14.8 MB)
01:06:46 01_harmonize INFO ---------------- AHS / AHS_pooled_livestock.dta (livestock, 0.02 GB) -> H_AHS_livestock.dta
01:06:47 01_harmonize INFO read AHS_pooled_livestock.dta: 65,808 rows x 119 vars (typed, 0.0 GB in memory)
01:06:47 01_harmonize INFO PASS  H_AHS_livestock.dta: row count unchanged (65,808)
01:06:48 01_harmonize INFO wrote H_AHS_livestock.dta  (65,808 rows x 120 vars, 20.7 MB)
01:06:48 01_harmonize INFO ---------------- AHS / AHS_pooled_milk.dta (milk, 0.02 GB) -> H_AHS_milk.dta
01:06:48 01_harmonize INFO read AHS_pooled_milk.dta: 59,594 rows x 78 vars (typed, 0.0 GB in memory)
01:06:48 01_harmonize INFO PASS  H_AHS_milk.dta: row count unchanged (59,594)
01:06:49 01_harmonize INFO wrote H_AHS_milk.dta  (59,594 rows x 79 vars, 18.7 MB)
01:06:49 01_harmonize INFO ---------------- AHS / AHS_pooled_tools.dta (tools, 0.06 GB) -> H_AHS_tools.dta
01:06:52 01_harmonize INFO read AHS_pooled_tools.dta: 372,184 rows x 33 vars (typed, 0.1 GB in memory)
01:06:52 01_harmonize INFO PASS  H_AHS_tools.dta: row count unchanged (372,184)
01:06:54 01_harmonize INFO wrote H_AHS_tools.dta  (372,184 rows x 34 vars, 67.4 MB)
01:06:54 01_harmonize INFO all hard checks passed (0 soft warnings)
01:06:54 01_harmonize INFO 01_harmonize done: 44 files, 94 map rows
