15:29:13 01_harmonize INFO ==== 01_harmonize | run 20260905-152911 | python 3.13.5 | pandas 2.2.3 | pyreadstat 1.3.4
15:29:13 01_harmonize WARNING preflight: 2 declared skips (disk): ['H_EICV_food.dta', 'H_EICV_own_consumption.dta']
15:29:14 01_harmonize INFO    previous H_LFS_household.dta removed before the rebuild (0.03 GB)
15:29:14 01_harmonize INFO ---------------- LFS / LFS_pooled_household.dta (household, 0.03 GB) -> H_LFS_household.dta
15:29:17 01_harmonize INFO read LFS_pooled_household.dta: 166,772 rows x 97 vars (typed, 0.1 GB in memory)
15:29:18 01_harmonize INFO PASS  H_LFS_household.dta: row count unchanged (166,772)
15:29:20 01_harmonize INFO wrote H_LFS_household.dta  (166,772 rows x 100 vars, 33.4 MB)
15:29:20 01_harmonize INFO    previous H_LFS_person.dta removed before the rebuild (0.69 GB)
15:29:20 01_harmonize INFO ---------------- LFS / LFS_pooled_person.dta (person, 0.68 GB) -> H_LFS_person.dta
15:30:42 01_harmonize INFO read LFS_pooled_person.dta: 724,015 rows x 478 vars (typed, 0.9 GB in memory)
15:30:45 01_harmonize INFO    h_marital   non-missing by wave: {'2017': 53099, '2018': 52785, '2019': 56595, '2020': 0, '2021': 50203, '2022': 49360, '2023': 50019, '2024': 71109, '2025': 70548}
15:30:45 01_harmonize INFO    h_relation  non-missing by wave: {'2017': 77761, '2018': 76670, '2019': 81778, '2020': 70172, '2021': 71947, '2022': 70424, '2023': 71849, '2024': 102562, '2025': 100852}
15:30:45 01_harmonize INFO    h_educ      non-missing by wave: {'2017': 49108, '2018': 48931, '2019': 52550, '2020': 0, '2021': 46562, '2022': 45780, '2023': 46701, '2024': 66303, '2025': 65721}
15:30:45 01_harmonize INFO    h_literacy  non-missing by wave: {'2017': 32815, '2018': 32029, '2019': 34076, '2020': 0, '2021': 29902, '2022': 29679, '2023': 30406, '2024': 0, '2025': 0}
15:30:45 01_harmonize INFO    h_lfstatus  non-missing by wave: {'2017': 45526, '2018': 45297, '2019': 48741, '2020': 45039, '2021': 46562, '2022': 45780, '2023': 46701, '2024': 66303, '2025': 65721}
15:30:45 01_harmonize INFO    h_empstat   non-missing by wave: {'2017': 21394, '2018': 22033, '2019': 23550, '2020': 20440, '2021': 19142, '2022': 19947, '2023': 22214, '2024': 33166, '2025': 34181}
15:30:45 01_harmonize INFO    h_isic1     non-missing by wave: {'2017': 21394, '2018': 22033, '2019': 23351, '2020': 20440, '2021': 19142, '2022': 19947, '2023': 22214, '2024': 33594, '2025': 34712}
15:30:45 01_harmonize INFO    h_isco1     non-missing by wave: {'2017': 21394, '2018': 21836, '2019': 23351, '2020': 0, '2021': 19142, '2022': 19947, '2023': 22214, '2024': 33594, '2025': 34712}
15:30:45 01_harmonize INFO PASS  H_LFS_person.dta: row count unchanged (724,015)
15:31:00 01_harmonize INFO wrote H_LFS_person.dta  (724,015 rows x 494 vars, 713.7 MB)
15:31:02 01_harmonize INFO    previous H_Census_household.dta removed before the rebuild (0.34 GB)
15:31:02 01_harmonize INFO ---------------- Census / Census_pooled_household.dta (household, 0.32 GB) -> H_Census_household.dta
15:31:57 01_harmonize INFO read Census_pooled_household.dta: 750,115 rows x 289 vars (typed, 0.6 GB in memory)
15:31:58 01_harmonize INFO PASS  H_Census_household.dta: row count unchanged (750,115)
15:32:05 01_harmonize INFO wrote H_Census_household.dta  (750,115 rows x 292 vars, 333.3 MB)
15:32:05 01_harmonize INFO    previous H_Census_person.dta removed before the rebuild (2.20 GB)
15:32:05 01_harmonize INFO ---------------- Census / Census_pooled_person.dta (person, 2.03 GB) -> H_Census_person.dta
15:38:50 01_harmonize INFO read Census_pooled_person.dta: 3,165,816 rows x 465 vars (typed, 3.6 GB in memory)
15:38:59 01_harmonize INFO    h_marital   non-missing by wave: {'2002': 499642, '2012': 681318, '2022': 910862}
15:38:59 01_harmonize INFO    h_relation  non-missing by wave: {'2002': 791992, '2012': 1038369, '2022': 1313015}
15:38:59 01_harmonize INFO    h_educ      non-missing by wave: {'2002': 630665, '2012': 938201, '2022': 1312841}
15:38:59 01_harmonize INFO    h_literacy  non-missing by wave: {'2002': 613063, '2012': 940001, '2022': 971201}
15:38:59 01_harmonize INFO    h_lfstatus  non-missing by wave: {'2002': 607987, '2012': 883622, '2022': 0}
15:39:00 01_harmonize INFO    h_empstat   non-missing by wave: {'2002': 336001, '2012': 410351, '2022': 359336}
15:39:00 01_harmonize INFO    h_isic1     non-missing by wave: {'2002': 340067, '2012': 418732, '2022': 352641}
15:39:00 01_harmonize INFO    h_isco1     non-missing by wave: {'2002': 341140, '2012': 418930, '2022': 359323}
15:39:01 01_harmonize INFO PASS  H_Census_person.dta: row count unchanged (3,165,816)
15:39:44 01_harmonize INFO wrote H_Census_person.dta  (3,165,816 rows x 481 vars, 2207.1 MB)
15:39:50 01_harmonize INFO    previous H_EICV_household.dta removed before the rebuild (0.12 GB)
15:39:50 01_harmonize INFO ---------------- EICV / EICV_pooled_household.dta (household, 0.15 GB) -> H_EICV_household.dta
15:40:01 01_harmonize INFO read EICV_pooled_household.dta: 71,681 rows x 1029 vars (typed, 0.2 GB in memory)
15:40:02 01_harmonize INFO PASS  H_EICV_household.dta: row count unchanged (71,681)
15:40:03 01_harmonize INFO wrote H_EICV_household.dta  (71,681 rows x 1032 vars, 152.8 MB)
15:40:03 01_harmonize INFO    previous H_EICV_person.dta removed before the rebuild (0.55 GB)
15:40:03 01_harmonize INFO ---------------- EICV / EICV_pooled_person.dta (person, 0.57 GB) -> H_EICV_person.dta
15:41:26 01_harmonize INFO read EICV_pooled_person.dta: 327,841 rows x 1180 vars (typed, 1.0 GB in memory)
15:41:27 01_harmonize INFO    h_marital   non-missing by wave: {'EICV1': 20750, 'EICV2': 22515, 'EICV3': 44193, 'EICV4_CS': 43681, 'EICV5_CS': 43240, 'EICV7_CS': 43529}
15:41:27 01_harmonize INFO    h_relation  non-missing by wave: {'EICV1': 32153, 'EICV2': 34785, 'EICV3': 68397, 'EICV4_CS': 66081, 'EICV5_CS': 64314, 'EICV7_CS': 62110}
15:41:27 01_harmonize INFO    h_educ      non-missing by wave: {'EICV1': 8744, 'EICV2': 28016, 'EICV3': 34235, 'EICV4_CS': 60441, 'EICV5_CS': 58692, 'EICV7_CS': 62110}
15:41:27 01_harmonize INFO    h_literacy  non-missing by wave: {'EICV1': 23994, 'EICV2': 24491, 'EICV3': 41646, 'EICV4_CS': 47287, 'EICV5_CS': 46765, 'EICV7_CS': 46500}
15:41:27 01_harmonize INFO    h_lfstatus  non-missing by wave: {'EICV1': 25193, 'EICV2': 27133, 'EICV3': 56091, 'EICV4_CS': 55061, 'EICV5_CS': 53664, 'EICV7_CS': 52900}
15:41:27 01_harmonize INFO    h_empstat   non-missing by wave: {'EICV1': 15237, 'EICV2': 16292, 'EICV3': 0, 'EICV4_CS': 0, 'EICV5_CS': 0, 'EICV7_CS': 31289}
15:41:27 01_harmonize INFO    h_isic1     non-missing by wave: {'EICV1': 15190, 'EICV2': 16186, 'EICV3': 0, 'EICV4_CS': 32967, 'EICV5_CS': 0, 'EICV7_CS': 31289}
15:41:27 01_harmonize INFO    h_isco1     non-missing by wave: {'EICV1': 15214, 'EICV2': 16293, 'EICV3': 0, 'EICV4_CS': 32967, 'EICV5_CS': 0, 'EICV7_CS': 30353}
15:41:27 01_harmonize INFO PASS  H_EICV_person.dta: row count unchanged (327,841)
15:41:34 01_harmonize INFO wrote H_EICV_person.dta  (327,841 rows x 1196 vars, 589.9 MB)
15:41:34 01_harmonize INFO    previous H_EICV_EICV3_4_panel_link.dta removed before the rebuild (0.00 GB)
15:41:34 01_harmonize INFO ---------------- EICV / EICV3_4_panel_link.dta (link, 0.00 GB) -> H_EICV_EICV3_4_panel_link.dta
15:41:35 01_harmonize INFO read EICV3_4_panel_link.dta: 8,310 rows x 38 vars (typed, 0.0 GB in memory)
15:41:35 01_harmonize INFO PASS  H_EICV_EICV3_4_panel_link.dta: row count unchanged (8,310)
15:41:35 01_harmonize INFO wrote H_EICV_EICV3_4_panel_link.dta  (8,310 rows x 39 vars, 1.8 MB)
15:41:35 01_harmonize INFO    previous H_EICV_EICV5_vup_panel_link.dta removed before the rebuild (0.00 GB)
15:41:35 01_harmonize INFO ---------------- EICV / EICV5_vup_panel_link.dta (link, 0.00 GB) -> H_EICV_EICV5_vup_panel_link.dta
15:41:35 01_harmonize INFO read EICV5_vup_panel_link.dta: 5,171 rows x 41 vars (typed, 0.0 GB in memory)
15:41:35 01_harmonize INFO PASS  H_EICV_EICV5_vup_panel_link.dta: row count unchanged (5,171)
15:41:35 01_harmonize INFO wrote H_EICV_EICV5_vup_panel_link.dta  (5,171 rows x 43 vars, 1.4 MB)
15:41:35 01_harmonize INFO    previous H_EICV_agri_expenditure.dta removed before the rebuild (0.15 GB)
15:41:35 01_harmonize INFO ---------------- EICV / EICV_pooled_agri_expenditure.dta (agri_expenditure, 0.13 GB) -> H_EICV_agri_expenditure.dta
15:41:48 01_harmonize INFO read EICV_pooled_agri_expenditure.dta: 890,994 rows x 57 vars (typed, 0.2 GB in memory)
15:41:49 01_harmonize INFO PASS  H_EICV_agri_expenditure.dta: row count unchanged (890,994)
15:41:53 01_harmonize INFO wrote H_EICV_agri_expenditure.dta  (890,994 rows x 58 vars, 156.0 MB)
15:41:53 01_harmonize INFO    previous H_EICV_agri_income.dta removed before the rebuild (0.05 GB)
15:41:53 01_harmonize INFO ---------------- EICV / EICV_pooled_agri_income.dta (agri_income, 0.04 GB) -> H_EICV_agri_income.dta
15:41:56 01_harmonize INFO read EICV_pooled_agri_income.dta: 397,212 rows x 32 vars (typed, 0.1 GB in memory)
15:41:56 01_harmonize INFO PASS  H_EICV_agri_income.dta: row count unchanged (397,212)
15:41:58 01_harmonize INFO wrote H_EICV_agri_income.dta  (397,212 rows x 33 vars, 51.3 MB)
15:41:58 01_harmonize INFO    previous H_EICV_agri_processing.dta removed before the rebuild (0.05 GB)
15:41:58 01_harmonize INFO ---------------- EICV / EICV_pooled_agri_processing.dta (agri_processing, 0.05 GB) -> H_EICV_agri_processing.dta
15:42:01 01_harmonize INFO read EICV_pooled_agri_processing.dta: 172,443 rows x 108 vars (typed, 0.1 GB in memory)
15:42:01 01_harmonize INFO PASS  H_EICV_agri_processing.dta: row count unchanged (172,443)
15:42:02 01_harmonize INFO wrote H_EICV_agri_processing.dta  (172,443 rows x 110 vars, 53.7 MB)
15:42:02 01_harmonize INFO    previous H_EICV_credits.dta removed before the rebuild (0.02 GB)
15:42:02 01_harmonize INFO ---------------- EICV / EICV_pooled_credits.dta (credits, 0.02 GB) -> H_EICV_credits.dta
15:42:04 01_harmonize INFO read EICV_pooled_credits.dta: 104,030 rows x 85 vars (typed, 0.0 GB in memory)
15:42:04 01_harmonize INFO PASS  H_EICV_credits.dta: row count unchanged (104,030)
15:42:04 01_harmonize INFO wrote H_EICV_credits.dta  (104,030 rows x 87 vars, 23.7 MB)
15:42:04 01_harmonize INFO    previous H_EICV_crop_large.dta removed before the rebuild (0.04 GB)
15:42:04 01_harmonize INFO ---------------- EICV / EICV_pooled_crop_large.dta (crop_large, 0.04 GB) -> H_EICV_crop_large.dta
15:42:06 01_harmonize INFO read EICV_pooled_crop_large.dta: 159,870 rows x 77 vars (typed, 0.0 GB in memory)
15:42:07 01_harmonize INFO PASS  H_EICV_crop_large.dta: row count unchanged (159,870)
15:42:07 01_harmonize INFO wrote H_EICV_crop_large.dta  (159,870 rows x 79 vars, 45.0 MB)
15:42:07 01_harmonize INFO    previous H_EICV_crop_small.dta removed before the rebuild (0.13 GB)
15:42:07 01_harmonize INFO ---------------- EICV / EICV_pooled_crop_small.dta (crop_small, 0.11 GB) -> H_EICV_crop_small.dta
15:42:17 01_harmonize INFO read EICV_pooled_crop_small.dta: 469,484 rows x 86 vars (typed, 0.1 GB in memory)
15:42:17 01_harmonize INFO PASS  H_EICV_crop_small.dta: row count unchanged (469,484)
15:42:19 01_harmonize INFO wrote H_EICV_crop_small.dta  (469,484 rows x 88 vars, 131.5 MB)
15:42:20 01_harmonize INFO ---------------- EICV / EICV_pooled_durables.dta (durables, 0.61 GB) -> H_EICV_durables.dta
15:43:17 01_harmonize INFO read EICV_pooled_durables.dta: 2,104,019 rows x 103 vars (typed, 0.8 GB in memory)
15:43:18 01_harmonize INFO PASS  H_EICV_durables.dta: row count unchanged (2,104,019)
15:43:29 01_harmonize INFO wrote H_EICV_durables.dta  (2,104,019 rows x 104 vars, 665.0 MB)
15:43:30 01_harmonize INFO    previous H_EICV_enterprise.dta removed before the rebuild (0.02 GB)
15:43:30 01_harmonize INFO ---------------- EICV / EICV_pooled_enterprise.dta (enterprise, 0.01 GB) -> H_EICV_enterprise.dta
15:43:31 01_harmonize INFO read EICV_pooled_enterprise.dta: 70,481 rows x 99 vars (typed, 0.0 GB in memory)
15:43:31 01_harmonize INFO PASS  H_EICV_enterprise.dta: row count unchanged (70,481)
15:43:31 01_harmonize INFO wrote H_EICV_enterprise.dta  (70,481 rows x 101 vars, 16.3 MB)
15:43:31 01_harmonize INFO    previous H_EICV_equipment.dta removed before the rebuild (0.05 GB)
15:43:31 01_harmonize INFO ---------------- EICV / EICV_pooled_equipment.dta (equipment, 0.05 GB) -> H_EICV_equipment.dta
15:43:35 01_harmonize INFO read EICV_pooled_equipment.dta: 385,969 rows x 48 vars (typed, 0.1 GB in memory)
15:43:36 01_harmonize INFO PASS  H_EICV_equipment.dta: row count unchanged (385,969)
15:43:37 01_harmonize INFO wrote H_EICV_equipment.dta  (385,969 rows x 49 vars, 54.8 MB)
15:43:37 01_harmonize INFO ---------------- EICV / EICV_pooled_expenditure_annual.dta (expenditure_annual, 0.78 GB) -> H_EICV_expenditure_annual.dta
15:44:54 01_harmonize INFO read EICV_pooled_expenditure_annual.dta: 5,476,244 rows x 52 vars (typed, 1.0 GB in memory)
15:44:57 01_harmonize INFO PASS  H_EICV_expenditure_annual.dta: row count unchanged (5,476,244)
15:45:23 01_harmonize INFO wrote H_EICV_expenditure_annual.dta  (5,476,244 rows x 53 vars, 909.1 MB)
15:45:23 01_harmonize INFO ---------------- EICV / EICV_pooled_expenditure_frequent.dta (expenditure_frequent, 0.65 GB) -> H_EICV_expenditure_frequent.dta
15:46:19 01_harmonize INFO read EICV_pooled_expenditure_frequent.dta: 2,504,958 rows x 80 vars (typed, 0.8 GB in memory)
15:46:20 01_harmonize INFO PASS  H_EICV_expenditure_frequent.dta: row count unchanged (2,504,958)
15:46:34 01_harmonize INFO wrote H_EICV_expenditure_frequent.dta  (2,504,958 rows x 81 vars, 706.5 MB)
15:46:35 01_harmonize INFO ---------------- EICV / EICV_pooled_expenditure_monthly.dta (expenditure_monthly, 0.56 GB) -> H_EICV_expenditure_monthly.dta
15:47:31 01_harmonize INFO read EICV_pooled_expenditure_monthly.dta: 3,930,484 rows x 53 vars (typed, 0.7 GB in memory)
15:47:33 01_harmonize INFO PASS  H_EICV_expenditure_monthly.dta: row count unchanged (3,930,484)
15:47:51 01_harmonize INFO wrote H_EICV_expenditure_monthly.dta  (3,930,484 rows x 54 vars, 648.6 MB)
15:47:51 01_harmonize WARNING SKIPPED EICV_pooled_food.dta: 5.8 GB file, only 13.9 GB free (MIN_FREE_GB=12.0) -- declared limitation, rerun when space is available
15:47:51 01_harmonize INFO    previous H_EICV_household_vup.dta removed before the rebuild (0.00 GB)
15:47:51 01_harmonize INFO ---------------- EICV / EICV_pooled_household_vup.dta (household, 0.01 GB) -> H_EICV_household_vup.dta
15:47:52 01_harmonize INFO read EICV_pooled_household_vup.dta: 7,875 rows x 395 vars (typed, 0.0 GB in memory)
15:47:52 01_harmonize INFO PASS  H_EICV_household_vup.dta: row count unchanged (7,875)
15:47:53 01_harmonize INFO wrote H_EICV_household_vup.dta  (7,875 rows x 398 vars, 5.3 MB)
15:47:53 01_harmonize INFO    previous H_EICV_jobs.dta removed before the rebuild (0.10 GB)
15:47:53 01_harmonize INFO ---------------- EICV / EICV_pooled_jobs.dta (jobs, 0.09 GB) -> H_EICV_jobs.dta
15:48:01 01_harmonize INFO read EICV_pooled_jobs.dta: 242,787 rows x 200 vars (typed, 0.1 GB in memory)
15:48:02 01_harmonize INFO PASS  H_EICV_jobs.dta: row count unchanged (242,787)
15:48:03 01_harmonize INFO wrote H_EICV_jobs.dta  (242,787 rows x 202 vars, 98.8 MB)
15:48:04 01_harmonize INFO    previous H_EICV_land.dta removed before the rebuild (0.07 GB)
15:48:04 01_harmonize INFO ---------------- EICV / EICV_pooled_land.dta (land, 0.06 GB) -> H_EICV_land.dta
15:48:08 01_harmonize INFO read EICV_pooled_land.dta: 545,978 rows x 37 vars (typed, 0.1 GB in memory)
15:48:08 01_harmonize INFO PASS  H_EICV_land.dta: row count unchanged (545,978)
15:48:11 01_harmonize INFO wrote H_EICV_land.dta  (545,978 rows x 38 vars, 71.0 MB)
15:48:11 01_harmonize INFO    previous H_EICV_livestock.dta removed before the rebuild (0.10 GB)
15:48:11 01_harmonize INFO ---------------- EICV / EICV_pooled_livestock.dta (livestock, 0.10 GB) -> H_EICV_livestock.dta
15:48:20 01_harmonize INFO read EICV_pooled_livestock.dta: 345,131 rows x 125 vars (typed, 0.1 GB in memory)
15:48:21 01_harmonize INFO PASS  H_EICV_livestock.dta: row count unchanged (345,131)
15:48:23 01_harmonize INFO wrote H_EICV_livestock.dta  (345,131 rows x 126 vars, 106.4 MB)
15:48:23 01_harmonize INFO    previous H_EICV_livestock_expenditure.dta removed before the rebuild (0.08 GB)
15:48:23 01_harmonize INFO ---------------- EICV / EICV_pooled_livestock_expenditure.dta (livestock_expenditure, 0.07 GB) -> H_EICV_livestock_expenditure.dta
15:48:29 01_harmonize INFO read EICV_pooled_livestock_expenditure.dta: 424,476 rows x 69 vars (typed, 0.1 GB in memory)
15:48:30 01_harmonize INFO PASS  H_EICV_livestock_expenditure.dta: row count unchanged (424,476)
15:48:32 01_harmonize INFO wrote H_EICV_livestock_expenditure.dta  (424,476 rows x 70 vars, 84.5 MB)
15:48:32 01_harmonize INFO    previous H_EICV_livestock_products.dta removed before the rebuild (0.06 GB)
15:48:32 01_harmonize INFO ---------------- EICV / EICV_pooled_livestock_products.dta (livestock_products, 0.05 GB) -> H_EICV_livestock_products.dta
15:48:35 01_harmonize INFO read EICV_pooled_livestock_products.dta: 317,188 rows x 56 vars (typed, 0.1 GB in memory)
15:48:36 01_harmonize INFO PASS  H_EICV_livestock_products.dta: row count unchanged (317,188)
15:48:37 01_harmonize INFO wrote H_EICV_livestock_products.dta  (317,188 rows x 57 vars, 61.9 MB)
15:48:37 01_harmonize INFO    previous H_EICV_other_expenditure.dta removed before the rebuild (0.11 GB)
15:48:37 01_harmonize INFO ---------------- EICV / EICV_pooled_other_expenditure.dta (other_expenditure, 0.09 GB) -> H_EICV_other_expenditure.dta
15:48:45 01_harmonize INFO read EICV_pooled_other_expenditure.dta: 817,971 rows x 36 vars (typed, 0.1 GB in memory)
15:48:45 01_harmonize INFO PASS  H_EICV_other_expenditure.dta: row count unchanged (817,971)
15:48:48 01_harmonize INFO wrote H_EICV_other_expenditure.dta  (817,971 rows x 37 vars, 109.6 MB)
15:48:48 01_harmonize INFO    previous H_EICV_other_income.dta removed before the rebuild (0.26 GB)
15:48:48 01_harmonize INFO ---------------- EICV / EICV_pooled_other_income.dta (other_income, 0.23 GB) -> H_EICV_other_income.dta
15:49:10 01_harmonize INFO read EICV_pooled_other_income.dta: 1,612,233 rows x 51 vars (typed, 0.3 GB in memory)
15:49:11 01_harmonize INFO PASS  H_EICV_other_income.dta: row count unchanged (1,612,233)
15:49:18 01_harmonize INFO wrote H_EICV_other_income.dta  (1,612,233 rows x 52 vars, 270.9 MB)
15:49:18 01_harmonize WARNING SKIPPED EICV_pooled_own_consumption.dta: 2.1 GB file, only 13.8 GB free (MIN_FREE_GB=12.0) -- declared limitation, rerun when space is available
15:49:18 01_harmonize INFO    previous H_EICV_parcels.dta removed before the rebuild (0.06 GB)
15:49:18 01_harmonize INFO ---------------- EICV / EICV_pooled_parcels.dta (parcels, 0.05 GB) -> H_EICV_parcels.dta
15:49:23 01_harmonize INFO read EICV_pooled_parcels.dta: 207,503 rows x 123 vars (typed, 0.1 GB in memory)
15:49:23 01_harmonize INFO PASS  H_EICV_parcels.dta: row count unchanged (207,503)
15:49:24 01_harmonize INFO wrote H_EICV_parcels.dta  (207,503 rows x 125 vars, 63.8 MB)
15:49:24 01_harmonize INFO    previous H_EICV_person_vup.dta removed before the rebuild (0.03 GB)
15:49:24 01_harmonize INFO ---------------- EICV / EICV_pooled_person_vup.dta (person, 0.03 GB) -> H_EICV_person_vup.dta
15:49:27 01_harmonize INFO read EICV_pooled_person_vup.dta: 32,241 rows x 511 vars (typed, 0.0 GB in memory)
15:49:27 01_harmonize INFO    h_marital   non-missing by wave: {'EICV4_VUP': 7220, 'EICV5_VUP': 4765, 'EICV7_VUP': 10571}
15:49:27 01_harmonize INFO    h_relation  non-missing by wave: {'EICV4_VUP': 10606, 'EICV5_VUP': 6596, 'EICV7_VUP': 15039}
15:49:27 01_harmonize INFO    h_educ      non-missing by wave: {'EICV4_VUP': 9929, 'EICV5_VUP': 6095, 'EICV7_VUP': 15039}
15:49:27 01_harmonize INFO    h_literacy  non-missing by wave: {'EICV4_VUP': 7835, 'EICV5_VUP': 5114, 'EICV7_VUP': 11298}
15:49:27 01_harmonize INFO    h_lfstatus  non-missing by wave: {'EICV4_VUP': 0, 'EICV5_VUP': 5731, 'EICV7_VUP': 12854}
15:49:27 01_harmonize INFO    h_empstat   non-missing by wave: {'EICV4_VUP': 0, 'EICV5_VUP': 0, 'EICV7_VUP': 7093}
15:49:27 01_harmonize INFO    h_isic1     non-missing by wave: {'EICV4_VUP': 0, 'EICV5_VUP': 0, 'EICV7_VUP': 7093}
15:49:27 01_harmonize INFO    h_isco1     non-missing by wave: {'EICV4_VUP': 0, 'EICV5_VUP': 0, 'EICV7_VUP': 6816}
15:49:27 01_harmonize INFO PASS  H_EICV_person_vup.dta: row count unchanged (32,241)
15:49:28 01_harmonize INFO wrote H_EICV_person_vup.dta  (32,241 rows x 527 vars, 28.7 MB)
15:49:28 01_harmonize INFO    previous H_EICV_savings.dta removed before the rebuild (0.04 GB)
15:49:28 01_harmonize INFO ---------------- EICV / EICV_pooled_savings.dta (savings, 0.03 GB) -> H_EICV_savings.dta
15:49:30 01_harmonize INFO read EICV_pooled_savings.dta: 153,527 rows x 87 vars (typed, 0.0 GB in memory)
15:49:31 01_harmonize INFO PASS  H_EICV_savings.dta: row count unchanged (153,527)
15:49:31 01_harmonize INFO wrote H_EICV_savings.dta  (153,527 rows x 89 vars, 40.8 MB)
15:49:32 01_harmonize INFO    previous H_EICV_services.dta removed before the rebuild (0.18 GB)
15:49:32 01_harmonize INFO ---------------- EICV / EICV_pooled_services.dta (services, 0.16 GB) -> H_EICV_services.dta
15:49:52 01_harmonize INFO read EICV_pooled_services.dta: 1,041,332 rows x 71 vars (typed, 0.2 GB in memory)
15:49:52 01_harmonize INFO PASS  H_EICV_services.dta: row count unchanged (1,041,332)
15:49:57 01_harmonize INFO wrote H_EICV_services.dta  (1,041,332 rows x 72 vars, 185.4 MB)
15:49:58 01_harmonize INFO    previous H_EICV_tontine.dta removed before the rebuild (0.01 GB)
15:49:58 01_harmonize INFO ---------------- EICV / EICV_pooled_tontine.dta (tontine, 0.00 GB) -> H_EICV_tontine.dta
15:49:58 01_harmonize INFO read EICV_pooled_tontine.dta: 46,829 rows x 26 vars (typed, 0.0 GB in memory)
15:49:58 01_harmonize INFO PASS  H_EICV_tontine.dta: row count unchanged (46,829)
15:49:58 01_harmonize INFO wrote H_EICV_tontine.dta  (46,829 rows x 28 vars, 5.9 MB)
15:49:58 01_harmonize INFO    previous H_EICV_transfers_in.dta removed before the rebuild (0.09 GB)
15:49:58 01_harmonize INFO ---------------- EICV / EICV_pooled_transfers_in.dta (transfers_in, 0.08 GB) -> H_EICV_transfers_in.dta
15:50:07 01_harmonize INFO read EICV_pooled_transfers_in.dta: 356,505 rows x 97 vars (typed, 0.1 GB in memory)
15:50:07 01_harmonize INFO PASS  H_EICV_transfers_in.dta: row count unchanged (356,505)
15:50:09 01_harmonize INFO wrote H_EICV_transfers_in.dta  (356,505 rows x 99 vars, 94.2 MB)
15:50:09 01_harmonize INFO    previous H_EICV_transfers_out.dta removed before the rebuild (0.10 GB)
15:50:09 01_harmonize INFO ---------------- EICV / EICV_pooled_transfers_out.dta (transfers_out, 0.09 GB) -> H_EICV_transfers_out.dta
15:50:19 01_harmonize INFO read EICV_pooled_transfers_out.dta: 406,722 rows x 91 vars (typed, 0.1 GB in memory)
15:50:19 01_harmonize INFO PASS  H_EICV_transfers_out.dta: row count unchanged (406,722)
15:50:22 01_harmonize INFO wrote H_EICV_transfers_out.dta  (406,722 rows x 93 vars, 103.8 MB)
15:50:24 01_harmonize INFO    previous H_EC_establishment.dta removed before the rebuild (0.46 GB)
15:50:24 01_harmonize INFO ---------------- EC / EC_pooled_establishment.dta (establishment, 0.46 GB) -> H_EC_establishment.dta
15:51:30 01_harmonize INFO read EC_pooled_establishment.dta: 896,710 rows x 265 vars (typed, 0.6 GB in memory)
15:51:30 01_harmonize INFO PASS  H_EC_establishment.dta: row count unchanged (896,710)
15:51:37 01_harmonize INFO wrote H_EC_establishment.dta  (896,710 rows x 265 vars, 456.7 MB)
15:51:39 01_harmonize INFO    previous H_AHS_household.dta removed before the rebuild (0.03 GB)
15:51:39 01_harmonize INFO ---------------- AHS / AHS_pooled_household.dta (household, 0.03 GB) -> H_AHS_household.dta
15:51:42 01_harmonize INFO read AHS_pooled_household.dta: 30,447 rows x 459 vars (typed, 0.0 GB in memory)
15:51:42 01_harmonize INFO PASS  H_AHS_household.dta: row count unchanged (30,447)
15:51:42 01_harmonize INFO wrote H_AHS_household.dta  (30,447 rows x 462 vars, 33.1 MB)
15:51:42 01_harmonize INFO    previous H_AHS_person.dta removed before the rebuild (0.05 GB)
15:51:42 01_harmonize INFO ---------------- AHS / AHS_pooled_person.dta (person, 0.04 GB) -> H_AHS_person.dta
15:51:47 01_harmonize INFO read AHS_pooled_person.dta: 138,683 rows x 187 vars (typed, 0.1 GB in memory)
15:51:47 01_harmonize INFO    h_marital   non-missing by wave: {'2017': 0, '2020': 0, '2024': 11495}
15:51:47 01_harmonize INFO    h_relation  non-missing by wave: {'2017': 73665, '2020': 48726, '2024': 16292}
15:51:47 01_harmonize INFO    h_educ      non-missing by wave: {'2017': 51421, '2020': 41244, '2024': 16292}
15:51:47 01_harmonize INFO    h_literacy  non-missing by wave: {'2017': 0, '2020': 0, '2024': 12305}
15:51:47 01_harmonize INFO    h_lfstatus  non-missing by wave: {'2017': 51421, '2020': 41365, '2024': 14019}
15:51:47 01_harmonize INFO    h_empstat   non-missing by wave: {'2017': 0, '2020': 24489, '2024': 8417}
15:51:47 01_harmonize INFO    h_isic1     non-missing by wave: {'2017': 0, '2020': 0, '2024': 0}
15:51:47 01_harmonize INFO    h_isco1     non-missing by wave: {'2017': 0, '2020': 0, '2024': 0}
15:51:47 01_harmonize INFO PASS  H_AHS_person.dta: row count unchanged (138,683)
15:51:48 01_harmonize INFO wrote H_AHS_person.dta  (138,683 rows x 203 vars, 50.4 MB)
15:51:48 01_harmonize INFO    previous H_AHS_animal_inputs.dta removed before the rebuild (0.01 GB)
15:51:48 01_harmonize INFO ---------------- AHS / AHS_pooled_animal_inputs.dta (animal_inputs, 0.01 GB) -> H_AHS_animal_inputs.dta
15:51:49 01_harmonize INFO read AHS_pooled_animal_inputs.dta: 49,750 rows x 52 vars (typed, 0.0 GB in memory)
15:51:49 01_harmonize INFO PASS  H_AHS_animal_inputs.dta: row count unchanged (49,750)
15:51:49 01_harmonize INFO wrote H_AHS_animal_inputs.dta  (49,750 rows x 53 vars, 10.0 MB)
15:51:49 01_harmonize INFO    previous H_AHS_credits.dta removed before the rebuild (0.01 GB)
15:51:49 01_harmonize INFO ---------------- AHS / AHS_pooled_credits.dta (credits, 0.00 GB) -> H_AHS_credits.dta
15:51:50 01_harmonize INFO read AHS_pooled_credits.dta: 31,947 rows x 89 vars (typed, 0.0 GB in memory)
15:51:50 01_harmonize INFO PASS  H_AHS_credits.dta: row count unchanged (31,947)
15:51:50 01_harmonize INFO wrote H_AHS_credits.dta  (31,947 rows x 91 vars, 6.1 MB)
15:51:50 01_harmonize INFO    previous H_AHS_eggs.dta removed before the rebuild (0.01 GB)
15:51:50 01_harmonize INFO ---------------- AHS / AHS_pooled_eggs.dta (eggs, 0.01 GB) -> H_AHS_eggs.dta
15:51:51 01_harmonize INFO read AHS_pooled_eggs.dta: 58,853 rows x 49 vars (typed, 0.0 GB in memory)
15:51:51 01_harmonize INFO PASS  H_AHS_eggs.dta: row count unchanged (58,853)
15:51:51 01_harmonize INFO wrote H_AHS_eggs.dta  (58,853 rows x 50 vars, 7.7 MB)
15:51:51 01_harmonize INFO    previous H_AHS_extension.dta removed before the rebuild (0.02 GB)
15:51:51 01_harmonize INFO ---------------- AHS / AHS_pooled_extension.dta (extension, 0.01 GB) -> H_AHS_extension.dta
15:51:52 01_harmonize INFO read AHS_pooled_extension.dta: 98,843 rows x 74 vars (typed, 0.0 GB in memory)
15:51:52 01_harmonize INFO PASS  H_AHS_extension.dta: row count unchanged (98,843)
15:51:53 01_harmonize INFO wrote H_AHS_extension.dta  (98,843 rows x 75 vars, 15.2 MB)
15:51:53 01_harmonize INFO    previous H_AHS_fruits.dta removed before the rebuild (0.00 GB)
15:51:53 01_harmonize INFO ---------------- AHS / AHS_pooled_fruits.dta (fruits, 0.00 GB) -> H_AHS_fruits.dta
15:51:53 01_harmonize INFO read AHS_pooled_fruits.dta: 29,239 rows x 39 vars (typed, 0.0 GB in memory)
15:51:53 01_harmonize INFO PASS  H_AHS_fruits.dta: row count unchanged (29,239)
15:51:53 01_harmonize INFO wrote H_AHS_fruits.dta  (29,239 rows x 40 vars, 2.9 MB)
15:51:53 01_harmonize INFO    previous H_AHS_honey.dta removed before the rebuild (0.01 GB)
15:51:53 01_harmonize INFO ---------------- AHS / AHS_pooled_honey.dta (honey, 0.01 GB) -> H_AHS_honey.dta
15:51:53 01_harmonize INFO read AHS_pooled_honey.dta: 38,465 rows x 59 vars (typed, 0.0 GB in memory)
15:51:53 01_harmonize INFO PASS  H_AHS_honey.dta: row count unchanged (38,465)
15:51:54 01_harmonize INFO wrote H_AHS_honey.dta  (38,465 rows x 60 vars, 7.8 MB)
15:51:54 01_harmonize INFO    previous H_AHS_inputs.dta removed before the rebuild (0.02 GB)
15:51:54 01_harmonize INFO ---------------- AHS / AHS_pooled_inputs.dta (inputs, 0.02 GB) -> H_AHS_inputs.dta
15:51:55 01_harmonize INFO read AHS_pooled_inputs.dta: 26,723 rows x 246 vars (typed, 0.0 GB in memory)
15:51:55 01_harmonize INFO PASS  H_AHS_inputs.dta: row count unchanged (26,723)
15:51:55 01_harmonize INFO wrote H_AHS_inputs.dta  (26,723 rows x 247 vars, 19.8 MB)
15:51:55 01_harmonize INFO    previous H_AHS_land.dta removed before the rebuild (0.01 GB)
15:51:55 01_harmonize INFO ---------------- AHS / AHS_pooled_land.dta (land, 0.01 GB) -> H_AHS_land.dta
15:51:56 01_harmonize INFO read AHS_pooled_land.dta: 72,211 rows x 91 vars (typed, 0.0 GB in memory)
15:51:56 01_harmonize INFO PASS  H_AHS_land.dta: row count unchanged (72,211)
15:51:56 01_harmonize INFO wrote H_AHS_land.dta  (72,211 rows x 92 vars, 15.0 MB)
15:51:56 01_harmonize INFO    previous H_AHS_livestock.dta removed before the rebuild (0.02 GB)
15:51:56 01_harmonize INFO ---------------- AHS / AHS_pooled_livestock.dta (livestock, 0.02 GB) -> H_AHS_livestock.dta
15:51:58 01_harmonize INFO read AHS_pooled_livestock.dta: 65,808 rows x 119 vars (typed, 0.0 GB in memory)
15:51:58 01_harmonize INFO PASS  H_AHS_livestock.dta: row count unchanged (65,808)
15:51:58 01_harmonize INFO wrote H_AHS_livestock.dta  (65,808 rows x 120 vars, 20.8 MB)
15:51:58 01_harmonize INFO    previous H_AHS_milk.dta removed before the rebuild (0.02 GB)
15:51:58 01_harmonize INFO ---------------- AHS / AHS_pooled_milk.dta (milk, 0.02 GB) -> H_AHS_milk.dta
15:51:59 01_harmonize INFO read AHS_pooled_milk.dta: 59,594 rows x 78 vars (typed, 0.0 GB in memory)
15:51:59 01_harmonize INFO PASS  H_AHS_milk.dta: row count unchanged (59,594)
15:51:59 01_harmonize INFO wrote H_AHS_milk.dta  (59,594 rows x 79 vars, 18.8 MB)
15:51:59 01_harmonize INFO    previous H_AHS_tools.dta removed before the rebuild (0.07 GB)
15:51:59 01_harmonize INFO ---------------- AHS / AHS_pooled_tools.dta (tools, 0.06 GB) -> H_AHS_tools.dta
15:52:03 01_harmonize INFO read AHS_pooled_tools.dta: 372,184 rows x 34 vars (typed, 0.1 GB in memory)
15:52:03 01_harmonize INFO PASS  H_AHS_tools.dta: row count unchanged (372,184)
15:52:05 01_harmonize INFO wrote H_AHS_tools.dta  (372,184 rows x 35 vars, 67.8 MB)
15:52:08 01_harmonize INFO    previous H_SAS_plotcrop.dta removed before the rebuild (1.45 GB)
15:52:08 01_harmonize INFO ---------------- SAS / SAS_pooled_plotcrop.dta (plotcrop, 1.50 GB) -> H_SAS_plotcrop.dta
15:52:46 01_harmonize INFO read SAS_pooled_plotcrop.dta: 632,756 rows x 299 vars (typed, 1.0 GB in memory)
15:52:46 01_harmonize INFO PASS  H_SAS_plotcrop.dta: row count unchanged (632,756)
15:53:01 01_harmonize INFO wrote H_SAS_plotcrop.dta  (632,756 rows x 299 vars, 1503.7 MB)
15:53:02 01_harmonize INFO    previous H_SAS_plotcrop_2013_2016.dta removed before the rebuild (0.13 GB)
15:53:02 01_harmonize INFO ---------------- SAS / SAS_pooled_plotcrop_2013_2016.dta (plotcrop_early, 0.37 GB) -> H_SAS_plotcrop_2013_2016.dta
15:53:24 01_harmonize INFO read SAS_pooled_plotcrop_2013_2016.dta: 1,122,323 rows x 84 vars (typed, 0.4 GB in memory)
15:53:24 01_harmonize INFO PASS  H_SAS_plotcrop_2013_2016.dta: row count unchanged (1,122,323)
15:53:31 01_harmonize INFO wrote H_SAS_plotcrop_2013_2016.dta  (1,122,323 rows x 84 vars, 370.4 MB)
15:53:31 01_harmonize INFO    previous H_SAS_agricultural_practice.dta removed before the rebuild (0.10 GB)
15:53:31 01_harmonize INFO ---------------- SAS / SAS_pooled_agricultural_practice.dta (agricultural_practice, 0.21 GB) -> H_SAS_agricultural_practice.dta
15:53:39 01_harmonize INFO read SAS_pooled_agricultural_practice.dta: 264,781 rows x 162 vars (typed, 0.2 GB in memory)
15:53:39 01_harmonize INFO PASS  H_SAS_agricultural_practice.dta: row count unchanged (264,781)
15:53:44 01_harmonize INFO wrote H_SAS_agricultural_practice.dta  (264,781 rows x 162 vars, 208.8 MB)
15:53:44 01_harmonize INFO    previous H_SAS_antierosion_2017_2018.dta removed before the rebuild (0.00 GB)
15:53:44 01_harmonize INFO ---------------- SAS / SAS_pooled_antierosion_2017_2018.dta (antierosion_2017_2018, 0.00 GB) -> H_SAS_antierosion_2017_2018.dta
15:53:44 01_harmonize INFO read SAS_pooled_antierosion_2017_2018.dta: 64,405 rows x 18 vars (typed, 0.0 GB in memory)
15:53:44 01_harmonize INFO PASS  H_SAS_antierosion_2017_2018.dta: row count unchanged (64,405)
15:53:44 01_harmonize INFO wrote H_SAS_antierosion_2017_2018.dta  (64,405 rows x 18 vars, 3.2 MB)
15:53:44 01_harmonize INFO    previous H_SAS_farmq_part0_2013_2016.dta removed before the rebuild (0.00 GB)
15:53:44 01_harmonize INFO ---------------- SAS / SAS_pooled_farmq_part0_2013_2016.dta (farmq_part0, 0.00 GB) -> H_SAS_farmq_part0_2013_2016.dta
15:53:44 01_harmonize INFO read SAS_pooled_farmq_part0_2013_2016.dta: 28,051 rows x 17 vars (typed, 0.0 GB in memory)
15:53:44 01_harmonize INFO PASS  H_SAS_farmq_part0_2013_2016.dta: row count unchanged (28,051)
15:53:44 01_harmonize INFO wrote H_SAS_farmq_part0_2013_2016.dta  (28,051 rows x 17 vars, 1.0 MB)
15:53:44 01_harmonize INFO    previous H_SAS_farmq_part2a_2013_2016.dta removed before the rebuild (0.00 GB)
15:53:44 01_harmonize INFO ---------------- SAS / SAS_pooled_farmq_part2a_2013_2016.dta (farmq_part2a, 0.00 GB) -> H_SAS_farmq_part2a_2013_2016.dta
15:53:44 01_harmonize INFO read SAS_pooled_farmq_part2a_2013_2016.dta: 68,996 rows x 18 vars (typed, 0.0 GB in memory)
15:53:44 01_harmonize INFO PASS  H_SAS_farmq_part2a_2013_2016.dta: row count unchanged (68,996)
15:53:45 01_harmonize INFO wrote H_SAS_farmq_part2a_2013_2016.dta  (68,996 rows x 18 vars, 2.1 MB)
15:53:45 01_harmonize INFO    previous H_SAS_farmq_part2b_2013_2016.dta removed before the rebuild (0.00 GB)
15:53:45 01_harmonize INFO ---------------- SAS / SAS_pooled_farmq_part2b_2013_2016.dta (farmq_part2b, 0.00 GB) -> H_SAS_farmq_part2b_2013_2016.dta
15:53:45 01_harmonize INFO read SAS_pooled_farmq_part2b_2013_2016.dta: 30,995 rows x 15 vars (typed, 0.0 GB in memory)
15:53:45 01_harmonize INFO PASS  H_SAS_farmq_part2b_2013_2016.dta: row count unchanged (30,995)
15:53:45 01_harmonize INFO wrote H_SAS_farmq_part2b_2013_2016.dta  (30,995 rows x 15 vars, 0.8 MB)
15:53:45 01_harmonize INFO    previous H_SAS_farmq_part2b_fertilizer_2013_2016.dta removed before the rebuild (0.00 GB)
15:53:45 01_harmonize INFO ---------------- SAS / SAS_pooled_farmq_part2b_fertilizer_2013_2016.dta (farmq_part2b_fertilizer, 0.00 GB) -> H_SAS_farmq_part2b_fertilizer_2013_2016.dta
15:53:45 01_harmonize INFO read SAS_pooled_farmq_part2b_fertilizer_2013_2016.dta: 28,878 rows x 14 vars (typed, 0.0 GB in memory)
15:53:45 01_harmonize INFO PASS  H_SAS_farmq_part2b_fertilizer_2013_2016.dta: row count unchanged (28,878)
15:53:45 01_harmonize INFO wrote H_SAS_farmq_part2b_fertilizer_2013_2016.dta  (28,878 rows x 14 vars, 0.9 MB)
15:53:45 01_harmonize INFO    previous H_SAS_farmq_part2b_pesticide_2013_2016.dta removed before the rebuild (0.00 GB)
15:53:45 01_harmonize INFO ---------------- SAS / SAS_pooled_farmq_part2b_pesticide_2013_2016.dta (farmq_part2b_pesticide, 0.00 GB) -> H_SAS_farmq_part2b_pesticide_2013_2016.dta
15:53:45 01_harmonize INFO read SAS_pooled_farmq_part2b_pesticide_2013_2016.dta: 28,883 rows x 10 vars (typed, 0.0 GB in memory)
15:53:45 01_harmonize INFO PASS  H_SAS_farmq_part2b_pesticide_2013_2016.dta: row count unchanged (28,883)
15:53:45 01_harmonize INFO wrote H_SAS_farmq_part2b_pesticide_2013_2016.dta  (28,883 rows x 10 vars, 0.6 MB)
15:53:45 01_harmonize INFO    previous H_SAS_farmq_part4_2013_2016.dta removed before the rebuild (0.01 GB)
15:53:45 01_harmonize INFO ---------------- SAS / SAS_pooled_farmq_part4_2013_2016.dta (farmq_part4, 0.01 GB) -> H_SAS_farmq_part4_2013_2016.dta
15:53:45 01_harmonize INFO read SAS_pooled_farmq_part4_2013_2016.dta: 57,511 rows x 22 vars (typed, 0.0 GB in memory)
15:53:45 01_harmonize INFO PASS  H_SAS_farmq_part4_2013_2016.dta: row count unchanged (57,511)
15:53:45 01_harmonize INFO wrote H_SAS_farmq_part4_2013_2016.dta  (57,511 rows x 22 vars, 8.7 MB)
15:53:45 01_harmonize INFO    previous H_SAS_farmq_part6a_2013_2016.dta removed before the rebuild (0.02 GB)
15:53:45 01_harmonize INFO ---------------- SAS / SAS_pooled_farmq_part6a_2013_2016.dta (farmq_part6a, 0.02 GB) -> H_SAS_farmq_part6a_2013_2016.dta
15:53:47 01_harmonize INFO read SAS_pooled_farmq_part6a_2013_2016.dta: 544,313 rows x 15 vars (typed, 0.0 GB in memory)
15:53:47 01_harmonize INFO PASS  H_SAS_farmq_part6a_2013_2016.dta: row count unchanged (544,313)
15:53:48 01_harmonize INFO wrote H_SAS_farmq_part6a_2013_2016.dta  (544,313 rows x 15 vars, 19.1 MB)
15:53:48 01_harmonize INFO    previous H_SAS_farmq_part7_2013_2016.dta removed before the rebuild (0.00 GB)
15:53:48 01_harmonize INFO ---------------- SAS / SAS_pooled_farmq_part7_2013_2016.dta (farmq_part7, 0.00 GB) -> H_SAS_farmq_part7_2013_2016.dta
15:53:48 01_harmonize INFO read SAS_pooled_farmq_part7_2013_2016.dta: 34,626 rows x 31 vars (typed, 0.0 GB in memory)
15:53:48 01_harmonize INFO PASS  H_SAS_farmq_part7_2013_2016.dta: row count unchanged (34,626)
15:53:49 01_harmonize INFO wrote H_SAS_farmq_part7_2013_2016.dta  (34,626 rows x 31 vars, 1.5 MB)
15:53:49 01_harmonize INFO    previous H_SAS_fertilizers_2017_2018.dta removed before the rebuild (0.01 GB)
15:53:49 01_harmonize INFO ---------------- SAS / SAS_pooled_fertilizers_2017_2018.dta (fertilizers_2017_2018, 0.01 GB) -> H_SAS_fertilizers_2017_2018.dta
15:53:49 01_harmonize INFO read SAS_pooled_fertilizers_2017_2018.dta: 84,986 rows x 35 vars (typed, 0.0 GB in memory)
15:53:49 01_harmonize INFO PASS  H_SAS_fertilizers_2017_2018.dta: row count unchanged (84,986)
15:53:49 01_harmonize INFO wrote H_SAS_fertilizers_2017_2018.dta  (84,986 rows x 35 vars, 10.1 MB)
15:53:49 01_harmonize INFO    previous H_SAS_fertilizers_pesticides.dta removed before the rebuild (0.28 GB)
15:53:49 01_harmonize INFO ---------------- SAS / SAS_pooled_fertilizers_pesticides.dta (fertilizers_pesticides, 0.61 GB) -> H_SAS_fertilizers_pesticides.dta
15:54:03 01_harmonize INFO read SAS_pooled_fertilizers_pesticides.dta: 305,316 rows x 241 vars (typed, 0.4 GB in memory)
15:54:03 01_harmonize INFO PASS  H_SAS_fertilizers_pesticides.dta: row count unchanged (305,316)
15:54:12 01_harmonize INFO wrote H_SAS_fertilizers_pesticides.dta  (305,316 rows x 241 vars, 613.3 MB)
15:54:12 01_harmonize INFO    previous H_SAS_irrigation_land_tenure_2017_2018.dta removed before the rebuild (0.01 GB)
15:54:12 01_harmonize INFO ---------------- SAS / SAS_pooled_irrigation_land_tenure_2017_2018.dta (irrigation_land_tenure_2017_2018, 0.01 GB) -> H_SAS_irrigation_land_tenure_2017_2018.dta
15:54:12 01_harmonize INFO read SAS_pooled_irrigation_land_tenure_2017_2018.dta: 52,621 rows x 59 vars (typed, 0.0 GB in memory)
15:54:12 01_harmonize INFO PASS  H_SAS_irrigation_land_tenure_2017_2018.dta: row count unchanged (52,621)
15:54:13 01_harmonize INFO wrote H_SAS_irrigation_land_tenure_2017_2018.dta  (52,621 rows x 59 vars, 7.7 MB)
15:54:13 01_harmonize INFO    previous H_SAS_lsf_farmq_part2a_2013_2016.dta removed before the rebuild (0.00 GB)
15:54:13 01_harmonize INFO ---------------- SAS / SAS_pooled_lsf_farmq_part2a_2013_2016.dta (lsf_farmq_part2a, 0.00 GB) -> H_SAS_lsf_farmq_part2a_2013_2016.dta
15:54:13 01_harmonize INFO read SAS_pooled_lsf_farmq_part2a_2013_2016.dta: 2,036 rows x 14 vars (typed, 0.0 GB in memory)
15:54:13 01_harmonize INFO PASS  H_SAS_lsf_farmq_part2a_2013_2016.dta: row count unchanged (2,036)
15:54:13 01_harmonize INFO wrote H_SAS_lsf_farmq_part2a_2013_2016.dta  (2,036 rows x 14 vars, 0.1 MB)
15:54:13 01_harmonize INFO    previous H_SAS_lsf_farmq_part2b_2013_2016.dta removed before the rebuild (0.00 GB)
15:54:13 01_harmonize INFO ---------------- SAS / SAS_pooled_lsf_farmq_part2b_2013_2016.dta (lsf_farmq_part2b, 0.00 GB) -> H_SAS_lsf_farmq_part2b_2013_2016.dta
15:54:13 01_harmonize INFO read SAS_pooled_lsf_farmq_part2b_2013_2016.dta: 2,081 rows x 15 vars (typed, 0.0 GB in memory)
15:54:13 01_harmonize INFO PASS  H_SAS_lsf_farmq_part2b_2013_2016.dta: row count unchanged (2,081)
15:54:13 01_harmonize INFO wrote H_SAS_lsf_farmq_part2b_2013_2016.dta  (2,081 rows x 15 vars, 0.1 MB)
15:54:13 01_harmonize INFO    previous H_SAS_pesticides_2017_2018.dta removed before the rebuild (0.01 GB)
15:54:13 01_harmonize INFO ---------------- SAS / SAS_pooled_pesticides_2017_2018.dta (pesticides_2017_2018, 0.01 GB) -> H_SAS_pesticides_2017_2018.dta
15:54:13 01_harmonize INFO read SAS_pooled_pesticides_2017_2018.dta: 95,146 rows x 31 vars (typed, 0.0 GB in memory)
15:54:13 01_harmonize INFO PASS  H_SAS_pesticides_2017_2018.dta: row count unchanged (95,146)
15:54:13 01_harmonize INFO wrote H_SAS_pesticides_2017_2018.dta  (95,146 rows x 31 vars, 9.5 MB)
15:54:13 01_harmonize INFO    previous H_SAS_screening_2017_2018.dta removed before the rebuild (0.03 GB)
15:54:13 01_harmonize INFO ---------------- SAS / SAS_pooled_screening_2017_2018.dta (screening_2017_2018, 0.04 GB) -> H_SAS_screening_2017_2018.dta
15:54:16 01_harmonize INFO read SAS_pooled_screening_2017_2018.dta: 243,835 rows x 47 vars (typed, 0.0 GB in memory)
15:54:16 01_harmonize INFO PASS  H_SAS_screening_2017_2018.dta: row count unchanged (243,835)
15:54:17 01_harmonize INFO wrote H_SAS_screening_2017_2018.dta  (243,835 rows x 47 vars, 42.7 MB)
15:54:17 01_harmonize INFO    previous H_SAS_screening_agroforestry.dta removed before the rebuild (0.04 GB)
15:54:17 01_harmonize INFO ---------------- SAS / SAS_pooled_screening_agroforestry.dta (screening_agroforestry, 0.04 GB) -> H_SAS_screening_agroforestry.dta
15:54:18 01_harmonize INFO read SAS_pooled_screening_agroforestry.dta: 263,633 rows x 30 vars (typed, 0.0 GB in memory)
15:54:18 01_harmonize INFO PASS  H_SAS_screening_agroforestry.dta: row count unchanged (263,633)
15:54:19 01_harmonize INFO wrote H_SAS_screening_agroforestry.dta  (263,633 rows x 30 vars, 39.6 MB)
15:54:19 01_harmonize INFO    previous H_SAS_screening_antierosion.dta removed before the rebuild (0.04 GB)
15:54:19 01_harmonize INFO ---------------- SAS / SAS_pooled_screening_antierosion.dta (screening_antierosion, 0.04 GB) -> H_SAS_screening_antierosion.dta
15:54:21 01_harmonize INFO read SAS_pooled_screening_antierosion.dta: 287,508 rows x 29 vars (typed, 0.0 GB in memory)
15:54:21 01_harmonize INFO PASS  H_SAS_screening_antierosion.dta: row count unchanged (287,508)
15:54:22 01_harmonize INFO wrote H_SAS_screening_antierosion.dta  (287,508 rows x 29 vars, 44.3 MB)
15:54:22 01_harmonize INFO    previous H_SAS_screening_crops.dta removed before the rebuild (0.11 GB)
15:54:22 01_harmonize INFO ---------------- SAS / SAS_pooled_screening_crops.dta (screening_crops, 0.63 GB) -> H_SAS_screening_crops.dta
15:54:43 01_harmonize INFO read SAS_pooled_screening_crops.dta: 752,156 rows x 112 vars (typed, 0.4 GB in memory)
15:54:43 01_harmonize INFO PASS  H_SAS_screening_crops.dta: row count unchanged (752,156)
15:54:54 01_harmonize INFO wrote H_SAS_screening_crops.dta  (752,156 rows x 112 vars, 632.7 MB)
15:54:58 01_harmonize INFO    previous H_CFSVA_child.dta removed before the rebuild (0.11 GB)
15:54:58 01_harmonize INFO ---------------- CFSVA / CFSVA_pooled_child.dta (child, 0.11 GB) -> H_CFSVA_child.dta
15:55:06 01_harmonize INFO read CFSVA_pooled_child.dta: 35,764 rows x 1388 vars (typed, 0.1 GB in memory)
15:55:06 01_harmonize INFO PASS  H_CFSVA_child.dta: row count unchanged (35,764)
15:55:08 01_harmonize INFO wrote H_CFSVA_child.dta  (35,764 rows x 1389 vars, 116.6 MB)
15:55:08 01_harmonize INFO    previous H_CFSVA_household.dta removed before the rebuild (0.65 GB)
15:55:08 01_harmonize INFO ---------------- CFSVA / CFSVA_pooled_household.dta (household, 0.66 GB) -> H_CFSVA_household.dta
15:55:48 01_harmonize INFO read CFSVA_pooled_household.dta: 50,890 rows x 4825 vars (typed, 0.7 GB in memory)
15:55:48 01_harmonize INFO PASS  H_CFSVA_household.dta: row count unchanged (50,890)
15:56:07 01_harmonize INFO wrote H_CFSVA_household.dta  (50,890 rows x 4831 vars, 666.6 MB)
15:56:07 01_harmonize INFO    previous H_CFSVA_village.dta removed before the rebuild (0.01 GB)
15:56:07 01_harmonize INFO ---------------- CFSVA / CFSVA_pooled_village.dta (village, 0.01 GB) -> H_CFSVA_village.dta
15:56:07 01_harmonize INFO read CFSVA_pooled_village.dta: 3,812 rows x 508 vars (typed, 0.0 GB in memory)
15:56:07 01_harmonize INFO PASS  H_CFSVA_village.dta: row count unchanged (3,812)
15:56:07 01_harmonize INFO wrote H_CFSVA_village.dta  (3,812 rows x 508 vars, 7.0 MB)
15:56:07 01_harmonize INFO    previous H_CFSVA_woman.dta removed before the rebuild (0.05 GB)
15:56:07 01_harmonize INFO ---------------- CFSVA / CFSVA_pooled_woman.dta (woman, 0.05 GB) -> H_CFSVA_woman.dta
15:56:12 01_harmonize INFO read CFSVA_pooled_woman.dta: 31,038 rows x 813 vars (typed, 0.1 GB in memory)
15:56:12 01_harmonize INFO PASS  H_CFSVA_woman.dta: row count unchanged (31,038)
15:56:13 01_harmonize INFO wrote H_CFSVA_woman.dta  (31,038 rows x 816 vars, 50.5 MB)
15:56:13 01_harmonize INFO removed superseded H_SAS_lsf_screening_2013_2016.dta (no source file any more)
15:56:13 01_harmonize INFO removed superseded H_SAS_ssf_screening_2013_2016.dta (no source file any more)
15:56:13 01_harmonize INFO all hard checks passed (0 soft warnings)
15:56:13 01_harmonize INFO 01_harmonize done: 77 files, 355 map rows
15:56:14 02_checks INFO ==== 02_checks | run 20260905-152911 | python 3.13.5 | pandas 2.2.3 | pyreadstat 1.3.4
15:57:19 02_checks INFO 
# Harmonization checks report

Generated by 02_checks.py.

## A. Completeness and no data loss (rows and native columns of the CURRENT source file)

| section | statistic | harmonised | reference | result |
|---|---|---:|---:|---|
| A | manifest entries skipped without a declared reason (must be 0) | 0 | 0 | PASS |
| A | declared disk skips (EICV item modules; listed in the README; informational) | 2 |  | n/a |
| A | physical H_ files not in the manifest (stale copies; must be 0) | 0 | 0 | PASS |
| A | manifest files missing on disk (must be 0) | 0 | 0 | PASS |
| A | H_LFS_household.dta rows | 166,772 | 166,772 | PASS |
| A | H_LFS_household.dta native columns present | 97 | 97 | PASS |
| A | H_LFS_person.dta rows | 724,015 | 724,015 | PASS |
| A | H_LFS_person.dta native columns present | 478 | 478 | PASS |
| A | H_Census_household.dta rows | 750,115 | 750,115 | PASS |
| A | H_Census_household.dta native columns present | 289 | 289 | PASS |
| A | H_Census_person.dta rows | 3,165,816 | 3,165,816 | PASS |
| A | H_Census_person.dta native columns present | 465 | 465 | PASS |
| A | H_EICV_household.dta rows | 71,681 | 71,681 | PASS |
| A | H_EICV_household.dta native columns present | 1,029 | 1,029 | PASS |
| A | H_EICV_person.dta rows | 327,841 | 327,841 | PASS |
| A | H_EICV_person.dta native columns present | 1,180 | 1,180 | PASS |
| A | H_EICV_EICV3_4_panel_link.dta rows | 8,310 | 8,310 | PASS |
| A | H_EICV_EICV3_4_panel_link.dta native columns present | 38 | 38 | PASS |
| A | H_EICV_EICV5_vup_panel_link.dta rows | 5,171 | 5,171 | PASS |
| A | H_EICV_EICV5_vup_panel_link.dta native columns present | 41 | 41 | PASS |
| A | H_EICV_agri_expenditure.dta rows | 890,994 | 890,994 | PASS |
| A | H_EICV_agri_expenditure.dta native columns present | 57 | 57 | PASS |
| A | H_EICV_agri_income.dta rows | 397,212 | 397,212 | PASS |
| A | H_EICV_agri_income.dta native columns present | 32 | 32 | PASS |
| A | H_EICV_agri_processing.dta rows | 172,443 | 172,443 | PASS |
| A | H_EICV_agri_processing.dta native columns present | 108 | 108 | PASS |
| A | H_EICV_credits.dta rows | 104,030 | 104,030 | PASS |
| A | H_EICV_credits.dta native columns present | 85 | 85 | PASS |
| A | H_EICV_crop_large.dta rows | 159,870 | 159,870 | PASS |
| A | H_EICV_crop_large.dta native columns present | 77 | 77 | PASS |
| A | H_EICV_crop_small.dta rows | 469,484 | 469,484 | PASS |
| A | H_EICV_crop_small.dta native columns present | 86 | 86 | PASS |
| A | H_EICV_durables.dta rows | 2,104,019 | 2,104,019 | PASS |
| A | H_EICV_durables.dta native columns present | 103 | 103 | PASS |
| A | H_EICV_enterprise.dta rows | 70,481 | 70,481 | PASS |
| A | H_EICV_enterprise.dta native columns present | 99 | 99 | PASS |
| A | H_EICV_equipment.dta rows | 385,969 | 385,969 | PASS |
| A | H_EICV_equipment.dta native columns present | 48 | 48 | PASS |
| A | H_EICV_expenditure_annual.dta rows | 5,476,244 | 5,476,244 | PASS |
| A | H_EICV_expenditure_annual.dta native columns present | 52 | 52 | PASS |
| A | H_EICV_expenditure_frequent.dta rows | 2,504,958 | 2,504,958 | PASS |
| A | H_EICV_expenditure_frequent.dta native columns present | 80 | 80 | PASS |
| A | H_EICV_expenditure_monthly.dta rows | 3,930,484 | 3,930,484 | PASS |
| A | H_EICV_expenditure_monthly.dta native columns present | 53 | 53 | PASS |
| A | H_EICV_food.dta | skipped (disk space (declared limitation: see README)) | | n/a |
| A | H_EICV_household_vup.dta rows | 7,875 | 7,875 | PASS |
| A | H_EICV_household_vup.dta native columns present | 395 | 395 | PASS |
| A | H_EICV_jobs.dta rows | 242,787 | 242,787 | PASS |
| A | H_EICV_jobs.dta native columns present | 200 | 200 | PASS |
| A | H_EICV_land.dta rows | 545,978 | 545,978 | PASS |
| A | H_EICV_land.dta native columns present | 37 | 37 | PASS |
| A | H_EICV_livestock.dta rows | 345,131 | 345,131 | PASS |
| A | H_EICV_livestock.dta native columns present | 125 | 125 | PASS |
| A | H_EICV_livestock_expenditure.dta rows | 424,476 | 424,476 | PASS |
| A | H_EICV_livestock_expenditure.dta native columns present | 69 | 69 | PASS |
| A | H_EICV_livestock_products.dta rows | 317,188 | 317,188 | PASS |
| A | H_EICV_livestock_products.dta native columns present | 56 | 56 | PASS |
| A | H_EICV_other_expenditure.dta rows | 817,971 | 817,971 | PASS |
| A | H_EICV_other_expenditure.dta native columns present | 36 | 36 | PASS |
| A | H_EICV_other_income.dta rows | 1,612,233 | 1,612,233 | PASS |
| A | H_EICV_other_income.dta native columns present | 51 | 51 | PASS |
| A | H_EICV_own_consumption.dta | skipped (disk space (declared limitation: see README)) | | n/a |
| A | H_EICV_parcels.dta rows | 207,503 | 207,503 | PASS |
| A | H_EICV_parcels.dta native columns present | 123 | 123 | PASS |
| A | H_EICV_person_vup.dta rows | 32,241 | 32,241 | PASS |
| A | H_EICV_person_vup.dta native columns present | 511 | 511 | PASS |
| A | H_EICV_savings.dta rows | 153,527 | 153,527 | PASS |
| A | H_EICV_savings.dta native columns present | 87 | 87 | PASS |
| A | H_EICV_services.dta rows | 1,041,332 | 1,041,332 | PASS |
| A | H_EICV_services.dta native columns present | 71 | 71 | PASS |
| A | H_EICV_tontine.dta rows | 46,829 | 46,829 | PASS |
| A | H_EICV_tontine.dta native columns present | 26 | 26 | PASS |
| A | H_EICV_transfers_in.dta rows | 356,505 | 356,505 | PASS |
| A | H_EICV_transfers_in.dta native columns present | 97 | 97 | PASS |
| A | H_EICV_transfers_out.dta rows | 406,722 | 406,722 | PASS |
| A | H_EICV_transfers_out.dta native columns present | 91 | 91 | PASS |
| A | H_EC_establishment.dta rows | 896,710 | 896,710 | PASS |
| A | H_EC_establishment.dta native columns present | 265 | 265 | PASS |
| A | H_AHS_household.dta rows | 30,447 | 30,447 | PASS |
| A | H_AHS_household.dta native columns present | 459 | 459 | PASS |
| A | H_AHS_person.dta rows | 138,683 | 138,683 | PASS |
| A | H_AHS_person.dta native columns present | 187 | 187 | PASS |
| A | H_AHS_animal_inputs.dta rows | 49,750 | 49,750 | PASS |
| A | H_AHS_animal_inputs.dta native columns present | 52 | 52 | PASS |
| A | H_AHS_credits.dta rows | 31,947 | 31,947 | PASS |
| A | H_AHS_credits.dta native columns present | 89 | 89 | PASS |
| A | H_AHS_eggs.dta rows | 58,853 | 58,853 | PASS |
| A | H_AHS_eggs.dta native columns present | 49 | 49 | PASS |
| A | H_AHS_extension.dta rows | 98,843 | 98,843 | PASS |
| A | H_AHS_extension.dta native columns present | 74 | 74 | PASS |
| A | H_AHS_fruits.dta rows | 29,239 | 29,239 | PASS |
| A | H_AHS_fruits.dta native columns present | 39 | 39 | PASS |
| A | H_AHS_honey.dta rows | 38,465 | 38,465 | PASS |
| A | H_AHS_honey.dta native columns present | 59 | 59 | PASS |
| A | H_AHS_inputs.dta rows | 26,723 | 26,723 | PASS |
| A | H_AHS_inputs.dta native columns present | 246 | 246 | PASS |
| A | H_AHS_land.dta rows | 72,211 | 72,211 | PASS |
| A | H_AHS_land.dta native columns present | 91 | 91 | PASS |
| A | H_AHS_livestock.dta rows | 65,808 | 65,808 | PASS |
| A | H_AHS_livestock.dta native columns present | 119 | 119 | PASS |
| A | H_AHS_milk.dta rows | 59,594 | 59,594 | PASS |
| A | H_AHS_milk.dta native columns present | 78 | 78 | PASS |
| A | H_AHS_tools.dta rows | 372,184 | 372,184 | PASS |
| A | H_AHS_tools.dta native columns present | 34 | 34 | PASS |
| A | H_SAS_plotcrop.dta rows | 632,756 | 632,756 | PASS |
| A | H_SAS_plotcrop.dta native columns present | 299 | 299 | PASS |
| A | H_SAS_plotcrop_2013_2016.dta rows | 1,122,323 | 1,122,323 | PASS |
| A | H_SAS_plotcrop_2013_2016.dta native columns present | 84 | 84 | PASS |
| A | H_SAS_agricultural_practice.dta rows | 264,781 | 264,781 | PASS |
| A | H_SAS_agricultural_practice.dta native columns present | 162 | 162 | PASS |
| A | H_SAS_antierosion_2017_2018.dta rows | 64,405 | 64,405 | PASS |
| A | H_SAS_antierosion_2017_2018.dta native columns present | 18 | 18 | PASS |
| A | H_SAS_farmq_part0_2013_2016.dta rows | 28,051 | 28,051 | PASS |
| A | H_SAS_farmq_part0_2013_2016.dta native columns present | 17 | 17 | PASS |
| A | H_SAS_farmq_part2a_2013_2016.dta rows | 68,996 | 68,996 | PASS |
| A | H_SAS_farmq_part2a_2013_2016.dta native columns present | 18 | 18 | PASS |
| A | H_SAS_farmq_part2b_2013_2016.dta rows | 30,995 | 30,995 | PASS |
| A | H_SAS_farmq_part2b_2013_2016.dta native columns present | 15 | 15 | PASS |
| A | H_SAS_farmq_part2b_fertilizer_2013_2016.dta rows | 28,878 | 28,878 | PASS |
| A | H_SAS_farmq_part2b_fertilizer_2013_2016.dta native columns present | 14 | 14 | PASS |
| A | H_SAS_farmq_part2b_pesticide_2013_2016.dta rows | 28,883 | 28,883 | PASS |
| A | H_SAS_farmq_part2b_pesticide_2013_2016.dta native columns present | 10 | 10 | PASS |
| A | H_SAS_farmq_part4_2013_2016.dta rows | 57,511 | 57,511 | PASS |
| A | H_SAS_farmq_part4_2013_2016.dta native columns present | 22 | 22 | PASS |
| A | H_SAS_farmq_part6a_2013_2016.dta rows | 544,313 | 544,313 | PASS |
| A | H_SAS_farmq_part6a_2013_2016.dta native columns present | 15 | 15 | PASS |
| A | H_SAS_farmq_part7_2013_2016.dta rows | 34,626 | 34,626 | PASS |
| A | H_SAS_farmq_part7_2013_2016.dta native columns present | 31 | 31 | PASS |
| A | H_SAS_fertilizers_2017_2018.dta rows | 84,986 | 84,986 | PASS |
| A | H_SAS_fertilizers_2017_2018.dta native columns present | 35 | 35 | PASS |
| A | H_SAS_fertilizers_pesticides.dta rows | 305,316 | 305,316 | PASS |
| A | H_SAS_fertilizers_pesticides.dta native columns present | 241 | 241 | PASS |
| A | H_SAS_irrigation_land_tenure_2017_2018.dta rows | 52,621 | 52,621 | PASS |
| A | H_SAS_irrigation_land_tenure_2017_2018.dta native columns present | 59 | 59 | PASS |
| A | H_SAS_lsf_farmq_part2a_2013_2016.dta rows | 2,036 | 2,036 | PASS |
| A | H_SAS_lsf_farmq_part2a_2013_2016.dta native columns present | 14 | 14 | PASS |
| A | H_SAS_lsf_farmq_part2b_2013_2016.dta rows | 2,081 | 2,081 | PASS |
| A | H_SAS_lsf_farmq_part2b_2013_2016.dta native columns present | 15 | 15 | PASS |
| A | H_SAS_pesticides_2017_2018.dta rows | 95,146 | 95,146 | PASS |
| A | H_SAS_pesticides_2017_2018.dta native columns present | 31 | 31 | PASS |
| A | H_SAS_screening_2017_2018.dta rows | 243,835 | 243,835 | PASS |
| A | H_SAS_screening_2017_2018.dta native columns present | 47 | 47 | PASS |
| A | H_SAS_screening_agroforestry.dta rows | 263,633 | 263,633 | PASS |
| A | H_SAS_screening_agroforestry.dta native columns present | 30 | 30 | PASS |
| A | H_SAS_screening_antierosion.dta rows | 287,508 | 287,508 | PASS |
| A | H_SAS_screening_antierosion.dta native columns present | 29 | 29 | PASS |
| A | H_SAS_screening_crops.dta rows | 752,156 | 752,156 | PASS |
| A | H_SAS_screening_crops.dta native columns present | 112 | 112 | PASS |
| A | H_CFSVA_child.dta rows | 35,764 | 35,764 | PASS |
| A | H_CFSVA_child.dta native columns present | 1,388 | 1,388 | PASS |
| A | H_CFSVA_household.dta rows | 50,890 | 50,890 | PASS |
| A | H_CFSVA_household.dta native columns present | 4,825 | 4,825 | PASS |
| A | H_CFSVA_village.dta rows | 3,812 | 3,812 | PASS |
| A | H_CFSVA_village.dta native columns present | 508 | 508 | PASS |
| A | H_CFSVA_woman.dta rows | 31,038 | 31,038 | PASS |
| A | H_CFSVA_woman.dta native columns present | 813 | 813 | PASS |
| A | files tested against their source (must be > 0) | 75 | 75 | PASS |

## B. Keys

| section | statistic | harmonised | reference | result |
|---|---|---:|---:|---|
| B | H_LFS_household.dta: rows with a household key (informational) | 166,772 |  | n/a |
| B | H_LFS_household.dta: h_hhkey unique (household file) | 166,772 | 166,772 | PASS |
| B | H_LFS_person.dta: rows with a household key (informational) | 691,162 |  | n/a |
| B | H_LFS_person.dta: duplicated non-blank h_pkey (allowed: 3 = NISR duplicate person numbers) | 3 | 3 | PASS |
| B | H_Census_household.dta: rows with a household key (informational) | 750,115 |  | n/a |
| B | H_Census_household.dta: h_hhkey unique (household file) | 750,115 | 750,115 | PASS |
| B | H_Census_person.dta: rows with a household key (informational) | 3,149,099 |  | n/a |
| B | H_Census_person.dta: duplicated non-blank h_pkey (allowed: 0 = NISR duplicate person numbers) | 0 | 0 | PASS |
| B | H_EICV_household.dta: rows with a household key (informational) | 71,681 |  | n/a |
| B | H_EICV_household.dta: h_hhkey unique (household file) | 71,681 | 71,681 | PASS |
| B | H_EICV_person.dta: rows with a household key (informational) | 327,841 |  | n/a |
| B | H_EICV_person.dta: duplicated non-blank h_pkey (allowed: 0 = NISR duplicate person numbers) | 0 | 0 | PASS |
| B | H_EICV_household_vup.dta: rows with a household key (informational) | 7,875 |  | n/a |
| B | H_EICV_household_vup.dta: h_hhkey unique (household file) | 7,875 | 7,875 | PASS |
| B | H_EICV_person_vup.dta: rows with a household key (informational) | 32,241 |  | n/a |
| B | H_EICV_person_vup.dta: duplicated non-blank h_pkey (allowed: 0 = NISR duplicate person numbers) | 0 | 0 | PASS |
| B | H_AHS_household.dta: rows with a household key (informational) | 30,447 |  | n/a |
| B | H_AHS_household.dta: h_hhkey unique (household file) | 30,447 | 30,447 | PASS |
| B | H_AHS_person.dta: rows with a household key (informational) | 138,683 |  | n/a |
| B | H_AHS_person.dta: duplicated non-blank h_pkey (allowed: 0 = NISR duplicate person numbers) | 0 | 0 | PASS |
| B | H_CFSVA_child.dta: rows with a household key (informational) | 31,706 |  | n/a |
| B | H_CFSVA_household.dta: rows with a household key (informational) | 50,890 |  | n/a |
| B | H_CFSVA_household.dta: h_hhkey unique (household file) | 50,890 | 50,890 | PASS |
| B | H_CFSVA_woman.dta: rows with a household key (informational) | 24,270 |  | n/a |
| B | H_CFSVA_woman.dta 2006: household keys found in H_CFSVA_household (share x 1000; must be >= 900) | 1,000 | 1,000 | PASS |
| B | H_CFSVA_woman.dta 2009: household keys found in H_CFSVA_household (share x 1000; must be >= 900) | 1,000 | 1,000 | PASS |
| B | H_CFSVA_woman.dta 2012: household keys found in H_CFSVA_household (share x 1000; must be >= 900) | 1,000 | 1,000 | PASS |
| B | H_CFSVA_woman.dta 2015: rows with a household key (stand-alone nutrition files: must be 0) | 0 | 0 | PASS |
| B | H_CFSVA_woman.dta 2024: household keys found in H_CFSVA_household (share x 1000; must be >= 900) | 1,000 | 1,000 | PASS |

## C. Concepts recomputed independently vs h_* (second route)

| section | statistic | harmonised | independent | result |
|---|---|---:|---:|---|
| C | LFS: h_sex == sex on every row | 724,015 | 724,015 | PASS |
| C | LFS: h_lfstatus == status1 on rows with an observed status | 455,670 | 455,670 | PASS |
| C | LFS: h_employed == (status1 == 1) on rows with an observed status | 455,670 | 455,670 | PASS |
| C | LFS: h_employed missing exactly where status1 is missing | 268,345 | 268,345 | PASS |
| C | LFS: household-interviews with exactly one head (h_relation == 1), share x 1000 | 1,000 | 1,000 | PASS |
| C | LFS 2024: h_relation == independent recode of the 14-code list (a02_v2) | 102,562 | 102,562 | PASS |
| C | LFS 2025: h_relation == independent recode of the 14-code list (a02_v2) | 100,852 | 100,852 | PASS |
| C | Census: h_sex == sex | 3,165,816 | 3,165,816 | PASS |
| C | Census 2012: h_lfstatus == independent recode of rp2024 + P23 (code 9 by availability) | 883,622 | 883,622 | PASS |
| C | Census 2012: code-9 persons available for work classified unemployed (6,471) | 6,471 | 6,471 | PASS |
| C | Census 2002: h_lfstatus == independent recode of p21 (8 jobless -> unemployed) | 607,987 | 607,987 | PASS |
| C | Census: private households with exactly one head, share x 1000 | 1,000 | 1,000 | PASS |
| C | Census 2022: h_marital == independent recode of p06 | 910,862 | 910,862 | PASS |
| C | Census 2012: h_marital == independent recode of p29_v2 | 681,318 | 681,318 | PASS |
| C | EICV: h_sex == sex | 327,841 | 327,841 | PASS |
| C | EICV4: h_lfstatus == independent recode of lfs6 | 55,061 | 55,061 | PASS |
| C | EICV1/2: h_lfstatus == independent recode of econstatus | 52,326 | 52,326 | PASS |
| C | EICV3: h_lfstatus == independent recode of the five work items (VUP 3 = no) | 56,091 | 56,091 | PASS |
| C | EICV3: nonworkers with VUP item = 3 left missing (must be 0) | 0 | 0 | PASS |
| C | EICV3: weighted employment / population ratio 16+ with a status (%; informational: was 95.1 before the fix) | 84 |  | n/a |
| C | EICV: rows with h_educ = tertiary and s2aq3_v3 in (90, 98, 99) (must be 0) | 0 | 0 | PASS |
| C | EICV: rows with h_educ = tertiary and s2cq3_v3 in (90, 98, 99) (must be 0) | 0 | 0 | PASS |
| C | EICV: rows with h_educ = tertiary and s4aq2_v5 in (90, 98, 99) (must be 0) | 0 | 0 | PASS |
| C | EICV: rows with h_educ = tertiary and s2aq3_v2 in (90, 98, 99) (must be 0) | 0 | 0 | PASS |
| C | EICV: rows with h_educ = tertiary and s2cq3_v2 in (90, 98, 99) (must be 0) | 0 | 0 | PASS |
| C | EICV: rows with h_educ = tertiary and s2aq3 in (90, 98, 99) (must be 0) | 0 | 0 | PASS |
| C | EICV: rows with h_educ = tertiary and s2cq3 in (90, 98, 99) (must be 0) | 0 | 0 | PASS |
| C | EICV: rows with h_educ = tertiary and s4aq2_v4 in (90, 98, 99) (must be 0) | 0 | 0 | PASS |
| C | EICV: rows with h_educ = tertiary and s4aq2_v3 in (90, 98, 99) (must be 0) | 0 | 0 | PASS |
| C | EICV: rows with h_educ = tertiary and s4aq2_v2 in (90, 98, 99) (must be 0) | 0 | 0 | PASS |
| C | EICV: rows with h_educ = tertiary and s4aq2 in (90, 98, 99) (must be 0) | 0 | 0 | PASS |
| C | EICV: rows with h_educ = tertiary and s4aq2a in (90, 98, 99) (must be 0) | 0 | 0 | PASS |
| C | EICV: rows with h_educ = tertiary and s4aq20 in (90, 98, 99) (must be 0) | 0 | 0 | PASS |
| C | EICV: households with exactly one head, share x 1000 | 1,000 | 1,000 | PASS |

## D. Weighted employment-to-population ratio, persons aged 16+ (informational: definitions differ, see h_lfs_def)

| section | dataset / wave | h_lfs_def | employed 16+ / population 16+ with a status (%) | employed persons (weighted; LFS annual weights already average the rounds) | result |
|---|---|---|---:|---:|---|
| D | LFS_person 2017 | 1 | 44.2 | 2,989,249 | n/a |
| D | LFS_person 2018 | 1 | 46.0 | 3,207,336 | n/a |
| D | LFS_person 2019 | 1 | 45.3 | 3,273,921 | n/a |
| D | LFS_person 2020 | 1 | 46.3 | 3,460,860 | n/a |
| D | LFS_person 2021 | 1 | 42.6 | 3,287,697 | n/a |
| D | LFS_person 2022 | 1 | 44.5 | 3,546,352 | n/a |
| D | LFS_person 2023 | 1 | 49.0 | 3,958,817 | n/a |
| D | LFS_person 2024 | 1 | 53.5 | 4,444,684 | n/a |
| D | LFS_person 2025 | 1 | 55.9 | 4,772,705 | n/a |
| D | Census_person 2002 | 2 | 77.8 | 3,209,626 | n/a |
| D | Census_person 2012 | 3 | 71.0 | 4,151,298 | n/a |
| D | EICV_person EICV1 | 4 | 86.7 | 3,570,734 | n/a |
| D | EICV_person EICV2 | 4 | 84.0 | 4,299,206 | n/a |
| D | EICV_person EICV3 | 5 | 84.3 | 4,959,170 | n/a |
| D | EICV_person EICV4_CS | 6 | 85.6 | 5,478,572 | n/a |
| D | EICV_person EICV5_CS | 5 | 86.2 | 5,825,473 | n/a |
| D | EICV_person EICV7_CS | 7 | 80.4 | 6,591,830 | n/a |
| D | AHS_person 2017 | 8 | 83.8 | 4,496,557 | n/a |
| D | AHS_person 2020 | 8 | 84.4 | 5,143,622 | n/a |
| D | AHS_person 2024 | 7 | 82.7 | 4,741,217 | n/a |

**All checks passed.**
15:57:19 02_checks INFO 02_checks done
15:57:20 03_codebook INFO ==== 03_codebook | run 20260905-152911 | python 3.13.5 | pandas 2.2.3 | pyreadstat 1.3.4
15:57:43 03_codebook INFO wrote /Users/matteo/Library/CloudStorage/Dropbox/1-Ongoing Projects/Rwanda - TRS/data/Publicly-Available-NISR/Harmonized/CODEBOOK_Harmonized.xlsx (77 files, 87 code rows, 429 count rows, 355 map rows)
15:57:43 03_codebook INFO wrote Harmonized/README.txt
15:57:43 03_codebook INFO 03_codebook done
