20:57:57 01_clean INFO ==== 01_clean | run 20260904-205757_01_clean | python 3.13.5 | pandas 2.2.3 | pyreadstat 1.3.4
20:57:57 01_clean INFO ---------------- 2002 ----------------
20:58:03 01_clean INFO read Census_2002.sav: 814,432 rows x 112 vars
20:58:03 01_clean INFO PASS  2002: every variable has an English label ([])
20:58:03 01_clean INFO 2002 sector name MAGERAGERE     matched to MAGEREGERE     (1105)
20:58:03 01_clean INFO 2002 sector name KIBIRIZI       matched to KIBILIZI       (2104)
20:58:03 01_clean INFO 2002 sector name KIBILIZI       matched to KIBIRIZI       (2204)
20:58:03 01_clean INFO 2002 sector name KABAGARI       matched to KABAGALI       (2603)
20:58:03 01_clean INFO 2002 sector name RUGALIKA       matched to RUGARIKA       (2810)
20:58:03 01_clean INFO 2002 sector name GISHARI        matched to GASHARI        (3102)
20:58:03 01_clean INFO 2002 sector name NYAKILIBA      matched to NYAKIRIBA      (3308)
20:58:03 01_clean INFO 2002 sector name RUSARABUGE     matched to RUSARABUYE     (4416)
20:58:03 01_clean INFO 2002 sector name GISHARI        matched to GISHALI        (5103)
20:58:03 01_clean INFO 2002 sector name NYAKARIRO      matched to NYAKALIRO      (5112)
20:58:03 01_clean INFO 2002 sector name MIMULI         matched to MIMURI         (5207)
20:58:03 01_clean INFO 2002 sector name MUSHELI        matched to MUSHERI        (5209)
20:58:03 01_clean INFO 2002 sector name NYAMUGALI      matched to NYAMUGARI      (5511)
20:58:03 01_clean INFO 2002 sectors whose code changed after name matching: [(40301, 4301, 4304, 'Gashaki'), (40302, 4302, 4301, 'Busogo'), (40303, 4303, 4302, 'Cyuve'), (40304, 4304, 4303, 'Gacaca')]
20:58:03 01_clean INFO PASS  2002: 416 distinct sectors after name matching
20:58:03 01_clean INFO PASS  2002: corrected sector code nests in district
