12:19:11 01_clean INFO ==== 01_clean | run 20260905-121910 | python 3.13.5 | pandas 2.2.3 | pyreadstat 1.3.4
12:19:11 01_clean INFO ---------------- 2002 ----------------
12:19:17 01_clean INFO read Census_2002.sav: 814,432 rows x 112 vars
12:19:17 01_clean INFO PASS  2002: every variable has an English label ([])
12:19:17 01_clean INFO 2002 value labels translated to English for 53 variables: etat_matri fr_quentation h01 h02 h03 h04 h05 h06 h07 h08 h09 h10 h100 h11 h12 h13 h14 h15 h16a h16b h16c h19a h200 hhid p02 p03 p05a p05b p07 p08 p09 p10 p11 p12 p13 p14 p15 p16 p17 p171 p18 p19 p20 p21 p22 p23 p24 p25 p26 p29a p29b p30a p30b
12:19:17 01_clean INFO PASS  2002: concept variables carry English value labels
12:19:17 01_clean INFO 2002 sector name MAGERAGERE     matched to MAGEREGERE     (1105)
12:19:17 01_clean INFO 2002 sector name KIBIRIZI       matched to KIBILIZI       (2104)
12:19:17 01_clean INFO 2002 sector name KIBILIZI       matched to KIBIRIZI       (2204)
12:19:17 01_clean INFO 2002 sector name KABAGARI       matched to KABAGALI       (2603)
12:19:17 01_clean INFO 2002 sector name RUGALIKA       matched to RUGARIKA       (2810)
12:19:17 01_clean INFO 2002 sector name GISHARI        matched to GASHARI        (3102)
12:19:17 01_clean INFO 2002 sector name NYAKILIBA      matched to NYAKIRIBA      (3308)
12:19:17 01_clean INFO 2002 sector name RUSARABUGE     matched to RUSARABUYE     (4416)
12:19:17 01_clean INFO 2002 sector name GISHARI        matched to GISHALI        (5103)
12:19:17 01_clean INFO 2002 sector name NYAKARIRO      matched to NYAKALIRO      (5112)
12:19:17 01_clean INFO 2002 sector name MIMULI         matched to MIMURI         (5207)
12:19:17 01_clean INFO 2002 sector name MUSHELI        matched to MUSHERI        (5209)
12:19:17 01_clean INFO 2002 sector name NYAMUGALI      matched to NYAMUGARI      (5511)
12:19:17 01_clean INFO 2002 sectors whose code changed after name matching: [(40301, 4301, 4304, 'Gashaki'), (40302, 4302, 4301, 'Busogo'), (40303, 4303, 4302, 'Cyuve'), (40304, 4304, 4303, 'Gacaca')]
12:19:17 01_clean INFO PASS  2002: 416 distinct sectors after name matching
12:19:17 01_clean INFO PASS  2002: corrected sector code nests in district
12:19:18 01_clean INFO rows without a household id: 16,717
12:19:24 01_clean INFO PASS  row count unchanged (814,432)
12:19:24 01_clean INFO PASS  wt present and > 0 on every row
12:19:24 01_clean INFO PASS  5 provinces / 30 districts / 416 sectors
12:19:24 01_clean INFO PASS  sector codes == NISR current 416-sector list
12:19:24 01_clean INFO PASS  sector nests in district nests in province
12:19:24 01_clean INFO PASS  sex in {1,2}
12:19:24 01_clean INFO PASS  age in [0,130] (max 110)
12:19:28 01_clean INFO PASS  exactly one head per (ordinary) household: 100.0000% of 175,737
12:19:28 01_clean INFO PASS  (hhid, pid) unique
12:19:28 01_clean INFO PASS  wt_hh constant within household
12:19:28 01_clean INFO PASS  prov/dist/sector constant within household
12:19:28 01_clean WARNING WARN  urban constant within household (89 households differ; NISR data as shipped -- the household file takes the head's value, 02_merge)
12:19:28 01_clean INFO PASS  collective flag == rows without a household id (16,717 rows)
12:19:28 01_clean INFO PASS  weighted population 8,144,311 within 2% of published 8,128,553 (+0.19%)
12:19:28 01_clean INFO households: 175,737 | urban share (weighted): 0.168
12:19:28 01_clean INFO all hard checks passed (1 soft warnings)
12:19:28 01_clean INFO value label 9999999999.0='Not applicable' on hhid dropped (key outside int32)
12:19:32 01_clean INFO wrote Census_2002_person_clean.dta  (814,432 rows x 121 vars, 190.7 MB)
12:19:32 01_clean INFO ---------------- 2012 ----------------
12:19:40 01_clean INFO read Census_2012.dta: 1,038,369 rows x 115 vars
12:19:40 01_clean INFO PASS  2012: rl07 == 1 <=> l07 in {urban, semi-urban}
12:19:40 01_clean INFO ISCO-08 list: 433 unit groups
12:19:40 01_clean INFO 2012 P25: 418 distinct ISCO codes, 2 not in the list: [9998, 9999]
12:19:40 01_clean INFO PASS  2012: >= 98% of P25 codes found in the ISCO-08 list (2 unmatched)
12:19:40 01_clean INFO rows without a household id: 0
12:19:48 01_clean INFO PASS  row count unchanged (1,038,369)
12:19:48 01_clean INFO PASS  wt present and > 0 on every row
12:19:48 01_clean INFO PASS  5 provinces / 30 districts / 416 sectors
12:19:48 01_clean INFO PASS  sector codes == NISR current 416-sector list
12:19:48 01_clean INFO PASS  sector nests in district nests in province
12:19:48 01_clean INFO PASS  sex in {1,2}
12:19:48 01_clean INFO PASS  age in [0,130] (max 125)
12:19:54 01_clean INFO PASS  exactly one head per (ordinary) household: 100.0000% of 242,461
12:19:54 01_clean INFO PASS  (hhid, pid) unique
12:19:54 01_clean INFO PASS  wt_hh constant within household
12:19:54 01_clean INFO PASS  prov/dist/sector constant within household
12:19:54 01_clean INFO PASS  urban constant within household (0 households differ; NISR data as shipped -- the household file takes the head's value, 02_merge)
12:19:54 01_clean INFO PASS  weighted population 10,383,686 within 2% of published 10,515,973 (-1.26%)
12:19:54 01_clean INFO PASS  shipped hhsize == roster count
12:19:54 01_clean INFO households: 242,461 | urban share (weighted): 0.162
12:19:54 01_clean INFO all hard checks passed (0 soft warnings)
12:19:56 01_clean INFO wrote Census_2012_person_clean.dta  (1,038,369 rows x 121 vars, 190.2 MB)
12:19:56 01_clean INFO ---------------- 2022 ----------------
12:21:01 01_clean INFO read Census_2022.dta: 1,313,015 rows x 250 vars
12:21:03 01_clean INFO rows without a household id: 0
12:21:25 01_clean INFO PASS  row count unchanged (1,313,015)
12:21:25 01_clean INFO PASS  wt present and > 0 on every row
12:21:25 01_clean INFO PASS  5 provinces / 30 districts / 416 sectors
12:21:25 01_clean INFO PASS  sector codes == NISR current 416-sector list
12:21:25 01_clean INFO PASS  sector nests in district nests in province
12:21:25 01_clean INFO PASS  sex in {1,2}
12:21:25 01_clean INFO PASS  age in [0,130] (max 122)
12:21:33 01_clean INFO PASS  exactly one head per (ordinary) household: 100.0000% of 331,917
12:21:33 01_clean INFO PASS  (hhid, pid) unique
12:21:33 01_clean INFO PASS  wt_hh constant within household
12:21:33 01_clean INFO PASS  prov/dist/sector constant within household
12:21:33 01_clean INFO PASS  urban constant within household (0 households differ; NISR data as shipped -- the household file takes the head's value, 02_merge)
12:21:33 01_clean INFO PASS  weighted population 13,245,753 within 2% of published 13,246,394 (-0.00%)
12:21:33 01_clean INFO households: 331,917 | urban share (weighted): 0.279
12:21:33 01_clean INFO all hard checks passed (0 soft warnings)
12:21:43 01_clean INFO wrote Census_2022_person_clean.dta  (1,313,015 rows x 254 vars, 423.0 MB)
12:21:43 01_clean INFO 01_clean done for [2002, 2012, 2022]
12:21:43 02_merge INFO ==== 02_merge | run 20260905-121910 | python 3.13.5 | pandas 2.2.3 | pyreadstat 1.3.4
12:22:03 02_merge INFO loaded 2002: 814,432 rows x 121 vars
12:22:13 02_merge INFO loaded 2012: 1,038,369 rows x 121 vars
12:23:05 02_merge INFO loaded 2022: 1,313,015 rows x 254 vars
12:23:07 02_merge INFO VERSIONS h01: {'h01': [2022], 'h01_v2': [2012], 'h01_v3': [2002]} | 2012 vs 2002: value labels differ -- 2: 'Old settlement' vs 'Early rural agglomeration' / 2022: FORCE_SPLIT
12:23:07 02_merge INFO VERSIONS h02: {'h02': [2002, 2012], 'h02_v2': [2022]} | 2022: FORCE_SPLIT
12:23:07 02_merge INFO VERSIONS h03: {'h03': [2022], 'h03_v2': [2012], 'h03_v3': [2002]} | 2012 vs 2002: variable label differs ('Status of occupancy of house' vs 'Roof material') / 2022 vs 2002: variable label differs ('Tenure of then housing unit' vs 'Roof material')
12:23:07 02_merge INFO VERSIONS h04: {'h04': [2022], 'h04_v2': [2012], 'h04_v3': [2002]} | 2012 vs 2002: variable label differs ('Roof' vs 'Outer wall material') / 2022 vs 2002: variable label differs ('Is this Household has its own housing un' vs 'Outer wall material')
12:23:07 02_merge INFO VERSIONS h05: {'h05': [2022], 'h05_v2': [2012], 'h05_v3': [2002]} | 2012 vs 2002: variable label differs ('Walls' vs 'Floor material') / 2022 vs 2002: variable label differs ('main material used for the roof' vs 'Floor material')
12:23:07 02_merge INFO VERSIONS h06: {'h06': [2022], 'h06_v2': [2012], 'h06_v3': [2002]} | 2012 vs 2002: variable label differs ('Floor' vs 'Number of living rooms') / 2022 vs 2002: variable label differs ('main material used for the walls' vs 'Number of living rooms')
12:23:07 02_merge INFO VERSIONS h07: {'h07': [2022], 'h07_v2': [2012], 'h07_v3': [2002]} | 2012 vs 2002: variable label differs ('Number of rooms' vs 'Main source of water supply') / 2022 vs 2002: variable label differs ('main material used for the floor' vs 'Main source of water supply')
12:23:08 02_merge INFO VERSIONS h08: {'h08': [2022], 'h08_v2': [2012], 'h08_v3': [2002]} | 2012: FORCE_SPLIT / 2022 vs 2002: variable label differs ('Number of rooms' vs 'Main source of lighting')
12:23:08 02_merge INFO VERSIONS h09: {'h09': [2022], 'h09_v2': [2012], 'h09_v3': [2002]} | 2012 vs 2002: variable label differs ('Number of occupants' vs 'Main cooking energy') / 2022 vs 2002: variable label differs ('number of rooms are used for sleeping' vs 'Main cooking energy')
12:23:08 02_merge INFO VERSIONS h10: {'h10': [2022], 'h10_v2': [2012], 'h10_v3': [2002]} | 2012 vs 2002: variable label differs ('Main source of water' vs 'Main toilet facility') / 2022 vs 2002: variable label differs ('Are Sleeping rooms  for Boys separated f' vs 'Main toilet facility')
12:23:08 02_merge INFO VERSIONS h11: {'h11': [2022], 'h11_v2': [2012], 'h11_v3': [2002]} | 2012 vs 2002: variable label differs ('Type of toilet facility' vs 'Main mode of household waste disposal') / 2022 vs 2002: variable label differs ('Main source of water used for general pu' vs 'Main mode of household waste disposal')
12:23:08 02_merge INFO VERSIONS h12: {'h12': [2022], 'h12_v2': [2012], 'h12_v3': [2002]} | 2012 vs 2002: variable label differs ('Source of lighting' vs 'Occupancy status of the dwelling') / 2022 vs 2002: variable label differs ('Main source of drinking water' vs 'Occupancy status of the dwelling')
12:23:09 02_merge INFO VERSIONS h13: {'h13': [2022], 'h13_v2': [2012], 'h13_v3': [2002]} | 2012 vs 2002: variable label differs ('Energy of cooking' vs 'Radio / television ownership') / 2022 vs 2002: variable label differs ('Toilet Facility' vs 'Radio / television ownership')
12:23:09 02_merge INFO VERSIONS h14: {'h14': [2022], 'h14_v2': [2012], 'h14_v3': [2002]} | 2012 vs 2002: variable label differs ('Energy saving stove' vs 'Fixed-line / cell phone') / 2022 vs 2002: variable label differs ('Electricity (Grid line) connectivity' vs 'Fixed-line / cell phone')
12:23:09 02_merge INFO VERSIONS h15: {'h15': [2022], 'h15_v2': [2012], 'h15_v3': [2002]} | 2012 vs 2002: variable label differs ('Mode of household waste disposal' vs 'Computer / internet connection') / 2022 vs 2002: variable label differs ('Main source of energy for lighting' vs 'Computer / internet connection')
12:23:09 02_merge INFO VERSIONS h16: {'h16': [2022], 'h16_v2': [2012]} | 2022 vs 2012: variable label differs ('Main source of energy for cooking' vs 'Mode of sewage disposal')
12:23:09 02_merge INFO VERSIONS h17: {'h17': [2022], 'h17_v2': [2012], 'h17_v3': [2002]} | 2012 vs 2002: variable label differs ('Radio' vs 'Total persons counted in the household') / 2022 vs 2002: variable label differs ('Secondary source of energy for cooking' vs 'Total persons counted in the household')
12:23:09 02_merge INFO VERSIONS h18: {'h18': [2022], 'h18_v2': [2012], 'h18_v3': [2002]} | 2012 vs 2002: variable label differs ('Television' vs '(empty in the public file)') / 2022 vs 2002: variable label differs ('Does your HH use a cooking energy saving' vs '(empty in the public file)')
12:23:09 02_merge INFO VERSIONS h19: {'h19': [2022], 'h19_v2': [2012]} | 2022 vs 2012: variable label differs ('Main mode of household waste disposal us' vs 'Telephone (fixed line)')
12:23:09 02_merge INFO VERSIONS h20: {'h20': [2022], 'h20_v2': [2012]} | 2022 vs 2012: variable label differs ('Main mode of sewage' vs 'Cell phone')
12:23:12 02_merge INFO VERSIONS h22: {'h22': [2022], 'h22_v2': [2012]} | 2022 vs 2012: variable label differs ('HH own livestock or beehive' vs 'Computer')
12:23:21 02_merge INFO VERSIONS h23: {'h23': [2022], 'h23_v2': [2012]} | 2022 vs 2012: variable label differs ('Household grew crops in last 12 months' vs 'Bicycles')
12:23:27 02_merge INFO VERSIONS h26: {'h26': [2022], 'h26_v2': [2012]} | 2022 vs 2012: variable label differs ('Number of tea trees grown' vs 'Internet Access')
12:23:28 02_merge INFO VERSIONS h27: {'h27': [2022], 'h27_v2': [2012]} | 2022 vs 2012: variable label differs ('Number of coffee trees grown' vs 'Where do you access internet')
12:23:28 02_merge INFO VERSIONS h28a: {'h28a': [2022], 'h28a_v2': [2012]} | 2022 vs 2012: variable label differs ('Any fruit tree' vs 'Cattle:Local breed cow')
12:23:33 02_merge INFO VERSIONS p02: {'p02': [2022], 'p02_v2': [2012], 'p02_v3': [2002]} | 2012 vs 2002: value labels differ -- 3: 'Son/Daughter' vs 'Child of head'; 9: 'Non Relative' vs 'Not related to head' / 2022 vs 2002: variable label differs ('Relationship (Private HH only)' vs 'Relationship to household head')
12:23:34 02_merge INFO VERSIONS p06: {'p06': [2022], 'p06_v2': [2012]} | 2022 vs 2012: variable label differs ('marital status' vs 'Situation of residence')
12:23:34 02_merge INFO VERSIONS p07: {'p07': [2012], 'p07_v2': [2002]} | 2012 vs 2002: variable label differs ('Place of Birth' vs 'Nationality')
12:23:34 02_merge INFO VERSIONS p08: {'p08': [2012], 'p08_v2': [2002]} | 2012 vs 2002: variable label differs ('Nationality' vs 'Place of birth (district or country)')
12:23:34 02_merge INFO VERSIONS p09: {'p09': [2012], 'p09_v2': [2002]} | 2012 vs 2002: variable label differs ('Place of previous residence' vs 'Duration of residence in this locality (')
12:23:34 02_merge INFO VERSIONS p10: {'p10': [2012], 'p10_v2': [2002]} | 2012 vs 2002: variable label differs ('Duration of Residence' vs 'Place of previous residence (district or')
12:23:34 02_merge INFO VERSIONS p11: {'p11': [2012], 'p11_v2': [2002]} | 2012 vs 2002: variable label differs ('Religion' vs 'Languages spoken')
12:23:35 02_merge INFO VERSIONS p13: {'p13': [2022], 'p13_v2': [2012], 'p13_v3': [2002]} | 2002: FORCE_SPLIT / 2022 vs 2012: variable label differs ('Religious affiliation' vs 'Type of insurance')
12:23:35 02_merge INFO VERSIONS p14: {'p14': [2022], 'p14_v2': [2002]} | 2022 vs 2002: variable label differs ('Medical insurance' vs 'Cause of handicap')
12:23:35 02_merge INFO VERSIONS p15: {'p15': [2012], 'p15_v2': [2002]} | 2012 vs 2002: variable label differs ('Birth Registration' vs 'Survival of parents')
12:23:35 02_merge INFO VERSIONS p16: {'p16': [2012], 'p16_v2': [2002]} | 2012 vs 2002: variable label differs ('Languages reading and written' vs 'School attendance (ever attended)')
12:23:35 02_merge INFO VERSIONS p17: {'p17': [2012], 'p17_v2': [2002]} | 2012 vs 2002: variable label differs ('School attendance' vs 'Highest class successfully completed')
12:23:36 02_merge INFO VERSIONS p18b: {'p18b': [2022], 'p18b_v2': [2012]} | 2022 vs 2012: variable label differs ('Level of difficulty of communicating' vs 'Years completed')
12:23:36 02_merge INFO VERSIONS p19: {'p19': [2012], 'p19_v2': [2002]} | 2002: FORCE_SPLIT
12:23:36 02_merge INFO VERSIONS p20: {'p20': [2012], 'p20_v2': [2002]} | 2012 vs 2002: variable label differs ('Work' vs 'Literacy')
12:23:36 02_merge INFO VERSIONS p21: {'p21': [2012], 'p21_v2': [2002]} | 2012 vs 2002: variable label differs ('Why did not work' vs 'Economic activity situation (15/07-15/08')
12:23:37 02_merge INFO VERSIONS p22: {'p22': [2012], 'p22_v2': [2002]} | 2002: FORCE_SPLIT
12:23:37 02_merge INFO VERSIONS p23: {'p23': [2012], 'p23_v2': [2002]} | 2012 vs 2002: variable label differs ('Ready to work' vs 'Status in employment')
12:23:38 02_merge INFO VERSIONS p24: {'p24': [2022], 'p24_v2': [2012], 'p24_v3': [2002]} | 2012 vs 2002: variable label differs ('Seeking for work' vs 'Branch of economic activity') / 2022 vs 2002: variable label differs ('Registered in the Civil Registration boo' vs 'Branch of economic activity')
12:23:38 02_merge INFO VERSIONS p25: {'p25': [2012], 'p25_v2': [2002]} | 2012 vs 2002: variable label differs ('Main occupation, ISCO-08 4-digit (labels' vs 'Institutional sector of employment (publ')
12:23:38 02_merge INFO VERSIONS p26: {'p26': [2012], 'p26_v2': [2002]} | 2002: FORCE_SPLIT
12:23:39 02_merge INFO VERSIONS p29: {'p29': [2022], 'p29_v2': [2012]} | 2022 vs 2012: variable label differs ('Ever or currently attending  school' vs 'Marital status')
12:23:39 02_merge INFO VERSIONS p30a: {'p30a': [2022], 'p30a_v2': [2002]} | 2022 vs 2002: variable label differs ('Highest level of education' vs 'Of births in the last 12 months, survivi')
12:23:39 02_merge INFO VERSIONS p30b: {'p30b': [2022], 'p30b_v2': [2002]} | 2022 vs 2002: variable label differs ('Years of school complete successfully at' vs 'Of births in the last 12 months, survivi')
12:23:39 02_merge INFO VERSIONS p31: {'p31': [2022], 'p31_v2': [2012]} | 2022 vs 2012: variable label differs ('Highest certificate/degree' vs 'Current rank as spouse')
12:23:39 02_merge INFO VERSIONS p32: {'p32': [2022], 'p32_v2': [2012]} | 2022 vs 2012: variable label differs ('Can read and write with understanding in' vs 'Age at first marriage')
12:23:45 02_merge INFO 39 variables with codes observed outside their own value labels (stale labels; listed in merge_alignment.json): ['a46', 'age1_1', 'etat_matri', 'h01', 'h02', 'h03', 'h04', 'h05', 'h06', 'h10', 'h11', 'h13', 'h14', 'h15', 'h16', 'h16c', 'h200', 'p05a', 'p061', 'p062', 'p063', 'p07', 'p11', 'p12c2', 'p13', 'p14', 'p15', 'p15b', 'p16b', 'p17b']
12:25:30 02_merge INFO pooled person file: 3,165,816 rows x 467 vars; 51 variables with >1 version; 1 value-label text conflicts
12:25:33 02_merge INFO PASS  no numeric column left object-typed after concat
12:25:33 02_merge INFO PASS  pooled rows == sum of yearly rows
12:25:33 02_merge INFO PASS  2002: sum wt preserved in pool
12:25:33 02_merge INFO PASS  2012: sum wt preserved in pool
12:25:33 02_merge INFO PASS  2022: sum wt preserved in pool
12:26:11 02_merge INFO wrote Census_pooled_person.dta  (3,165,816 rows x 467 vars, 2032.9 MB)
12:26:11 02_merge INFO 2002: 797,715 of 814,432 rows in ordinary households
12:26:14 02_merge WARNING 2002: households whose members disagree on a key field (head's value used): {'urban': 89}
12:26:14 02_merge INFO PASS  2002: household rows unique
12:26:14 02_merge INFO PASS  2002: every household has a head
12:26:14 02_merge INFO PASS  2002: geography from the head is complete on every household
12:26:14 02_merge INFO 2002: 175,737 households, 50 household-level variables carried (person-block and all-missing columns excluded)
12:26:14 02_merge INFO 2012: 1,038,369 of 1,038,369 rows in ordinary households
12:26:17 02_merge INFO PASS  2012: household rows unique
12:26:17 02_merge INFO PASS  2012: every household has a head
12:26:17 02_merge INFO PASS  2012: geography from the head is complete on every household
12:26:17 02_merge INFO 2012: 242,461 households, 47 household-level variables carried (person-block and all-missing columns excluded)
12:26:17 02_merge INFO 2022: 1,313,015 of 1,313,015 rows in ordinary households
12:26:25 02_merge INFO PASS  2022: household rows unique
12:26:25 02_merge INFO PASS  2022: every household has a head
12:26:25 02_merge INFO PASS  2022: geography from the head is complete on every household
12:26:25 02_merge INFO 2022: 331,917 households, 190 household-level variables carried (person-block and all-missing columns excluded)
12:26:47 02_merge INFO wrote Census_pooled_household.dta  (750,115 rows x 290 vars, 316.8 MB)
12:26:48 02_merge INFO wrote Census_2002_household_clean.dta  (175,737 rows x 61 vars, 26.4 MB)
12:26:49 02_merge INFO wrote Census_2012_household_clean.dta  (242,461 rows x 57 vars, 27.4 MB)
12:26:52 02_merge INFO wrote Census_2022_household_clean.dta  (331,917 rows x 201 vars, 89.1 MB)
12:26:52 02_merge INFO all hard checks passed (0 soft warnings)
12:26:52 02_merge INFO 02_merge done
12:26:55 03_checks INFO ==== 03_checks | run 20260905-121910 | python 3.13.5 | pandas 2.2.3 | pyreadstat 1.3.4
12:27:20 03_checks INFO 
# Census checks report

Generated by 03_checks.py.

## A. Python pooled file vs old Stata outputs (3 Jul 2026; 2002 was not processed then)

| section | statistic | Python | reference | result |
|---|---|---:|---:|---|
| A | 2012 rows | 1,038,369 | 1,038,369 | PASS |
| A | 2012 sum wt | 10,383,686 | 10,383,686 | PASS |
| A | 2012 sectors | 416 | 416 | PASS |
| A | 2012 households | 242,461 | 242,461 | PASS |
| A | 2012 male | 498,302 | 498,302 | PASS |
| A | 2012 female | 540,067 | 540,067 | PASS |
| A | 2022 rows | 1,313,015 | 1,313,015 | PASS |
| A | 2022 sum wt | 13,245,753 | 13,245,753 | PASS |
| A | 2022 sectors | 416 | 416 | PASS |
| A | 2022 households | 331,917 | 331,917 | PASS |
| A | 2022 male | 631,543 | 631,543 | PASS |
| A | 2022 female | 681,472 | 681,472 | PASS |

## B. Stata 17 recomputation from the written .dta files

| section | statistic | Python | Stata | result |
|---|---|---:|---:|---|
| B | 2002 rows | 814,432 | 814,432 | PASS |
| B | 2002 sum wt | 8,144,311 | 8,144,311 | PASS |
| B | 2002 male | 388,346 | 388,346 | PASS |
| B | 2002 female | 426,086 | 426,086 | PASS |
| B | 2002 sectors | 416 | 416 | PASS |
| B | 2012 rows | 1,038,369 | 1,038,369 | PASS |
| B | 2012 sum wt | 10,383,686 | 10,383,686 | PASS |
| B | 2012 male | 498,302 | 498,302 | PASS |
| B | 2012 female | 540,067 | 540,067 | PASS |
| B | 2012 sectors | 416 | 416 | PASS |
| B | 2022 rows | 1,313,015 | 1,313,015 | PASS |
| B | 2022 sum wt | 13,245,753 | 13,245,753 | PASS |
| B | 2022 male | 631,543 | 631,543 | PASS |
| B | 2022 female | 681,472 | 681,472 | PASS |
| B | 2022 sectors | 416 | 416 | PASS |
| B | 2002 households | 175,737 | 175,737 | PASS |
| B | 2002 sum hhsize | 797,715 | 797,715 | PASS |
| B | 2002 sum household weight | 1,757,368 | 1,757,368 | PASS |
| B | 2012 households | 242,461 | 242,461 | PASS |
| B | 2012 sum hhsize | 1,038,369 | 1,038,369 | PASS |
| B | 2012 sum household weight | 2,424,609 | 2,424,609 | PASS |
| B | 2022 households | 331,917 | 331,917 | PASS |
| B | 2022 sum hhsize | 1,313,015 | 1,313,015 | PASS |
| B | 2022 sum household weight | 3,312,795 | 3,312,795 | PASS |

## C. Against NISR published figures

| section | statistic | Python | published | result |
|---|---|---:|---:|---|
| C | 2002 weighted population (published total 8,128,553; 10% sample) | 8,144,311 | 8,128,553 | PASS |
| C | 2012 male (statement table 1) | 498,302 | 498,302 | PASS |
| C | 2012 female (statement table 1) | 540,067 | 540,067 | PASS |
| C | 2012 households (statement table 2) | 242,461 | 242,461 | PASS |
| C | 2012 weighted population vs the published total incl. institutional population 10,515,973 (informational; the private-household benchmark is tested below) | 10,383,686 |  | n/a |
| C | 2022 male (statement table 1) | 631,543 | 631,543 | PASS |
| C | 2022 female (statement table 1) | 681,472 | 681,472 | PASS |
| C | 2022 weighted population (statement table 1) | 13,245,753 | 13,245,753 | PASS |
| C | 2022 weighted pop. City of Kigali (statement table 2) | 1,745,519 | 1,745,519 | PASS |
| C | 2022 weighted pop. Eastern (statement table 2) | 3,562,690 | 3,562,690 | PASS |
| C | 2022 households with a first-roster-row resident (pid == 1) == statement table 3 (331,606; the table counts P01 = 1 rows) | 331,606 | 331,606 | PASS |
| C | 2022 weighted households with pid == 1 == statement table 3 (3,309,692) | 3,309,692 | 3,309,692 | PASS |
| C | 2022 households defined by a head (p02 == 1, our household file; 311 households have their head at a later roster position) | 331,917 |  | n/a |
| C | 2012 households in province 1 (statement table 2) | 28,665 | 28,665 | PASS |
| C | 2012 households in province 2 (statement table 2) | 60,364 | 60,364 | PASS |
| C | 2012 households in province 3 (statement table 2) | 54,345 | 54,345 | PASS |
| C | 2012 households in province 4 (statement table 2) | 39,165 | 39,165 | PASS |
| C | 2012 households in province 5 (statement table 2) | 59,922 | 59,922 | PASS |
| C | 2012 weighted population vs published private-household population 10,378,021 | 10,383,686 | 10,378,021 | PASS |
| C | 2002 urban share of the weighted population (published 16.9%) | 16.8% | 16.9% | PASS |
| C | 2012 urban share of the weighted population (published 16.5%) | 16.2% | 16.5% | PASS |
| C | 2022 urban share of the weighted population (published 27.9%) | 27.9% | 27.9% | PASS |

## D. Household file sanity

| section | statistic | Python | reference | result |
|---|---|---:|---:|---|
| D | 2002 sum hhsize == ordinary-household person rows | 797,715 | 797,715 | PASS |
| D | 2002 households == distinct hhid | 175,737 | 175,737 | PASS |
| D | 2002 households with exactly one head (p02 == 1) | 0 | 175,737 | **FAIL** |
| D | 2002 (hhid, pid) unique -- duplicate rows | 0 | 0 | PASS |
| D | 2002 wt_hh constant within household (% of households) | 100 | 100 | PASS |
| D | 2002 prov/dist/sector constant within household (% of households) | 100 | 100 | PASS |
| D | 2002 households whose members disagree on urban (head's value used; informational) | 89 |  | n/a |
| D | 2002 household file: urban and head_sex non-missing on every household | 2 | 2 | PASS |
| D | 2012 sum hhsize == ordinary-household person rows | 1,038,369 | 1,038,369 | PASS |
| D | 2012 households == distinct hhid | 242,461 | 242,461 | PASS |
| D | 2012 households with exactly one head (p02 == 1) | 0 | 242,461 | **FAIL** |
| D | 2012 (hhid, pid) unique -- duplicate rows | 0 | 0 | PASS |
| D | 2012 wt_hh constant within household (% of households) | 100 | 100 | PASS |
| D | 2012 prov/dist/sector constant within household (% of households) | 100 | 100 | PASS |
| D | 2012 households whose members disagree on urban (head's value used; informational) | 0 |  | n/a |
| D | 2012 household file: urban and head_sex non-missing on every household | 2 | 2 | PASS |
| D | 2022 sum hhsize == ordinary-household person rows | 1,313,015 | 1,313,015 | PASS |
| D | 2022 households == distinct hhid | 331,917 | 331,917 | PASS |
| D | 2022 households with exactly one head (p02 == 1) | 331,917 | 331,917 | PASS |
| D | 2022 (hhid, pid) unique -- duplicate rows | 0 | 0 | PASS |
| D | 2022 wt_hh constant within household (% of households) | 100 | 100 | PASS |
| D | 2022 prov/dist/sector constant within household (% of households) | 100 | 100 | PASS |
| D | 2022 households whose members disagree on urban (head's value used; informational) | 0 |  | n/a |
| D | 2022 household file: urban and head_sex non-missing on every household | 2 | 2 | PASS |

## E. Cross-year coding compatibility within pooled columns

| section | statistic | Python | reference | result |
|---|---|---:|---:|---|
| E | pooled columns holding years with incompatible value-label texts for the same code, FORCE_ALIGN excluded (must be 0) | 0 | 0 | PASS |
| E | variables split into versions because of value labels or unlabelled ranges (informational) | 2 |  | n/a |
| E | variables with codes observed outside their own year's value labels -- stale labels (informational; listed in merge_alignment.json) | 39 |  | n/a |
| E | forced splits (FORCE_SPLIT entries) | 7 |  | n/a |

**2 check(s) failed.**
