00:38:08 02_merge INFO ==== 02_merge | run 20260905-003807 | python 3.13.5 | pandas 2.2.3 | pyreadstat 1.3.4
00:38:28 02_merge INFO loaded 2002: 814,432 rows x 121 vars
00:38:38 02_merge INFO loaded 2012: 1,038,369 rows x 121 vars
00:39:29 02_merge INFO loaded 2022: 1,313,015 rows x 254 vars
00:39:29 02_merge INFO VERSIONS h03: {'h03': [2022], 'h03_v2': [2012], 'h03_v3': [2002]}
00:39:29 02_merge INFO VERSIONS h04: {'h04': [2022], 'h04_v2': [2012], 'h04_v3': [2002]}
00:39:29 02_merge INFO VERSIONS h05: {'h05': [2022], 'h05_v2': [2012], 'h05_v3': [2002]}
00:39:29 02_merge INFO VERSIONS h06: {'h06': [2022], 'h06_v2': [2012], 'h06_v3': [2002]}
00:39:29 02_merge INFO VERSIONS h07: {'h07': [2022], 'h07_v2': [2012], 'h07_v3': [2002]}
00:39:29 02_merge INFO VERSIONS h08: {'h08': [2022], 'h08_v2': [2012], 'h08_v3': [2002]}
00:39:29 02_merge INFO VERSIONS h09: {'h09': [2022], 'h09_v2': [2012], 'h09_v3': [2002]}
00:39:29 02_merge INFO VERSIONS h10: {'h10': [2022], 'h10_v2': [2012], 'h10_v3': [2002]}
00:39:29 02_merge INFO VERSIONS h11: {'h11': [2022], 'h11_v2': [2012], 'h11_v3': [2002]}
00:39:29 02_merge INFO VERSIONS h12: {'h12': [2022], 'h12_v2': [2012], 'h12_v3': [2002]}
00:39:29 02_merge INFO VERSIONS h13: {'h13': [2022], 'h13_v2': [2012], 'h13_v3': [2002]}
00:39:29 02_merge INFO VERSIONS h14: {'h14': [2022], 'h14_v2': [2012], 'h14_v3': [2002]}
00:39:29 02_merge INFO VERSIONS h15: {'h15': [2022], 'h15_v2': [2012], 'h15_v3': [2002]}
00:39:29 02_merge INFO VERSIONS h16: {'h16': [2022], 'h16_v2': [2012]}
00:39:29 02_merge INFO VERSIONS h17: {'h17': [2022], 'h17_v2': [2012], 'h17_v3': [2002]}
00:39:29 02_merge INFO VERSIONS h18: {'h18': [2022], 'h18_v2': [2012], 'h18_v3': [2002]}
00:39:29 02_merge INFO VERSIONS h19: {'h19': [2022], 'h19_v2': [2012]}
00:39:29 02_merge INFO VERSIONS h20: {'h20': [2022], 'h20_v2': [2012]}
00:39:29 02_merge INFO VERSIONS h22: {'h22': [2022], 'h22_v2': [2012]}
00:39:29 02_merge INFO VERSIONS h23: {'h23': [2022], 'h23_v2': [2012]}
00:39:29 02_merge INFO VERSIONS h26: {'h26': [2022], 'h26_v2': [2012]}
00:39:29 02_merge INFO VERSIONS h27: {'h27': [2022], 'h27_v2': [2012]}
00:39:29 02_merge INFO VERSIONS h28a: {'h28a': [2022], 'h28a_v2': [2012]}
00:39:29 02_merge INFO VERSIONS p02: {'p02': [2002, 2012], 'p02_v2': [2022]}
00:39:29 02_merge INFO VERSIONS p06: {'p06': [2022], 'p06_v2': [2012]}
00:39:29 02_merge INFO VERSIONS p07: {'p07': [2012], 'p07_v2': [2002]}
00:39:29 02_merge INFO VERSIONS p08: {'p08': [2012], 'p08_v2': [2002]}
00:39:29 02_merge INFO VERSIONS p09: {'p09': [2012], 'p09_v2': [2002]}
00:39:29 02_merge INFO VERSIONS p10: {'p10': [2012], 'p10_v2': [2002]}
00:39:29 02_merge INFO VERSIONS p11: {'p11': [2012], 'p11_v2': [2002]}
00:39:29 02_merge INFO VERSIONS p13: {'p13': [2022], 'p13_v2': [2012], 'p13_v3': [2002]}
00:39:29 02_merge INFO VERSIONS p14: {'p14': [2022], 'p14_v2': [2002]}
00:39:29 02_merge INFO VERSIONS p15: {'p15': [2012], 'p15_v2': [2002]}
00:39:29 02_merge INFO VERSIONS p16: {'p16': [2012], 'p16_v2': [2002]}
00:39:29 02_merge INFO VERSIONS p17: {'p17': [2012], 'p17_v2': [2002]}
00:39:29 02_merge INFO VERSIONS p18b: {'p18b': [2022], 'p18b_v2': [2012]}
00:39:29 02_merge INFO VERSIONS p20: {'p20': [2012], 'p20_v2': [2002]}
00:39:29 02_merge INFO VERSIONS p21: {'p21': [2012], 'p21_v2': [2002]}
00:39:29 02_merge INFO VERSIONS p22: {'p22': [2012], 'p22_v2': [2002]}
00:39:29 02_merge INFO VERSIONS p23: {'p23': [2012], 'p23_v2': [2002]}
00:39:29 02_merge INFO VERSIONS p24: {'p24': [2022], 'p24_v2': [2012], 'p24_v3': [2002]}
00:39:29 02_merge INFO VERSIONS p25: {'p25': [2012], 'p25_v2': [2002]}
00:39:29 02_merge INFO VERSIONS p26: {'p26': [2012], 'p26_v2': [2002]}
00:39:29 02_merge INFO VERSIONS p29: {'p29': [2022], 'p29_v2': [2012]}
00:39:29 02_merge INFO VERSIONS p30a: {'p30a': [2022], 'p30a_v2': [2002]}
00:39:29 02_merge INFO VERSIONS p30b: {'p30b': [2022], 'p30b_v2': [2002]}
00:39:29 02_merge INFO VERSIONS p31: {'p31': [2022], 'p31_v2': [2012]}
00:39:29 02_merge INFO VERSIONS p32: {'p32': [2022], 'p32_v2': [2012]}
00:41:08 02_merge INFO pooled person file: 3,165,816 rows x 462 vars; 48 variables with >1 version; 4 value-label text conflicts
00:41:12 02_merge INFO PASS  no numeric column left object-typed after concat
00:41:12 02_merge INFO PASS  pooled rows == sum of yearly rows
00:41:12 02_merge INFO PASS  2002: sum wt preserved in pool
00:41:12 02_merge INFO PASS  2012: sum wt preserved in pool
00:41:12 02_merge INFO PASS  2022: sum wt preserved in pool
00:41:45 02_merge INFO wrote Census_pooled_person.dta  (3,165,816 rows x 462 vars, 2017.1 MB)
00:41:46 02_merge INFO 2002: 797,715 of 814,432 rows in ordinary households
00:41:48 02_merge INFO PASS  2002: household rows unique
00:41:48 02_merge INFO PASS  2002: every household has a head
00:41:48 02_merge INFO 2002: 175,737 households, 59 household-level variables carried
00:41:48 02_merge INFO 2012: 1,038,369 of 1,038,369 rows in ordinary households
00:41:50 02_merge INFO PASS  2012: household rows unique
00:41:50 02_merge INFO PASS  2012: every household has a head
00:41:50 02_merge INFO 2012: 242,461 households, 55 household-level variables carried
00:41:50 02_merge INFO 2022: 1,313,015 of 1,313,015 rows in ordinary households
00:41:58 02_merge INFO PASS  2022: household rows unique
00:41:58 02_merge INFO PASS  2022: every household has a head
00:41:58 02_merge INFO 2022: 331,917 households, 198 household-level variables carried
00:42:19 02_merge INFO wrote Census_pooled_household.dta  (750,115 rows x 292 vars, 323.6 MB)
00:42:21 02_merge INFO wrote Census_2002_household_clean.dta  (175,737 rows x 292 vars, 76.0 MB)
00:42:23 02_merge INFO wrote Census_2012_household_clean.dta  (242,461 rows x 292 vars, 95.5 MB)
00:42:27 02_merge INFO wrote Census_2022_household_clean.dta  (331,917 rows x 292 vars, 130.7 MB)
00:42:27 02_merge INFO all hard checks passed (0 soft warnings)
00:42:27 02_merge INFO 02_merge done
00:42:29 03_checks INFO ==== 03_checks | run 20260905-003807 | python 3.13.5 | pandas 2.2.3 | pyreadstat 1.3.4
00:42:38 03_checks INFO 
# Census checks report

Generated by 03_checks.py.

## A. Python pooled file vs old Stata outputs (3 Jul 2026; 2002 was not processed then)

| section | statistic | Python | reference | result |
|---|---|---:|---:|---|
| A | 2012 rows | 1,038,369 | 1,038,369 | PASS |
| A | 2012 sum wt | 10,383,686 | 10,383,686 | PASS |
| A | 2012 sectors | 416 | 416 | PASS |
| A | 2012 households | 242,461 | 242,461 | PASS |
| A | 2012 male | 498,302 | 498,302 | PASS |
| A | 2012 female | 540,067 | 540,067 | PASS |
| A | 2022 rows | 1,313,015 | 1,313,015 | PASS |
| A | 2022 sum wt | 13,245,753 | 13,245,753 | PASS |
| A | 2022 sectors | 416 | 416 | PASS |
| A | 2022 households | 331,917 | 331,917 | PASS |
| A | 2022 male | 631,543 | 631,543 | PASS |
| A | 2022 female | 681,472 | 681,472 | PASS |

## B. Stata 17 recomputation from the written .dta files

| section | statistic | Python | Stata | result |
|---|---|---:|---:|---|
| B | 2002 rows | 814,432 | 814,432 | PASS |
| B | 2002 sum wt | 8,144,311 | 8,144,311 | PASS |
| B | 2002 male | 388,346 | 388,346 | PASS |
| B | 2002 female | 426,086 | 426,086 | PASS |
| B | 2002 sectors | 416 | 416 | PASS |
| B | 2012 rows | 1,038,369 | 1,038,369 | PASS |
| B | 2012 sum wt | 10,383,686 | 10,383,686 | PASS |
| B | 2012 male | 498,302 | 498,302 | PASS |
| B | 2012 female | 540,067 | 540,067 | PASS |
| B | 2012 sectors | 416 | 416 | PASS |
| B | 2022 rows | 1,313,015 | 1,313,015 | PASS |
| B | 2022 sum wt | 13,245,753 | 13,245,753 | PASS |
| B | 2022 male | 631,543 | 631,543 | PASS |
| B | 2022 female | 681,472 | 681,472 | PASS |
| B | 2022 sectors | 416 | 416 | PASS |
| B | 2002 households | 175,737 | 175,737 | PASS |
| B | 2002 sum hhsize | 797,715 | 797,715 | PASS |
| B | 2002 sum household weight | 1,757,368 | 1,757,368 | PASS |
| B | 2012 households | 242,461 | 242,461 | PASS |
| B | 2012 sum hhsize | 1,038,369 | 1,038,369 | PASS |
| B | 2012 sum household weight | 2,424,609 | 2,424,609 | PASS |
| B | 2022 households | 331,917 | 331,917 | PASS |
| B | 2022 sum hhsize | 1,313,015 | 1,313,015 | PASS |
| B | 2022 sum household weight | 3,312,795 | 3,312,795 | PASS |

## C. Against NISR published figures

| section | statistic | Python | published | result |
|---|---|---:|---:|---|
| C | 2002 weighted population (published total 8,128,553; 10% sample) | 8,144,311 | 8,128,553 | PASS |
| C | 2012 male (statement table 1) | 498,302 | 498,302 | PASS |
| C | 2012 female (statement table 1) | 540,067 | 540,067 | PASS |
| C | 2012 households (statement table 2) | 242,461 | 242,461 | PASS |
| C | 2012 weighted population (published 10,515,973) | 10,383,686 | 10,515,973 | PASS |
| C | 2022 male (statement table 1) | 631,543 | 631,543 | PASS |
| C | 2022 female (statement table 1) | 681,472 | 681,472 | PASS |
| C | 2022 weighted population (statement table 1) | 13,245,753 | 13,245,753 | PASS |
| C | 2022 weighted pop. City of Kigali (statement table 2) | 1,745,519 | 1,745,519 | PASS |
| C | 2022 weighted pop. Eastern (statement table 2) | 3,562,690 | 3,562,690 | PASS |
| C | 2022 households, unweighted (statement table 3 says 331,606; file holds 331,917) | 331,917 | 331,606 | PASS |
| C | 2022 households, weighted (statement table 3 says 3,309,692) | 3,312,795 | 3,309,692 | PASS |
| C | 2012 households in province 1 (statement table 2) | 28,665 | 28,665 | PASS |
| C | 2012 households in province 2 (statement table 2) | 60,364 | 60,364 | PASS |
| C | 2012 households in province 3 (statement table 2) | 54,345 | 54,345 | PASS |
| C | 2012 households in province 4 (statement table 2) | 39,165 | 39,165 | PASS |
| C | 2012 households in province 5 (statement table 2) | 59,922 | 59,922 | PASS |
| C | 2012 weighted population vs published private-household population 10,378,021 | 10,383,686 | 10,378,021 | PASS |
| C | 2002 urban share of the weighted population (published 16.9%) | 16.8% | 16.9% | PASS |
| C | 2012 urban share of the weighted population (published 16.5%) | 16.2% | 16.5% | PASS |
| C | 2022 urban share of the weighted population (published 27.9%) | 27.9% | 27.9% | PASS |

## D. Household file sanity

| section | statistic | Python | reference | result |
|---|---|---:|---:|---|
| D | 2002 sum hhsize == ordinary-household person rows | 797,715 | 797,715 | PASS |
| D | 2002 households == distinct hhid | 175,737 | 175,737 | PASS |
| D | 2012 sum hhsize == ordinary-household person rows | 1,038,369 | 1,038,369 | PASS |
| D | 2012 households == distinct hhid | 242,461 | 242,461 | PASS |
| D | 2022 sum hhsize == ordinary-household person rows | 1,313,015 | 1,313,015 | PASS |
| D | 2022 households == distinct hhid | 331,917 | 331,917 | PASS |

**All checks passed.**
00:42:38 03_checks INFO 03_checks done
00:42:39 04_codebook INFO ==== 04_codebook | run 20260905-003807 | python 3.13.5 | pandas 2.2.3 | pyreadstat 1.3.4
00:45:30 04_codebook INFO wrote CODEBOOK.md, codebook_person.csv, codebook_household.csv
00:45:30 04_codebook INFO README.txt updated (/Users/matteo/Library/CloudStorage/Dropbox/1-Ongoing Projects/Rwanda - TRS/data/Publicly-Available-NISR/Census-PHC/README.txt)
