21:00:16 01_clean INFO ==== 01_clean | run 20260904-210016 | python 3.13.5 | pandas 2.2.3 | pyreadstat 1.3.4
21:00:16 01_clean INFO ---------------- 2002 ----------------
21:00:22 01_clean INFO read Census_2002.sav: 814,432 rows x 112 vars
21:00:23 01_clean INFO PASS  2002: every variable has an English label ([])
21:00:23 01_clean INFO 2002 sector name MAGERAGERE     matched to MAGEREGERE     (1105)
21:00:23 01_clean INFO 2002 sector name KIBIRIZI       matched to KIBILIZI       (2104)
21:00:23 01_clean INFO 2002 sector name KIBILIZI       matched to KIBIRIZI       (2204)
21:00:23 01_clean INFO 2002 sector name KABAGARI       matched to KABAGALI       (2603)
21:00:23 01_clean INFO 2002 sector name RUGALIKA       matched to RUGARIKA       (2810)
21:00:23 01_clean INFO 2002 sector name GISHARI        matched to GASHARI        (3102)
21:00:23 01_clean INFO 2002 sector name NYAKILIBA      matched to NYAKIRIBA      (3308)
21:00:23 01_clean INFO 2002 sector name RUSARABUGE     matched to RUSARABUYE     (4416)
21:00:23 01_clean INFO 2002 sector name GISHARI        matched to GISHALI        (5103)
21:00:23 01_clean INFO 2002 sector name NYAKARIRO      matched to NYAKALIRO      (5112)
21:00:23 01_clean INFO 2002 sector name MIMULI         matched to MIMURI         (5207)
21:00:23 01_clean INFO 2002 sector name MUSHELI        matched to MUSHERI        (5209)
21:00:23 01_clean INFO 2002 sector name NYAMUGALI      matched to NYAMUGARI      (5511)
21:00:23 01_clean INFO 2002 sectors whose code changed after name matching: [(40301, 4301, 4304, 'Gashaki'), (40302, 4302, 4301, 'Busogo'), (40303, 4303, 4302, 'Cyuve'), (40304, 4304, 4303, 'Gacaca')]
21:00:23 01_clean INFO PASS  2002: 416 distinct sectors after name matching
21:00:23 01_clean INFO PASS  2002: corrected sector code nests in district
21:00:24 01_clean INFO rows without a household id: 16,717
21:00:30 01_clean INFO PASS  row count unchanged (814,432)
21:00:30 01_clean INFO PASS  wt present and > 0 on every row
21:00:30 01_clean INFO PASS  5 provinces / 30 districts / 416 sectors
21:00:30 01_clean INFO PASS  sector codes == NISR current 416-sector list
21:00:30 01_clean INFO PASS  sector nests in district nests in province
21:00:30 01_clean INFO PASS  sex in {1,2}
21:00:30 01_clean INFO PASS  age in [0,130] (max 110)
21:00:34 01_clean INFO PASS  exactly one head per (ordinary) household: 100.0000% of 175,737
21:00:35 01_clean INFO PASS  (hhid, pid) unique
21:00:35 01_clean INFO PASS  wt_hh constant within household
21:00:35 01_clean INFO PASS  prov/dist/sector constant within household
21:00:35 01_clean ERROR FAIL  urban constant within household (89 households differ; NISR data as shipped, head's value used in the household file)
21:00:35 01_clean ERROR FAIL  collective flag agrees with P03 == 4 (97.9474%)
21:00:35 01_clean INFO PASS  weighted population 8,144,311 within 2% of published 8,128,553 (+0.19%)
21:00:35 01_clean INFO households: 175,737 | urban share (weighted): 0.168
