20:58:32 01_clean INFO ==== 01_clean | run 20260904-205831 | python 3.13.5 | pandas 2.2.3 | pyreadstat 1.3.4
20:58:32 01_clean INFO ---------------- 2002 ----------------
20:58:38 01_clean INFO read Census_2002.sav: 814,432 rows x 112 vars
20:58:38 01_clean INFO PASS  2002: every variable has an English label ([])
20:58:38 01_clean INFO 2002 sector name MAGERAGERE     matched to MAGEREGERE     (1105)
20:58:38 01_clean INFO 2002 sector name KIBIRIZI       matched to KIBILIZI       (2104)
20:58:38 01_clean INFO 2002 sector name KIBILIZI       matched to KIBIRIZI       (2204)
20:58:38 01_clean INFO 2002 sector name KABAGARI       matched to KABAGALI       (2603)
20:58:38 01_clean INFO 2002 sector name RUGALIKA       matched to RUGARIKA       (2810)
20:58:38 01_clean INFO 2002 sector name GISHARI        matched to GASHARI        (3102)
20:58:38 01_clean INFO 2002 sector name NYAKILIBA      matched to NYAKIRIBA      (3308)
20:58:38 01_clean INFO 2002 sector name RUSARABUGE     matched to RUSARABUYE     (4416)
20:58:38 01_clean INFO 2002 sector name GISHARI        matched to GISHALI        (5103)
20:58:38 01_clean INFO 2002 sector name NYAKARIRO      matched to NYAKALIRO      (5112)
20:58:38 01_clean INFO 2002 sector name MIMULI         matched to MIMURI         (5207)
20:58:38 01_clean INFO 2002 sector name MUSHELI        matched to MUSHERI        (5209)
20:58:38 01_clean INFO 2002 sector name NYAMUGALI      matched to NYAMUGARI      (5511)
20:58:38 01_clean INFO 2002 sectors whose code changed after name matching: [(40301, 4301, 4304, 'Gashaki'), (40302, 4302, 4301, 'Busogo'), (40303, 4303, 4302, 'Cyuve'), (40304, 4304, 4303, 'Gacaca')]
20:58:38 01_clean INFO PASS  2002: 416 distinct sectors after name matching
20:58:38 01_clean INFO PASS  2002: corrected sector code nests in district
20:58:39 01_clean INFO rows without a household id: 16,717
20:58:45 01_clean INFO PASS  row count unchanged (814,432)
20:58:45 01_clean INFO PASS  wt present and > 0 on every row
20:58:45 01_clean INFO PASS  5 provinces / 30 districts / 416 sectors
20:58:45 01_clean INFO PASS  sector codes == NISR current 416-sector list
20:58:45 01_clean INFO PASS  sector nests in district nests in province
20:58:45 01_clean INFO PASS  sex in {1,2}
20:58:45 01_clean INFO PASS  age in [0,130] (max 5)
20:58:50 01_clean INFO PASS  exactly one head per (ordinary) household: 100.0000% of 175,737
20:58:50 01_clean INFO PASS  (hhid, pid) unique
20:58:50 01_clean INFO PASS  wt_hh constant within household
20:58:50 01_clean ERROR FAIL  geography constant within household
