16:21:57 02_merge INFO ==== 02_merge | run 20260905-162155 | python 3.13.5 | pandas 2.2.3 | pyreadstat 1.3.4
16:21:57 02_merge INFO ---------------- AHS_pooled_person.dta (['2017', '2020', '2024'])
16:21:58 02_merge INFO   loaded 2017       AHS_2017_person_clean.dta                                  73,665 rows x   33
16:21:58 02_merge INFO   loaded 2020       AHS_2020_person_clean.dta                                  48,726 rows x   31
16:21:58 02_merge INFO   loaded 2024       AHS_2024_person_clean.dta                                  16,292 rows x  148
16:21:59 02_merge INFO   VERSIONS s1q10: {'s1q10': ['2024'], 's1q10_v2': ['2017']} | 2024 vs 2017: variable label differs ('Will be resident in the household during' vs '1.10 Average number of Hours/day that th')
16:21:59 02_merge INFO   VERSIONS s1q11: {'s1q11': ['2024'], 's1q11_v2': ['2017']} | 2024 vs 2017: variable label differs ('primary n reason for absence during enum' vs '1.11 Number of days that the household m')
16:21:59 02_merge INFO   VERSIONS s1q12: {'s1q12': ['2024'], 's1q12_v2': ['2017']} | 2024 vs 2017: variable label differs ('Father still alive' vs '1.12 Number of days that the household m')
16:21:59 02_merge INFO   VERSIONS s1q13: {'s1q13': ['2024'], 's1q13_v2': ['2017']} | 2024 vs 2017: variable label differs ('Mother still alive' vs '1.13 Number of days that the household m')
16:21:59 02_merge INFO   VERSIONS s1q14: {'s1q14': ['2024'], 's1q14_v2': ['2017']} | 2024 vs 2017: variable label differs ('Household membership' vs '1.14 Number of days that the household m')
16:21:59 02_merge INFO   VERSIONS s1q2: {'s1q2': ['2024'], 's1q2_v2': ['2017']} | 2017: FORCE_SPLIT
16:21:59 02_merge INFO   VERSIONS s1q4: {'s1q4': ['2024'], 's1q4_v2': ['2020']} | 2024 vs 2020: variable label differs ('Marital status' vs "1.4 What is the household member's relat")
16:21:59 02_merge INFO   VERSIONS s1q6: {'s1q6': ['2024'], 's1q6_v2': ['2017']} | 2024 vs 2017: variable label differs ('Nationality' vs '1.6 Did this child schooled?')
16:21:59 02_merge INFO   VERSIONS s1q7: {'s1q7': ['2024'], 's1q7_v2': ['2020'], 's1q7_v3': ['2017']} | 2020: FORCE_SPLIT / 2024 vs 2017: variable label differs ('how many months has been away from this ' vs '1.7 What is the highest level of educati')
16:21:59 02_merge INFO   VERSIONS s1q8: {'s1q8': ['2024'], 's1q8_v2': ['2020'], 's1q8_v3': ['2017']} | 2020: FORCE_SPLIT / 2024 vs 2017: variable label differs ('primary  reason of absence from househol' vs '1.8 What is the main economic activity o')
16:21:59 02_merge INFO   VERSIONS s1q9: {'s1q9': ['2024'], 's1q9_v2': ['2020'], 's1q9_v3': ['2017']} | 2020 vs 2017: variable label differs ('1.9 [member name] engaged in agric. acti' vs '1.9 Where the farming activity is locate') / 2024 vs 2017: variable label differs ('Resident of another household in the las' vs '1.9 Where the farming activity is locate')
16:22:01 02_merge INFO PASS  AHS_pooled_person.dta: pooled rows == sum of wave rows
16:22:01 02_merge INFO PASS  AHS_pooled_person.dta: 2017 sum wt preserved
16:22:01 02_merge INFO PASS  AHS_pooled_person.dta: 2020 sum wt preserved
16:22:01 02_merge INFO PASS  AHS_pooled_person.dta: 2024 sum wt preserved
16:22:01 02_merge INFO wrote AHS_pooled_person.dta  (138,683 rows x 187 vars, 42.5 MB)
16:22:02 02_merge INFO ---------------- AHS_pooled_household.dta (['2017', '2020', '2024'])
16:22:02 02_merge INFO   loaded 2017       AHS_2017_household_clean.dta                               16,057 rows x  254
16:22:02 02_merge INFO   loaded 2020       AHS_2020_household_clean.dta                               10,666 rows x  208
16:22:02 02_merge INFO   loaded 2024       AHS_2024_household_clean.dta                                3,724 rows x   23
16:22:02 02_merge INFO   VERSIONS s0q10: {'s0q10': ['2020'], 's0q10_v2': ['2017']} | 2020 vs 2017: variable label differs ('0.10 Which Ubudehe category does the hou' vs '0.10 Names of the respondent if not the ')
16:22:02 02_merge INFO   VERSIONS s0q11: {'s0q11': ['2020'], 's0q11_v2': ['2017']} | 2020: FORCE_SPLIT
16:22:02 02_merge INFO   VERSIONS s0q12: {'s0q12': ['2020'], 's0q12_v2': ['2017']} | 2020: FORCE_SPLIT
16:22:02 02_merge INFO   VERSIONS s0q13: {'s0q13': ['2024'], 's0q13_v2': ['2017']} | 2024: FORCE_SPLIT
16:22:02 02_merge INFO   VERSIONS s0q14: {'s0q14': ['2024'], 's0q14_v2': ['2017']} | 2024 vs 2017: variable label differs ('0.14 The main livelihood activity of you' vs '0.14 Is any member of the Household belo')
16:22:02 02_merge INFO   VERSIONS s0q15: {'s0q15': ['2024'], 's0q15_v2': ['2020'], 's0q15_v3': ['2017']} | 2020: FORCE_SPLIT / 2024: FORCE_SPLIT
16:22:02 02_merge INFO   VERSIONS s0q16: {'s0q16': ['2024'], 's0q16_v2': ['2017']} | 2024 vs 2017: variable label differs ('0.16 No agricultural activities' vs '0.16 Total Number of Household members')
16:22:02 02_merge INFO   VERSIONS s0q17: {'s0q17': ['2020'], 's0q17_v2': ['2017']} | 2020 vs 2017: variable label differs ('0.17 Is agriculture the main livelihood ' vs '0.17 Date of interview')
16:22:02 02_merge INFO   VERSIONS s0q18: {'s0q18': ['2020'], 's0q18_v2': ['2017']} | 2020 vs 2017: variable label differs ('0.18 What is the other non-agricultural ' vs '0.18 Enumerator code')
16:22:02 02_merge INFO   VERSIONS s0q7: {'s0q7': ['2020'], 's0q7_v2': ['2017']} | 2020: FORCE_SPLIT
16:22:02 02_merge INFO   VERSIONS s0q9: {'s0q9': ['2020'], 's0q9_v2': ['2017']} | 2020: FORCE_SPLIT
16:22:02 02_merge INFO   VERSIONS s2q14: {'s2q14': ['2020'], 's2q14_v2': ['2017']} | 2020 vs 2017: variable label differs ('2.14 Did any member of your HH grow crop' vs '2.14 Did any member of your household re')
16:22:02 02_merge INFO   VERSIONS s2q15_1: {'s2q15_1': ['2020'], 's2q15_1_v2': ['2017']} | 2020 vs 2017: variable label differs ('2.15.1 Which crops that have been grown?' vs '2.15.1 What are major 3 crops did your h')
16:22:02 02_merge INFO   VERSIONS s2q15_2: {'s2q15_2': ['2020'], 's2q15_2_v2': ['2017']} | 2020 vs 2017: variable label differs ('2.15.2 Which crops that have been grown?' vs '2.15. 2 What are major 3 crops did your ')
16:22:02 02_merge INFO   VERSIONS s2q15_3: {'s2q15_3': ['2020'], 's2q15_3_v2': ['2017']} | 2020 vs 2017: variable label differs ('2.15.3 Which crops that have been grown?' vs '2.15.3 What are major 3 crops did your h')
16:22:03 02_merge INFO   VERSIONS s4q11: {'s4q11': ['2020'], 's4q11_v2': ['2017']} | 2020 vs 2017: variable label differs ('4.11 Among loans requested were there so' vs '4.11 If the agricultural loan 3 was requ')
16:22:03 02_merge INFO   VERSIONS s4q12: {'s4q12': ['2020'], 's4q12_v2': ['2017']} | 2020 vs 2017: variable label differs ('4.12 If the loan was rejected what was t' vs '4.12 Have you received any fund for gran')
16:22:03 02_merge INFO   VERSIONS s4q13: {'s4q13': ['2020'], 's4q13_v2': ['2017']} | 2020 vs 2017: variable label differs ('What was the main use of the rejected lo' vs '4.13 What is the origin of that grant?')
16:22:03 02_merge INFO   VERSIONS s4q4: {'s4q4': ['2020'], 's4q4_v2': ['2017']} | 2020 vs 2017: variable label differs ('Is there any household member belonging ' vs '4.4 Was the requested loan 1 approved?')
16:22:03 02_merge INFO   VERSIONS s4q5: {'s4q5': ['2020'], 's4q5_v2': ['2017']} | 2020 vs 2017: variable label differs ('4.5 Did any household member have saving' vs '4.5 If the agricultural loan 1 was reque')
16:22:03 02_merge INFO   VERSIONS s4q8: {'s4q8': ['2020'], 's4q8_v2': ['2017']} | 2020 vs 2017: variable label differs ('4.8 Did any member of your household req' vs '4.8 If the agricultural loan 2 was reque')
16:22:03 02_merge INFO   7 variables with codes observed outside their own value labels (stale labels)
16:22:04 02_merge INFO PASS  AHS_pooled_household.dta: pooled rows == sum of wave rows
16:22:04 02_merge INFO PASS  AHS_pooled_household.dta: 2017 sum wt preserved
16:22:04 02_merge INFO PASS  AHS_pooled_household.dta: 2020 sum wt preserved
16:22:04 02_merge INFO PASS  AHS_pooled_household.dta: 2024 sum wt preserved
16:22:04 02_merge INFO wrote AHS_pooled_household.dta  (30,447 rows x 459 vars, 32.4 MB)
16:22:04 02_merge INFO ---------------- AHS_pooled_animal_inputs.dta (['2017', '2020'])
16:22:04 02_merge INFO   loaded 2017       AHS_2017_s11_animal_inputs_and_services_clean.dta          26,500 rows x   26
16:22:05 02_merge INFO   loaded 2020       AHS_2020_section_9_clean.dta                               23,250 rows x   35
16:22:05 02_merge INFO PASS  AHS_pooled_animal_inputs.dta: pooled rows == sum of wave rows
16:22:05 02_merge INFO PASS  AHS_pooled_animal_inputs.dta: 2017 sum wt preserved
16:22:05 02_merge INFO PASS  AHS_pooled_animal_inputs.dta: 2020 sum wt preserved
16:22:05 02_merge INFO wrote AHS_pooled_animal_inputs.dta  (49,750 rows x 52 vars, 9.0 MB)
16:22:05 02_merge INFO ---------------- AHS_pooled_credits.dta (['2017', '2020', '2024'])
16:22:05 02_merge INFO   loaded 2017       AHS_2017_s4_funding_during_2016_clean.dta                  16,057 rows x   25
16:22:05 02_merge INFO   loaded 2020       AHS_2020_section_4_clean.dta                               10,666 rows x   64
16:22:05 02_merge INFO   loaded 2024       AHS_2024_credits_clean.dta                                  5,224 rows x   20
16:22:05 02_merge INFO   VERSIONS s4q11: {'s4q11': ['2020'], 's4q11_v2': ['2017']} | 2020 vs 2017: variable label differs ('4.11 Among loans requested were there so' vs '4.11 If the agricultural loan 3 was requ')
16:22:05 02_merge INFO   VERSIONS s4q12: {'s4q12': ['2020'], 's4q12_v2': ['2017']} | 2020 vs 2017: variable label differs ('4.12 If the loan was rejected what was t' vs '4.12 Have you received any fund for gran')
16:22:05 02_merge INFO   VERSIONS s4q13: {'s4q13': ['2020'], 's4q13_v2': ['2017']} | 2020 vs 2017: variable label differs ('What was the main use of the rejected lo' vs '4.13 What is the origin of that grant?')
16:22:05 02_merge INFO   VERSIONS s4q4: {'s4q4': ['2020'], 's4q4_v2': ['2017']} | 2020 vs 2017: variable label differs ('Is there any household member belonging ' vs '4.4 Was the requested loan 1 approved?')
16:22:05 02_merge INFO   VERSIONS s4q5: {'s4q5': ['2020'], 's4q5_v2': ['2017']} | 2020 vs 2017: variable label differs ('4.5 Did any household member have saving' vs '4.5 If the agricultural loan 1 was reque')
16:22:05 02_merge INFO   VERSIONS s4q8: {'s4q8': ['2020'], 's4q8_v2': ['2017']} | 2020 vs 2017: variable label differs ('4.8 Did any member of your household req' vs '4.8 If the agricultural loan 2 was reque')
16:22:06 02_merge INFO PASS  AHS_pooled_credits.dta: pooled rows == sum of wave rows
16:22:06 02_merge INFO PASS  AHS_pooled_credits.dta: 2017 sum wt preserved
16:22:06 02_merge INFO PASS  AHS_pooled_credits.dta: 2020 sum wt preserved
16:22:06 02_merge INFO PASS  AHS_pooled_credits.dta: 2024 sum wt preserved
16:22:06 02_merge INFO wrote AHS_pooled_credits.dta  (31,947 rows x 89 vars, 4.9 MB)
16:22:06 02_merge INFO ---------------- AHS_pooled_eggs.dta (['2020', '2024'])
16:22:06 02_merge INFO   loaded 2020       AHS_2020_section_7_2_clean.dta                             39,776 rows x   36
16:22:06 02_merge INFO   loaded 2024       AHS_2024_section11_2_egg_production_clean.dta              19,077 rows x   22
16:22:06 02_merge INFO   1 variables with codes observed outside their own value labels (stale labels)
16:22:07 02_merge INFO PASS  AHS_pooled_eggs.dta: pooled rows == sum of wave rows
16:22:07 02_merge INFO PASS  AHS_pooled_eggs.dta: 2020 sum wt preserved
16:22:07 02_merge INFO PASS  AHS_pooled_eggs.dta: 2024 sum wt preserved
16:22:07 02_merge INFO   AHS_pooled_eggs.dta: 2779 exact duplicate rows dropped (duplicates drop, all variables): {'2024': 2779}
16:22:07 02_merge INFO wrote AHS_pooled_eggs.dta  (56,074 rows x 49 vars, 6.5 MB)
16:22:07 02_merge INFO ---------------- AHS_pooled_extension.dta (['2017', '2020', '2024'])
16:22:07 02_merge INFO   loaded 2017       AHS_2017_s3_extension_services_and_agricultural_programmes_clean.dta    64,228 rows x   30
16:22:07 02_merge INFO   loaded 2020       AHS_2020_section_3_1_clean.dta                             25,329 rows x   28
16:22:07 02_merge INFO   loaded 2024       AHS_2024_section6_extension_services_and_agricultural_programmes_clean.dta     9,286 rows x   35
16:22:07 02_merge INFO   VERSIONS s3q2: {'s3q2': ['2020'], 's3q2_v2': ['2017']} | 2020 vs 2017: variable label differs ('3.2. Extension code and name' vs '3.2 What type of extension service provi')
16:22:08 02_merge INFO PASS  AHS_pooled_extension.dta: pooled rows == sum of wave rows
16:22:08 02_merge INFO PASS  AHS_pooled_extension.dta: 2017 sum wt preserved
16:22:08 02_merge INFO PASS  AHS_pooled_extension.dta: 2020 sum wt preserved
16:22:08 02_merge INFO PASS  AHS_pooled_extension.dta: 2024 sum wt preserved
16:22:08 02_merge INFO   AHS_pooled_extension.dta: 38142 exact duplicate rows dropped (duplicates drop, all variables): {'2017': 38142}
16:22:08 02_merge INFO wrote AHS_pooled_extension.dta  (60,701 rows x 74 vars, 8.1 MB)
16:22:08 02_merge INFO ---------------- AHS_pooled_fruits.dta (['2020', '2024'])
16:22:08 02_merge INFO   loaded 2020       AHS_2020_section_2_3_clean.dta                             20,046 rows x   27
16:22:09 02_merge INFO   loaded 2024       AHS_2024_section5_fruits_production_clean.dta               9,193 rows x   21
16:22:09 02_merge INFO PASS  AHS_pooled_fruits.dta: pooled rows == sum of wave rows
16:22:09 02_merge INFO PASS  AHS_pooled_fruits.dta: 2020 sum wt preserved
16:22:09 02_merge INFO PASS  AHS_pooled_fruits.dta: 2024 sum wt preserved
16:22:09 02_merge INFO wrote AHS_pooled_fruits.dta  (29,239 rows x 39 vars, 2.4 MB)
16:22:09 02_merge INFO ---------------- AHS_pooled_honey.dta (['2017', '2020', '2024'])
16:22:09 02_merge INFO   loaded 2017       AHS_2017_s10_3_honey_production_clean.dta                  16,067 rows x   19
16:22:09 02_merge INFO   loaded 2020       AHS_2020_section_7_3_clean.dta                             13,011 rows x   38
16:22:09 02_merge INFO   loaded 2024       AHS_2024_section11_3_honey_production_clean.dta             9,387 rows x   21
16:22:09 02_merge INFO   1 variables with codes observed outside their own value labels (stale labels)
16:22:09 02_merge INFO PASS  AHS_pooled_honey.dta: pooled rows == sum of wave rows
16:22:09 02_merge INFO PASS  AHS_pooled_honey.dta: 2017 sum wt preserved
16:22:09 02_merge INFO PASS  AHS_pooled_honey.dta: 2020 sum wt preserved
16:22:09 02_merge INFO PASS  AHS_pooled_honey.dta: 2024 sum wt preserved
16:22:09 02_merge INFO   AHS_pooled_honey.dta: 3510 exact duplicate rows dropped (duplicates drop, all variables): {'2024': 3510}
16:22:09 02_merge INFO wrote AHS_pooled_honey.dta  (34,955 rows x 59 vars, 6.4 MB)
16:22:09 02_merge INFO ---------------- AHS_pooled_inputs.dta (['2017', '2020'])
16:22:10 02_merge INFO   loaded 2017       AHS_2017_s5_agricultural_inputs_clean.dta                  16,057 rows x  168
16:22:10 02_merge INFO   loaded 2020       AHS_2020_section_2_2_clean.dta                             10,666 rows x   87
16:22:10 02_merge INFO   4 variables with codes observed outside their own value labels (stale labels)
16:22:11 02_merge INFO PASS  AHS_pooled_inputs.dta: pooled rows == sum of wave rows
16:22:11 02_merge INFO PASS  AHS_pooled_inputs.dta: 2017 sum wt preserved
16:22:11 02_merge INFO PASS  AHS_pooled_inputs.dta: 2020 sum wt preserved
16:22:11 02_merge INFO wrote AHS_pooled_inputs.dta  (26,723 rows x 246 vars, 19.3 MB)
16:22:11 02_merge INFO ---------------- AHS_pooled_land.dta (['2017', '2020', '2024'])
16:22:11 02_merge INFO   loaded 2017       AHS_2017_s2_land_tenure_and_crops_planted_clean.dta        16,057 rows x   36
16:22:11 02_merge INFO   loaded 2020       AHS_2020_section_2_1_clean.dta                             32,888 rows x   49
16:22:11 02_merge INFO   loaded 2024       AHS_2024_section2_land_tenure_clean.dta                    23,266 rows x   25
16:22:11 02_merge INFO   VERSIONS s2q1: {'s2q1': ['2024'], 's2q1_v2': ['2020'], 's2q1_v3': ['2017']} | 2020: FORCE_SPLIT / 2024 vs 2017: variable label differs ('2.1 Plot No.' vs '2.1 Did any member of your household own')
16:22:11 02_merge INFO   VERSIONS s2q10: {'s2q10': ['2020'], 's2q10_v2': ['2017']} | 2020 vs 2017: variable label differs ('2.10 Did you cultivate this plot during ' vs '2.10 Did any member of your household ow')
16:22:11 02_merge INFO   VERSIONS s2q12: {'s2q12': ['2020'], 's2q12_v2': ['2017']} | 2020 vs 2017: variable label differs ('2.12 If no tractor or oxen was used for ' vs '2.12 Did any member of your household re')
16:22:11 02_merge INFO   VERSIONS s2q13: {'s2q13': ['2020'], 's2q13_v2': ['2017']} | 2020 vs 2017: variable label differs ('2.13 Was this plot in land consolidated ' vs '2.13 Did any member of your household re')
16:22:11 02_merge INFO   VERSIONS s2q2: {'s2q2': ['2024'], 's2q2_v2': ['2020'], 's2q2_v3': ['2017']} | 2020: FORCE_SPLIT / 2024: FORCE_SPLIT
16:22:11 02_merge INFO   VERSIONS s2q3: {'s2q3': ['2024'], 's2q3_v2': ['2020'], 's2q3_v3': ['2017']} | 2020: FORCE_SPLIT / 2024 vs 2017: variable label differs ('2.3 Owners/users of this plot' vs '2.3 Did any member of your household own')
16:22:11 02_merge INFO   VERSIONS s2q4: {'s2q4': ['2024'], 's2q4_v2': ['2020'], 's2q4_v3': ['2017']} | 2020 vs 2017: variable label differs ('2.4 How many agricultural plots on which' vs '2.4 Did any     member of your household') / 2024 vs 2017: variable label differs ('2.4 How did the owners/users get access ' vs '2.4 Did any     member of your household')
16:22:11 02_merge INFO   VERSIONS s2q5: {'s2q5': ['2024'], 's2q5_v2': ['2020'], 's2q5_v3': ['2017']} | 2020 vs 2017: variable label differs ('2.5 Plot No.' vs '2.5 Did any member of your household ren') / 2024 vs 2017: variable label differs ('2.5 How much did you pay in cash for ren' vs '2.5 Did any member of your household ren')
16:22:11 02_merge INFO   VERSIONS s2q6: {'s2q6': ['2024'], 's2q6_v2': ['2020'], 's2q6_v3': ['2017']} | 2020 vs 2017: variable label differs ('2.6 Plot area (sqm)' vs '2.6 Did any member of your household ren') / 2024 vs 2017: variable label differs ('2.6 What is the value of the products yo' vs '2.6 Did any member of your household ren')
16:22:11 02_merge INFO   VERSIONS s2q7_1: {'s2q7_1': ['2020'], 's2q7_1_v2': ['2017']} | 2020 vs 2017: variable label differs ('2.7.1 HH members (in numbers) with right' vs '2.7.1 What are major 3 crops did your ho')
16:22:11 02_merge INFO   VERSIONS s2q7_2: {'s2q7_2': ['2020'], 's2q7_2_v2': ['2017']} | 2020 vs 2017: variable label differs ('2.7.2 HH members (in numbers) with right' vs '2.7.2 What are major 3 crops did your ho')
16:22:11 02_merge INFO   VERSIONS s2q7_3: {'s2q7_3': ['2020'], 's2q7_3_v2': ['2017']} | 2020 vs 2017: variable label differs ('2.7.3 HH members (in numbers) with right' vs '2.7.3 What are major 3 crops did your ho')
16:22:11 02_merge INFO   VERSIONS s2q8: {'s2q8': ['2024'], 's2q8_v2': ['2020']} | 2024 vs 2020: variable label differs ('2.8 Household members with the right to ' vs '2.8 How did the owner get access to agri')
16:22:11 02_merge INFO   VERSIONS s2q9: {'s2q9': ['2024'], 's2q9_v2': ['2017']} | 2024 vs 2017: variable label differs ('2.9 Household members with the right to ' vs '2.9 Did any member of your household own')
16:22:11 02_merge INFO   2 variables with codes observed outside their own value labels (stale labels)
16:22:12 02_merge INFO PASS  AHS_pooled_land.dta: pooled rows == sum of wave rows
16:22:12 02_merge INFO PASS  AHS_pooled_land.dta: 2017 sum wt preserved
16:22:12 02_merge INFO PASS  AHS_pooled_land.dta: 2020 sum wt preserved
16:22:12 02_merge INFO PASS  AHS_pooled_land.dta: 2024 sum wt preserved
16:22:12 02_merge INFO wrote AHS_pooled_land.dta  (72,211 rows x 91 vars, 13.5 MB)
16:22:12 02_merge INFO ---------------- AHS_pooled_livestock.dta (['2017', '2020', '2024'])
16:22:12 02_merge INFO   loaded 2017       AHS_2017_s9_number_of_animals_clean.dta                    32,611 rows x   44
16:22:13 02_merge INFO   loaded 2020       AHS_2020_section_5_clean.dta                               23,250 rows x   36
16:22:13 02_merge INFO   loaded 2024       AHS_2024_section9_10_12_livestock_and_animal_inputs_expenditures_clean.dta     9,947 rows x   59
16:22:14 02_merge INFO PASS  AHS_pooled_livestock.dta: pooled rows == sum of wave rows
16:22:14 02_merge INFO PASS  AHS_pooled_livestock.dta: 2017 sum wt preserved
16:22:14 02_merge INFO PASS  AHS_pooled_livestock.dta: 2020 sum wt preserved
16:22:14 02_merge INFO PASS  AHS_pooled_livestock.dta: 2024 sum wt preserved
16:22:14 02_merge INFO wrote AHS_pooled_livestock.dta  (65,808 rows x 119 vars, 19.5 MB)
16:22:14 02_merge INFO ---------------- AHS_pooled_milk.dta (['2017', '2020', '2024'])
16:22:14 02_merge INFO   loaded 2017       AHS_2017_s10_1_cattle_milk_production_clean.dta             3,237 rows x   22
16:22:14 02_merge INFO   loaded 2020       AHS_2020_section_7_1_clean.dta                             44,148 rows x   30
16:22:14 02_merge INFO   loaded 2024       AHS_2024_section11_1_cattle_milk_production_and_use_clean.dta    12,209 rows x   45
16:22:15 02_merge INFO PASS  AHS_pooled_milk.dta: pooled rows == sum of wave rows
16:22:15 02_merge INFO PASS  AHS_pooled_milk.dta: 2017 sum wt preserved
16:22:15 02_merge INFO PASS  AHS_pooled_milk.dta: 2020 sum wt preserved
16:22:15 02_merge INFO PASS  AHS_pooled_milk.dta: 2024 sum wt preserved
16:22:15 02_merge INFO   AHS_pooled_milk.dta: 3002 exact duplicate rows dropped (duplicates drop, all variables): {'2024': 3002}
16:22:15 02_merge INFO wrote AHS_pooled_milk.dta  (56,592 rows x 78 vars, 16.7 MB)
16:22:15 02_merge INFO ---------------- AHS_pooled_tools.dta (['2017', '2024'])
16:22:16 02_merge INFO   loaded 2017       AHS_2017_s7_1_agricultural_small_tools_clean.dta          362,203 rows x   19
16:22:16 02_merge INFO   loaded 2024       AHS_2024_section7_agricultural_tools_clean.dta              9,981 rows x   25
16:22:16 02_merge INFO   VERSIONS s7q1: {'s7q1': ['2024'], 's7q1_v2': ['2017']} | 2024 vs 2017: variable label differs ('tool_name' vs '7.1 small tools name')
16:22:16 02_merge INFO   VERSIONS s7q2: {'s7q2': ['2024'], 's7q2_v2': ['2017']} | 2024: FORCE_SPLIT
16:22:16 02_merge INFO   VERSIONS s7q3: {'s7q3': ['2024'], 's7q3_v2': ['2017']} | 2024 vs 2017: variable label differs ('7.3 Number of tools purchased and used d' vs '7.3 The number of this tool owned by the')
16:22:16 02_merge INFO   VERSIONS s7q4: {'s7q4': ['2024'], 's7q4_v2': ['2017']} | 2024 vs 2017: variable label differs ('7.4 What was the average unit price for ' vs '7.4 Number of tools puchased by your hou')
16:22:17 02_merge INFO   VERSIONS s7q5: {'s7q5': ['2024'], 's7q5_v2': ['2017']} | 2024 vs 2017: variable label differs ('7.5 What is the number of the tool that ' vs '7.5 Unit price for the purchased tool')
16:22:17 02_merge INFO   VERSIONS s7q6: {'s7q6': ['2024'], 's7q6_v2': ['2017']} | 2024 vs 2017: variable label differs ('7.6 Amount paid for rented small tools' vs '7.6 Number of this tool rented by your h')
16:22:17 02_merge INFO   VERSIONS s7q7: {'s7q7': ['2024'], 's7q7_v2': ['2017']} | 2024 vs 2017: variable label differs ('tool_name' vs '7.7 Amount paid for rented small tools')
16:22:18 02_merge INFO PASS  AHS_pooled_tools.dta: pooled rows == sum of wave rows
16:22:18 02_merge INFO PASS  AHS_pooled_tools.dta: 2017 sum wt preserved
16:22:18 02_merge INFO PASS  AHS_pooled_tools.dta: 2024 sum wt preserved
16:22:18 02_merge INFO   AHS_pooled_tools.dta: 15 exact duplicate rows dropped (duplicates drop, all variables): {'2017': 15}
16:22:19 02_merge INFO wrote AHS_pooled_tools.dta  (372,169 rows x 34 vars, 60.3 MB)
16:22:21 02_merge INFO all hard checks passed (0 soft warnings)
16:22:21 02_merge INFO 02_merge done
16:22:22 03_checks INFO ==== 03_checks | run 20260905-162155 | python 3.13.5 | pandas 2.2.3 | pyreadstat 1.3.4
16:22:30 03_checks INFO 
# AHS checks report

Generated by 03_checks.py.

## A. Pooled person file vs per-wave cleaned files

| section | statistic | Python | reference | result |
|---|---|---:|---:|---|
| A | exact duplicate rows dropped before saving the pooled files (Matteo's rule; all files; informational) | 47,448 |  | n/a |
| A | 2017 person rows | 73,665 | 73,665 | PASS |
| A | 2017 sum wt | 9,682,214 | 9,682,214 | PASS |
| A | 2017 households | 16,057 | 16,057 | PASS |
| A | 2017 districts | 30 | 30 | PASS |
| A | 2020 person rows | 48,726 | 48,726 | PASS |
| A | 2020 sum wt | 10,486,251 | 10,486,251 | PASS |
| A | 2020 households | 10,666 | 10,666 | PASS |
| A | 2020 districts | 30 | 30 | PASS |
| A | 2024 person rows | 16,292 | 16,292 | PASS |
| A | 2024 sum wt | 9,561,842 | 9,561,842 | PASS |
| A | 2024 households | 3,724 | 3,724 | PASS |
| A | 2024 districts | 30 | 30 | PASS |

## B. Stata 17 recomputation from the written .dta files

| section | statistic | Python | Stata | result |
|---|---|---:|---:|---|
| B | 2017 person rows | 73,665 | 73,665 | PASS |
| B | 2017 sum wt | 9,682,214 | 9,682,214 | PASS |
| B | 2017 male | 34,951 | 34,951 | PASS |
| B | 2017 female | 38,714 | 38,714 | PASS |
| B | 2020 person rows | 48,726 | 48,726 | PASS |
| B | 2020 sum wt | 10,486,251 | 10,486,251 | PASS |
| B | 2020 male | 23,139 | 23,139 | PASS |
| B | 2020 female | 25,587 | 25,587 | PASS |
| B | 2024 person rows | 16,292 | 16,292 | PASS |
| B | 2024 sum wt | 9,561,842 | 9,561,842 | PASS |
| B | 2024 male | 7,794 | 7,794 | PASS |
| B | 2024 female | 8,498 | 8,498 | PASS |
| B | 2017 households | 16,057 | 16,057 | PASS |
| B | 2017 sum hhsize | 73,665 | 73,665 | PASS |
| B | 2017 sum household weight | 2,164,610 | 2,164,610 | PASS |
| B | 2020 households | 10,666 | 10,666 | PASS |
| B | 2020 sum hhsize | 48,726 | 48,726 | PASS |
| B | 2020 sum household weight | 2,321,662 | 2,321,662 | PASS |
| B | 2024 households | 3,724 | 3,724 | PASS |
| B | 2024 sum hhsize | 16,292 | 16,292 | PASS |
| B | 2024 sum household weight | 2,163,580 | 2,163,580 | PASS |

## C. Household / person consistency

| section | statistic | Python | reference | result |
|---|---|---:|---:|---|
| C | 2017 households vs report table 2 (16,057) | 16,057 | 16,057 | PASS |
| C | 2017 sum hhsize == person rows | 73,665 | 73,665 | PASS |
| C | 2017 households == distinct hhid in person file | 16,057 | 16,057 | PASS |
| C | 2017 household rows unique | 16,057 | 16,057 | PASS |
| C | 2017 households with a head_sex | 16,057 | 16,057 | PASS |
| C | 2017 weight constant within household (person file) | 0 | 0 | PASS |
| C | 2020 sum hhsize == person rows | 48,726 | 48,726 | PASS |
| C | 2020 households == distinct hhid in person file | 10,666 | 10,666 | PASS |
| C | 2020 household rows unique | 10,666 | 10,666 | PASS |
| C | 2020 households with a head_sex | 10,666 | 10,666 | PASS |
| C | 2020 weight constant within household (person file) | 0 | 0 | PASS |
| C | 2024 sum hhsize == person rows | 16,292 | 16,292 | PASS |
| C | 2024 households == distinct hhid in person file | 3,724 | 3,724 | PASS |
| C | 2024 household rows unique | 3,724 | 3,724 | PASS |
| C | 2024 households with a head_sex | 3,724 | 3,724 | PASS |
| C | 2024 weight constant within household (person file) | 0 | 0 | PASS |
| C | 2017 weighted agricultural households (million x 100) vs published 2.1 (published to one decimal: +/- 0.1 million) | 216 | 210 | PASS |
| C | 2017 weighted persons (million x 100) vs published 9.7 (+/- 0.1 million) | 968 | 970 | PASS |
| C | 2017 weighted average household size x 10 vs published 4.5 | 45 | 45 | PASS |
| C | 2017 weighted female-headed share (%) vs published 27.8 | 28 | 28 | PASS |
| C | 2020 weighted agricultural households (million x 100) vs published 2.3 (published to one decimal: +/- 0.1 million) | 232 | 230 | PASS |
| C | 2020 weighted persons (million x 100) vs published 10.5 (+/- 0.1 million) | 1,049 | 1,050 | PASS |
| C | 2020 weighted average household size x 10 vs published 4.5 | 45 | 45 | PASS |
| C | 2020 weighted female-headed share (%) vs published 28.2 | 28 | 28 | PASS |
| C | 2024 weighted agricultural households (million x 100) vs published 2.2 (published to one decimal: +/- 0.1 million) | 216 | 220 | PASS |
| C | 2024 weighted average household size x 10 vs published 4.4 | 44 | 44 | PASS |

## D. Appended modules: weights, large-scale-farmer supplement, duplicate rows

| section | statistic | Python | reference | result |
|---|---|---:|---:|---|
| D | animal_inputs: rows == sum of wave rows | 49,750 | 49,750 | PASS |
| D | credits: rows == sum of wave rows | 31,947 | 31,947 | PASS |
| D | eggs: rows == sum of wave rows - 2,779 exact duplicates dropped | 56,074 | 56,074 | PASS |
| D | extension: rows == sum of wave rows - 38,142 exact duplicates dropped | 60,701 | 60,701 | PASS |
| D | fruits: rows == sum of wave rows | 29,239 | 29,239 | PASS |
| D | honey: rows == sum of wave rows - 3,510 exact duplicates dropped | 34,955 | 34,955 | PASS |
| D | inputs: rows == sum of wave rows | 26,723 | 26,723 | PASS |
| D | land: rows == sum of wave rows | 72,211 | 72,211 | PASS |
| D | livestock: rows == sum of wave rows | 65,808 | 65,808 | PASS |
| D | milk: rows == sum of wave rows - 3,002 exact duplicates dropped | 56,592 | 56,592 | PASS |
| D | tools: rows == sum of wave rows - 15 exact duplicates dropped | 372,169 | 372,169 | PASS |
| D | household-sample rows (sample = CS) with a missing weight, all appended modules (must be 0) | 0 | 0 | PASS |
| D | 2020 large-scale farms outside the household sample (sample = LSF) -- documented list of 2,345 | 2,345 | 2,345 | PASS |
| D | 2024 large-scale farms outside the household sample (sample = LSF; not documented, informational) | 1,939 |  | n/a |
| D | 2017 rows outside the household sample (must be 0: no supplement in 2017) | 0 | 0 | PASS |
| D | 2017 s3_extension_services_and_agricultural_programmes: exact-duplicate rows as shipped in the per-wave file (informational; dropped from the pooled file) | 38,142 |  | n/a |
| D | 2017 s7_1_agricultural_small_tools: exact-duplicate rows as shipped in the per-wave file (informational; dropped from the pooled file) | 15 |  | n/a |
| D | 2017 s7_2_agricultural_durable_tools: exact-duplicate rows as shipped in the per-wave file (informational; dropped from the pooled file) | 53 |  | n/a |
| D | 2017 s8_a_production_use_storage_and_expenses: exact-duplicate rows as shipped in the per-wave file (informational; dropped from the pooled file) | 3 |  | n/a |
| D | 2017 s8_b_production_use_storage_and_expenses: exact-duplicate rows as shipped in the per-wave file (informational; dropped from the pooled file) | 5 |  | n/a |
| D | 2024 section11_1_cattle_milk_production_and_use: exact-duplicate rows as shipped in the per-wave file (informational; dropped from the pooled file) | 3,035 |  | n/a |
| D | 2024 section11_2_egg_production: exact-duplicate rows as shipped in the per-wave file (informational; dropped from the pooled file) | 2,806 |  | n/a |
| D | 2024 section11_3_honey_production: exact-duplicate rows as shipped in the per-wave file (informational; dropped from the pooled file) | 3,547 |  | n/a |

## E. Cross-wave coding compatibility within pooled columns (all pooled files)

| section | statistic | Python | reference | result |
|---|---|---:|---:|---|
| E | pooled columns holding waves with incompatible value-label texts for the same code (must be 0) | 0 | 0 | PASS |
| E | variables split into versions (all pooled files; informational) | 60 |  | n/a |
| E | of which because of value labels or unlabelled ranges (informational) | 0 |  | n/a |
| E | variables with codes observed outside their own wave's value labels -- stale labels (informational) | 15 |  | n/a |
| E | forced splits x 1000 + forced alignments (informational) | 13,000 |  | n/a |

**All checks passed.**
16:22:30 03_checks INFO 03_checks done
16:22:32 04_codebook INFO ==== 04_codebook | run 20260905-162155 | python 3.13.5 | pandas 2.2.3 | pyreadstat 1.3.4
16:22:45 04_codebook INFO wrote /Users/matteo/Library/CloudStorage/Dropbox/1-Ongoing Projects/Rwanda - TRS/data/Publicly-Available-NISR/Agriculture-Survey-AHS/CODEBOOK_AHS.xlsx (2 final-dataset sheets, 11 module files in one sheet, 10406 value-label rows)
16:22:45 04_codebook INFO README.txt updated (/Users/matteo/Library/CloudStorage/Dropbox/1-Ongoing Projects/Rwanda - TRS/data/Publicly-Available-NISR/Agriculture-Survey-AHS/README.txt)
