21:26:19 01_clean INFO ==== 01_clean | run 20260904-212618 | python 3.13.5 | pandas 2.2.3 | pyreadstat 1.3.4
21:26:19 01_clean INFO ================ 2017 ================
21:26:19 01_clean INFO read AHS_2017_s0_general_information.dta                -> s0_general_information                          23,709 rows x   25 vars
21:26:19 01_clean INFO read AHS_2017_s10_1_cattle_milk_production.dta          -> s10_1_cattle_milk_production                     3,237 rows x   16 vars
21:26:20 01_clean INFO read AHS_2017_s10_2_cattle_milk_production_use.dta      -> s10_2_cattle_milk_production_use                 3,989 rows x   15 vars
21:26:20 01_clean INFO read AHS_2017_s10_3_honey_production.dta                -> s10_3_honey_production                          16,067 rows x   12 vars
21:26:20 01_clean INFO read AHS_2017_s11_animal_inputs_and_services.dta        -> s11_animal_inputs_and_services                  26,500 rows x   20 vars
21:26:20 01_clean INFO read AHS_2017_s1_household_members_characteristics.dta  -> s1_household_members_characteristics            73,665 rows x   27 vars
21:26:20 01_clean INFO read AHS_2017_s2_land_tenure_and_crops_planted.dta      -> s2_land_tenure_and_crops_planted                16,057 rows x   30 vars
21:26:20 01_clean INFO read AHS_2017_s3_extension_services_and_agricultural_programmes.dta -> s3_extension_services_and_agricultural_programmes   64,228 rows x   24 vars
21:26:21 01_clean INFO read AHS_2017_s4_funding_during_2016.dta                -> s4_funding_during_2016                          16,057 rows x   19 vars
21:26:21 01_clean INFO read AHS_2017_s5_agricultural_inputs.dta                -> s5_agricultural_inputs                          16,057 rows x  162 vars
21:26:21 01_clean INFO read AHS_2017_s6_agricultural_practices.dta             -> s6_agricultural_practices                       16,057 rows x   40 vars
21:26:22 01_clean INFO read AHS_2017_s7_1_agricultural_small_tools.dta         -> s7_1_agricultural_small_tools                  362,203 rows x   13 vars
21:26:23 01_clean INFO read AHS_2017_s7_2_agricultural_durable_tools.dta       -> s7_2_agricultural_durable_tools                207,049 rows x   13 vars
21:26:23 01_clean INFO read AHS_2017_s8_a_production_use_storage_and_expenses.dta -> s8_a_production_use_storage_and_expenses        35,844 rows x   31 vars
21:26:23 01_clean INFO read AHS_2017_s8_b_production_use_storage_and_expenses.dta -> s8_b_production_use_storage_and_expenses        34,167 rows x   31 vars
21:26:23 01_clean INFO read AHS_2017_s9_number_of_animals.dta                  -> s9_number_of_animals                            32,611 rows x   38 vars
21:26:23 01_clean WARNING WARN  2017: household base s0_general_information had 289 duplicate hhid rows; first row kept
21:26:23 01_clean INFO PASS  2017: hhid unique in household base (23,420 households)
21:26:23 01_clean INFO PASS  2017: prov complete in household key table
21:26:23 01_clean INFO PASS  2017: dist complete in household key table
21:26:23 01_clean INFO PASS  2017: cluster complete in household key table
21:26:23 01_clean INFO PASS  2017: wt complete in household key table
21:26:23 01_clean INFO PASS  2017: province codes 1-5
21:26:23 01_clean INFO PASS  2017: 30 districts on the 11-57 scheme
21:26:23 01_clean INFO PASS  2017: household weight > 0
21:26:24 01_clean INFO wrote AHS_2017_s0_general_information_clean.dta  (23,709 rows x 30 vars, 1.6 MB)
21:26:24 01_clean INFO wrote AHS_2017_s10_1_cattle_milk_production_clean.dta  (3,237 rows x 22 vars, 0.2 MB)
21:26:24 01_clean INFO wrote AHS_2017_s10_2_cattle_milk_production_use_clean.dta  (3,989 rows x 22 vars, 0.4 MB)
21:26:24 01_clean INFO wrote AHS_2017_s10_3_honey_production_clean.dta  (16,067 rows x 19 vars, 1.3 MB)
21:26:24 01_clean INFO wrote AHS_2017_s11_animal_inputs_and_services_clean.dta  (26,500 rows x 26 vars, 2.6 MB)
21:26:25 01_clean INFO wrote AHS_2017_s1_household_members_characteristics_clean.dta  (73,665 rows x 33 vars, 5.0 MB)
21:26:25 01_clean INFO wrote AHS_2017_s2_land_tenure_and_crops_planted_clean.dta  (16,057 rows x 36 vars, 1.3 MB)
21:26:25 01_clean INFO wrote AHS_2017_s3_extension_services_and_agricultural_programmes_clean.dta  (64,228 rows x 30 vars, 4.1 MB)
21:26:25 01_clean INFO wrote AHS_2017_s4_funding_during_2016_clean.dta  (16,057 rows x 25 vars, 1.0 MB)
21:26:25 01_clean INFO wrote AHS_2017_s5_agricultural_inputs_clean.dta  (16,057 rows x 168 vars, 10.3 MB)
21:26:26 01_clean INFO wrote AHS_2017_s6_agricultural_practices_clean.dta  (16,057 rows x 46 vars, 2.8 MB)
21:26:27 01_clean INFO wrote AHS_2017_s7_1_agricultural_small_tools_clean.dta  (362,203 rows x 19 vars, 22.1 MB)
21:26:28 01_clean INFO wrote AHS_2017_s7_2_agricultural_durable_tools_clean.dta  (207,049 rows x 19 vars, 12.6 MB)
21:26:28 01_clean INFO wrote AHS_2017_s8_a_production_use_storage_and_expenses_clean.dta  (35,844 rows x 37 vars, 7.0 MB)
21:26:29 01_clean INFO wrote AHS_2017_s8_b_production_use_storage_and_expenses_clean.dta  (34,167 rows x 37 vars, 6.6 MB)
21:26:29 01_clean INFO wrote AHS_2017_s9_number_of_animals_clean.dta  (32,611 rows x 44 vars, 3.2 MB)
21:26:29 01_clean INFO module levels: {'s0_general_information': 'multi', 's10_1_cattle_milk_production': 'multi', 's10_2_cattle_milk_production_use': 'multi', 's10_3_honey_production': 'multi', 's11_animal_inputs_and_services': 'multi', 's1_household_members_characteristics': 'person', 's2_land_tenure_and_crops_planted': 'household', 's3_extension_services_and_agricultural_programmes': 'multi', 's4_funding_during_2016': 'household', 's5_agricultural_inputs': 'household', 's6_agricultural_practices': 'household', 's7_1_agricultural_small_tools': 'multi', 's7_2_agricultural_durable_tools': 'multi', 's8_a_production_use_storage_and_expenses': 'multi', 's8_b_production_use_storage_and_expenses': 'multi', 's9_number_of_animals': 'multi'}
21:26:29 01_clean INFO PASS  2017: (hhid, pid) unique in the person file
21:26:29 01_clean INFO PASS  2017: wt present and > 0 on every person row
21:26:29 01_clean INFO PASS  2017: sex in {1,2}
21:26:29 01_clean INFO 2017 person file: 73,665 rows x 33 vars; weighted persons = 9,682,214
21:26:29 01_clean INFO wrote AHS_2017_person_clean.dta  (73,665 rows x 33 vars, 5.0 MB)
21:26:29 01_clean INFO    joined s2_land_tenure_and_crops_planted               68.56% of base rows matched, 24 columns added, identical copies dropped: ['s0q3', 's0q4']
21:26:29 01_clean INFO    joined s4_funding_during_2016                         68.56% of base rows matched, 13 columns added, identical copies dropped: ['s0q3', 's0q4']
21:26:30 01_clean INFO    joined s5_agricultural_inputs                         68.56% of base rows matched, 156 columns added, identical copies dropped: ['s0q3', 's0q4']
21:26:30 01_clean INFO    joined s6_agricultural_practices                      68.56% of base rows matched, 28 columns added, identical copies dropped: ['s2q7_1', 's2q7_2', 's2q7_3', 's2q15_1', 's2q15_2', 's2q15_3', 's0q3', 's0q4']
21:26:30 01_clean INFO PASS  2017: one head (s1q3 == 1) per household: 100.0000%
21:26:30 01_clean INFO PASS  2017: hhid unique in the household file (23,420 households)
21:26:30 01_clean INFO PASS  2017: sum of hhsize == person rows
21:26:30 01_clean INFO 2017 household file: 23,420 rows x 254 vars; weighted households = 2,664,203
21:26:31 01_clean INFO wrote AHS_2017_household_clean.dta  (23,420 rows x 254 vars, 19.6 MB)
21:26:31 01_clean INFO all hard checks passed (1 soft warnings)
21:26:31 01_clean INFO ================ 2020 ================
21:26:31 01_clean INFO read AHS_2020_section_0.dta                             -> section_0                                       10,666 rows x   16 vars
21:26:31 01_clean INFO read AHS_2020_section_1.dta                             -> section_1                                       48,726 rows x   26 vars
21:26:31 01_clean INFO read AHS_2020_section_2_1.dta                           -> section_2_1                                     32,888 rows x   44 vars
21:26:31 01_clean INFO read AHS_2020_section_2_2.dta                           -> section_2_2                                     10,666 rows x   82 vars
21:26:31 01_clean INFO read AHS_2020_section_2_3.dta                           -> section_2_3                                     20,046 rows x   22 vars
21:26:32 01_clean INFO read AHS_2020_section_3_1.dta                           -> section_3_1                                     25,329 rows x   23 vars
21:26:32 01_clean INFO read AHS_2020_section_3_2.dta                           -> section_3_2                                     10,666 rows x   49 vars
21:26:32 01_clean INFO read AHS_2020_section_4.dta                             -> section_4                                       10,666 rows x   59 vars
21:26:32 01_clean INFO read AHS_2020_section_5.dta                             -> section_5                                       23,250 rows x   31 vars
21:26:32 01_clean INFO read AHS_2020_section_6.dta                             -> section_6                                       23,250 rows x   41 vars
21:26:33 01_clean INFO read AHS_2020_section_7_1.dta                           -> section_7_1                                     44,148 rows x   25 vars
21:26:33 01_clean INFO read AHS_2020_section_7_2.dta                           -> section_7_2                                     39,776 rows x   31 vars
21:26:33 01_clean INFO read AHS_2020_section_7_3.dta                           -> section_7_3                                     13,011 rows x   33 vars
21:26:33 01_clean INFO read AHS_2020_section_8.dta                             -> section_8                                       23,250 rows x   31 vars
21:26:34 01_clean INFO read AHS_2020_section_9.dta                             -> section_9                                       23,250 rows x   30 vars
21:26:34 01_clean INFO household weight taken from module section_1 (10666 households)
21:26:34 01_clean INFO    joined section_1_wt                                  100.00% of base rows matched, 1 columns added
21:26:34 01_clean INFO PASS  2020: hhid unique in household base (10,666 households)
21:26:34 01_clean INFO PASS  2020: prov complete in household key table
21:26:34 01_clean INFO PASS  2020: dist complete in household key table
21:26:34 01_clean INFO PASS  2020: wt complete in household key table
21:26:34 01_clean INFO PASS  2020: province codes 1-5
21:26:34 01_clean INFO PASS  2020: 30 districts on the 11-57 scheme
21:26:34 01_clean INFO PASS  2020: household weight > 0
21:26:34 01_clean INFO wrote AHS_2020_section_0_clean.dta  (10,666 rows x 22 vars, 0.5 MB)
21:26:34 01_clean INFO wrote AHS_2020_section_1_clean.dta  (48,726 rows x 31 vars, 2.8 MB)
21:26:34 01_clean INFO wrote AHS_2020_section_2_1_clean.dta  (32,888 rows x 49 vars, 2.7 MB)
21:26:34 01_clean INFO wrote AHS_2020_section_2_2_clean.dta  (10,666 rows x 87 vars, 1.3 MB)
21:26:34 01_clean INFO wrote AHS_2020_section_2_3_clean.dta  (20,046 rows x 27 vars, 1.2 MB)
21:26:35 01_clean INFO wrote AHS_2020_section_3_1_clean.dta  (25,329 rows x 28 vars, 1.4 MB)
21:26:35 01_clean INFO wrote AHS_2020_section_3_2_clean.dta  (10,666 rows x 54 vars, 0.9 MB)
21:26:35 01_clean INFO wrote AHS_2020_section_4_clean.dta  (10,666 rows x 64 vars, 1.0 MB)
21:26:35 01_clean INFO wrote AHS_2020_section_5_clean.dta  (23,250 rows x 36 vars, 2.3 MB)
21:26:35 01_clean INFO wrote AHS_2020_section_6_clean.dta  (23,250 rows x 46 vars, 3.0 MB)
21:26:36 01_clean INFO wrote AHS_2020_section_7_1_clean.dta  (44,148 rows x 30 vars, 3.7 MB)
21:26:36 01_clean INFO wrote AHS_2020_section_7_2_clean.dta  (39,776 rows x 36 vars, 3.1 MB)
21:26:36 01_clean INFO wrote AHS_2020_section_7_3_clean.dta  (13,011 rows x 38 vars, 1.0 MB)
21:26:36 01_clean INFO wrote AHS_2020_section_8_clean.dta  (23,250 rows x 36 vars, 2.8 MB)
21:26:37 01_clean INFO wrote AHS_2020_section_9_clean.dta  (23,250 rows x 35 vars, 2.7 MB)
21:26:37 01_clean INFO module levels: {'section_0': 'household', 'section_1': 'person', 'section_2_1': 'multi', 'section_2_2': 'household', 'section_2_3': 'multi', 'section_3_1': 'multi', 'section_3_2': 'household', 'section_4': 'household', 'section_5': 'multi', 'section_6': 'multi', 'section_7_1': 'multi', 'section_7_2': 'multi', 'section_7_3': 'household', 'section_8': 'multi', 'section_9': 'multi'}
21:26:37 01_clean INFO PASS  2020: (hhid, pid) unique in the person file
21:26:37 01_clean INFO PASS  2020: wt present and > 0 on every person row
21:26:37 01_clean INFO PASS  2020: sex in {1,2}
21:26:37 01_clean INFO 2020 person file: 48,726 rows x 31 vars; weighted persons = 10,486,251
21:26:37 01_clean INFO wrote AHS_2020_person_clean.dta  (48,726 rows x 31 vars, 2.8 MB)
21:26:37 01_clean INFO    joined section_2_2                                   100.00% of base rows matched, 72 columns added, identical copies dropped: ['s0q7', 's0q9', 's0q10', 's0q12', 's0q16_1', 's0q18'], differing copies kept as _section_2_2: ['s0q15', 's0q16_2', 's0q16_3', 's0q16_4', 's0q17']
21:26:37 01_clean INFO    joined section_3_2                                   100.00% of base rows matched, 39 columns added, identical copies dropped: ['s0q7', 's0q9', 's0q10', 's0q12', 's0q16_1', 's0q18'], differing copies kept as _section_3_2: ['s0q15', 's0q16_2', 's0q16_3', 's0q16_4', 's0q17']
21:26:37 01_clean INFO    joined section_4                                     100.00% of base rows matched, 49 columns added, identical copies dropped: ['s0q7', 's0q9', 's0q10', 's0q12', 's0q16_1', 's0q18'], differing copies kept as _section_4: ['s0q15', 's0q16_2', 's0q16_3', 's0q16_4', 's0q17']
21:26:37 01_clean INFO    joined section_7_3                                   100.00% of base rows matched, 23 columns added, identical copies dropped: ['s0q7', 's0q9', 's0q10', 's0q12', 's0q16_1', 's0q18'], differing copies kept as _section_7_3: ['s0q15', 's0q16_2', 's0q16_3', 's0q16_4', 's0q17']
21:26:37 01_clean INFO PASS  2020: one head (s1q4 == 1) per household: 100.0000%
21:26:37 01_clean INFO PASS  2020: hhid unique in the household file (10,666 households)
21:26:37 01_clean INFO PASS  2020: sum of hhsize == person rows
21:26:37 01_clean INFO 2020 household file: 10,666 rows x 208 vars; weighted households = 2,321,662
21:26:37 01_clean INFO wrote AHS_2020_household_clean.dta  (10,666 rows x 208 vars, 2.7 MB)
21:26:37 01_clean INFO all hard checks passed (0 soft warnings)
21:26:37 01_clean INFO ================ 2024 ================
21:26:37 01_clean INFO read AHS_2024_credits.dta                               -> credits                                          5,224 rows x   12 vars
21:26:38 01_clean INFO read AHS_2024_saving.dta                                -> saving                                          10,342 rows x   14 vars
21:26:38 01_clean INFO read AHS_2024_section0.dta                              -> section0                                         3,724 rows x    9 vars
21:26:38 01_clean INFO read AHS_2024_section11_1_cattle_milk_production_and_use.dta -> section11_1_cattle_milk_production_and_use      12,209 rows x   40 vars
21:26:38 01_clean INFO read AHS_2024_section11_2_egg_production.dta            -> section11_2_egg_production                      19,077 rows x   17 vars
21:26:38 01_clean INFO read AHS_2024_section11_3_honey_production.dta          -> section11_3_honey_production                     9,387 rows x   16 vars
21:26:38 01_clean INFO read AHS_2024_section1_household_members_characteristics.dta -> section1_household_members_characteristics      16,292 rows x  142 vars
21:26:38 01_clean INFO read AHS_2024_section2_land_tenure.dta                  -> section2_land_tenure                            23,266 rows x   20 vars
21:26:41 01_clean INFO read AHS_2024_section3_4_crop_grown_seeds_and_production_agricultural_inputs_and_practices.dta -> section3_4_crop_grown_seeds_and_production_agricultural_inputs_and_practices   32,616 rows x  331 vars
21:26:41 01_clean INFO read AHS_2024_section5_fruits_production.dta            -> section5_fruits_production                       9,193 rows x   16 vars
21:26:41 01_clean INFO read AHS_2024_section6_extension_services_and_agricultural_programmes.dta -> section6_extension_services_and_agricultural_programmes    9,286 rows x   30 vars
21:26:41 01_clean INFO read AHS_2024_section7_agricultural_tools.dta           -> section7_agricultural_tools                      9,981 rows x   20 vars
21:26:41 01_clean INFO read AHS_2024_section8_sustainable_agriculture.dta      -> section8_sustainable_agriculture                 3,724 rows x   11 vars
21:26:41 01_clean INFO read AHS_2024_section9_10_12_livestock_and_animal_inputs_expenditures.dta -> section9_10_12_livestock_and_animal_inputs_expenditures    9,947 rows x   54 vars
21:26:41 01_clean INFO    joined section8_sustainable_agriculture              100.00% of base rows matched, 6 columns added, identical copies dropped: ['cluster', 'prov', 'dist', 'wt']
21:26:41 01_clean INFO PASS  2024: hhid unique in household base (3,724 households)
21:26:41 01_clean INFO PASS  2024: prov complete in household key table
21:26:41 01_clean INFO PASS  2024: dist complete in household key table
21:26:41 01_clean INFO PASS  2024: cluster complete in household key table
21:26:41 01_clean INFO PASS  2024: wt complete in household key table
21:26:41 01_clean INFO PASS  2024: province codes 1-5
21:26:41 01_clean INFO PASS  2024: 30 districts on the 11-57 scheme
21:26:41 01_clean INFO PASS  2024: household weight > 0
21:26:41 01_clean INFO wrote AHS_2024_credits_clean.dta  (5,224 rows x 20 vars, 0.4 MB)
21:26:41 01_clean INFO wrote AHS_2024_saving_clean.dta  (10,342 rows x 20 vars, 0.5 MB)
21:26:41 01_clean INFO wrote AHS_2024_section0_clean.dta  (3,724 rows x 14 vars, 0.2 MB)
21:26:41 01_clean INFO wrote AHS_2024_section11_1_cattle_milk_production_and_use_clean.dta  (12,209 rows x 45 vars, 2.6 MB)
21:26:41 01_clean INFO wrote AHS_2024_section11_2_egg_production_clean.dta  (19,077 rows x 22 vars, 1.4 MB)
21:26:42 01_clean INFO wrote AHS_2024_section11_3_honey_production_clean.dta  (9,387 rows x 21 vars, 0.9 MB)
21:26:42 01_clean INFO wrote AHS_2024_section1_household_members_characteristics_clean.dta  (16,292 rows x 148 vars, 4.4 MB)
21:26:42 01_clean INFO destring s2q3 (23266 values)
21:26:42 01_clean INFO destring s2q8 (18821 values)
21:26:42 01_clean INFO destring s2q9 (18756 values)
21:26:42 01_clean INFO wrote AHS_2024_section2_land_tenure_clean.dta  (23,266 rows x 25 vars, 2.2 MB)
21:26:42 01_clean INFO destring s4_q2 (20965 values)
21:26:43 01_clean INFO destring s4_q18 (32616 values)
21:26:43 01_clean INFO destring s4_q24 (1683 values)
21:26:43 01_clean INFO destring s4_q25 (1683 values)
21:26:45 01_clean INFO wrote AHS_2024_section3_4_crop_grown_seeds_and_production_agricultural_inputs_and_practices_clean.dta  (32,616 rows x 336 vars, 65.2 MB)
21:26:45 01_clean INFO wrote AHS_2024_section5_fruits_production_clean.dta  (9,193 rows x 21 vars, 0.6 MB)
21:26:45 01_clean INFO destring s6q2 (8079 values)
21:26:45 01_clean INFO destring s6q3 (8079 values)
21:26:45 01_clean INFO destring s6q5_a (709 values)
21:26:45 01_clean INFO destring s6q6_a (661 values)
21:26:45 01_clean INFO destring s6q7_a (322 values)
21:26:45 01_clean INFO destring s6q8_a (312 values)
21:26:45 01_clean INFO destring s6q9_a (334 values)
21:26:45 01_clean INFO destring s6q10_a (1716 values)
21:26:45 01_clean INFO destring s6q11 (1716 values)
21:26:45 01_clean INFO destring s6q12 (1716 values)
21:26:45 01_clean INFO destring s6q15 (686 values)
21:26:45 01_clean INFO destring s6q16 (686 values)
21:26:45 01_clean INFO wrote AHS_2024_section6_extension_services_and_agricultural_programmes_clean.dta  (9,286 rows x 35 vars, 0.8 MB)
21:26:46 01_clean INFO wrote AHS_2024_section7_agricultural_tools_clean.dta  (9,981 rows x 25 vars, 1.4 MB)
21:26:46 01_clean INFO wrote AHS_2024_section8_sustainable_agriculture_clean.dta  (3,724 rows x 16 vars, 0.2 MB)
21:26:46 01_clean INFO wrote AHS_2024_section9_10_12_livestock_and_animal_inputs_expenditures_clean.dta  (9,947 rows x 59 vars, 1.8 MB)
21:26:46 01_clean INFO module levels: {'credits': 'multi', 'saving': 'multi', 'section0': 'household', 'section11_1_cattle_milk_production_and_use': 'multi', 'section11_2_egg_production': 'multi', 'section11_3_honey_production': 'multi', 'section1_household_members_characteristics': 'person', 'section2_land_tenure': 'multi', 'section3_4_crop_grown_seeds_and_production_agricultural_inputs_and_practices': 'multi', 'section5_fruits_production': 'multi', 'section6_extension_services_and_agricultural_programmes': 'multi', 'section7_agricultural_tools': 'multi', 'section8_sustainable_agriculture': 'household', 'section9_10_12_livestock_and_animal_inputs_expenditures': 'multi'}
21:26:46 01_clean INFO PASS  2024: (hhid, pid) unique in the person file
21:26:46 01_clean INFO PASS  2024: wt present and > 0 on every person row
21:26:46 01_clean INFO PASS  2024: sex in {1,2}
21:26:46 01_clean INFO 2024 person file: 16,292 rows x 148 vars; weighted persons = 9,561,842
21:26:46 01_clean INFO wrote AHS_2024_person_clean.dta  (16,292 rows x 148 vars, 4.4 MB)
21:26:46 01_clean INFO PASS  2024: one head (s1q2 == 1) per household: 100.0000%
21:26:46 01_clean INFO PASS  2024: hhid unique in the household file (3,724 households)
21:26:46 01_clean INFO PASS  2024: sum of hhsize == person rows
21:26:46 01_clean INFO 2024 household file: 3,724 rows x 23 vars; weighted households = 2,163,580
21:26:46 01_clean INFO wrote AHS_2024_household_clean.dta  (3,724 rows x 23 vars, 0.3 MB)
21:26:46 01_clean INFO all hard checks passed (0 soft warnings)
21:26:46 01_clean INFO 01_clean done for ['2017', '2020', '2024']
21:26:47 02_merge INFO ==== 02_merge | run 20260904-212618 | python 3.13.5 | pandas 2.2.3 | pyreadstat 1.3.4
21:26:47 02_merge INFO ---------------- AHS_pooled_person.dta (['2017', '2020', '2024'])
21:26:48 02_merge INFO   loaded 2017       AHS_2017_person_clean.dta                                  73,665 rows x   33
21:26:48 02_merge INFO   loaded 2020       AHS_2020_person_clean.dta                                  48,726 rows x   31
21:26:49 02_merge INFO   loaded 2024       AHS_2024_person_clean.dta                                  16,292 rows x  148
21:26:49 02_merge INFO   VERSIONS s1q10: {'s1q10': ['2024'], 's1q10_v2': ['2017']}
21:26:49 02_merge INFO   VERSIONS s1q11: {'s1q11': ['2024'], 's1q11_v2': ['2017']}
21:26:49 02_merge INFO   VERSIONS s1q12: {'s1q12': ['2024'], 's1q12_v2': ['2017']}
21:26:49 02_merge INFO   VERSIONS s1q13: {'s1q13': ['2024'], 's1q13_v2': ['2017']}
21:26:49 02_merge INFO   VERSIONS s1q14: {'s1q14': ['2024'], 's1q14_v2': ['2017']}
21:26:49 02_merge INFO   VERSIONS s1q4: {'s1q4': ['2024'], 's1q4_v2': ['2020']}
21:26:49 02_merge INFO   VERSIONS s1q6: {'s1q6': ['2024'], 's1q6_v2': ['2017']}
21:26:49 02_merge INFO   VERSIONS s1q7: {'s1q7': ['2017', '2020'], 's1q7_v2': ['2024']}
21:26:49 02_merge INFO   VERSIONS s1q8: {'s1q8': ['2017', '2020'], 's1q8_v2': ['2024']}
21:26:49 02_merge INFO   VERSIONS s1q9: {'s1q9': ['2024'], 's1q9_v2': ['2020'], 's1q9_v3': ['2017']}
21:26:49 02_merge WARNING type conflict s1q2: numeric in some waves, free text in others -> kept as text
21:26:52 02_merge INFO PASS  AHS_pooled_person.dta: pooled rows == sum of wave rows
21:26:52 02_merge INFO PASS  AHS_pooled_person.dta: 2017 sum wt preserved
21:26:52 02_merge INFO PASS  AHS_pooled_person.dta: 2020 sum wt preserved
21:26:52 02_merge INFO PASS  AHS_pooled_person.dta: 2024 sum wt preserved
21:26:53 02_merge INFO wrote AHS_pooled_person.dta  (138,683 rows x 184 vars, 42.2 MB)
21:26:53 02_merge INFO ---------------- AHS_pooled_household.dta (['2017', '2020', '2024'])
21:26:55 02_merge INFO   loaded 2017       AHS_2017_household_clean.dta                               23,420 rows x  254
21:26:55 02_merge INFO   loaded 2020       AHS_2020_household_clean.dta                               10,666 rows x  208
21:26:55 02_merge INFO   loaded 2024       AHS_2024_household_clean.dta                                3,724 rows x   23
21:26:55 02_merge INFO   VERSIONS s0q10: {'s0q10': ['2020'], 's0q10_v2': ['2017']}
21:26:55 02_merge INFO   VERSIONS s0q14: {'s0q14': ['2024'], 's0q14_v2': ['2017']}
21:26:55 02_merge INFO   VERSIONS s0q15: {'s0q15': ['2020', '2024'], 's0q15_v2': ['2017']}
21:26:55 02_merge INFO   VERSIONS s0q16: {'s0q16': ['2024'], 's0q16_v2': ['2017']}
21:26:55 02_merge INFO   VERSIONS s0q17: {'s0q17': ['2020'], 's0q17_v2': ['2017']}
21:26:55 02_merge INFO   VERSIONS s0q18: {'s0q18': ['2020'], 's0q18_v2': ['2017']}
21:26:55 02_merge INFO   VERSIONS s2q14: {'s2q14': ['2020'], 's2q14_v2': ['2017']}
21:26:55 02_merge INFO   VERSIONS s2q15_1: {'s2q15_1': ['2020'], 's2q15_1_v2': ['2017']}
21:26:55 02_merge INFO   VERSIONS s2q15_2: {'s2q15_2': ['2020'], 's2q15_2_v2': ['2017']}
21:26:55 02_merge INFO   VERSIONS s2q15_3: {'s2q15_3': ['2020'], 's2q15_3_v2': ['2017']}
21:26:55 02_merge INFO   VERSIONS s4q11: {'s4q11': ['2020'], 's4q11_v2': ['2017']}
21:26:55 02_merge INFO   VERSIONS s4q12: {'s4q12': ['2020'], 's4q12_v2': ['2017']}
21:26:55 02_merge INFO   VERSIONS s4q13: {'s4q13': ['2020'], 's4q13_v2': ['2017']}
21:26:55 02_merge INFO   VERSIONS s4q4: {'s4q4': ['2020'], 's4q4_v2': ['2017']}
21:26:55 02_merge INFO   VERSIONS s4q5: {'s4q5': ['2020'], 's4q5_v2': ['2017']}
21:26:55 02_merge INFO   VERSIONS s4q8: {'s4q8': ['2020'], 's4q8_v2': ['2017']}
21:26:55 02_merge WARNING type conflict s0q7: numeric in some waves, free text in others -> kept as text
21:26:57 02_merge INFO PASS  AHS_pooled_household.dta: pooled rows == sum of wave rows
21:26:57 02_merge INFO PASS  AHS_pooled_household.dta: 2017 sum wt preserved
21:26:57 02_merge INFO PASS  AHS_pooled_household.dta: 2020 sum wt preserved
21:26:57 02_merge INFO PASS  AHS_pooled_household.dta: 2024 sum wt preserved
21:26:58 02_merge INFO wrote AHS_pooled_household.dta  (37,810 rows x 453 vars, 39.9 MB)
21:26:58 02_merge INFO ---------------- AHS_pooled_credits.dta (['2017', '2024'])
21:26:58 02_merge INFO   loaded 2017       AHS_2017_s4_funding_during_2016_clean.dta                  16,057 rows x   25
21:26:58 02_merge INFO   loaded 2024       AHS_2024_credits_clean.dta                                  5,224 rows x   20
21:26:58 02_merge INFO PASS  AHS_pooled_credits.dta: pooled rows == sum of wave rows
21:26:58 02_merge INFO PASS  AHS_pooled_credits.dta: 2017 sum wt preserved
21:26:58 02_merge INFO PASS  AHS_pooled_credits.dta: 2024 sum wt preserved
21:26:59 02_merge INFO wrote AHS_pooled_credits.dta  (21,281 rows x 35 vars, 2.1 MB)
21:26:59 02_merge INFO ---------------- AHS_pooled_extension.dta (['2017', '2024'])
21:26:59 02_merge INFO   loaded 2017       AHS_2017_s3_extension_services_and_agricultural_programmes_clean.dta    64,228 rows x   30
21:26:59 02_merge INFO   loaded 2024       AHS_2024_section6_extension_services_and_agricultural_programmes_clean.dta     9,286 rows x   35
21:27:00 02_merge INFO PASS  AHS_pooled_extension.dta: pooled rows == sum of wave rows
21:27:00 02_merge INFO PASS  AHS_pooled_extension.dta: 2017 sum wt preserved
21:27:00 02_merge INFO PASS  AHS_pooled_extension.dta: 2024 sum wt preserved
21:27:00 02_merge INFO wrote AHS_pooled_extension.dta  (73,514 rows x 55 vars, 8.4 MB)
21:27:00 02_merge INFO ---------------- AHS_pooled_honey.dta (['2017', '2024'])
21:27:00 02_merge INFO   loaded 2017       AHS_2017_s10_3_honey_production_clean.dta                  16,067 rows x   19
21:27:00 02_merge INFO   loaded 2024       AHS_2024_section11_3_honey_production_clean.dta             9,387 rows x   21
21:27:00 02_merge INFO PASS  AHS_pooled_honey.dta: pooled rows == sum of wave rows
21:27:00 02_merge INFO PASS  AHS_pooled_honey.dta: 2017 sum wt preserved
21:27:00 02_merge INFO PASS  AHS_pooled_honey.dta: 2024 sum wt preserved
21:27:00 02_merge INFO wrote AHS_pooled_honey.dta  (25,454 rows x 30 vars, 3.6 MB)
21:27:00 02_merge INFO ---------------- AHS_pooled_land.dta (['2017', '2024'])
21:27:00 02_merge INFO   loaded 2017       AHS_2017_s2_land_tenure_and_crops_planted_clean.dta        16,057 rows x   36
21:27:01 02_merge INFO   loaded 2024       AHS_2024_section2_land_tenure_clean.dta                    23,266 rows x   25
21:27:01 02_merge INFO   VERSIONS s2q1: {'s2q1': ['2024'], 's2q1_v2': ['2017']}
21:27:01 02_merge INFO   VERSIONS s2q2: {'s2q2': ['2024'], 's2q2_v2': ['2017']}
21:27:01 02_merge INFO   VERSIONS s2q3: {'s2q3': ['2024'], 's2q3_v2': ['2017']}
21:27:01 02_merge INFO   VERSIONS s2q4: {'s2q4': ['2024'], 's2q4_v2': ['2017']}
21:27:01 02_merge INFO   VERSIONS s2q5: {'s2q5': ['2024'], 's2q5_v2': ['2017']}
21:27:01 02_merge INFO   VERSIONS s2q6: {'s2q6': ['2024'], 's2q6_v2': ['2017']}
21:27:01 02_merge INFO   VERSIONS s2q9: {'s2q9': ['2024'], 's2q9_v2': ['2017']}
21:27:01 02_merge INFO PASS  AHS_pooled_land.dta: pooled rows == sum of wave rows
21:27:01 02_merge INFO PASS  AHS_pooled_land.dta: 2017 sum wt preserved
21:27:01 02_merge INFO PASS  AHS_pooled_land.dta: 2024 sum wt preserved
21:27:01 02_merge INFO wrote AHS_pooled_land.dta  (39,323 rows x 51 vars, 5.5 MB)
21:27:01 02_merge INFO ---------------- AHS_pooled_livestock.dta (['2017', '2024'])
21:27:02 02_merge INFO   loaded 2017       AHS_2017_s9_number_of_animals_clean.dta                    32,611 rows x   44
21:27:02 02_merge INFO   loaded 2024       AHS_2024_section9_10_12_livestock_and_animal_inputs_expenditures_clean.dta     9,947 rows x   59
21:27:02 02_merge INFO PASS  AHS_pooled_livestock.dta: pooled rows == sum of wave rows
21:27:02 02_merge INFO PASS  AHS_pooled_livestock.dta: 2017 sum wt preserved
21:27:02 02_merge INFO PASS  AHS_pooled_livestock.dta: 2024 sum wt preserved
21:27:03 02_merge INFO wrote AHS_pooled_livestock.dta  (42,558 rows x 93 vars, 10.3 MB)
21:27:03 02_merge INFO ---------------- AHS_pooled_milk.dta (['2017', '2024'])
21:27:03 02_merge INFO   loaded 2017       AHS_2017_s10_1_cattle_milk_production_clean.dta             3,237 rows x   22
21:27:03 02_merge INFO   loaded 2024       AHS_2024_section11_1_cattle_milk_production_and_use_clean.dta    12,209 rows x   45
21:27:03 02_merge INFO PASS  AHS_pooled_milk.dta: pooled rows == sum of wave rows
21:27:03 02_merge INFO PASS  AHS_pooled_milk.dta: 2017 sum wt preserved
21:27:03 02_merge INFO PASS  AHS_pooled_milk.dta: 2024 sum wt preserved
21:27:03 02_merge INFO wrote AHS_pooled_milk.dta  (15,446 rows x 57 vars, 3.8 MB)
21:27:03 02_merge INFO all hard checks passed (0 soft warnings)
21:27:03 02_merge INFO 02_merge done
21:27:07 03_checks INFO ==== 03_checks | run 20260904-212618 | python 3.13.5 | pandas 2.2.3 | pyreadstat 1.3.4
21:27:08 03_checks INFO 
# AHS checks report

Generated by 03_checks.py.

## A. Pooled person file vs per-wave cleaned files

| section | statistic | Python | reference | result |
|---|---|---:|---:|---|
| A | 2017 person rows | 73,665 | 73,665 | PASS |
| A | 2017 sum wt | 9,682,214 | 9,682,214 | PASS |
| A | 2017 households | 16,057 | 16,057 | PASS |
| A | 2017 districts | 30 | 30 | PASS |
| A | 2020 person rows | 48,726 | 48,726 | PASS |
| A | 2020 sum wt | 10,486,251 | 10,486,251 | PASS |
| A | 2020 households | 10,666 | 10,666 | PASS |
| A | 2020 districts | 30 | 30 | PASS |
| A | 2024 person rows | 16,292 | 16,292 | PASS |
| A | 2024 sum wt | 9,561,842 | 9,561,842 | PASS |
| A | 2024 households | 3,724 | 3,724 | PASS |
| A | 2024 districts | 30 | 30 | PASS |

## B. Stata 17 recomputation from the written .dta files

| section | statistic | Python | Stata | result |
|---|---|---:|---:|---|
| B | 2017 person rows | 73,665 | 73,665 | PASS |
| B | 2017 sum wt | 9,682,214 | 9,682,214 | PASS |
| B | 2017 male | 34,951 | 34,951 | PASS |
| B | 2017 female | 38,714 | 38,714 | PASS |
| B | 2020 person rows | 48,726 | 48,726 | PASS |
| B | 2020 sum wt | 10,486,251 | 10,486,251 | PASS |
| B | 2020 male | 23,139 | 23,139 | PASS |
| B | 2020 female | 25,587 | 25,587 | PASS |
| B | 2024 person rows | 16,292 | 16,292 | PASS |
| B | 2024 sum wt | 9,561,842 | 9,561,842 | PASS |
| B | 2024 male | 7,794 | 7,794 | PASS |
| B | 2024 female | 8,498 | 8,498 | PASS |
| B | 2017 households | 23,420 | 23,419 | **FAIL** |
| B | 2017 sum hhsize | 73,665 | 73,665 | PASS |
| B | 2017 sum household weight | 2,664,203 | 2,664,203 | PASS |
| B | 2020 households | 10,666 | 10,666 | PASS |
| B | 2020 sum hhsize | 48,726 | 48,726 | PASS |
| B | 2020 sum household weight | 2,321,662 | 2,321,662 | PASS |
| B | 2024 households | 3,724 | 3,724 | PASS |
| B | 2024 sum hhsize | 16,292 | 16,292 | PASS |
| B | 2024 sum household weight | 2,163,580 | 2,163,580 | PASS |

## C. Household / person consistency

| section | statistic | Python | reference | result |
|---|---|---:|---:|---|
| C | 2017 sum hhsize == person rows | 73,665 | 73,665 | PASS |
| C | 2017 households == distinct hhid in person file | 23,420 | 16,057 | **FAIL** |
| C | 2017 household rows unique | 23,419 | 23,420 | **FAIL** |
| C | 2020 sum hhsize == person rows | 48,726 | 48,726 | PASS |
| C | 2020 households == distinct hhid in person file | 10,666 | 10,666 | PASS |
| C | 2020 household rows unique | 10,666 | 10,666 | PASS |
| C | 2024 sum hhsize == person rows | 16,292 | 16,292 | PASS |
| C | 2024 households == distinct hhid in person file | 3,724 | 3,724 | PASS |
| C | 2024 household rows unique | 3,724 | 3,724 | PASS |

**3 check(s) failed.**
