
. * stata_checks.do -- recompute AHS check statistics in Stata (written by 03_c
> hecks.py)
. clear all

. set more off

. use ahs_wave ahs_weight ahs_sex ahs_household_id using "/Users/matteo/Library
> /CloudStorage/Dropbox/1-Ongoing Projects/Rwanda - TRS/data/Publicly-Available
> -NISR/Agriculture-Survey-AHS/3_Final/AHS_pooled_person.dta", clear
(AHS pooled person file (agricultural households))

. rename (ahs_wave ahs_weight ahs_sex ahs_household_id) (wave wt sex hhid)

. gen byte male = sex == 1

. gen byte female = sex == 2

. gen long one = 1

. bysort wave hhid: gen byte first_hh = _n == 1

. collapse (sum) n=one sum_wt=wt male female n_hh=first_hh, by(wave)

. export delimited using "/Users/matteo/Documents/GitHub/rwa-trs/NISR/Agricultu
> re-Survey-AHS/logs/stata_checks.csv", replace
file /Users/matteo/Documents/GitHub/rwa-trs/NISR/Agriculture-Survey-AHS/logs/st
> ata_checks.csv saved

. use ahs_wave ahs_weight ahs_household_size ahs_household_id using "/Users/mat
> teo/Library/CloudStorage/Dropbox/1-Ongoing Projects/Rwanda - TRS/data/Publicl
> y-Available-NISR/Agriculture-Survey-AHS/3_Final/AHS_pooled_household.dta", cl
> ear
(AHS pooled household file (agricultural households))

. rename (ahs_wave ahs_weight ahs_household_size ahs_household_id) (wave wt hhs
> ize hhid)

. collapse (count) n_hh=hhid (sum) hhsize_sum=hhsize sum_wt_hh=wt, by(wave)

. export delimited using "/Users/matteo/Documents/GitHub/rwa-trs/NISR/Agricultu
> re-Survey-AHS/logs/stata_checks_hh.csv", replace
file /Users/matteo/Documents/GitHub/rwa-trs/NISR/Agriculture-Survey-AHS/logs/st
> ata_checks_hh.csv saved

. 
end of do-file
